
 RUN  v4.1.10 C:/Users/Administrator/Desktop/001
      Coverage enabled with v8

[2026-07-29T20:53:44.919Z] DiNho daemon v1.0.0 starting
 Γ£ô src/test-utils.unit.test.ts > mockKudu > should return all API methods 6ms
 Γ£ô src/test-utils.unit.test.ts > mockKudu > should expose progress listeners returning cleanup functions 4ms
 Γ£ô src/test-utils.unit.test.ts > mockKudu > should set window.dinho and handle missing window 2ms
 Γ£ô src/main/daemon.test.ts > runDaemon > starts auto-updater 6ms
 Γ£ô src/main/daemon.test.ts > runDaemon > registers SIGTERM and SIGINT handlers that call app.exit 2ms
[2026-07-29T20:53:44.919Z] Platform: win32 (x64)
[2026-07-29T20:53:44.919Z] PID: 15240
[2026-07-29T20:53:44.919Z] Daemon running. Press Ctrl+C to stop.
[2026-07-29T20:53:44.923Z] DiNho daemon v1.0.0 starting
[2026-07-29T20:53:44.923Z] Platform: win32 (x64)
[2026-07-29T20:53:44.923Z] PID: 15240
[2026-07-29T20:53:44.924Z] Daemon running. Press Ctrl+C to stop.
[2026-07-29T20:53:44.924Z] Shutting down...
[2026-07-29T20:53:44.924Z] Goodbye.
[2026-07-29T20:53:44.925Z] Shutting down...
[2026-07-29T20:53:44.925Z] Goodbye.
 Γ£ô src/main/i18n.test.ts > t > returns translation when key exists in language 4ms
 Γ£ô src/main/i18n.test.ts > t > returns key itself when key does not exist in any language 0ms
 Γ£ô src/main/i18n.test.ts > t > falls back to pt when language setting is missing 0ms
 Γ£ô src/main/i18n.test.ts > t > falls back to pt when settings throws 0ms
 Γ£ô src/main/i18n.test.ts > t > returns key itself when settings throws and key is missing from pt 0ms
 Γ£ô src/main/i18n.test.ts > t > replaces params in translation string 0ms
 Γ£ô src/main/i18n.test.ts > t > replaces multiple params in translation string 0ms
 Γ£ô src/main/i18n.test.ts > t > returns string unchanged when no params provided 0ms
 Γ£ô src/main/i18n.test.ts > t > replaces missing param key with empty string 0ms
 Γ£ô src/main/constants/paths.test.ts > SYSTEM_PATHS > contains all expected keys 6ms
 Γ£ô src/main/constants/paths.test.ts > SYSTEM_PATHS > all paths are non-empty strings 1ms
 Γ£ô src/main/constants/paths.test.ts > BROWSER_PATHS > covers all expected browsers 1ms
 Γ£ô src/main/constants/paths.test.ts > BROWSER_PATHS > each chromium-based browser has cache keys 1ms
 Γ£ô src/main/constants/paths.test.ts > BROWSER_PATHS > firefox has base and cache 0ms
 Γ£ô src/main/constants/paths.test.ts > APP_PATHS > contains all expected app entries 3ms
 Γ£ô src/main/constants/paths.test.ts > APP_PATHS > each entry has id, name, and non-empty paths 10ms
 Γ£ô src/main/constants/paths.test.ts > GAMING_PATHS > contains all expected gaming launchers 2ms
 Γ£ô src/main/constants/paths.test.ts > GAMING_PATHS > each entry has id, name, and non-empty paths 2ms
 Γ£ô src/main/constants/paths.test.ts > GPU_CACHE_PATHS > contains nvidia and amd entries 1ms
 Γ£ô src/main/constants/paths.test.ts > UNINSTALL_LEFTOVER_DIRS > contains all expected directories 0ms
 Γ£ô src/main/constants/paths.test.ts > STEAM_REDIST_PATTERNS > contains common redist folder names 1ms
 Γ£ô src/main/constants/paths.test.ts > DEFAULT_STEAM_LIBRARIES > contains at least the default paths 0ms
 Γ£ô src/shared/driver-agent-types.test.ts > driver-agent-types > AGENT_IDS has all expected agent IDs 9ms
 Γ£ô src/shared/driver-agent-types.test.ts > driver-agent-types > AGENT_IDS has exactly 10 entries 1ms
 Γ£ô src/shared/driver-agent-types.test.ts > driver-agent-types > AGENT_IDS contains no duplicates 0ms
 Γ£ô src/shared/registry-tweaks.test.ts > isPersistentTweak > remembers advisory recommendation types 8ms
 Γ£ô src/shared/registry-tweaks.test.ts > isPersistentTweak > does not remember transient junk-cleanup types 1ms
 Γ£ô src/shared/registry-tweaks.test.ts > tweakSignature > is independent of the random per-scan id 0ms
 Γ£ô src/shared/registry-tweaks.test.ts > tweakSignature > is case-insensitive (registry paths are case-insensitive on Windows) 0ms
 Γ£ô src/shared/registry-tweaks.test.ts > tweakSignature > distinguishes different key paths and value names 2ms
 Γ£ô src/shared/registry-tweaks.test.ts > applyIgnoredTweaks (issue #172) > de-selects an advisory tweak the user previously ignored 0ms
 Γ£ô src/shared/registry-tweaks.test.ts > applyIgnoredTweaks (issue #172) > leaves non-ignored tweaks pre-selected 0ms
 Γ£ô src/shared/registry-tweaks.test.ts > applyIgnoredTweaks (issue #172) > never touches transient junk-cleanup rows even on a signature match 0ms
 Γ£ô src/shared/registry-tweaks.test.ts > applyIgnoredTweaks (issue #172) > is a no-op when nothing is ignored 0ms
 Γ£ô src/shared/registry-tweaks.test.ts > applyIgnoredTweaks (issue #172) > accepts a Set as well as an array 0ms
 Γ£ô src/shared/registry-tweaks.test.ts > PERSISTENT_TWEAK_TYPES > does not include junk-cleanup types 1ms
 Γ£ô src/main/ipc/game-mode/snapshot.test.ts > validateSnapshot > returns null for null input 3ms
 Γ£ô src/main/ipc/game-mode/snapshot.test.ts > validateSnapshot > returns null for non-object input 0ms
 Γ£ô src/main/ipc/game-mode/snapshot.test.ts > validateSnapshot > returns null for array input 0ms
 Γ£ô src/main/ipc/game-mode/snapshot.test.ts > validateSnapshot > returns null when activatedAt is not a string 0ms
 Γ£ô src/main/ipc/game-mode/snapshot.test.ts > validateSnapshot > returns null when activatedAt is too long 0ms
 Γ£ô src/main/ipc/game-mode/snapshot.test.ts > validateSnapshot > returns null when active is not boolean 0ms
 Γ£ô src/main/ipc/game-mode/snapshot.test.ts > validateSnapshot > sets active to true when missing 1ms
 Γ£ô src/main/ipc/game-mode/snapshot.test.ts > validateSnapshot > returns null when services is not an array 0ms
 Γ£ô src/main/ipc/game-mode/snapshot.test.ts > validateSnapshot > returns null when a service entry is null 0ms
 Γ£ô src/main/ipc/game-mode/snapshot.test.ts > validateSnapshot > returns null when service name is invalid 0ms
 Γ£ô src/main/ipc/game-mode/snapshot.test.ts > validateSnapshot > returns null when service originalStartType fails regex 0ms
 Γ£ô src/main/ipc/game-mode/snapshot.test.ts > validateSnapshot > returns null when service wasRunning is not boolean 0ms
 Γ£ô src/main/ipc/game-mode/snapshot.test.ts > validateSnapshot > accepts valid services 1ms
 Γ£ô src/main/ipc/game-mode/snapshot.test.ts > validateSnapshot > returns null when killedProcesses is not an array 0ms
 Γ£ô src/main/ipc/game-mode/snapshot.test.ts > validateSnapshot > returns null when a killedProcess entry is null 0ms
 Γ£ô src/main/ipc/game-mode/snapshot.test.ts > validateSnapshot > returns null when killedProcess pid is not integer 0ms
 Γ£ô src/main/ipc/game-mode/snapshot.test.ts > validateSnapshot > returns null when killedProcess name is too long 0ms
 Γ£ô src/main/ipc/game-mode/snapshot.test.ts > validateSnapshot > originalPowerPlanGuid > accepts null value 0ms
 Γ£ô src/main/ipc/game-mode/snapshot.test.ts > validateSnapshot > originalPowerPlanGuid > returns null when not a string 0ms
 Γ£ô src/main/ipc/game-mode/snapshot.test.ts > validateSnapshot > originalPowerPlanGuid > returns null when not a valid GUID 1ms
 Γ£ô src/main/ipc/game-mode/snapshot.test.ts > validateSnapshot > originalFocusAssistState > accepts null value 0ms
 Γ£ô src/main/ipc/game-mode/snapshot.test.ts > validateSnapshot > originalFocusAssistState > returns null when not a number 0ms
 Γ£ô src/main/ipc/game-mode/snapshot.test.ts > validateSnapshot > originalFocusAssistState > returns null when not an integer 0ms
 Γ£ô src/main/ipc/game-mode/snapshot.test.ts > validateSnapshot > originalFocusAssistState > returns null when less than 0 0ms
 Γ£ô src/main/ipc/game-mode/snapshot.test.ts > validateSnapshot > originalFocusAssistState > returns null when greater than 1 0ms
 Γ£ô src/main/ipc/game-mode/snapshot.test.ts > validateSnapshot > powerSaveBlockerId > accepts null value 0ms
 Γ£ô src/main/ipc/game-mode/snapshot.test.ts > validateSnapshot > powerSaveBlockerId > returns null when not a number 0ms
 Γ£ô src/main/ipc/game-mode/snapshot.test.ts > validateSnapshot > powerSaveBlockerId > returns null when not an integer 0ms
 Γ£ô src/main/ipc/game-mode/snapshot.test.ts > validateSnapshot > originalTimerResolution > accepts null value 0ms
 Γ£ô src/main/ipc/game-mode/snapshot.test.ts > validateSnapshot > originalTimerResolution > returns null when not a number 0ms
 Γ£ô src/main/ipc/game-mode/snapshot.test.ts > validateSnapshot > originalTimerResolution > returns null when not an integer 0ms
 Γ£ô src/main/ipc/game-mode/snapshot.test.ts > validateSnapshot > originalTimerResolution > returns null when negative 0ms
 Γ£ô src/main/ipc/game-mode/snapshot.test.ts > validateSnapshot > nagleInterfaces > returns null when not an array 0ms
 Γ£ô src/main/ipc/game-mode/snapshot.test.ts > validateSnapshot > nagleInterfaces > returns null when an entry is null 0ms
 Γ£ô src/main/ipc/game-mode/snapshot.test.ts > validateSnapshot > nagleInterfaces > returns null when path does not match registry pattern 0ms
 Γ£ô src/main/ipc/game-mode/snapshot.test.ts > validateSnapshot > nagleInterfaces > returns null when originalTcpNoDelay is invalid (negative) 0ms
 Γ£ô src/main/ipc/game-mode/snapshot.test.ts > validateSnapshot > nagleInterfaces > returns null when originalTcpNoDelay is invalid (>1) 0ms
 Γ£ô src/main/ipc/game-mode/snapshot.test.ts > validateSnapshot > nagleInterfaces > returns null when originalTcpAckFrequency is invalid (negative) 0ms
 Γ£ô src/main/ipc/game-mode/snapshot.test.ts > validateSnapshot > nagleInterfaces > returns null when originalTcpAckFrequency is invalid (>255) 0ms
 Γ£ô src/main/ipc/game-mode/snapshot.test.ts > validateSnapshot > registryTweaks > returns null when not an array 0ms
 Γ£ô src/main/ipc/game-mode/snapshot.test.ts > validateSnapshot > registryTweaks > returns null when an entry is null 0ms
 Γ£ô src/main/ipc/game-mode/snapshot.test.ts > validateSnapshot > registryTweaks > returns null when path is not allowed 0ms
 Γ£ô src/main/ipc/game-mode/snapshot.test.ts > validateSnapshot > registryTweaks > returns null when name is not allowed 0ms
 Γ£ô src/main/ipc/game-mode/snapshot.test.ts > validateSnapshot > registryTweaks > returns null when originalValue is not an integer 0ms
 Γ£ô src/main/ipc/game-mode/snapshot.test.ts > validateSnapshot > registryTweaks > accepts null originalValue 0ms
 Γ£ô src/main/ipc/game-mode/snapshot.test.ts > validateSnapshot > gameProcessPriorities > returns null when not an array 0ms
 Γ£ô src/main/ipc/game-mode/snapshot.test.ts > validateSnapshot > gameProcessPriorities > returns null when an entry is null 0ms
 Γ£ô src/main/ipc/game-mode/snapshot.test.ts > validateSnapshot > gameProcessPriorities > returns null when name is too long 0ms
 Γ£ô src/main/ipc/game-mode/snapshot.test.ts > validateSnapshot > gameProcessPriorities > returns null when pid is not an integer 0ms
 Γ£ô src/main/ipc/game-mode/snapshot.test.ts > validateSnapshot > gameProcessPriorities > returns null when pid is negative 0ms
 Γ£ô src/main/ipc/game-mode/snapshot.test.ts > validateSnapshot > gameProcessPriorities > returns null when originalPriority fails regex 0ms
 Γ£ô src/main/ipc/game-mode/snapshot.test.ts > readSnapshot > returns null when file does not exist 4ms
 Γ£ô src/main/ipc/game-mode/snapshot.test.ts > readSnapshot > returns parsed snapshot when file exists with valid JSON 1ms
 Γ£ô src/main/ipc/game-mode/snapshot.test.ts > readSnapshot > returns null when JSON parse fails 2ms
 Γ£ô src/main/ipc/game-mode/snapshot.test.ts > readSnapshot > returns null when validation fails 5ms
 Γ£ô src/main/ipc/game-mode/snapshot.test.ts > writeSnapshot > writes the snapshot as JSON 2ms
 Γ£ô src/main/ipc/game-mode/snapshot.test.ts > deleteSnapshot > deletes the snapshot file when it exists 1ms
 Γ£ô src/main/ipc/game-mode/snapshot.test.ts > deleteSnapshot > silently handles deletion error (file already gone) 7ms
 Γ£ô src/shared/service-safety-kb.test.ts > lookupServiceSafety > finds a known safe service 4ms
 Γ£ô src/shared/service-safety-kb.test.ts > lookupServiceSafety > is case-insensitive 0ms
 Γ£ô src/shared/service-safety-kb.test.ts > lookupServiceSafety > finds an unsafe service 0ms
 Γ£ô src/shared/service-safety-kb.test.ts > lookupServiceSafety > finds a caution service 0ms
 Γ£ô src/shared/service-safety-kb.test.ts > lookupServiceSafety > strips per-user suffix before lookup 0ms
 Γ£ô src/shared/service-safety-kb.test.ts > lookupServiceSafety > strips per-user suffix for other services 0ms
 Γ£ô src/shared/service-safety-kb.test.ts > lookupServiceSafety > returns caution/unknown for unrecognized service 0ms
 Γ£ô src/shared/service-safety-kb.test.ts > lookupServiceSafety > knowledge base has entries for all safety levels 1ms
 Γ£ô src/shared/service-safety-kb.test.ts > lookupServiceSafety > all KB entries have non-empty notes 3ms
 Γ£ô src/shared/service-safety-kb.test.ts > isGameCompatible > returns true when service has no incompatibleGames list 0ms
 Γ£ô src/shared/service-safety-kb.test.ts > isGameCompatible > returns true when game is not in the incompatibility list 0ms
 Γ£ô src/shared/service-safety-kb.test.ts > isGameCompatible > returns false when game is in the incompatibility list 0ms
 Γ£ô src/main/services/game-mode-audit.test.ts > auditServiceHealth > reports passed when service is stopped and disabled 9ms
 Γ£ô src/main/services/game-mode-audit.test.ts > auditServiceHealth > reports warning when service is still running 1ms
 Γ£ô src/main/services/game-mode-audit.test.ts > auditServiceHealth > reports error when service query fails 1ms
 Γ£ô src/main/services/game-mode-audit.test.ts > auditServiceHealth > handles multiple services 1ms
 Γ£ô src/main/services/game-mode-audit.test.ts > auditOrphanProcesses > returns empty when no processes were killed 2ms
 Γ£ô src/main/services/game-mode-audit.test.ts > auditOrphanProcesses > reports passed when all killed processes are gone 1ms
 Γ£ô src/main/services/game-mode-audit.test.ts > auditOrphanProcesses > reports warning when some processes are still running 1ms
 Γ£ô src/main/services/game-mode-audit.test.ts > auditOrphanProcesses > handles tasklist failure gracefully 1ms
 Γ£ô src/main/services/game-mode-audit.test.ts > auditAntiCheatRisk > reports passed when no anti-cheat processes are running 1ms
 Γ£ô src/main/services/game-mode-audit.test.ts > auditAntiCheatRisk > reports warning when anti-cheat is detected with conflicts 2ms
 Γ£ô src/main/services/game-mode-audit.test.ts > auditAntiCheatRisk > reports multiple anti-cheat conflicts 1ms
 Γ£ô src/main/services/game-mode-audit.test.ts > auditAntiCheatRisk > ignores running anti-cheat when no conflicting opts are active 1ms
 Γ£ô src/main/services/game-mode-audit.test.ts > auditAntiCheatRisk > handles tasklist failure 1ms
 Γ£ô src/main/services/game-mode-audit.test.ts > auditPlatformCompatibility > reports passed on win32 4ms
 Γ£ô src/main/services/game-mode-audit.test.ts > auditPlatformCompatibility > reports warning on non-win32 1ms
 Γ£ô src/main/services/game-mode-audit.test.ts > auditRegistryTweakImpact > returns empty when no tweaks were applied 1ms
 Γ£ô src/main/services/game-mode-audit.test.ts > auditRegistryTweakImpact > reports passed when tweak was applied to 0 1ms
 Γ£ô src/main/services/game-mode-audit.test.ts > auditRegistryTweakImpact > reports passed when tweak had no previous value and current is 0 1ms
 Γ£ô src/main/services/game-mode-audit.test.ts > auditRegistryTweakImpact > reports warning when tweak value is not 0 1ms
 Γ£ô src/main/services/game-mode-audit.test.ts > auditRegistryTweakImpact > handles registry read error gracefully 1ms
 Γ£ô src/main/services/game-mode-audit.test.ts > auditRestoreCompleteness > reports passed when no errors occurred 1ms
 Γ£ô src/main/services/game-mode-audit.test.ts > auditRestoreCompleteness > reports error when there are restore errors 1ms
 Γ£ô src/main/services/game-mode-audit.test.ts > auditConsent > reports passed when no permanent tweaks 1ms
 Γ£ô src/main/services/game-mode-audit.test.ts > auditConsent > reports warning when permanent tweaks exist 1ms
 Γ£ô src/main/services/game-mode-audit.test.ts > auditTimerResolution > reports passed when timer was not modified 1ms
 Γ£ô src/main/services/game-mode-audit.test.ts > auditTimerResolution > reports passed when timer was applied 0ms
 Γ£ô src/main/services/game-mode-audit.test.ts > runGameModeAudit > runs pre-activation audit 1ms
 Γ£ô src/main/services/game-mode-audit.test.ts > runGameModeAudit > runs post-activation audit 1ms
 Γ£ô src/main/services/game-mode-audit.test.ts > runGameModeAudit > runs pre-deactivation audit 1ms
 Γ£ô src/main/services/game-mode-audit.test.ts > runGameModeAudit > runs post-restore audit with errors 1ms
 Γ£ô src/test/games.json.test.ts > games.json > parses as valid JSON 3ms
 Γ£ô src/test/games.json.test.ts > games.json > has version >= 1 0ms
 Γ£ô src/test/games.json.test.ts > games.json > contains at least 30 games 0ms
 Γ£ô src/test/games.json.test.ts > games.json > has no duplicate processNames 1ms
 Γ£ô src/test/games.json.test.ts > games.json > has no duplicate displayNames 1ms
 Γ£ô src/test/games.json.test.ts > games.json > has no alias collisions with processNames of other games 1ms
 Γ£ô src/test/games.json.test.ts > games.json > has no alias collisions with other aliases 1ms
 Γ£ô src/test/games.json.test.ts > games.json > every game has required fields 42ms
 Γ£ô src/test/games.json.test.ts > games.json > every game has non-empty processName 1ms
 Γ£ô src/test/games.json.test.ts > games.json > every game has non-empty displayName 0ms
 Γ£ô src/test/games.json.test.ts > games.json > every game has aliases array 0ms
 Γ£ô src/test/games.json.test.ts > games.json > every game has backends array 0ms
 Γ£ô src/test/games.json.test.ts > games.json > every game has at least one alias 0ms
 Γ£ô src/test/games.json.test.ts > games.json > all backends are valid values 1ms
 Γ£ô src/test/games.json.test.ts > games.json > processNames and aliases do not contain path traversal characters 1ms
 Γ£ô src/test/games.json.test.ts > games.json > all windowClasses are non-empty strings 0ms
 Γ£ô src/test/games.json.test.ts > games.json > each game can be identified by at least one property 6ms
 Γ£ô src/test/games.json.test.ts > games.json > has processName entries matching common Windows exe patterns 0ms
 Γ£ô src/test/games.json.test.ts > games.json > no duplicate (processName, windowClass) pairs 1ms
 Γ£ô src/main/services/game-detector.test.ts > findGame > returns null when no known games are running 3ms
 Γ£ô src/main/services/game-detector.test.ts > findGame > detects a known game process 0ms
 Γ£ô src/main/services/game-detector.test.ts > findGame > matches custom game processes 0ms
 Γ£ô src/main/services/game-detector.test.ts > findGame > is case-insensitive for custom processes 0ms
 Γ£ô src/main/services/game-detector.test.ts > findGame > prioritizes known games over custom 0ms
 Γ£ô src/main/ipc/perf-monitor.ipc.test.ts > registerPerfMonitorIpc > registers 8 IPC handlers + extra registered handlers 10ms
 Γ£ô src/main/ipc/perf-monitor.ipc.test.ts > registerPerfMonitorIpc > PERF_QUICK_STATS handler > returns CPU and memory stats 4ms
 Γ£ô src/main/ipc/perf-monitor.ipc.test.ts > registerPerfMonitorIpc > PERF_QUICK_STATS handler > computes CPU percent correctly on second call 3ms
 Γ£ô src/main/ipc/perf-monitor.ipc.test.ts > registerPerfMonitorIpc > PERF_GET_SYSTEM_INFO handler > returns system info from service 2ms
 Γ£ô src/main/ipc/perf-monitor.ipc.test.ts > registerPerfMonitorIpc > PERF_START_MONITORING handler > starts monitoring on the sender 5ms
 Γ£ô src/main/ipc/perf-monitor.ipc.test.ts > registerPerfMonitorIpc > PERF_START_MONITORING handler > starts monitoring even when window is null 1ms
 Γ£ô src/main/ipc/perf-monitor.ipc.test.ts > registerPerfMonitorIpc > PERF_START_MONITORING handler > attaches hide/show listeners and triggers them 4ms
 Γ£ô src/main/ipc/perf-monitor.ipc.test.ts > registerPerfMonitorIpc > PERF_START_MONITORING handler > does not re-attach listeners when same window is provided 1ms
 Γ£ô src/main/ipc/perf-monitor.ipc.test.ts > registerPerfMonitorIpc > PERF_START_MONITORING handler > does not start monitoring on show when webContents is destroyed 1ms
 Γ£ô src/main/ipc/perf-monitor.ipc.test.ts > registerPerfMonitorIpc > PERF_START_MONITORING handler > does not stop on hide when rendererRequestedMonitoring is false 1ms
 Γ£ô src/main/ipc/perf-monitor.ipc.test.ts > registerPerfMonitorIpc > PERF_STOP_MONITORING handler > stops monitoring 1ms
 Γ£ô src/main/ipc/perf-monitor.ipc.test.ts > registerPerfMonitorIpc > PERF_KILL_PROCESS handler > rejects invalid PID types 1ms
 Γ£ô src/main/ipc/perf-monitor.ipc.test.ts > registerPerfMonitorIpc > PERF_KILL_PROCESS handler > rejects PID 0 1ms
 Γ£ô src/main/ipc/perf-monitor.ipc.test.ts > registerPerfMonitorIpc > PERF_KILL_PROCESS handler > rejects PID 4 1ms
 Γ£ô src/main/ipc/perf-monitor.ipc.test.ts > registerPerfMonitorIpc > PERF_KILL_PROCESS handler > rejects own PID 0ms
 Γ£ô src/main/ipc/perf-monitor.ipc.test.ts > registerPerfMonitorIpc > PERF_KILL_PROCESS handler > blocks protected process names 1ms
 Γ£ô src/main/ipc/perf-monitor.ipc.test.ts > registerPerfMonitorIpc > PERF_KILL_PROCESS handler > kills process and returns success 1ms
 Γ£ô src/main/ipc/perf-monitor.ipc.test.ts > registerPerfMonitorIpc > PERF_KILL_PROCESS handler > returns failure when kill fails 1ms
 Γ£ô src/main/ipc/perf-monitor.ipc.test.ts > registerPerfMonitorIpc > PERF_START_PROCESS_POLLING handler > calls service.startProcessPolling 1ms
 Γ£ô src/main/ipc/perf-monitor.ipc.test.ts > registerPerfMonitorIpc > PERF_STOP_PROCESS_POLLING handler > calls service.stopProcessPolling 0ms
 Γ£ô src/main/ipc/perf-monitor.ipc.test.ts > registerPerfMonitorIpc > PERF_DISK_HEALTH handler > returns disk health from service 1ms
 Γ£ô src/shared/channels.test.ts > IPC channels > exports an IPC object with string values 18ms
 Γ£ô src/shared/channels.test.ts > IPC channels > has no duplicate channel values 1ms
 Γ£ô src/shared/channels.test.ts > IPC channels > all channel values use colon-separated namespacing 11ms
 Γ£ô src/shared/channels.test.ts > IPC channels > has expected core channels 1ms
 Γ£ô src/shared/channels.test.ts > CleanerType enum > has expected values 1ms
 Γ£ô src/shared/channels.test.ts > CleanerType enum > has exactly 10 members 2ms
 Γ£ô src/shared/channels.test.ts > ScanStatus enum > has expected values 0ms
 Γ£ô src/shared/channels.test.ts > ScanStatus enum > has exactly 5 members 0ms
 Γ£ô src/main/ipc/benchmark.ipc.test.ts > registerBenchmarkIpc > registers both IPC handlers 9ms
 Γ£ô src/main/ipc/app-cleaner.ipc.test.ts > registerAppCleanerIpc > registers APP_SCAN and APP_CLEAN handlers 8ms
 Γ£ô src/main/ipc/app-cleaner.ipc.test.ts > APP_SCAN handler > returns empty results when no apps are defined 4ms
 Γ£ô src/main/ipc/app-cleaner.ipc.test.ts > APP_SCAN handler > scans each app and caches items with results 3ms
 Γ£ô src/main/ipc/app-cleaner.ipc.test.ts > APP_SCAN handler > skips apps with zero scan items 1ms
 Γ£ô src/main/ipc/app-cleaner.ipc.test.ts > APP_SCAN handler > skips apps that throw errors during scan 1ms
 Γ£ô src/main/ipc/app-cleaner.ipc.test.ts > APP_SCAN handler > sends scan progress to the window 6ms
 Γ£ô src/main/ipc/app-cleaner.ipc.test.ts > APP_SCAN handler > does not send progress when window is null 1ms
 Γ£ô src/main/ipc/app-cleaner.ipc.test.ts > APP_SCAN handler > does not send progress when window is destroyed 1ms
 Γ£ô src/main/ipc/app-cleaner.ipc.test.ts > APP_CLEAN handler > returns empty result for non-array input 1ms
 Γ£ô src/main/ipc/app-cleaner.ipc.test.ts > APP_CLEAN handler > returns empty result for null input 0ms
 Γ£ô src/main/ipc/app-cleaner.ipc.test.ts > APP_CLEAN handler > returns empty result for array with non-string elements 0ms
 Γ£ô src/main/ipc/app-cleaner.ipc.test.ts > APP_CLEAN handler > calls cleanItems with valid string IDs 1ms
 Γ£ô src/main/ipc/app-cleaner.ipc.test.ts > APP_CLEAN handler > sends clean progress to the window when cleanItems invokes callback 1ms
 Γ£ô src/main/ipc/app-cleaner.ipc.test.ts > APP_CLEAN handler > does not send clean progress when window is null during clean 1ms
 Γ£ô src/renderer/src/stores/game-mode-store.test.ts > game-mode-store - audit > starts with auditReport null and auditPhase idle 4ms
 Γ£ô src/renderer/src/stores/game-mode-store.test.ts > game-mode-store - audit > runAudit fetches report and updates state 3ms
 Γ£ô src/renderer/src/stores/game-mode-store.test.ts > game-mode-store - audit > runAudit handles rejection gracefully 1ms
 Γ£ô src/renderer/src/stores/game-mode-store.test.ts > game-mode-store - audit > clearAuditReport resets report to null 0ms
 Γ£ô src/renderer/src/stores/game-mode-store.test.ts > game-mode-store - audit > runAudit sets auditPhase to running during fetch 0ms
 Γ£ô src/renderer/src/stores/game-mode-store.test.ts > game-mode-store - simple setters > setActive updates active and activatedAt 0ms
 Γ£ô src/renderer/src/stores/game-mode-store.test.ts > game-mode-store - simple setters > setPendingRestore updates pendingRestore 0ms
 Γ£ô src/renderer/src/stores/game-mode-store.test.ts > game-mode-store - simple setters > setStatus updates status 0ms
 Γ£ô src/renderer/src/stores/game-mode-store.test.ts > game-mode-store - simple setters > setProgress updates progress 1ms
 Γ£ô src/renderer/src/stores/game-mode-store.test.ts > game-mode-store - simple setters > setLastResult updates lastResult 0ms
 Γ£ô src/renderer/src/stores/game-mode-store.test.ts > game-mode-store - simple setters > setDetectedGame updates detectedGame 0ms
 Γ£ô src/renderer/src/stores/game-mode-store.test.ts > game-mode-store - simple setters > setConfig replaces config 0ms
 Γ£ô src/renderer/src/stores/game-mode-store.test.ts > game-mode-store - toggleOptimization > adds an optimization to enabledOptimizations 1ms
 Γ£ô src/renderer/src/stores/game-mode-store.test.ts > game-mode-store - toggleOptimization > removes an optimization from enabledOptimizations 1ms
 Γ£ô src/renderer/src/stores/game-mode-store.test.ts > game-mode-store - toggleCategory > adds a category to expandedCategories 0ms
 Γ£ô src/renderer/src/stores/game-mode-store.test.ts > game-mode-store - toggleCategory > removes a category from expandedCategories 0ms
 Γ£ô src/renderer/src/stores/game-mode-store.test.ts > game-mode-store - config actions that persist > setCustomProcessKillList updates the list and persists 5ms
 Γ£ô src/renderer/src/stores/game-mode-store.test.ts > game-mode-store - config actions that persist > setAutoDetect enables auto-detect and persists 1ms
 Γ£ô src/renderer/src/stores/game-mode-store.test.ts > game-mode-store - config actions that persist > setAutoDeactivate disables auto-deactivate and persists 1ms
 Γ£ô src/renderer/src/stores/game-mode-store.test.ts > game-mode-store - config actions that persist > setCustomGameProcesses updates the list and persists 1ms
 Γ£ô src/renderer/src/stores/game-mode-store.test.ts > game-mode-store - initGameModeStore > loads config from settings and checks status 55ms
 Γ£ô src/renderer/src/stores/game-mode-store.test.ts > game-mode-store - initGameModeStore > registers auto-detect event listener 1ms
 Γ£ô src/renderer/src/stores/game-mode-store.test.ts > game-mode-store - initGameModeStore > handles settingsGet rejection gracefully 1ms
 Γ£ô src/renderer/src/stores/game-mode-store.test.ts > game-mode-store - initGameModeStore > handles gameModeStatus rejection gracefully 1ms
 Γ£ô src/renderer/src/stores/game-mode-store.test.ts > game-mode-store - initGameModeStore > auto-detect event updates detectedGame 1ms
 Γ£ô src/renderer/src/stores/game-mode-store.test.ts > game-mode-store - initGameModeStore > auto-detect event clears detectedGame on game-ended 1ms
 Γ£ô src/renderer/src/stores/game-mode-store.test.ts > game-mode-store - initGameModeStore > does not throw when kudu is undefined 2ms
 Γ£ô src/renderer/src/stores/game-mode-store.test.ts > game-mode-store - initGameModeStore > auto-event pendingRestore defaults to false when status returns undefined 1ms
 Γ£ô src/renderer/src/stores/game-mode-store.test.ts > game-mode-store - initGameModeStore > pendingRestore defaults to false when status returns undefined 1ms
 Γ£ô src/renderer/src/stores/game-mode-store.test.ts > game-mode-store - setGameProfile > sets a game profile and persists 1ms
 Γ£ô src/renderer/src/stores/game-mode-store.test.ts > game-mode-store - setGameProfile > removes a game profile when profile is null 1ms
 Γ£ô src/main/services/perf-monitor.test.ts > PerfMonitorService > getSystemInfo > returns system info from si.cpu, si.osInfo, and si.mem 8ms
 Γ£ô src/main/services/perf-monitor.test.ts > PerfMonitorService > getSystemInfo > caches the result and does not call si functions again 2ms
 Γ£ô src/main/services/perf-monitor.test.ts > PerfMonitorService > startMonitoring > collects initial snapshot immediately 60ms
 Γ£ô src/main/services/game-detector.test.ts > startGameDetector / stopGameDetector > starts polling and detects a game 106ms
 Γ£ô src/main/services/game-detector.test.ts > startGameDetector / stopGameDetector > stops polling and clears state 1ms
 Γ£ô src/main/services/game-detector.test.ts > suppressCurrentGame > suppresses without crashing when no game is detected 3ms
 Γ£ô src/main/services/exec-utf8.test.ts > psUtf8 > prepends UTF-8 preamble to a command 5ms
 Γ£ô src/main/services/exec-utf8.test.ts > psUtf8 > includes both OutputEncoding and $OutputEncoding 1ms
 Γ£ô src/main/services/exec-utf8.test.ts > psArgs > returns array with -NoProfile, -NonInteractive, -Command and UTF-8 command 3ms
 Γ£ô src/main/services/exec-utf8.test.ts > execNativeUtf8 > throws for disallowed tools 6ms
 Γ£ô src/main/services/exec-utf8.test.ts > execNativeUtf8 > allows "reg" 4ms
 Γ£ô src/main/services/exec-utf8.test.ts > execNativeUtf8 > allows "reg.exe" 1ms
 Γ£ô src/main/services/exec-utf8.test.ts > execNativeUtf8 > allows "netsh" 1ms
 Γ£ô src/main/services/exec-utf8.test.ts > execNativeUtf8 > allows "pnputil" 1ms
 Γ£ô src/main/services/exec-utf8.test.ts > execNativeUtf8 > allows "schtasks" 1ms
 Γ£ô src/main/services/exec-utf8.test.ts > execNativeUtf8 > allows "ipconfig" 1ms
 Γ£ô src/main/services/exec-utf8.test.ts > execNativeUtf8 > throws when already aborted 1ms
 Γ£ô src/main/services/exec-utf8.test.ts > execNativeUtf8 > passes args via env vars when no % in arguments 1ms
 Γ£ô src/main/services/exec-utf8.test.ts > execNativeUtf8 > calls tool directly when args contain % 2ms
 Γ£ô src/main/services/exec-utf8.test.ts > execNativeUtf8 > passes maxBuffer when provided 1ms
 Γ£ô src/main/services/exec-utf8.test.ts > execNativeUtf8 > propagates error with argument placeholders replaced 2ms
 Γ£ô src/main/services/exec-utf8.test.ts > execNativeUtf8 > sets killed=true error when process timed out (killed flag) 1ms
 Γ£ô src/main/services/exec-utf8.test.ts > execNativeUtf8 > escapes trailing backslashes in env vars 1ms
 Γ£ô src/main/services/exec-utf8.test.ts > execNativeUtf8 > escapes double quotes in arguments 1ms
 Γ£ô src/main/services/exec-utf8.test.ts > execTracked > executes a command and returns output 1ms
 Γ£ô src/main/services/exec-utf8.test.ts > execTracked > throws when signal is already aborted 1ms
 Γ£ô src/main/services/exec-utf8.test.ts > execTracked > throws Operation cancelled on abort during execution 1ms
 Γ£ô src/main/services/exec-utf8.test.ts > execTracked > throws original error when not killed or aborted 1ms
 Γ£ô src/main/services/exec-utf8.test.ts > execTracked > uses default timeout of 15s 1ms
 Γ£ô src/main/services/exec-utf8.test.ts > execFileAsync export > is a function 0ms
 Γ£ô src/main/services/exec-utf8.test.ts > killAllChildren > is a function that does not throw 1ms
 Γ£ô src/main/services/exec-utf8.test.ts > execNativeUtf8 direct call (no %) with error > throws original error when killed flag is not set 1ms
 Γ£ô src/main/services/exec-utf8.test.ts > execNativeUtf8 direct call (no %) with error > replaces arg placeholders in error messages 1ms
 Γ£ô src/main/services/exec-utf8.test.ts > execNativeUtf8 direct call (no %) with error > leaves out-of-bounds placeholder unchanged 1ms
 Γ£ô src/main/services/exec-utf8.test.ts > execNativeUtf8 direct call (no %) with error > handles error without message property 1ms
 Γ£ô src/test/path-safety.test.ts > getAllUserProfiles > returns an array of user profile paths from C:\Users 357ms
 Γ£ô src/main/services/game-detector.test.ts > suppressCurrentGame > suppresses the currently detected game 102ms
 Γ£ô src/main/services/game-detector.test.ts > getDetectedGame > returns null when no game is detected 0ms
 Γ£ô src/main/services/game-detector.test.ts > isDetectorRunning > returns false when not started 1ms
 Γ£ô src/main/services/game-detector.test.ts > isDetectorRunning > returns true after start and false after stop 1ms
 Γ£ô src/main/services/game-detector.test.ts > error handling > handles execFileAsync errors gracefully (caught by getRunningProcessNames) 1ms
 Γ£ô src/main/services/perf-monitor.test.ts > PerfMonitorService > startMonitoring > collects process list when process polling is started 52ms
 Γ£ô src/main/services/perf-monitor.test.ts > PerfMonitorService > startMonitoring > updates sender without throwing when already running 56ms
 Γ£ô src/preload/index.test.ts > preload API bridge > should expose api via contextBridge 6ms
 Γ£ô src/preload/index.test.ts > preload API bridge > platformInfo calls ipcRenderer.invoke 3ms
 Γ£ô src/preload/index.test.ts > preload API bridge > windowMinimize sends 1ms
 Γ£ô src/preload/index.test.ts > preload API bridge > windowMaximize sends 1ms
 Γ£ô src/preload/index.test.ts > preload API bridge > windowClose sends 0ms
 Γ£ô src/preload/index.test.ts > preload API bridge > cleaner methods call ipcRenderer.invoke > systemScan calls ipcRenderer.invoke 0ms
 Γ£ô src/preload/index.test.ts > preload API bridge > cleaner methods call ipcRenderer.invoke > systemClean calls ipcRenderer.invoke 0ms
 Γ£ô src/preload/index.test.ts > preload API bridge > cleaner methods call ipcRenderer.invoke > browserScan calls ipcRenderer.invoke 0ms
 Γ£ô src/preload/index.test.ts > preload API bridge > cleaner methods call ipcRenderer.invoke > browserClean calls ipcRenderer.invoke 0ms
 Γ£ô src/preload/index.test.ts > preload API bridge > cleaner methods call ipcRenderer.invoke > appScan calls ipcRenderer.invoke 0ms
 Γ£ô src/preload/index.test.ts > preload API bridge > cleaner methods call ipcRenderer.invoke > appClean calls ipcRenderer.invoke 0ms
 Γ£ô src/preload/index.test.ts > preload API bridge > cleaner methods call ipcRenderer.invoke > gamingScan calls ipcRenderer.invoke 0ms
 Γ£ô src/preload/index.test.ts > preload API bridge > cleaner methods call ipcRenderer.invoke > gamingClean calls ipcRenderer.invoke 0ms
 Γ£ô src/preload/index.test.ts > preload API bridge > cleaner methods call ipcRenderer.invoke > databaseScan calls ipcRenderer.invoke 0ms
 Γ£ô src/preload/index.test.ts > preload API bridge > cleaner methods call ipcRenderer.invoke > databaseClean calls ipcRenderer.invoke 0ms
 Γ£ô src/preload/index.test.ts > preload API bridge > cleaner methods call ipcRenderer.invoke > uninstallLeftoversScan calls ipcRenderer.invoke 0ms
 Γ£ô src/preload/index.test.ts > preload API bridge > cleaner methods call ipcRenderer.invoke > uninstallLeftoversClean calls ipcRenderer.invoke 0ms
 Γ£ô src/preload/index.test.ts > preload API bridge > cleaner methods call ipcRenderer.invoke > recycleBinScan calls ipcRenderer.invoke 0ms
 Γ£ô src/preload/index.test.ts > preload API bridge > cleaner methods call ipcRenderer.invoke > recycleBinClean calls ipcRenderer.invoke 0ms
 Γ£ô src/preload/index.test.ts > preload API bridge > cleaner methods call ipcRenderer.invoke > shortcutScan calls ipcRenderer.invoke 0ms
 Γ£ô src/preload/index.test.ts > preload API bridge > cleaner methods call ipcRenderer.invoke > shortcutClean calls ipcRenderer.invoke 0ms
 Γ£ô src/preload/index.test.ts > preload API bridge > cleaner methods call ipcRenderer.invoke > cleanerOpenLocation calls ipcRenderer.invoke 0ms
 Γ£ô src/preload/index.test.ts > preload API bridge > cleaner methods call ipcRenderer.invoke > environmentScan calls ipcRenderer.invoke 0ms
 Γ£ô src/preload/index.test.ts > preload API bridge > cleaner methods call ipcRenderer.invoke > environmentClean calls ipcRenderer.invoke 0ms
 Γ£ô src/preload/index.test.ts > preload API bridge > event listener methods register via ipcRenderer.on > onContextMenuApplyProgress registers listener and returns cleanup 1ms
 Γ£ô src/preload/index.test.ts > preload API bridge > event listener methods register via ipcRenderer.on > onDebloaterRemoveProgress registers listener and returns cleanup 1ms
 Γ£ô src/preload/index.test.ts > preload API bridge > event listener methods register via ipcRenderer.on > onHistoryChanged registers listener and returns cleanup 1ms
 Γ£ô src/preload/index.test.ts > preload API bridge > event listener methods register via ipcRenderer.on > onDiskRepairProgress registers listener and returns cleanup 1ms
 Γ£ô src/preload/index.test.ts > preload API bridge > event listener methods register via ipcRenderer.on > onDiskTrimProgress registers listener and returns cleanup 1ms
 Γ£ô src/preload/index.test.ts > preload API bridge > event listener methods register via ipcRenderer.on > onScanProgress registers listener and returns cleanup 1ms
 Γ£ô src/preload/index.test.ts > preload API bridge > event listener methods register via ipcRenderer.on > onRegistryFixProgress registers listener and returns cleanup 1ms
 Γ£ô src/preload/index.test.ts > preload API bridge > event listener methods register via ipcRenderer.on > onPrivacyProgress registers listener and returns cleanup 1ms
 Γ£ô src/preload/index.test.ts > preload API bridge > event listener methods register via ipcRenderer.on > onComplianceProgress registers listener and returns cleanup 1ms
 Γ£ô src/preload/index.test.ts > preload API bridge > event listener methods register via ipcRenderer.on > onVulnerabilityProgress registers listener and returns cleanup 1ms
 Γ£ô src/preload/index.test.ts > preload API bridge > event listener methods register via ipcRenderer.on > onMalwareProgress registers listener and returns cleanup 1ms
 Γ£ô src/preload/index.test.ts > preload API bridge > event listener methods register via ipcRenderer.on > onDriverProgress registers listener and returns cleanup 1ms
 Γ£ô src/preload/index.test.ts > preload API bridge > event listener methods register via ipcRenderer.on > onDriverUpdateProgress registers listener and returns cleanup 1ms
 Γ£ô src/preload/index.test.ts > preload API bridge > event listener methods register via ipcRenderer.on > onServiceProgress registers listener and returns cleanup 1ms
 Γ£ô src/preload/index.test.ts > preload API bridge > event listener methods register via ipcRenderer.on > onPerfSnapshot registers listener and returns cleanup 2ms
 Γ£ô src/preload/index.test.ts > preload API bridge > event listener methods register via ipcRenderer.on > onPerfProcessList registers listener and returns cleanup 1ms
 Γ£ô src/preload/index.test.ts > preload API bridge > event listener methods register via ipcRenderer.on > onUpdaterStatus registers listener and returns cleanup 2ms
 Γ£ô src/preload/index.test.ts > preload API bridge > event listener methods register via ipcRenderer.on > onUninstallerProgress registers listener and returns cleanup 0ms
 Γ£ô src/preload/index.test.ts > preload API bridge > event listener methods register via ipcRenderer.on > onSoftwareUpdateProgress registers listener and returns cleanup 1ms
 Γ£ô src/preload/index.test.ts > preload API bridge > event listener methods register via ipcRenderer.on > onDuplicatesProgress registers listener and returns cleanup 0ms
 Γ£ô src/preload/index.test.ts > preload API bridge > event listener methods register via ipcRenderer.on > onLargeFilesProgress registers listener and returns cleanup 1ms
 Γ£ô src/preload/index.test.ts > preload API bridge > event listener methods register via ipcRenderer.on > onEmptyFoldersProgress registers listener and returns cleanup 1ms
 Γ£ô src/preload/index.test.ts > preload API bridge > event listener methods register via ipcRenderer.on > onShredderProgress registers listener and returns cleanup 1ms
 Γ£ô src/preload/index.test.ts > preload API bridge > event listener methods register via ipcRenderer.on > onGameModeProgress registers listener and returns cleanup 1ms
 Γ£ô src/preload/index.test.ts > preload API bridge > event listener methods register via ipcRenderer.on > onGameModeAutoEvent registers listener and returns cleanup 1ms
 Γ£ô src/preload/index.test.ts > preload API bridge > event listener methods register via ipcRenderer.on > onWindowsTweaksApplyProgress registers listener and returns cleanup 1ms
 Γ£ô src/preload/index.test.ts > preload API bridge > event listener methods register via ipcRenderer.on > onWindowsTweaksRevertProgress registers listener and returns cleanup 1ms
 Γ£ô src/preload/index.test.ts > preload API bridge > event listener methods register via ipcRenderer.on > onBenchmarkProgress registers listener and returns cleanup 1ms
 Γ£ô src/preload/index.test.ts > preload API bridge > event listener methods register via ipcRenderer.on > onMemoryProgress registers listener and returns cleanup 1ms
 Γ£ô src/preload/index.test.ts > preload API bridge > event listener methods register via ipcRenderer.on > onScheduleRunTrigger registers listener and returns cleanup 1ms
 Γ£ô src/preload/index.test.ts > preload API bridge > event listener methods register via ipcRenderer.on > onYaraCompileProgress registers listener and returns cleanup 1ms
 Γ£ô src/preload/index.test.ts > preload API bridge > registry > registryScan calls invoke 0ms
 Γ£ô src/preload/index.test.ts > preload API bridge > registry > registryScanCancel calls invoke 0ms
 Γ£ô src/preload/index.test.ts > preload API bridge > registry > registryFixCancel calls invoke 0ms
 Γ£ô src/preload/index.test.ts > preload API bridge > registry > registryFix calls invoke 0ms
 Γ£ô src/preload/index.test.ts > preload API bridge > registry > registrySetTweakIgnored calls invoke 0ms
 Γ£ô src/preload/index.test.ts > preload API bridge > context menu > contextMenuScan calls invoke 0ms
 Γ£ô src/preload/index.test.ts > preload API bridge > context menu > contextMenuScanCancel calls invoke 0ms
 Γ£ô src/preload/index.test.ts > preload API bridge > context menu > contextMenuApply calls invoke 1ms
 Γ£ô src/preload/index.test.ts > preload API bridge > startup > startupList calls invoke 1ms
 Γ£ô src/preload/index.test.ts > preload API bridge > startup > startupBootTrace calls invoke 0ms
 Γ£ô src/preload/index.test.ts > preload API bridge > startup > startupSafetyFetch calls invoke 0ms
 Γ£ô src/preload/index.test.ts > preload API bridge > startup > startupToggle calls invoke 0ms
 Γ£ô src/preload/index.test.ts > preload API bridge > startup > startupDelete calls invoke 1ms
 Γ£ô src/preload/index.test.ts > preload API bridge > debloat > debloaterScan calls invoke 0ms
 Γ£ô src/preload/index.test.ts > preload API bridge > debloat > debloaterRemove calls invoke 0ms
 Γ£ô src/preload/index.test.ts > preload API bridge > disk > diskAnalyze calls invoke 1ms
 Γ£ô src/preload/index.test.ts > preload API bridge > disk > diskDrives calls invoke 0ms
 Γ£ô src/preload/index.test.ts > preload API bridge > disk > diskFileTypes calls invoke 0ms
 Γ£ô src/preload/index.test.ts > preload API bridge > disk > diskRepairSfc calls invoke 0ms
 Γ£ô src/preload/index.test.ts > preload API bridge > disk > diskRepairDism calls invoke 0ms
 Γ£ô src/preload/index.test.ts > preload API bridge > disk > diskRepairChkdsk calls invoke 0ms
 Γ£ô src/preload/index.test.ts > preload API bridge > disk > diskTrimList calls invoke 0ms
 Γ£ô src/preload/index.test.ts > preload API bridge > disk > diskTrimRun calls invoke 0ms
 Γ£ô src/preload/index.test.ts > preload API bridge > network > networkScan calls invoke 1ms
 Γ£ô src/preload/index.test.ts > preload API bridge > network > networkClean calls invoke 0ms
 Γ£ô src/preload/index.test.ts > preload API bridge > settings > settingsGet calls invoke 0ms
 Γ£ô src/preload/index.test.ts > preload API bridge > settings > settingsSelectBackupDir calls invoke 0ms
 Γ£ô src/preload/index.test.ts > preload API bridge > settings > settingsOpenBackupDir calls invoke 0ms
 Γ£ô src/preload/index.test.ts > preload API bridge > settings > settingsSet calls invoke 1ms
 Γ£ô src/preload/index.test.ts > preload API bridge > elevation > elevationCheck calls invoke 1ms
 Γ£ô src/preload/index.test.ts > preload API bridge > elevation > elevationRelaunch calls invoke 0ms
 Γ£ô src/preload/index.test.ts > preload API bridge > onboarding > onboardingGet calls invoke 1ms
 Γ£ô src/preload/index.test.ts > preload API bridge > onboarding > onboardingSet calls invoke 0ms
 Γ£ô src/preload/index.test.ts > preload API bridge > schedule > applyStartup calls invoke 1ms
 Γ£ô src/preload/index.test.ts > preload API bridge > schedule > applyTray sends 0ms
 Γ£ô src/preload/index.test.ts > preload API bridge > schedule > notifyScheduledScanComplete sends 0ms
 Γ£ô src/preload/index.test.ts > preload API bridge > schedule > scheduleRunComplete sends 0ms
 Γ£ô src/preload/index.test.ts > preload API bridge > history > historyGet calls invoke 0ms
 Γ£ô src/preload/index.test.ts > preload API bridge > history > historyAdd calls invoke 0ms
 Γ£ô src/preload/index.test.ts > preload API bridge > history > historyClear calls invoke 0ms
 Γ£ô src/preload/index.test.ts > preload API bridge > privacy > privacyScan calls invoke 0ms
 Γ£ô src/preload/index.test.ts > preload API bridge > privacy > privacyApply calls invoke 0ms
 Γ£ô src/preload/index.test.ts > preload API bridge > privacy > privacyRevert calls invoke 2ms
 Γ£ô src/preload/index.test.ts > preload API bridge > compliance > complianceScan calls invoke 1ms
 Γ£ô src/preload/index.test.ts > preload API bridge > compliance > complianceApply calls invoke 0ms
 Γ£ô src/preload/index.test.ts > preload API bridge > compliance > complianceRevert calls invoke 0ms
 Γ£ô src/preload/index.test.ts > preload API bridge > vulnerability > vulnerabilityScan calls invoke 0ms
 Γ£ô src/preload/index.test.ts > preload API bridge > vulnerability > vulnerabilityApply calls invoke 0ms
 Γ£ô src/preload/index.test.ts > preload API bridge > vulnerability > vulnerabilityRevert calls invoke 5ms
 Γ£ô src/preload/index.test.ts > preload API bridge > malware > malwareScan calls invoke 0ms
 Γ£ô src/preload/index.test.ts > preload API bridge > malware > malwareCancelScan calls invoke 0ms
 Γ£ô src/preload/index.test.ts > preload API bridge > malware > malwareQuarantine calls invoke 0ms
 Γ£ô src/preload/index.test.ts > preload API bridge > malware > malwareDelete calls invoke 0ms
 Γ£ô src/preload/index.test.ts > preload API bridge > malware > malwareQuarantineList calls invoke 0ms
 Γ£ô src/preload/index.test.ts > preload API bridge > malware > malwareAllowlistList calls invoke 0ms
 Γ£ô src/preload/index.test.ts > preload API bridge > malware > malwareYaraInfo calls invoke 0ms
 Γ£ô src/preload/index.test.ts > preload API bridge > malware > malwareYaraUpdate calls invoke 0ms
 Γ£ô src/preload/index.test.ts > preload API bridge > malware > malwareRestore calls invoke 0ms
 Γ£ô src/preload/index.test.ts > preload API bridge > malware > malwareIgnore calls invoke 0ms
 Γ£ô src/preload/index.test.ts > preload API bridge > malware > malwareAllowlistRemove calls invoke 0ms
 Γ£ô src/preload/index.test.ts > preload API bridge > drivers > driverScan calls invoke 0ms
 Γ£ô src/preload/index.test.ts > preload API bridge > drivers > driverClean calls invoke 0ms
 Γ£ô src/preload/index.test.ts > preload API bridge > drivers > driverUpdateScan calls invoke 0ms
 Γ£ô src/preload/index.test.ts > preload API bridge > drivers > driverUpdateInstall calls invoke 0ms
 Γ£ô src/preload/index.test.ts > preload API bridge > drivers > driverAgentEvaluate calls invoke 0ms
 Γ£ô src/preload/index.test.ts > preload API bridge > drivers > driverAgentApprove calls invoke 0ms
 Γ£ô src/preload/index.test.ts > preload API bridge > perf > perfQuickStats calls invoke 0ms
 Γ£ô src/preload/index.test.ts > preload API bridge > perf > perfGetSystemInfo calls invoke 0ms
 Γ£ô src/preload/index.test.ts > preload API bridge > perf > perfStartMonitoring calls invoke 0ms
 Γ£ô src/preload/index.test.ts > preload API bridge > perf > perfStopMonitoring calls invoke 0ms
 Γ£ô src/preload/index.test.ts > preload API bridge > perf > perfStartProcessPolling calls invoke 0ms
 Γ£ô src/preload/index.test.ts > preload API bridge > perf > perfStopProcessPolling calls invoke 0ms
 Γ£ô src/preload/index.test.ts > preload API bridge > perf > perfKillProcess calls invoke 0ms
 Γ£ô src/preload/index.test.ts > preload API bridge > perf > perfGetDiskHealth calls invoke 0ms
 Γ£ô src/preload/index.test.ts > preload API bridge > updater > updaterCheck calls invoke 0ms
 Γ£ô src/preload/index.test.ts > preload API bridge > updater > updaterDownload calls invoke 0ms
 Γ£ô src/preload/index.test.ts > preload API bridge > updater > updaterInstall calls invoke 0ms
 Γ£ô src/preload/index.test.ts > preload API bridge > updater > updaterGetStatus calls invoke 0ms
 Γ£ô src/preload/index.test.ts > preload API bridge > service > serviceScan calls invoke 0ms
 Γ£ô src/preload/index.test.ts > preload API bridge > service > serviceApply calls invoke 0ms
 Γ£ô src/preload/index.test.ts > preload API bridge > firewall > firewallScan calls invoke 0ms
 Γ£ô src/preload/index.test.ts > preload API bridge > firewall > firewallApply calls invoke 0ms
 Γ£ô src/preload/index.test.ts > preload API bridge > uninstaller > uninstallerList calls invoke 0ms
 Γ£ô src/preload/index.test.ts > preload API bridge > uninstaller > uninstallerUninstall calls invoke 0ms
 Γ£ô src/preload/index.test.ts > preload API bridge > uninstaller > uninstallerForceRemove calls invoke 0ms
 Γ£ô src/preload/index.test.ts > preload API bridge > uninstaller > programSafetyFetch calls invoke 0ms
 Γ£ô src/preload/index.test.ts > preload API bridge > software updates > softwareUpdateCheck calls invoke 0ms
 Γ£ô src/preload/index.test.ts > preload API bridge > software updates > softwareUpdateRun calls invoke 0ms
 Γ£ô src/preload/index.test.ts > preload API bridge > duplicates > duplicatesSelectDir calls invoke 0ms
 Γ£ô src/preload/index.test.ts > preload API bridge > duplicates > duplicatesScan calls invoke 0ms
 Γ£ô src/preload/index.test.ts > preload API bridge > duplicates > duplicatesCancel calls invoke 0ms
 Γ£ô src/preload/index.test.ts > preload API bridge > duplicates > duplicatesDelete calls invoke 0ms
 Γ£ô src/preload/index.test.ts > preload API bridge > duplicates > duplicatesOpenLocation calls invoke 0ms
 Γ£ô src/preload/index.test.ts > preload API bridge > large files > largeFilesSelectDir calls invoke 0ms
 Γ£ô src/preload/index.test.ts > preload API bridge > large files > largeFilesScan calls invoke 0ms
 Γ£ô src/preload/index.test.ts > preload API bridge > large files > largeFilesCancel calls invoke 0ms
 Γ£ô src/preload/index.test.ts > preload API bridge > large files > largeFilesDelete calls invoke 0ms
 Γ£ô src/preload/index.test.ts > preload API bridge > large files > largeFilesOpenLocation calls invoke 0ms
 Γ£ô src/preload/index.test.ts > preload API bridge > empty folders > emptyFoldersSelectDir calls invoke 0ms
 Γ£ô src/preload/index.test.ts > preload API bridge > empty folders > emptyFoldersScan calls invoke 0ms
 Γ£ô src/preload/index.test.ts > preload API bridge > empty folders > emptyFoldersCancel calls invoke 0ms
 Γ£ô src/preload/index.test.ts > preload API bridge > empty folders > emptyFoldersDelete calls invoke 0ms
 Γ£ô src/preload/index.test.ts > preload API bridge > empty folders > emptyFoldersOpenLocation calls invoke 0ms
 Γ£ô src/preload/index.test.ts > preload API bridge > shredder > shredderSelectFiles calls invoke 0ms
 Γ£ô src/preload/index.test.ts > preload API bridge > shredder > shredderSelectFolders calls invoke 0ms
 Γ£ô src/preload/index.test.ts > preload API bridge > shredder > shredderShred calls invoke 0ms
 Γ£ô src/preload/index.test.ts > preload API bridge > shredder > shredderCancel calls invoke 0ms
 Γ£ô src/preload/index.test.ts > preload API bridge > shredder > shredderOpenLocation calls invoke 0ms
 Γ£ô src/preload/index.test.ts > preload API bridge > game mode > gameModeActivate calls invoke 0ms
 Γ£ô src/preload/index.test.ts > preload API bridge > game mode > gameModeDeactivate calls invoke 0ms
 Γ£ô src/preload/index.test.ts > preload API bridge > game mode > gameModeStatus calls invoke 0ms
 Γ£ô src/preload/index.test.ts > preload API bridge > game mode > gameModeRunAudit calls invoke 0ms
 Γ£ô src/preload/index.test.ts > preload API bridge > winSxS > winSxSScan calls invoke 0ms
 Γ£ô src/preload/index.test.ts > preload API bridge > winSxS > winSxSClean calls invoke 0ms
 Γ£ô src/preload/index.test.ts > preload API bridge > winSxS > winSxSScan returns empty array when invoke returns falsy 0ms
 Γ£ô src/preload/index.test.ts > preload API bridge > winSxS > winSxSScan wraps truthy result in array 3ms
 Γ£ô src/test/path-safety.test.ts > getAllUserProfiles > does not include Public or Default system accounts 3ms
 Γ£ô src/test/path-safety.test.ts > getMalwareScanDirs > accepts userProfile parameter and returns correct paths 1ms
 Γ£ô src/test/path-safety.test.ts > getMalwareScanDirs > falls back to USERPROFILE env when no param given 1ms
 Γ£ô src/test/path-safety.test.ts > getMalwareScanDirs > includes AppData\LocalLow in scan dirs 1ms
 Γ£ô src/test/path-safety.test.ts > getMalwareScanDirs > throws when userProfile is empty string and USERPROFILE not set 2ms
 Γ£ô src/main/services/game-detector.test.ts > error handling > handles onGameDetected callback error gracefully 102ms
 Γ£ô src/preload/index.test.ts > preload API bridge > power plans > powerPlansList calls invoke 1ms
 Γ£ô src/preload/index.test.ts > preload API bridge > power plans > powerPlansActivate calls invoke 0ms
 Γ£ô src/preload/index.test.ts > preload API bridge > power plans > powerPlansCreate calls invoke 0ms
 Γ£ô src/preload/index.test.ts > preload API bridge > power plans > powerPlansDelete calls invoke 1ms
 Γ£ô src/preload/index.test.ts > preload API bridge > hosts > hostsRead calls invoke 6ms
 Γ£ô src/preload/index.test.ts > preload API bridge > hosts > hostsWrite calls invoke 1ms
 Γ£ô src/preload/index.test.ts > preload API bridge > hosts > hostsFlushDns calls invoke 0ms
 Γ£ô src/preload/index.test.ts > preload API bridge > windows tweaks > windowsTweaksList calls invoke 1ms
 Γ£ô src/preload/index.test.ts > preload API bridge > windows tweaks > windowsTweaksApply calls invoke 4ms
 Γ£ô src/preload/index.test.ts > preload API bridge > windows tweaks > windowsTweaksRevert calls invoke 2ms
 Γ£ô src/preload/index.test.ts > preload API bridge > windows tweaks > windowsTweaksStatus calls invoke 0ms
 Γ£ô src/preload/index.test.ts > preload API bridge > windows tweaks > windowsTweaksGetDnsPresets calls invoke 0ms
 Γ£ô src/preload/index.test.ts > preload API bridge > windows tweaks > windowsTweaksSetDns calls invoke 1ms
 Γ£ô src/preload/index.test.ts > preload API bridge > windows tweaks > windowsTweaksNetshTcp calls invoke 0ms
 Γ£ô src/preload/index.test.ts > preload API bridge > benchmark > benchmarkRun calls invoke 0ms
 Γ£ô src/preload/index.test.ts > preload API bridge > benchmark > benchmarkCancel calls invoke 0ms
 Γ£ô src/preload/index.test.ts > preload API bridge > license > licenseActivate calls invoke 0ms
 Γ£ô src/preload/index.test.ts > preload API bridge > license > licenseStatus calls invoke 0ms
 Γ£ô src/preload/index.test.ts > preload API bridge > license > licenseGetHwid calls invoke 0ms
 Γ£ô src/preload/index.test.ts > preload API bridge > memory > memoryInfo calls invoke 0ms
 Γ£ô src/preload/index.test.ts > preload API bridge > memory > memoryOptimize calls invoke 0ms
 Γ£ô src/preload/index.test.ts > preload API bridge > watcher > watcherStart calls invoke 0ms
 Γ£ô src/preload/index.test.ts > preload API bridge > watcher > watcherStop calls invoke 0ms
 Γ£ô src/preload/index.test.ts > preload API bridge > watcher > watcherStatus calls invoke 0ms
 Γ£ô src/preload/index.test.ts > preload API bridge > scan profiles > getScanProfiles calls invoke 0ms
 Γ£ô src/preload/index.test.ts > preload API bridge > custom rules > customRulesList calls invoke 0ms
 Γ£ô src/preload/index.test.ts > preload API bridge > custom rules > customRulesAdd calls invoke 0ms
 Γ£ô src/preload/index.test.ts > preload API bridge > custom rules > customRulesRemove calls invoke 0ms
 Γ£ô src/preload/index.test.ts > preload API bridge > export > exportReport calls invoke 0ms
 Γ£ô src/preload/index.test.ts > preload API bridge > logs > logsList calls invoke 0ms
 Γ£ô src/preload/index.test.ts > preload API bridge > logs > logsClear calls invoke 0ms
 Γ£ô src/preload/index.test.ts > preload API bridge > logs > logsExport calls invoke 0ms
 Γ£ô src/preload/index.test.ts > preload API bridge > logs > logsConfigGet calls invoke 0ms
 Γ£ô src/preload/index.test.ts > preload API bridge > logs > logsConfigSet calls invoke 0ms
 Γ£ô src/preload/index.test.ts > preload API bridge > scan profiles > setScanProfile calls invoke 1ms
 Γ£ô src/preload/index.test.ts > preload API bridge > features A-F > memoryScan calls invoke 0ms
 Γ£ô src/preload/index.test.ts > preload API bridge > features A-F > getTimeline calls invoke 1ms
 Γ£ô src/preload/index.test.ts > preload API bridge > features A-F > clearTimeline calls invoke 0ms
 Γ£ô src/preload/index.test.ts > preload API bridge > features A-F > getTimelineStats calls invoke 0ms
 Γ£ô src/preload/index.test.ts > preload API bridge > features A-F > intelCheckHash calls invoke 0ms
 Γ£ô src/preload/index.test.ts > preload API bridge > features A-F > intelCheckDomain calls invoke 0ms
 Γ£ô src/preload/index.test.ts > preload API bridge > features A-F > intelCheckIp calls invoke 0ms
 Γ£ô src/preload/index.test.ts > preload API bridge > features A-F > intelStats calls invoke 0ms
 Γ£ô src/preload/index.test.ts > preload API bridge > features A-F > intelFeeds calls invoke 0ms
 Γ£ô src/preload/index.test.ts > preload API bridge > features A-F > intelToggleFeed calls invoke 0ms
 Γ£ô src/preload/index.test.ts > preload API bridge > features A-F > intelClear calls invoke 0ms
 Γ£ô src/preload/index.test.ts > preload API bridge > features A-F > exploitScan calls invoke 0ms
 Γ£ô src/preload/index.test.ts > preload API bridge > features A-F > backupConfigGet calls invoke 0ms
 Γ£ô src/preload/index.test.ts > preload API bridge > features A-F > backupConfigSet calls invoke 0ms
 Γ£ô src/preload/index.test.ts > preload API bridge > features A-F > backupNow calls invoke 0ms
 Γ£ô src/preload/index.test.ts > preload API bridge > features A-F > backupList calls invoke 0ms
 Γ£ô src/preload/index.test.ts > preload API bridge > features A-F > backupRestore calls invoke 0ms
 Γ£ô src/preload/index.test.ts > preload API bridge > features A-F > backupStorage calls invoke 0ms
 Γ£ô src/preload/index.test.ts > preload API bridge > features A-F > sandboxAnalyze calls invoke 0ms
 Γ£ô src/preload/index.test.ts > preload API bridge > clips > clipsGetStatus calls invoke 0ms
 Γ£ô src/preload/index.test.ts > preload API bridge > clips > clipsStartEngine calls invoke 0ms
 Γ£ô src/preload/index.test.ts > preload API bridge > clips > clipsStopEngine calls invoke 0ms
 Γ£ô src/preload/index.test.ts > preload API bridge > clips > clipsStartCapture calls invoke 0ms
 Γ£ô src/preload/index.test.ts > preload API bridge > clips > clipsStopCapture calls invoke 0ms
 Γ£ô src/preload/index.test.ts > preload API bridge > clips > clipsSaveClip calls invoke 0ms
 Γ£ô src/preload/index.test.ts > preload API bridge > clips > clipsList calls invoke 0ms
 Γ£ô src/preload/index.test.ts > preload API bridge > clips > clipsDelete calls invoke 0ms
 Γ£ô src/preload/index.test.ts > preload API bridge > clips > clipsRename calls invoke 0ms
 Γ£ô src/preload/index.test.ts > preload API bridge > clips > clipsOpen calls invoke 0ms
 Γ£ô src/preload/index.test.ts > preload API bridge > clips > clipsGetConfig calls invoke 0ms
 Γ£ô src/preload/index.test.ts > preload API bridge > clips > clipsSetConfig calls invoke 0ms
 Γ£ô src/preload/index.test.ts > preload API bridge > clips > clipsSelectOutputDir calls invoke 0ms
 Γ£ô src/preload/index.test.ts > preload API bridge > clips > clipsGetThumbnail calls invoke 0ms
 Γ£ô src/preload/index.test.ts > preload API bridge > clips > clipsGetAudioSessions calls invoke 0ms
 Γ£ô src/preload/index.test.ts > preload API bridge > clips > clipsSetAudioSessions calls invoke 0ms
 Γ£ô src/preload/index.test.ts > preload API bridge > clips > clipsSetFavorite calls invoke 0ms
 Γ£ô src/preload/index.test.ts > preload API bridge > clips > clipsGetMicDevices calls invoke 0ms
 Γ£ô src/preload/index.test.ts > preload API bridge > clips > clipsSetMicDevice calls invoke 0ms
 Γ£ô src/preload/index.test.ts > preload API bridge > clips > clipsGetGpus calls invoke 0ms
 Γ£ô src/preload/index.test.ts > preload API bridge > clips > clipsGetRunningProcesses calls invoke 0ms
 Γ£ô src/preload/index.test.ts > preload API bridge > clips > clipsTrimClip calls invoke 0ms
 Γ£ô src/preload/index.test.ts > preload API bridge > clips > clipsMergeClips calls invoke 0ms
 Γ£ô src/preload/index.test.ts > preload API bridge > clips > clipsOnEngineStatus registers listener and returns unsubscribe 6ms
 Γ£ô src/preload/index.test.ts > preload API bridge > clips > clipsGetVideoUrl returns clip-video:// URL for Windows path 0ms
 Γ£ô src/preload/index.test.ts > preload API bridge > clips > clipsGetVideoUrl handles already normalized path 0ms
 Γ£ô src/preload/index.test.ts > preload API bridge > clips > clipsGetVideoUrl handles spaces in path 3ms
 Γ£ô src/main/services/perf-monitor.test.ts > PerfMonitorService > startMonitoring > correlates startup items with process list 55ms
 Γ£ô src/main/services/perf-monitor.test.ts > PerfMonitorService > startMonitoring > does not fail when getStartupItems callback throws 2ms
 Γ£ô src/main/services/perf-monitor.test.ts > PerfMonitorService > stopMonitoring > can be called when not running (no-op) 3ms
 Γ£ô src/main/services/perf-monitor.test.ts > PerfMonitorService > stopMonitoring > stops sending data after stop 7ms
 Γ£ô src/main/services/perf-monitor.test.ts > PerfMonitorService > startProcessPolling / stopProcessPolling > is no-op when called without startMonitoring (no sender) 1ms
 Γ£ô src/main/services/perf-monitor.test.ts > PerfMonitorService > startProcessPolling / stopProcessPolling > stops process polling when stopProcessPolling is called 6ms
 Γ£ô src/main/services/perf-monitor.test.ts > PerfMonitorService > getProcessName > returns the process name for a valid PID 1ms
 Γ£ô src/main/services/perf-monitor.test.ts > PerfMonitorService > getProcessName > returns null for an unknown PID 1ms
 Γ£ô src/main/services/perf-monitor.test.ts > PerfMonitorService > getProcessName > returns null when si.processes() fails 1ms
 Γ£ô src/main/services/perf-monitor.test.ts > PerfMonitorService > killProcess > succeeds via process.kill 2ms
 Γ£ô src/main/services/perf-monitor.test.ts > PerfMonitorService > killProcess > falls back to execFileAsync on Windows when process.kill fails 1ms
 Γ£ô src/main/services/perf-monitor.test.ts > PerfMonitorService > killProcess > falls back to execFileAsync on non-Windows when process.kill fails 1ms
 Γ£ô src/main/services/perf-monitor.test.ts > PerfMonitorService > killProcess > returns requiresAdmin error on access denied 1ms
 Γ£ô src/main/services/perf-monitor.test.ts > PerfMonitorService > killProcess > returns generic error on other fallback failures 1ms
 Γ£ô src/main/services/perf-monitor.test.ts > PerfMonitorService > killProcess > handles non-Error throw from fallback 1ms
 Γ£ô src/main/services/perf-monitor.test.ts > PerfMonitorService > getDiskHealth > returns disk health info from si.diskLayout and powershell reliability 2ms
 Γ£ô src/main/services/perf-monitor.test.ts > PerfMonitorService > getDiskHealth > maps unknown smartStatus and interfaceType correctly 1ms
 Γ£ô src/main/services/perf-monitor.test.ts > PerfMonitorService > getDiskHealth > returns empty array when si.diskLayout fails 1ms
 Γ£ô src/main/services/perf-monitor.test.ts > PerfMonitorService > getDiskHealth > handles missing reliability data gracefully 1ms
 Γ£ô src/main/services/perf-monitor.test.ts > PerfMonitorService > getDiskHealth > handles single-object PowerShell output (not array) 1ms
 Γ£ô src/main/services/perf-monitor.test.ts > PerfMonitorService > getDiskHealth > handles device path with no digits 1ms
 Γ£ô src/main/services/perf-monitor.test.ts > PerfMonitorService > startMonitoring (startup item edge cases) > handles startup item command without .exe path 52ms
 Γ£ô src/main/services/perf-monitor.test.ts > PerfMonitorService > startMonitoring (startup item edge cases) > handles startup item command with no exe match at all 59ms
 Γ£ô src/main/services/perf-monitor.test.ts > PerfMonitorService > collectSnapshot re-entrant guard and error handling > does not collect when snapshotRunning is true 2ms
 Γ£ô src/main/services/perf-monitor.test.ts > PerfMonitorService > collectSnapshot re-entrant guard and error handling > handles si.currentLoad throwing an error 1ms
 Γ£ô src/main/services/perf-monitor.test.ts > PerfMonitorService > collectSnapshot re-entrant guard and error handling > handles sender destroyed after snapshot capture 1ms
 Γ£ô src/main/services/perf-monitor.test.ts > PerfMonitorService > collectProcesses re-entrant guard and error handling > does not collect when processesRunning is true 2ms
 Γ£ô src/main/services/perf-monitor.test.ts > PerfMonitorService > collectProcesses re-entrant guard and error handling > handles si.processes throwing an error 1ms
 Γ£ô src/main/services/perf-monitor.test.ts > PerfMonitorService > collectProcesses re-entrant guard and error handling > handles sender destroyed during process collection 1ms
 Γ£ô src/main/services/perf-monitor.test.ts > PerfMonitorService > stopMonitoring with slowTimer cleanup > cleans up both fast and slow timers 1ms
 Γ£ô src/main/services/game-detector.test.ts > suppression across restart > preserves suppressedGame when restarting the detector 104ms
 Γ£ô src/main/services/game-detector.test.ts > end-to-end: detection lifecycle > calls onGameDetected then onGameExited as processes change 102ms
 Γ£ô src/main/services/game-detector.test.ts > custom game process detection via public API > detects a custom game process 201ms
 Γ£ô src/main/services/game-detector.test.ts > game exited callback > calls onGameExited when detected game exits 4ms
 Γ£ô src/main/services/game-detector.test.ts > game exited callback > handles onGameExited callback error gracefully 1ms
 Γ£ô src/main/services/game-detector.test.ts > poll concurrency guard > skips poll when pollRunning is true (re-entrant guard) 1ms
 Γ£ô src/main/services/game-detector.test.ts > suppressed game re-detection guard > does not re-detect a suppressed game that is still running 1ms
 Γ£ô src/main/services/game-detector.test.ts > CSV parsing edge cases > gracefully handles malformed tasklist lines 1ms
 Γ£ô src/main/services/game-detector.test.ts > suppressed game exit > clears suppressedGame when the suppressed game exits 1ms
 Γ£ô src/main/ipc/driver-agent.ipc.test.ts > registerDriverAgentIpc > registers both IPC handlers 5ms
 Γ£ô src/main/ipc/driver-agent.ipc.test.ts > registerDriverAgentIpc > DRIVER_AGENT_EVALUATE > returns empty result when no updates found 3ms
 Γ£ô src/main/ipc/driver-agent.ipc.test.ts > registerDriverAgentIpc > DRIVER_AGENT_EVALUATE > returns empty result when scanResult is null 0ms
 Γ£ô src/main/ipc/driver-agent.ipc.test.ts > registerDriverAgentIpc > DRIVER_AGENT_EVALUATE > returns empty result when scanResult.updates is null 0ms
 Γ£ô src/main/ipc/driver-agent.ipc.test.ts > registerDriverAgentIpc > DRIVER_AGENT_EVALUATE > returns evaluation result when updates found 2ms
 Γ£ô src/main/ipc/driver-agent.ipc.test.ts > registerDriverAgentIpc > DRIVER_AGENT_EVALUATE > throws error when scan fails 2ms
 Γ£ô src/main/ipc/driver-agent.ipc.test.ts > registerDriverAgentIpc > DRIVER_AGENT_APPROVE > returns error for invalid request (not object) 1ms
 Γ£ô src/main/ipc/driver-agent.ipc.test.ts > registerDriverAgentIpc > DRIVER_AGENT_APPROVE > returns error for empty updateIds 0ms
 Γ£ô src/main/ipc/driver-agent.ipc.test.ts > registerDriverAgentIpc > DRIVER_AGENT_APPROVE > returns error for no valid string IDs 0ms
 Γ£ô src/main/ipc/driver-agent.ipc.test.ts > registerDriverAgentIpc > DRIVER_AGENT_APPROVE > successfully installs approved updates 0ms
 Γ£ô src/main/ipc/driver-agent.ipc.test.ts > registerDriverAgentIpc > DRIVER_AGENT_APPROVE > handles install failure via rejected promise 0ms
 Γ£ô src/main/ipc/driver-agent.ipc.test.ts > registerDriverAgentIpc > DRIVER_AGENT_APPROVE > returns success false and error string when install has failures 0ms
 Γ£ô src/main/ipc/compliance-auditor.ipc.test.ts > registerComplianceAuditorIpc > registers all three COMPLIANCE handlers 393ms
 Γ£ô src/main/ipc/browser-cleaner.ipc.test.ts > registerBrowserCleanerIpc > registers BROWSER_SCAN and BROWSER_CLEAN handlers 5ms
 Γ£ô src/main/ipc/browser-cleaner.ipc.test.ts > BROWSER_SCAN handler > returns empty results when no browser directories exist 3ms
 Γ£ô src/main/ipc/browser-cleaner.ipc.test.ts > BROWSER_SCAN handler > scans Chromium profile cache directories when they exist 2ms
 Γ£ô src/main/ipc/browser-cleaner.ipc.test.ts > BROWSER_SCAN handler > scans Opera-style browsers without profiles 1ms
 Γ£ô src/main/ipc/browser-cleaner.ipc.test.ts > BROWSER_SCAN handler > scans Firefox profile cache directories 1ms
 Γ£ô src/main/ipc/browser-cleaner.ipc.test.ts > BROWSER_SCAN handler > skips scan results with zero items 3ms
 Γ£ô src/main/ipc/browser-cleaner.ipc.test.ts > BROWSER_SCAN handler > sends scan progress to the window 3ms
 Γ£ô src/main/ipc/browser-cleaner.ipc.test.ts > BROWSER_SCAN handler > does not send progress when window is null 0ms
 Γ£ô src/main/ipc/browser-cleaner.ipc.test.ts > BROWSER_SCAN handler > handles Firefox readdir errors gracefully 1ms
 Γ£ô src/main/ipc/browser-cleaner.ipc.test.ts > BROWSER_SCAN handler > creates cookie scan items when statSync succeeds 1ms
 Γ£ô src/main/ipc/browser-cleaner.ipc.test.ts > BROWSER_SCAN handler > handles getChromiumProfiles readdir error gracefully 2ms
 Γ£ô src/main/ipc/browser-cleaner.ipc.test.ts > BROWSER_SCAN handler > scans Firefox base for cookie files 1ms
 Γ£ô src/main/ipc/browser-cleaner.ipc.test.ts > BROWSER_SCAN handler > handles Firefox base readdir error gracefully 1ms
 Γ£ô src/main/ipc/browser-cleaner.ipc.test.ts > BROWSER_SCAN handler > scans Firefox fork cache and cookies 2ms
 Γ£ô src/main/ipc/browser-cleaner.ipc.test.ts > BROWSER_SCAN handler > handles Firefox fork cache readdir error gracefully 1ms
 Γ£ô src/main/ipc/browser-cleaner.ipc.test.ts > BROWSER_SCAN handler > handles Firefox fork base readdir error gracefully 0ms
 Γ£ô src/main/ipc/browser-cleaner.ipc.test.ts > BROWSER_SCAN handler > scans Safari cache directory 1ms
 Γ£ô src/main/ipc/browser-cleaner.ipc.test.ts > BROWSER_SCAN handler > does not send progress when window is destroyed 1ms
 Γ£ô src/main/ipc/browser-cleaner.ipc.test.ts > BROWSER_SCAN handler > skips Chromium cache dir that does not exist 1ms
 Γ£ô src/main/ipc/browser-cleaner.ipc.test.ts > BROWSER_CLEAN handler > returns empty result for invalid input (non-array) 1ms
 Γ£ô src/main/ipc/browser-cleaner.ipc.test.ts > BROWSER_CLEAN handler > returns empty result for array with non-string elements 1ms
 Γ£ô src/main/ipc/browser-cleaner.ipc.test.ts > BROWSER_CLEAN handler > calls cleanItems with valid string array 1ms
 Γ£ô src/main/ipc/browser-cleaner.ipc.test.ts > BROWSER_CLEAN handler > closes browsers before cleaning when setting is enabled 0ms
 Γ£ô src/main/ipc/browser-cleaner.ipc.test.ts > BROWSER_CLEAN handler > does not close browsers when setting is disabled 0ms
 Γ£ô src/main/ipc/browser-cleaner.ipc.test.ts > BROWSER_CLEAN handler > sends clean progress when window exists and not destroyed 1ms
 Γ£ô src/main/ipc/browser-cleaner.ipc.test.ts > BROWSER_CLEAN handler > does not send clean progress when window is null 0ms
 Γ£ô src/main/ipc/browser-cleaner.ipc.test.ts > BROWSER_CLEAN handler > does not send clean progress when window is destroyed 0ms
 Γ£ô src/main/ipc/compliance-auditor.ipc.test.ts > registerComplianceAuditorIpc > COMPLIANCE_SCAN handler calls scanCompliance 2ms
 Γ£ô src/main/ipc/compliance-auditor.ipc.test.ts > registerComplianceAuditorIpc > COMPLIANCE_APPLY validates input before passing to service 2ms
 Γ£ô src/main/ipc/compliance-auditor.ipc.test.ts > registerComplianceAuditorIpc > COMPLIANCE_REVERT validates input before passing to service 1ms
 Γ£ô src/main/ipc/compliance-auditor.ipc.test.ts > registerComplianceAuditorIpc > COMPLIANCE_APPLY passes valid string array to service 1ms
 Γ£ô src/main/ipc/compliance-auditor.ipc.test.ts > registerComplianceAuditorIpc > COMPLIANCE_SCAN sends progress to the window 1ms
 Γ£ô src/main/ipc/compliance-auditor.ipc.test.ts > registerComplianceAuditorIpc > COMPLIANCE_SCAN handles window throwing on send 2ms
 Γ£ô src/main/ipc/compliance-auditor.ipc.test.ts > registerComplianceAuditorIpc > COMPLIANCE_REVERT passes valid string array to service 1ms
 Γ£ô src/main/ipc/database-optimizer.ipc.test.ts > registerDatabaseOptimizerIpc > registers DATABASE_SCAN and DATABASE_CLEAN handlers 5ms
 Γ£ô src/main/ipc/database-optimizer.ipc.test.ts > DATABASE_SCAN handler > returns empty results when no targets are defined 2ms
 Γ£ô src/main/ipc/database-optimizer.ipc.test.ts > DATABASE_SCAN handler > skips targets whose basePath does not exist 0ms
 Γ£ô src/main/ipc/database-optimizer.ipc.test.ts > DATABASE_SCAN handler > scans databases and returns results for valid SQLite files 3ms
 Γ£ô src/main/ipc/database-optimizer.ipc.test.ts > DATABASE_SCAN handler > skips zero-size database files 0ms
 Γ£ô src/main/ipc/database-optimizer.ipc.test.ts > DATABASE_SCAN handler > skips files that are not valid SQLite 0ms
 Γ£ô src/main/ipc/database-optimizer.ipc.test.ts > DATABASE_SCAN handler > skips databases with estimated waste below 4096 threshold 1ms
 Γ£ô src/main/ipc/database-optimizer.ipc.test.ts > DATABASE_SCAN handler > resolves multi-profile directories 1ms
 Γ£ô src/main/ipc/database-optimizer.ipc.test.ts > DATABASE_SCAN handler > sends progress to window during scan 3ms
 Γ£ô src/main/ipc/database-optimizer.ipc.test.ts > DATABASE_SCAN handler > handles inaccessible targets gracefully 0ms
 Γ£ô src/main/ipc/database-optimizer.ipc.test.ts > DATABASE_CLEAN handler > returns empty result for non-array input 1ms
 Γ£ô src/main/ipc/database-optimizer.ipc.test.ts > DATABASE_CLEAN handler > skips items not found in cache 1ms
 Γ£ô src/main/ipc/database-optimizer.ipc.test.ts > DATABASE_CLEAN handler > performs VACUUM on cached database items 1ms
 Γ£ô src/main/ipc/database-optimizer.ipc.test.ts > DATABASE_CLEAN handler > restores WAL journal mode after VACUUM if original was WAL 3ms
 Γ£ô src/main/ipc/database-optimizer.ipc.test.ts > DATABASE_CLEAN handler > does not restore WAL mode when journal mode is not WAL 1ms
 Γ£ô src/main/ipc/database-optimizer.ipc.test.ts > DATABASE_CLEAN handler > handles SQLITE_BUSY error as in-use 3ms
 Γ£ô src/main/ipc/database-optimizer.ipc.test.ts > DATABASE_CLEAN handler > handles EPERM error as permission-denied and sets needsElevation 1ms
 Γ£ô src/main/ipc/database-optimizer.ipc.test.ts > DATABASE_CLEAN handler > handles EACCES error as permission-denied 2ms
 Γ£ô src/main/ipc/database-optimizer.ipc.test.ts > DATABASE_CLEAN handler > handles unknown errors with the error message 2ms
 Γ£ô src/main/ipc/database-optimizer.ipc.test.ts > DATABASE_CLEAN handler > does not count negative reclaimed space 1ms
 Γ£ô src/main/ipc/disk-trim.ipc.test.ts > registerDiskTrimIpc > registers list and run handlers 8ms
 Γ£ô src/main/ipc/disk-trim.ipc.test.ts > registerDiskTrimIpc > DISK_TRIM_LIST handler returns an array result 2ms
 Γ£ô src/main/ipc/disk-trim.ipc.test.ts > runTrimForDrive ΓÇö safety rails > rejects HDD with success:false and never spawns 2ms
 Γ£ô src/main/ipc/disk-trim.ipc.test.ts > runTrimForDrive ΓÇö safety rails > rejects removable drives with success:false and never spawns 1ms
 Γ£ô src/main/ipc/disk-trim.ipc.test.ts > runTrimForDrive ΓÇö safety rails > throttle: returns throttled:true when isThrottled is true; never spawns 1ms
 Γ£ô src/main/ipc/disk-trim.ipc.test.ts > runTrimForDrive ΓÇö safety rails > elevation: returns needsAdmin:true when isAdmin is false; never spawns 1ms
 Γ£ô src/main/ipc/disk-trim.ipc.test.ts > runTrimForDrive ΓÇö safety rails > Windows: invalid drive letter is rejected before spawn 1ms
 Γ£ô src/main/ipc/disk-trim.ipc.test.ts > runTrimForDrive ΓÇö safety rails > Windows: success path persists last-trim and spawns Optimize-Volume 4ms
 Γ£ô src/main/ipc/disk-trim.ipc.test.ts > runTrimForDrive ΓÇö safety rails > rejects unknown drive id 1ms
 Γ£ô src/main/ipc/disk-trim.ipc.test.ts > runTrimForDrive ΓÇö safety rails > respects trimSupport=unsupported (e.g. filesystem rejects DISCARD) 0ms
 Γ£ô src/main/ipc/disk-trim.ipc.test.ts > listTrimDrives > returns [] for unknown platform 1ms
 Γ£ô src/main/ipc/disk-trim.ipc.test.ts > runTrimForDrive ΓÇö unsupported platform > returns failResult for unsupported platform 1ms
 Γ£ô src/main/ipc/disk-trim.ipc.test.ts > DISK_TRIM_RUN handler ΓÇö input validation & mutex > returns [] for non-array input 1ms
 Γ£ô src/main/ipc/disk-trim.ipc.test.ts > DISK_TRIM_RUN handler ΓÇö input validation & mutex > filters out non-string and oversize ids 2ms
 Γ£ô src/main/ipc/disk-trim.ipc.test.ts > DISK_TRIM_RUN handler ΓÇö input validation & mutex > returns [] when all driveIds are filtered out 0ms
 Γ£ô src/main/ipc/disk-trim.ipc.test.ts > runTrimForDrive ΓÇö additional guard clauses > rejects trimSupport=disabled and never spawns 1ms
 Γ£ô src/main/ipc/disk-trim.ipc.test.ts > runTrimForDrive ΓÇö additional guard clauses > Windows: handles spawn error event 1ms
 Γ£ô src/main/ipc/disk-trim.ipc.test.ts > runTrimForDrive ΓÇö additional guard clauses > Windows: handles non-zero exit code 1ms
 Γ£ô src/main/ipc/disk-trim.ipc.test.ts > computeStatus > returns not-applicable for macos-managed 0ms
 Γ£ô src/main/ipc/disk-trim.ipc.test.ts > computeStatus > returns not-applicable for HDD 0ms
 Γ£ô src/main/ipc/disk-trim.ipc.test.ts > computeStatus > returns not-applicable for removable drives 0ms
 Γ£ô src/main/ipc/disk-trim.ipc.test.ts > computeStatus > returns disabled for unsupported 0ms
 Γ£ô src/main/ipc/disk-trim.ipc.test.ts > computeStatus > returns disabled for disabled trim 0ms
 Γ£ô src/main/ipc/disk-trim.ipc.test.ts > computeStatus > returns recently-trimmed when lastTrimAt < 7 days 0ms
 Γ£ô src/main/ipc/disk-trim.ipc.test.ts > computeStatus > returns recommended when estimatedDiscardBytes > 1 GiB 0ms
 Γ£ô src/main/ipc/disk-trim.ipc.test.ts > computeStatus > returns recommended when lastTrimAt > 30 days 0ms
 Γ£ô src/main/ipc/disk-trim.ipc.test.ts > computeStatus > returns unknown when no lastTrimAt 0ms
 Γ£ô src/main/ipc/disk-trim.ipc.test.ts > computeStatus > returns ok when recently trimmed enough (between 7 and 30 days) 0ms
 Γ£ô src/main/ipc/disk-trim.ipc.test.ts > computeStatus > returns recently-trimmed with day count in reason 0ms
 Γ£ô src/main/ipc/disk-trim.ipc.test.ts > listTrimDrives ΓÇö Windows enumeration > parses PS output into TrimDriveInfo[] 1ms
 Γ£ô src/main/ipc/disk-trim.ipc.test.ts > listTrimDrives ΓÇö Windows enumeration > skips network volumes 0ms
 Γ£ô src/main/ipc/disk-trim.ipc.test.ts > listTrimDrives ΓÇö Windows enumeration > skips removable USB drives flagged by DriveType 0ms
 Γ£ô src/main/ipc/disk-trim.ipc.test.ts > listTrimDrives ΓÇö Windows enumeration > returns [] when JSON parse fails 0ms
 Γ£ô src/main/ipc/disk-trim.ipc.test.ts > listTrimDrives ΓÇö Windows enumeration > handles single-object disks and volumes (not array) 0ms
 Γ£ô src/main/ipc/disk-trim.ipc.test.ts > listTrimDrives ΓÇö Windows enumeration > returns [] when no volumes with safe letters 0ms
 Γ£ô src/main/ipc/disk-trim.ipc.test.ts > listTrimDrives ΓÇö Windows enumeration > maps NVMe bus to NVMe media type 0ms
 Γ£ô src/main/ipc/disk-trim.ipc.test.ts > listTrimDrives ΓÇö Windows enumeration > maps HDD MediaType to HDD media type 0ms
 Γ£ô src/main/ipc/disk-trim.ipc.test.ts > listTrimDrives ΓÇö Windows enumeration > returns Unknown for unrecognized MediaType and BusType 0ms
 Γ£ô src/main/ipc/disk-trim.ipc.test.ts > listTrimDrives ΓÇö Windows enumeration > handles events with no matching Volume/Drive in Msg (covers ternary false branch) 1ms
 Γ£ô src/main/ipc/disk-trim.ipc.test.ts > runTrimForDrive ΓÇö missing letter/mountpoint > Windows: returns failResult when drive has no letter 0ms
 Γ£ô src/main/ipc/disk-trim.ipc.test.ts > sendProgress edge cases > still works when window is null (no crash) 7ms
 Γ£ô src/main/ipc/disk-trim.ipc.test.ts > DISK_TRIM_RUN handler ΓÇö mutex and progress > returns throttle message when runningBatch is true 2ms
 Γ£ô src/main/ipc/disk-trim.ipc.test.ts > DISK_TRIM_RUN handler ΓÇö mutex and progress > sends progress events during Windows trim 7ms
 Γ£ô src/main/ipc/disk-trim.ipc.test.ts > DISK_TRIM_RUN handler ΓÇö mutex and progress > forwards stdout data as progress events 6ms
 Γ£ô src/main/ipc/disk-trim.ipc.test.ts > readWindowsLastTrim cache > returns empty object by default 0ms
 Γ£ô src/main/ipc/disk-analyzer.ipc.test.ts > registerDiskAnalyzerIpc > registers all disk analyzer IPC handlers 5ms
 Γ£ô src/main/ipc/disk-analyzer.ipc.test.ts > DISK_DRIVES handler > calls getDrives and returns the result 2ms
 Γ£ô src/main/ipc/disk-analyzer.ipc.test.ts > DISK_FILE_TYPES handler > returns empty array for invalid drive input 1ms
 Γ£ô src/main/ipc/disk-analyzer.ipc.test.ts > DISK_FILE_TYPES handler > returns empty array for non-string drive 0ms
 Γ£ô src/main/ipc/disk-analyzer.ipc.test.ts > DISK_ANALYZE handler > returns empty node for invalid drive input 1ms
 Γ£ô src/main/ipc/disk-analyzer.ipc.test.ts > DISK_ANALYZE handler > returns empty node for non-string drive 0ms
 Γ£ô src/main/ipc/disk-analyzer.ipc.test.ts > DISK_REPAIR_SFC handler > defaults to drive C when invalid drive is provided 1ms
 Γ£ô src/main/ipc/disk-analyzer.ipc.test.ts > DISK_REPAIR_SFC handler > accepts a valid single-letter drive 0ms
 Γ£ô src/main/ipc/disk-analyzer.ipc.test.ts > DISK_REPAIR_SFC handler > handles non-string drive input by defaulting to C 0ms
 Γ£ô src/main/ipc/disk-analyzer.ipc.test.ts > DISK_REPAIR_DISM handler > returns Windows-only message on non-Windows platform 1ms
 Γ£ô src/main/ipc/disk-analyzer.ipc.test.ts > DISK_REPAIR_CHKDSK handler > returns Windows-only message on non-Windows platform 1ms
 Γ£ô src/main/ipc/disk-analyzer.ipc.test.ts > getDrives (exported) > returns empty array when exec fails 0ms
 Γ£ô src/main/ipc/disk-analyzer.ipc.test.ts > getDrives (exported) > parses PowerShell drive output on Windows 1ms
 Γ£ô src/main/ipc/disk-analyzer.ipc.test.ts > getDrives (exported) > parses single drive with empty label from PowerShell output 1ms
 Γ£ô src/main/ipc/disk-analyzer.ipc.test.ts > analyzeDisk (exported) > returns empty node for invalid drive 0ms
 Γ£ô src/main/ipc/disk-analyzer.ipc.test.ts > analyzeDisk (exported) > returns empty node for null-like input 0ms
 Γ£ô src/main/ipc/disk-analyzer.ipc.test.ts > analyzeDisk (exported) > analyzes a valid drive path with files and directories 1ms
 Γ£ô src/main/ipc/disk-analyzer.ipc.test.ts > getFileTypes (exported) > returns empty array for invalid drive 1ms
 Γ£ô src/main/ipc/disk-analyzer.ipc.test.ts > getFileTypes (exported) > returns empty array for non-string drive 0ms
 Γ£ô src/main/ipc/disk-analyzer.ipc.test.ts > getFileTypes (exported) > collects file types from a valid drive path 1ms
 Γ£ô src/main/ipc/disk-analyzer.ipc.test.ts > drive input validation > rejects empty string drive for analyze 0ms
 Γ£ô src/main/ipc/disk-analyzer.ipc.test.ts > drive input validation > rejects injection attempts in drive parameter 0ms
 Γ£ô src/main/ipc/disk-analyzer.ipc.test.ts > drive input validation > accepts Unix absolute paths on non-Windows 0ms
 Γ£ô src/main/ipc/disk-analyzer.ipc.test.ts > getDrives df parsing (non-Windows) > parses df output on non-Windows 0ms
 Γ£ô src/main/ipc/disk-analyzer.ipc.test.ts > getDrives df parsing (non-Windows) > skips non-/dev filesystems in df output 0ms
 Γ£ô src/main/ipc/disk-analyzer.ipc.test.ts > getDrives df parsing (non-Windows) > returns empty array when df fails 0ms
 Γ£ô src/main/ipc/disk-analyzer.ipc.test.ts > getDrives parsing edge cases > returns empty array on PS failure (Windows) 0ms
 Γ£ô src/main/ipc/disk-analyzer.ipc.test.ts > getDrives parsing edge cases > handles PS output with blank lines 0ms
 Γ£ô src/main/ipc/disk-analyzer.ipc.test.ts > getDrives parsing edge cases > skips malformed PS lines 0ms
 Γ£ô src/main/ipc/disk-analyzer.ipc.test.ts > analyzeDisk depth cutoff (quickSize) > switches to quickSize at MAX_DEPTH=3 1ms
 Γ£ô src/main/ipc/disk-analyzer.ipc.test.ts > analyzeDisk error handling > handles readdir error gracefully 1ms
 Γ£ô src/main/ipc/disk-analyzer.ipc.test.ts > analyzeDisk error handling > handles stat error on individual file 0ms
 Γ£ô src/main/ipc/disk-analyzer.ipc.test.ts > analyzeDisk error handling > handles readdir error on subdirectory ΓÇö child still added with size 0 1ms
 Γ£ô src/main/ipc/disk-analyzer.ipc.test.ts > scan progress via IPC handler > sends progress during analyzeDirectory at depth 0 4ms
 Γ£ô src/main/ipc/disk-analyzer.ipc.test.ts > scan progress via IPC handler > sends progress during collectFileTypes at depth 0 1ms
 Γ£ô src/main/ipc/disk-analyzer.ipc.test.ts > scan progress via IPC handler > does not send progress when window is null 1ms
 Γ£ô src/main/ipc/disk-analyzer.ipc.test.ts > getFileTypes error handling > handles readdir error gracefully 0ms
 Γ£ô src/main/ipc/disk-analyzer.ipc.test.ts > getFileTypes error handling > handles stat error on individual file 0ms
 Γ£ô src/main/ipc/disk-analyzer.ipc.test.ts > DISK_REPAIR admin checks > SFC returns needsAdmin when not admin (Windows only) 1ms
 Γ£ô src/main/ipc/disk-analyzer.ipc.test.ts > DISK_REPAIR admin checks > DISM returns needsAdmin when not admin (Windows only) 0ms
 Γ£ô src/main/ipc/disk-analyzer.ipc.test.ts > DISK_REPAIR admin checks > CHKDSK returns needsAdmin when not admin (Windows only) 1ms
 Γ£ô src/main/ipc/disk-analyzer.ipc.test.ts > disk:repair:sfc spawn event handling > handles stdout with no violations found 2ms
 Γ£ô src/main/ipc/disk-analyzer.ipc.test.ts > disk:repair:sfc spawn event handling > handles stdout with successful repair 1ms
 Γ£ô src/main/ipc/disk-analyzer.ipc.test.ts > disk:repair:sfc spawn event handling > handles stdout with corrupt files unable to fix 1ms
 Γ£ô src/main/ipc/disk-analyzer.ipc.test.ts > disk:repair:sfc spawn event handling > handles non-zero exit code 1ms
 Γ£ô src/main/ipc/disk-analyzer.ipc.test.ts > disk:repair:sfc spawn event handling > handles spawn error event 1ms
 Γ£ô src/main/ipc/disk-analyzer.ipc.test.ts > disk:repair:sfc spawn event handling > sends progress during SFC stdout 1ms
 Γ£ô src/main/ipc/disk-analyzer.ipc.test.ts > disk:repair:sfc spawn event handling > uses /offbootdir for non-C drive 1ms
 Γ£ô src/main/ipc/disk-analyzer.ipc.test.ts > disk:repair:sfc spawn event handling > collects stderr data 1ms
 Γ£ô src/main/ipc/disk-analyzer.ipc.test.ts > disk:repair:sfc spawn event handling > detects reboot required from stdout 1ms
 Γ£ô src/main/ipc/disk-analyzer.ipc.test.ts > disk:repair:dism spawn event handling > handles successful DISM completion 2ms
 Γ£ô src/main/ipc/disk-analyzer.ipc.test.ts > disk:repair:dism spawn event handling > handles DISM progress parsing 1ms
 Γ£ô src/main/ipc/disk-analyzer.ipc.test.ts > disk:repair:dism spawn event handling > handles DISM error event 1ms
 Γ£ô src/main/ipc/disk-analyzer.ipc.test.ts > disk:repair:dism spawn event handling > handles DISM non-zero exit code 1ms
 Γ£ô src/main/ipc/disk-analyzer.ipc.test.ts > disk:repair:dism spawn event handling > collects DISM stderr 1ms
 Γ£ô src/main/ipc/disk-analyzer.ipc.test.ts > disk:repair:chkdsk spawn event handling > handles CHKDSK with no errors found 1ms
 Γ£ô src/main/ipc/disk-analyzer.ipc.test.ts > disk:repair:chkdsk spawn event handling > handles CHKDSK with corrections made 1ms
 Γ£ô src/main/ipc/disk-analyzer.ipc.test.ts > disk:repair:chkdsk spawn event handling > handles CHKDSK with no further action required 0ms
 Γ£ô src/main/ipc/disk-analyzer.ipc.test.ts > disk:repair:chkdsk spawn event handling > handles CHKDSK with non-zero exit codes producing correct summary 1ms
 Γ£ô src/main/ipc/disk-analyzer.ipc.test.ts > disk:repair:chkdsk spawn event handling > handles CHKDSK progress percentage 1ms
 Γ£ô src/main/ipc/disk-analyzer.ipc.test.ts > disk:repair:chkdsk spawn event handling > handles CHKDSK with only highest percent sent 1ms
 Γ£ô src/main/ipc/disk-analyzer.ipc.test.ts > disk:repair:chkdsk spawn event handling > handles CHKDSK error event 1ms
 Γ£ô src/main/ipc/disk-analyzer.ipc.test.ts > disk:repair:chkdsk spawn event handling > defaults to drive C for invalid drive 1ms
 Γ£ô src/main/ipc/disk-analyzer.ipc.test.ts > disk:repair:chkdsk spawn event handling > sends progress on CHKDSK error 1ms
 Γ£ô src/main/ipc/disk-analyzer.ipc.test.ts > disk:repair:chkdsk spawn event handling > detects CHKDSK reboot required 0ms
 Γ£ô src/main/ipc/disk-analyzer.ipc.test.ts > disk:repair:chkdsk spawn event handling > collects CHKDSK stderr 0ms
 Γ£ô src/main/ipc/disk-analyzer.ipc.test.ts > disk:repair:dism additional summary branches > handles "No component store corruption detected" message 1ms
 Γ£ô src/main/ipc/disk-analyzer.ipc.test.ts > disk:repair:dism additional summary branches > handles "The restore operation completed successfully" message 0ms
 Γ£ô src/main/ipc/disk-analyzer.ipc.test.ts > disk:repair:dism additional summary branches > sends progress to window during DISM even when progress re-sent 1ms
 Γ£ô src/main/ipc/disk-analyzer.ipc.test.ts > disk:repair:chkdsk additional summary branches > handles code=1 without matching keywords ΓÇö falls to code===1 branch 1ms
 Γ£ô src/main/ipc/disk-analyzer.ipc.test.ts > disk:repair:chkdsk additional summary branches > handles code=2 without matching keywords ΓÇö falls to code===2 branch 1ms
 Γ£ô src/main/ipc/disk-analyzer.ipc.test.ts > disk:repair:chkdsk additional summary branches > handles code=0 without matching keywords ΓÇö falls to code===0 branch 1ms
 Γ£ô src/main/ipc/disk-analyzer.ipc.test.ts > disk:repair:chkdsk additional summary branches > handles progress percentage via "%" pattern 1ms
 Γ£ô src/main/ipc/disk-analyzer.ipc.test.ts > resolveRootPath edge cases > returns empty node for multi-character letter 0ms
 Γ£ô src/main/ipc/disk-analyzer.ipc.test.ts > resolveRootPath edge cases > returns empty node for numeric string 0ms
 Γ£ô src/main/ipc/disk-analyzer.ipc.test.ts > collectFileTypes additional paths > recurses into subdirectories 1ms
 Γ£ô src/main/ipc/disk-analyzer.ipc.test.ts > collectFileTypes additional paths > handles entries with no extension 1ms
 Γ£ô src/main/ipc/disk-analyzer.ipc.test.ts > collectFileTypes additional paths > uses uppercase extension for grouping 1ms
 Γ£ô src/main/ipc/disk-analyzer.ipc.test.ts > quickSize edge cases > skips subdirectories in quickSize calculation 1ms
 Γ£ô src/main/ipc/disk-analyzer.ipc.test.ts > quickSize edge cases > handles stat failure during quickSize 1ms
 Γ£ô src/main/ipc/disk-analyzer.ipc.test.ts > quickSize edge cases > handles readdir failure during quickSize 2ms
 Γ£ô src/main/ipc/disk-analyzer.ipc.test.ts > sendRepairProgress with destroyed window > SFC does not send progress when window is destroyed 1ms
 Γ£ô src/main/ipc/disk-analyzer.ipc.test.ts > sendRepairProgress with destroyed window > DISM does not send progress when window is destroyed 0ms
 Γ£ô src/main/ipc/disk-analyzer.ipc.test.ts > sendRepairProgress with destroyed window > CHKDSK does not send progress when window is destroyed 0ms
 Γ£ô src/main/ipc/empty-folder-cleaner.ipc.test.ts > registerEmptyFolderCleanerIpc > registers all 5 IPC handlers 9ms
 Γ£ô src/main/ipc/empty-folder-cleaner.ipc.test.ts > registerEmptyFolderCleanerIpc > EMPTY_FOLDERS_SELECT_DIR > returns selected directory on success 3ms
 Γ£ô src/main/ipc/empty-folder-cleaner.ipc.test.ts > registerEmptyFolderCleanerIpc > EMPTY_FOLDERS_SELECT_DIR > returns null when dialog is cancelled 1ms
 Γ£ô src/main/ipc/empty-folder-cleaner.ipc.test.ts > registerEmptyFolderCleanerIpc > EMPTY_FOLDERS_SELECT_DIR > returns null when no window is available 1ms
 Γ£ô src/main/ipc/empty-folder-cleaner.ipc.test.ts > registerEmptyFolderCleanerIpc > EMPTY_FOLDERS_CANCEL > sets cancelled flag and logs warning 0ms
 Γ£ô src/main/ipc/empty-folder-cleaner.ipc.test.ts > registerEmptyFolderCleanerIpc > EMPTY_FOLDERS_SCAN > returns empty result when options is null 1ms
 Γ£ô src/main/ipc/empty-folder-cleaner.ipc.test.ts > registerEmptyFolderCleanerIpc > EMPTY_FOLDERS_SCAN > returns empty result when options is not an object 1ms
 Γ£ô src/main/ipc/empty-folder-cleaner.ipc.test.ts > registerEmptyFolderCleanerIpc > EMPTY_FOLDERS_SCAN > returns empty result when directory is missing from options 0ms
 Γ£ô src/main/ipc/empty-folder-cleaner.ipc.test.ts > registerEmptyFolderCleanerIpc > EMPTY_FOLDERS_SCAN > returns empty result when directory is relative 0ms
 Γ£ô src/main/ipc/empty-folder-cleaner.ipc.test.ts > registerEmptyFolderCleanerIpc > EMPTY_FOLDERS_SCAN > returns empty result when directory is empty string 0ms
 Γ£ô src/main/ipc/empty-folder-cleaner.ipc.test.ts > registerEmptyFolderCleanerIpc > EMPTY_FOLDERS_SCAN > defaults maxDepth to 20 when not provided 1ms
 Γ£ô src/main/ipc/empty-folder-cleaner.ipc.test.ts > registerEmptyFolderCleanerIpc > EMPTY_FOLDERS_SCAN > defaults maxDepth to 20 when invalid (negative) 0ms
 Γ£ô src/main/ipc/empty-folder-cleaner.ipc.test.ts > registerEmptyFolderCleanerIpc > EMPTY_FOLDERS_SCAN > defaults maxDepth to 20 when invalid (zero) 0ms
 Γ£ô src/main/ipc/empty-folder-cleaner.ipc.test.ts > registerEmptyFolderCleanerIpc > EMPTY_FOLDERS_SCAN > defaults excludePatterns to empty array when not provided 0ms
 Γ£ô src/main/ipc/empty-folder-cleaner.ipc.test.ts > registerEmptyFolderCleanerIpc > EMPTY_FOLDERS_SCAN > filters non-string items from excludePatterns 0ms
 Γ£ô src/main/ipc/empty-folder-cleaner.ipc.test.ts > registerEmptyFolderCleanerIpc > EMPTY_FOLDERS_SCAN > scans and finds empty folders (single level) 2ms
 Γ£ô src/main/ipc/empty-folder-cleaner.ipc.test.ts > registerEmptyFolderCleanerIpc > EMPTY_FOLDERS_SCAN > does not mark root scan directory as empty 0ms
 Γ£ô src/main/ipc/empty-folder-cleaner.ipc.test.ts > registerEmptyFolderCleanerIpc > EMPTY_FOLDERS_SCAN > treats folder with files as non-empty 1ms
 Γ£ô src/main/ipc/empty-folder-cleaner.ipc.test.ts > registerEmptyFolderCleanerIpc > EMPTY_FOLDERS_SCAN > treats symlinks as content (makes folder non-empty) 1ms
 Γ£ô src/main/ipc/empty-folder-cleaner.ipc.test.ts > registerEmptyFolderCleanerIpc > EMPTY_FOLDERS_SCAN > skips hidden/dot directories but finds other empty dirs 1ms
 Γ£ô src/main/ipc/empty-folder-cleaner.ipc.test.ts > registerEmptyFolderCleanerIpc > EMPTY_FOLDERS_SCAN > skips directories matching excludePatterns 1ms
 Γ£ô src/main/ipc/empty-folder-cleaner.ipc.test.ts > registerEmptyFolderCleanerIpc > EMPTY_FOLDERS_SCAN > skips directories matching excludePatterns case-insensitively 1ms
 Γ£ô src/main/ipc/empty-folder-cleaner.ipc.test.ts > registerEmptyFolderCleanerIpc > EMPTY_FOLDERS_SCAN > respects maxDepth and stops recursion beyond limit 1ms
 Γ£ô src/main/ipc/empty-folder-cleaner.ipc.test.ts > registerEmptyFolderCleanerIpc > EMPTY_FOLDERS_SCAN > handles inaccessible directories gracefully 1ms
 Γ£ô src/main/ipc/empty-folder-cleaner.ipc.test.ts > registerEmptyFolderCleanerIpc > EMPTY_FOLDERS_SCAN > sorts empty folders by depth descending 1ms
 Γ£ô src/main/ipc/empty-folder-cleaner.ipc.test.ts > registerEmptyFolderCleanerIpc > EMPTY_FOLDERS_SCAN > progress is throttled (not sent for fast scans under 500ms) 2ms
 Γ£ô src/main/ipc/empty-folder-cleaner.ipc.test.ts > registerEmptyFolderCleanerIpc > EMPTY_FOLDERS_SCAN > handles cancelled flag during scan (reset per scan) 0ms
 Γ£ô src/main/ipc/empty-folder-cleaner.ipc.test.ts > registerEmptyFolderCleanerIpc > EMPTY_FOLDERS_SCAN > logs success message on completion 1ms
 Γ£ô src/main/ipc/empty-folder-cleaner.ipc.test.ts > registerEmptyFolderCleanerIpc > EMPTY_FOLDERS_SCAN - user profile protection > protects Desktop when directly under HOME 1ms
 Γ£ô src/main/ipc/empty-folder-cleaner.ipc.test.ts > registerEmptyFolderCleanerIpc > EMPTY_FOLDERS_SCAN - user profile protection > does not protect Desktop when HOME is not set 1ms
 Γ£ô src/main/ipc/empty-folder-cleaner.ipc.test.ts > registerEmptyFolderCleanerIpc > EMPTY_FOLDERS_SCAN - mid-loop cancellation > returns cancelled=true when cancel handler fires mid-scan 1ms
 Γ£ô src/main/ipc/empty-folder-cleaner.ipc.test.ts > registerEmptyFolderCleanerIpc > EMPTY_FOLDERS_SCAN - sendProgress with destroyed window > does not throw when window is destroyed 2ms
 Γ£ô src/main/ipc/empty-folder-cleaner.ipc.test.ts > registerEmptyFolderCleanerIpc > EMPTY_FOLDERS_SCAN - progress send > sends progress when scan takes longer than 500ms 5ms
 Γ£ô src/main/ipc/empty-folder-cleaner.ipc.test.ts > registerEmptyFolderCleanerIpc > EMPTY_FOLDERS_DELETE > returns zero counts for non-array paths 1ms
 Γ£ô src/main/ipc/empty-folder-cleaner.ipc.test.ts > registerEmptyFolderCleanerIpc > EMPTY_FOLDERS_DELETE > filters non-string and relative paths from the array 1ms
 Γ£ô src/main/ipc/empty-folder-cleaner.ipc.test.ts > registerEmptyFolderCleanerIpc > EMPTY_FOLDERS_DELETE > skips protected folders 1ms
 Γ£ô src/main/ipc/empty-folder-cleaner.ipc.test.ts > registerEmptyFolderCleanerIpc > EMPTY_FOLDERS_DELETE > skips non-empty folders (has entries) 1ms
 Γ£ô src/main/ipc/empty-folder-cleaner.ipc.test.ts > registerEmptyFolderCleanerIpc > EMPTY_FOLDERS_DELETE > deletes empty folder via recycle bin (default mode) 0ms
 Γ£ô src/main/ipc/empty-folder-cleaner.ipc.test.ts > registerEmptyFolderCleanerIpc > EMPTY_FOLDERS_DELETE > deletes empty folder permanently when mode is permanent 1ms
 Γ£ô src/main/ipc/empty-folder-cleaner.ipc.test.ts > registerEmptyFolderCleanerIpc > EMPTY_FOLDERS_DELETE > handles delete errors gracefully 1ms
 Γ£ô src/main/ipc/empty-folder-cleaner.ipc.test.ts > registerEmptyFolderCleanerIpc > EMPTY_FOLDERS_DELETE > handles error with non-Error thrown value 1ms
 Γ£ô src/main/ipc/empty-folder-cleaner.ipc.test.ts > registerEmptyFolderCleanerIpc > EMPTY_FOLDERS_DELETE > sorts paths deepest first for deletion order 1ms
 Γ£ô src/main/ipc/empty-folder-cleaner.ipc.test.ts > registerEmptyFolderCleanerIpc > EMPTY_FOLDERS_OPEN_LOCATION > logs and opens folder for valid absolute path 1ms
 Γ£ô src/main/ipc/empty-folder-cleaner.ipc.test.ts > registerEmptyFolderCleanerIpc > EMPTY_FOLDERS_OPEN_LOCATION > does nothing for non-string path 0ms
 Γ£ô src/main/ipc/empty-folder-cleaner.ipc.test.ts > registerEmptyFolderCleanerIpc > EMPTY_FOLDERS_OPEN_LOCATION > does nothing for relative path 0ms
 Γ£ô src/main/ipc/clips-engine-connection.test.ts > getters > isEngineRunning returns false initially 6ms
 Γ£ô src/main/ipc/clips-engine-connection.test.ts > getters > isEngineCapturing returns false initially 1ms
 Γ£ô src/main/ipc/clips-engine-connection.test.ts > getters > isPipeConnected returns false initially 1ms
 Γ£ô src/main/ipc/clips-engine-connection.test.ts > getters > getEnginePid returns undefined initially 1ms
 Γ£ô src/main/ipc/clips-engine-connection.test.ts > getters > setEngineCapturing sets the flag 1ms
 Γ£ô src/main/ipc/clips-engine-connection.test.ts > getEnginePath > returns env var path when set and exists 1ms
 Γ£ô src/main/ipc/clips-engine-connection.test.ts > getEnginePath > skips env var when path does not exist 3ms
 Γ£ô src/main/ipc/clips-engine-connection.test.ts > getEnginePath > returns desktop dev path when USERPROFILE is set and path exists 1ms
 Γ£ô src/main/ipc/clips-engine-connection.test.ts > getEnginePath > returns __dirname dev path when desktop candidate is empty and path exists 1ms
 Γ£ô src/main/ipc/clips-engine-connection.test.ts > getEnginePath > returns clips-engine path (candidate 2) 1ms
 Γ£ô src/main/ipc/clips-engine-connection.test.ts > getEnginePath > returns resourcesPath path when packaged 1ms
 Γ£ô src/main/ipc/clips-engine-connection.test.ts > getEnginePath > returns cwd fallback when no candidate exists and USERPROFILE cleared 0ms
 Γ£ô src/main/ipc/clips-engine-connection.test.ts > getEnginePath > returns desktop fallback when nothing matches and USERPROFILE is set 0ms
 Γ£ô src/main/ipc/clips-engine-connection.test.ts > getEnginePath > returns fallback candidates[1] when desktop is empty and existsSync returns none 0ms
 Γ£ô src/main/ipc/clips-engine-connection.test.ts > getEnginePath > uses Release subpath when isPackaged is true 0ms
 Γ£ô src/main/ipc/clips-engine-connection.test.ts > getVideoDuration > parses Duration line correctly 1ms
 Γ£ô src/main/ipc/clips-engine-connection.test.ts > getVideoDuration > returns 0 when Duration line is missing 1ms
 Γ£ô src/main/ipc/clips-engine-connection.test.ts > getVideoDuration > returns 0 when ffmpeg errors without stderr 1ms
 Γ£ô src/main/ipc/clips-engine-connection.test.ts > getVideoDuration > parses short durations correctly 1ms
 Γ£ô src/main/ipc/clips-engine-connection.test.ts > getVideoDuration > handles single-digit centiseconds by padding 1ms
 Γ£ô src/main/ipc/clips-engine-connection.test.ts > getVideoDuration > handles consecutive padEnd for shorter centiseconds 1ms
 Γ£ô src/main/ipc/clips-engine-connection.test.ts > getVideoDuration > returns 0 for empty stderr 1ms
 Γ£ô src/main/ipc/clips-engine-connection.test.ts > getVideoDuration > calls execFile with correct args 2ms
 Γ£ô src/main/ipc/clips-engine-connection.test.ts > readClipsFromDisk > returns empty array when output directory does not exist 1ms
 Γ£ô src/main/ipc/clips-engine-connection.test.ts > readClipsFromDisk > returns sorted clips from disk 3ms
 Γ£ô src/main/ipc/clips-engine-connection.test.ts > readClipsFromDisk > falls back to mtime when birthtime is epoch 0 1ms
 Γ£ô src/main/ipc/clips-engine-connection.test.ts > readClipsFromDisk > filters non-mp4 files 1ms
 Γ£ô src/main/ipc/clips-engine-connection.test.ts > readClipsFromDisk > skips files that fail to stat 1ms
 Γ£ô src/main/ipc/clips-engine-connection.test.ts > readClipsFromDisk > handles readdir error gracefully 1ms
 Γ£ô src/main/ipc/clips-engine-connection.test.ts > getCurrentStatus > returns default state when engine not running 2ms
 Γ£ô src/main/ipc/duplicate-finder.ipc.test.ts > registerDuplicateFinderIpc > handler registration > registers all 5 IPC handlers 9ms
 Γ£ô src/main/ipc/duplicate-finder.ipc.test.ts > registerDuplicateFinderIpc > IPC.DUPLICATES_SELECT_DIR > returns selected directory path 1ms
 Γ£ô src/main/ipc/duplicate-finder.ipc.test.ts > registerDuplicateFinderIpc > IPC.DUPLICATES_SELECT_DIR > returns null when dialog is cancelled 1ms
 Γ£ô src/main/ipc/duplicate-finder.ipc.test.ts > registerDuplicateFinderIpc > IPC.DUPLICATES_SELECT_DIR > returns null when no window available 1ms
 Γ£ô src/main/ipc/duplicate-finder.ipc.test.ts > registerDuplicateFinderIpc > IPC.DUPLICATES_CANCEL > sets the cancelled flag and logs 3ms
 Γ£ô src/main/ipc/duplicate-finder.ipc.test.ts > registerDuplicateFinderIpc > IPC.DUPLICATES_SCAN > returns empty result for null options 3ms
 Γ£ô src/main/ipc/duplicate-finder.ipc.test.ts > registerDuplicateFinderIpc > IPC.DUPLICATES_SCAN > returns empty result for non-object options 1ms
 Γ£ô src/main/ipc/duplicate-finder.ipc.test.ts > registerDuplicateFinderIpc > IPC.DUPLICATES_SCAN > returns empty result when no directory specified 1ms
 Γ£ô src/main/ipc/duplicate-finder.ipc.test.ts > registerDuplicateFinderIpc > IPC.DUPLICATES_SCAN > performs full scan and finds duplicate groups 10ms
 Γ£ô src/main/ipc/duplicate-finder.ipc.test.ts > registerDuplicateFinderIpc > IPC.DUPLICATES_SCAN > respects minFileSize filter 1ms
 Γ£ô src/main/ipc/duplicate-finder.ipc.test.ts > registerDuplicateFinderIpc > IPC.DUPLICATES_SCAN > respects maxFileSize filter 1ms
 Γ£ô src/main/ipc/duplicate-finder.ipc.test.ts > registerDuplicateFinderIpc > IPC.DUPLICATES_SCAN > respects extension filter 1ms
 Γ£ô src/main/ipc/duplicate-finder.ipc.test.ts > registerDuplicateFinderIpc > IPC.DUPLICATES_SCAN > respects maxDepth limit 2ms
 Γ£ô src/main/ipc/duplicate-finder.ipc.test.ts > registerDuplicateFinderIpc > IPC.DUPLICATES_SCAN > skips symlinks 1ms
 Γ£ô src/main/ipc/duplicate-finder.ipc.test.ts > registerDuplicateFinderIpc > IPC.DUPLICATES_SCAN > handles readdir error gracefully (inaccessible directory) 1ms
 Γ£ô src/main/ipc/duplicate-finder.ipc.test.ts > registerDuplicateFinderIpc > IPC.DUPLICATES_SCAN > handles inaccessible files during stat 0ms
 Γ£ô src/main/ipc/duplicate-finder.ipc.test.ts > registerDuplicateFinderIpc > IPC.DUPLICATES_SCAN > returns cancelled result when cancelled during walk 1ms
 Γ£ô src/main/ipc/duplicate-finder.ipc.test.ts > registerDuplicateFinderIpc > IPC.DUPLICATES_SCAN > returns early when no size-based duplicate groups 1ms
 Γ£ô src/main/ipc/duplicate-finder.ipc.test.ts > registerDuplicateFinderIpc > IPC.DUPLICATES_SCAN > returns empty result when cancelled during hashing 1ms
 Γ£ô src/main/ipc/duplicate-finder.ipc.test.ts > registerDuplicateFinderIpc > IPC.DUPLICATES_SCAN > recovers from stream error during hashing 1ms
 Γ£ô src/main/ipc/duplicate-finder.ipc.test.ts > registerDuplicateFinderIpc > IPC.DUPLICATES_SCAN > excludes directories matching excludePatterns 1ms
 Γ£ô src/main/ipc/duplicate-finder.ipc.test.ts > registerDuplicateFinderIpc > IPC.DUPLICATES_SCAN > provides default values when options are missing 0ms
 Γ£ô src/main/ipc/duplicate-finder.ipc.test.ts > registerDuplicateFinderIpc > IPC.DUPLICATES_SCAN > validates excludePatterns and extensionFilter arrays 0ms
 Γ£ô src/main/ipc/duplicate-finder.ipc.test.ts > registerDuplicateFinderIpc > IPC.DUPLICATES_DELETE > sends files to recycle bin in recycle mode 1ms
 Γ£ô src/main/ipc/duplicate-finder.ipc.test.ts > registerDuplicateFinderIpc > IPC.DUPLICATES_DELETE > permanently deletes files in permanent mode 1ms
 Γ£ô src/main/ipc/duplicate-finder.ipc.test.ts > registerDuplicateFinderIpc > IPC.DUPLICATES_DELETE > uses recycle mode by default for unknown mode 1ms
 Γ£ô src/main/ipc/duplicate-finder.ipc.test.ts > registerDuplicateFinderIpc > IPC.DUPLICATES_DELETE > returns zero counts for non-array paths 0ms
 Γ£ô src/main/ipc/duplicate-finder.ipc.test.ts > registerDuplicateFinderIpc > IPC.DUPLICATES_DELETE > filters out non-absolute paths 0ms
 Γ£ô src/main/ipc/duplicate-finder.ipc.test.ts > registerDuplicateFinderIpc > IPC.DUPLICATES_DELETE > handles stat errors gracefully 1ms
 Γ£ô src/main/ipc/duplicate-finder.ipc.test.ts > registerDuplicateFinderIpc > IPC.DUPLICATES_DELETE > handles trashItem errors gracefully 1ms
 Γ£ô src/main/ipc/duplicate-finder.ipc.test.ts > registerDuplicateFinderIpc > IPC.DUPLICATES_DELETE > handles rm errors gracefully 1ms
 Γ£ô src/main/ipc/duplicate-finder.ipc.test.ts > registerDuplicateFinderIpc > IPC.DUPLICATES_OPEN_LOCATION > opens file location for a valid absolute path 1ms
 Γ£ô src/main/ipc/duplicate-finder.ipc.test.ts > registerDuplicateFinderIpc > IPC.DUPLICATES_OPEN_LOCATION > ignores non-string filePath 1ms
 Γ£ô src/main/ipc/duplicate-finder.ipc.test.ts > registerDuplicateFinderIpc > IPC.DUPLICATES_OPEN_LOCATION > ignores non-absolute filePath 1ms
 Γ£ô src/main/ipc/duplicate-finder.ipc.test.ts > registerDuplicateFinderIpc > sendProgress > does not send progress when window is destroyed 1ms
 Γ£ô src/main/ipc/duplicate-finder.ipc.test.ts > registerDuplicateFinderIpc > sendProgress > does not send progress when window is null 1ms
 Γ£ô src/main/ipc/environment-cleaner.ipc.test.ts > registerEnvironmentCleanerIpc > registers both IPC handlers 7ms
 Γ£ô src/main/ipc/environment-cleaner.ipc.test.ts > registerEnvironmentCleanerIpc > ENVIRONMENT_SCAN handler > returns empty results when no orphaned entries found on Windows 1ms
 Γ£ô src/main/ipc/environment-cleaner.ipc.test.ts > registerEnvironmentCleanerIpc > ENVIRONMENT_SCAN handler > scans PATH entries and reports orphaned ones on Windows 2ms
 Γ£ô src/main/ipc/environment-cleaner.ipc.test.ts > registerEnvironmentCleanerIpc > ENVIRONMENT_SCAN handler > reports orphaned PATH entries when directories are missing 1ms
 Γ£ô src/main/ipc/environment-cleaner.ipc.test.ts > registerEnvironmentCleanerIpc > ENVIRONMENT_SCAN handler > scans environment variables for known dev vars 1ms
 Γ£ô src/main/ipc/environment-cleaner.ipc.test.ts > registerEnvironmentCleanerIpc > ENVIRONMENT_SCAN handler > skips dev env vars that point to existing directories on Windows 2ms
 Γ£ô src/main/ipc/environment-cleaner.ipc.test.ts > registerEnvironmentCleanerIpc > ENVIRONMENT_SCAN handler > resolves %VAR% references from cross-scope registry vars 1ms
 Γ£ô src/main/ipc/environment-cleaner.ipc.test.ts > registerEnvironmentCleanerIpc > ENVIRONMENT_SCAN handler > falls back to process.env for variable expansion 1ms
 Γ£ô src/main/ipc/environment-cleaner.ipc.test.ts > registerEnvironmentCleanerIpc > ENVIRONMENT_SCAN handler > leaves unresolvable variable unexpanded in PATH 1ms
 Γ£ô src/main/ipc/environment-cleaner.ipc.test.ts > registerEnvironmentCleanerIpc > ENVIRONMENT_SCAN handler > handles inaccessible registry key gracefully 1ms
 Γ£ô src/main/ipc/environment-cleaner.ipc.test.ts > registerEnvironmentCleanerIpc > ENVIRONMENT_SCAN handler > filters PATH and non-DEV vars during environment variable scan 1ms
 Γ£ô src/main/ipc/environment-cleaner.ipc.test.ts > registerEnvironmentCleanerIpc > ENVIRONMENT_SCAN handler > reports orphaned PATH entries from user scope 1ms
 Γ£ô src/main/ipc/environment-cleaner.ipc.test.ts > registerEnvironmentCleanerIpc > ENVIRONMENT_SCAN handler > does not send progress when window is destroyed 1ms
 Γ£ô src/main/ipc/environment-cleaner.ipc.test.ts > registerEnvironmentCleanerIpc > ENVIRONMENT_CLEAN handler > skips clean when validation fails 1ms
 Γ£ô src/main/ipc/environment-cleaner.ipc.test.ts > registerEnvironmentCleanerIpc > ENVIRONMENT_CLEAN handler > returns skipped for unknown IDs 0ms
 Γ£ô src/main/ipc/environment-cleaner.ipc.test.ts > registerEnvironmentCleanerIpc > ENVIRONMENT_CLEAN handler > removes orphaned PATH entry on Windows 2ms
 Γ£ô src/main/ipc/environment-cleaner.ipc.test.ts > registerEnvironmentCleanerIpc > ENVIRONMENT_CLEAN handler > removes orphaned environment variable on Windows 1ms
 Γ£ô src/main/ipc/environment-cleaner.ipc.test.ts > registerEnvironmentCleanerIpc > ENVIRONMENT_CLEAN handler > reports permission-denied error on Windows 1ms
 Γ£ô src/main/ipc/environment-cleaner.ipc.test.ts > registerEnvironmentCleanerIpc > ENVIRONMENT_CLEAN handler > reports generic error in cleaning 1ms
 Γ£ô src/main/ipc/environment-cleaner.ipc.test.ts > registerEnvironmentCleanerIpc > ENVIRONMENT_CLEAN handler > refuses to remove the last PATH entry 1ms
 Γ£ô src/main/ipc/environment-cleaner.ipc.test.ts > registerEnvironmentCleanerIpc > ENVIRONMENT_CLEAN handler > broadcasts environment change after Windows clean 1ms
 Γ£ô src/main/ipc/environment-cleaner.ipc.test.ts > registerEnvironmentCleanerIpc > ENVIRONMENT_CLEAN handler > handles broadcast failure gracefully 2ms
 Γ£ô src/main/ipc/environment-cleaner.ipc.test.ts > registerEnvironmentCleanerIpc > ENVIRONMENT_CLEAN handler > sends progress during clean operations 5ms
 Γ£ô src/main/ipc/environment-cleaner.ipc.test.ts > registerEnvironmentCleanerIpc > ENVIRONMENT_CLEAN handler > uses fallback message when thrown value is not an Error 1ms
 Γ£ô src/main/ipc/environment-cleaner.ipc.test.ts > registerEnvironmentCleanerIpc > ENVIRONMENT_CLEAN handler > handles multiple items with rate-limited progress 1ms
 Γ£ô src/main/ipc/environment-cleaner.ipc.test.ts > registerEnvironmentCleanerIpc > ENVIRONMENT_CLEAN handler > does not send progress when window is destroyed during clean 1ms
 Γ£ô src/main/ipc/environment-cleaner.ipc.test.ts > registerEnvironmentCleanerIpc > ENVIRONMENT_CLEAN handler > skips progress send when getWindow returns null during clean 1ms
 Γ£ô src/main/ipc/environment-cleaner.ipc.test.ts > registerEnvironmentCleanerIpc > ENVIRONMENT_CLEAN handler > handles three items covering all rate-limit branch outcomes 1ms
 Γ£ô src/main/ipc/environment-cleaner.ipc.test.ts > registerEnvironmentCleanerIpc > ENVIRONMENT_CLEAN handler > skips registry lines that do not match expected format 1ms
 Γ£ô src/main/ipc/environment-cleaner.ipc.test.ts > registerEnvironmentCleanerIpc > ENVIRONMENT_CLEAN handler > removes system-scope environment variable on Windows 1ms
 Γ£ô src/main/ipc/environment-cleaner.ipc.test.ts > registerEnvironmentCleanerIpc > ENVIRONMENT_CLEAN handler > removes system-scope PATH entry with uppercase key 1ms
 Γ£ô src/main/ipc/environment-cleaner.ipc.test.ts > registerEnvironmentCleanerIpc > ENVIRONMENT_CLEAN handler > removes orphaned PATH entry with lowercase key 1ms
 Γ£ô src/main/ipc/game-mode.ipc.test.ts > activateGameMode > returns succeeded=0 for empty enabledOptimizations 1076ms
 Γ£ô src/main/ipc/game-mode.ipc.test.ts > activateGameMode > handles nullable id in enabledOptimizations 2ms
 Γ£ô src/main/ipc/game-mode.ipc.test.ts > activateGameMode > activates service optimizations 1ms
 Γ£ô src/main/ipc/game-mode.ipc.test.ts > activateGameMode > requires admin for service optimizations 1ms
 Γ£ô src/main/ipc/game-mode.ipc.test.ts > activateGameMode > skips service incompatible with detected game 3ms
 Γ£ô src/main/ipc/game-mode.ipc.test.ts > activateGameMode > catches non-Error thrown during service optimization 1ms
 Γ£ô src/main/ipc/game-mode.ipc.test.ts > activateGameMode > kills browser processes 2ms
 Γ£ô src/main/ipc/game-mode.ipc.test.ts > activateGameMode > kills chat processes 1ms
 Γ£ô src/main/ipc/game-mode.ipc.test.ts > activateGameMode > kills updater processes 1ms
 Γ£ô src/main/ipc/game-mode.ipc.test.ts > activateGameMode > kills custom processes 1ms
 Γ£ô src/main/ipc/game-mode.ipc.test.ts > activateGameMode > succeeds proc-kill-custom with empty kill list 1ms
 Γ£ô src/main/ipc/game-mode.ipc.test.ts > activateGameMode > catches process kill errors 1ms
 Γ£ô src/main/ipc/game-mode.ipc.test.ts > activateGameMode > handles non-Error in process kill catch 1ms
 Γ£ô src/main/ipc/game-mode.ipc.test.ts > activateGameMode > handles tasklist enumeration failure 1ms
 Γ£ô src/main/ipc/game-mode.ipc.test.ts > activateGameMode > clears standby memory 1ms
 Γ£ô src/main/ipc/game-mode.ipc.test.ts > activateGameMode > enables focus assist 1ms
 Γ£ô src/main/ipc/game-mode.ipc.test.ts > activateGameMode > enables focus assist when initial PowerShell call fails 1ms
 Γ£ô src/main/ipc/game-mode.ipc.test.ts > activateGameMode > captures and sets high performance power plan 1ms
 Γ£ô src/main/ipc/game-mode.ipc.test.ts > activateGameMode > handles power plan capture failure 1ms
 Γ£ô src/main/ipc/game-mode.ipc.test.ts > activateGameMode > prevents display sleep 2ms
 Γ£ô src/main/ipc/game-mode.ipc.test.ts > activateGameMode > disables game bar 1ms
 Γ£ô src/main/ipc/game-mode.ipc.test.ts > activateGameMode > disables fullscreen optimizations 1ms
 Γ£ô src/main/ipc/game-mode.ipc.test.ts > activateGameMode > disables transparency 1ms
 Γ£ô src/main/ipc/game-mode.ipc.test.ts > activateGameMode > applies timer resolution 1ms
 Γ£ô src/main/ipc/game-mode.ipc.test.ts > activateGameMode > handles timer resolution capture failure 1ms
 Γ£ô src/main/ipc/game-mode.ipc.test.ts > activateGameMode > sets game CPU priority (with detected game) 1ms
 Γ£ô src/main/ipc/game-mode.ipc.test.ts > activateGameMode > handles missing detected game for CPU priority 1ms
 Γ£ô src/main/ipc/game-mode.ipc.test.ts > activateGameMode > handles CPU priority JSON parse failure 1ms
 Γ£ô src/main/ipc/game-mode.ipc.test.ts > activateGameMode > can flush DNS cache 1ms
 Γ£ô src/main/ipc/game-mode.ipc.test.ts > activateGameMode > throws error when DNS flush fails 1ms
 Γ£ô src/main/ipc/game-mode.ipc.test.ts > activateGameMode > handles DNS flush when flushDnsCache is undefined 1ms
 Γ£ô src/main/ipc/game-mode.ipc.test.ts > activateGameMode > disables Nagle algorithm 1ms
 Γ£ô src/main/ipc/game-mode.ipc.test.ts > activateGameMode > requires admin for Nagle optimization 1ms
 Γ£ô src/main/ipc/game-mode.ipc.test.ts > activateGameMode > handles non-Error throw in main catch block 1ms
 Γ£ô src/main/ipc/game-mode.ipc.test.ts > activateGameMode > calls onProgress with correct progress values 2ms
 Γ£ô src/main/ipc/game-mode.ipc.test.ts > activateGameMode > writes snapshot only when succeeded > 0 1ms
 Γ£ô src/main/ipc/game-mode.ipc.test.ts > activateGameMode > handles error from process.kill falling back to taskkill 1ms
 Γ£ô src/main/ipc/game-mode.ipc.test.ts > activateGameMode > handles error with non-Error in taskkill fallback 1ms
 Γ£ô src/main/ipc/game-mode.ipc.test.ts > activateGameMode > skips unknown optimization IDs silently 0ms
 Γ£ô src/main/ipc/game-mode.ipc.test.ts > deactivateGameMode > returns restored=0 when no snapshot exists 1ms
 Γ£ô src/main/ipc/game-mode.ipc.test.ts > deactivateGameMode > restores services, power plan, focus assist, timer, power blocker, nagle, game priority, registry tweaks 3ms
 Γ£ô src/main/ipc/game-mode.ipc.test.ts > deactivateGameMode > handles non-Error throw in restore step 1ms
 Γ£ô src/main/ipc/game-mode.ipc.test.ts > deactivateGameMode > persists residual snapshot on partial failure 1ms
 Γ£ô src/main/ipc/game-mode.ipc.test.ts > deactivateGameMode > does not try to restore power plan when GUID is null 1ms
 Γ£ô src/main/ipc/game-mode.ipc.test.ts > deactivateGameMode > does not try to restore focus assist when state is null 1ms
 Γ£ô src/main/ipc/game-mode.ipc.test.ts > deactivateGameMode > does not try to restore timer resolution when value is null 1ms
 Γ£ô src/main/ipc/game-mode.ipc.test.ts > deactivateGameMode > does not try to stop powerSaveBlocker when ids are null 1ms
 Γ£ô src/main/ipc/game-mode.ipc.test.ts > deactivateGameMode > skips nagle restoration when no nagle interfaces exist 2ms
 Γ£ô src/main/ipc/game-mode.ipc.test.ts > deactivateGameMode > skips game priority restoration when no entries exist 1ms
 Γ£ô src/main/ipc/game-mode.ipc.test.ts > deactivateGameMode > skips registry tweaks restoration when no tweaks exist 1ms
 Γ£ô src/main/ipc/game-mode.ipc.test.ts > deactivateGameMode > calls onProgress with progress values 2ms
 Γ£ô src/main/ipc/game-mode.ipc.test.ts > deactivateGameMode > restores Nagle interfaces with null originalTcpNoDelay (removes property) 1ms
 Γ£ô src/main/ipc/game-mode.ipc.test.ts > deactivateGameMode > restores registry tweak with null originalValue (removes property) 1ms
 Γ£ô src/main/ipc/game-mode.ipc.test.ts > deactivateGameMode > restores game priority 1ms
 Γ£ô src/main/ipc/game-mode.ipc.test.ts > deactivateGameMode > handles Nagle restoration failure and logs it 1ms
 Γ£ô src/main/ipc/game-mode.ipc.test.ts > deactivateGameMode > restores services with various start types 1ms
 Γ£ô src/main/ipc/game-mode.ipc.test.ts > deactivateGameMode > maps numeric start types correctly 1ms
 Γ£ô src/main/ipc/game-mode.ipc.test.ts > deactivateGameMode > restores service that was running but service type is Disabled (no start) 1ms
 Γ£ô src/main/ipc/game-mode.ipc.test.ts > deactivateGameMode > restores service with unknown start type (defaults to Manual) 0ms
 Γ£ô src/main/ipc/game-mode.ipc.test.ts > getGameModeStatus > returns active=false when no snapshot exists 1ms
 Γ£ô src/main/ipc/game-mode.ipc.test.ts > getGameModeStatus > returns active=true when snapshot.active is true 0ms
 Γ£ô src/main/ipc/game-mode.ipc.test.ts > getGameModeStatus > returns pendingRestore=true when snapshot.active is false 0ms
 Γ£ô src/main/ipc/game-mode.ipc.test.ts > registerGameModeIpc > registers all four IPC handlers 3ms
 Γ£ô src/main/ipc/game-mode.ipc.test.ts > registerGameModeIpc > GAME_MODE_ACTIVATE returns error for invalid config 1ms
 Γ£ô src/main/ipc/game-mode.ipc.test.ts > registerGameModeIpc > GAME_MODE_ACTIVATE returns error when already active 1ms
 Γ£ô src/main/ipc/game-mode.ipc.test.ts > registerGameModeIpc > GAME_MODE_ACTIVATE clears stale snapshot and re-activates when previous deactivation left unrestored items 1ms
 Γ£ô src/main/ipc/game-mode.ipc.test.ts > registerGameModeIpc > GAME_MODE_DEACTIVATE suppresses current game when auto-activated 1ms
 Γ£ô src/main/ipc/game-mode.ipc.test.ts > registerGameModeIpc > GAME_MODE_STATUS returns status 1ms
 Γ£ô src/main/ipc/game-mode.ipc.test.ts > registerGameModeIpc > GAME_MODE_RUN_AUDIT throws for invalid phase 3ms
 Γ£ô src/main/ipc/game-mode.ipc.test.ts > registerGameModeIpc > GAME_MODE_RUN_AUDIT throws for non-string phase 1ms
 Γ£ô src/main/ipc/game-mode.ipc.test.ts > registerGameModeIpc > GAME_MODE_RUN_AUDIT accepts valid phase values 1ms
 Γ£ô src/main/ipc/game-mode.ipc.test.ts > registerGameModeIpc > sendProgress sends IPC.GAME_MODE_PROGRESS to window 1ms
 Γ£ô src/main/ipc/game-mode.ipc.test.ts > registerGameModeIpc > does not send to destroyed window 1ms
 Γ£ô src/main/ipc/game-mode.ipc.test.ts > initGameDetector > does nothing on non-Windows platforms 1ms
 Γ£ô src/main/ipc/game-mode.ipc.test.ts > initGameDetector > stops the detector when autoDetect is disabled 1ms
 Γ£ô src/main/ipc/game-mode.ipc.test.ts > initGameDetector > starts the detector when autoDetect is enabled 2ms
 Γ£ô src/main/ipc/game-mode.ipc.test.ts > initGameDetector > onGameDetected activates Game Mode with profile override 1ms
 Γ£ô src/main/ipc/game-mode.ipc.test.ts > initGameDetector > onGameDetected does not activate when snapshot exists 1ms
 Γ£ô src/main/ipc/game-mode.ipc.test.ts > initGameDetector > onGameDetected does not activate when enabledOptimizations is empty 1ms
 Γ£ô src/main/ipc/game-mode.ipc.test.ts > initGameDetector > onGameExited deactivates Game Mode when autoActivated and autoDeactivate is true 1ms
 Γ£ô src/main/ipc/game-mode.ipc.test.ts > initGameDetector > onGameExited does nothing when autoActivated is false 1ms
 Γ£ô src/main/ipc/game-mode.ipc.test.ts > initGameDetector > onGameExited sends event even when autoDeactivate is false 1ms
 Γ£ô src/main/ipc/game-mode.ipc.test.ts > refreshGameDetector > creates sendProgress and sendAutoEvent closures and calls initGameDetector 1ms
 Γ£ô src/main/ipc/game-mode.ipc.test.ts > snapshot validation > accepts a valid snapshot 1ms
 Γ£ô src/main/ipc/game-mode.ipc.test.ts > snapshot validation > accepts a minimal snapshot with empty arrays 1ms
 Γ£ô src/main/ipc/game-mode.ipc.test.ts > snapshot validation > accepts a snapshot without active field (backward compat) 1ms
 Γ£ô src/main/ipc/game-mode.ipc.test.ts > snapshot validation > rejects snapshot with non-boolean active 0ms
 Γ£ô src/main/ipc/game-mode.ipc.test.ts > snapshot validation > rejects null / non-object 1ms
 Γ£ô src/main/ipc/game-mode.ipc.test.ts > snapshot validation > rejects missing activatedAt 1ms
 Γ£ô src/main/ipc/game-mode.ipc.test.ts > snapshot validation > rejects activatedAt longer than 50 characters 1ms
 Γ£ô src/main/ipc/game-mode.ipc.test.ts > snapshot validation > rejects services with names not in allowlist 1ms
 Γ£ô src/main/ipc/game-mode.ipc.test.ts > snapshot validation > rejects services with non-object entries 1ms
 Γ£ô src/main/ipc/game-mode.ipc.test.ts > snapshot validation > rejects null service entry 0ms
 Γ£ô src/main/ipc/game-mode.ipc.test.ts > snapshot validation > rejects services with injection in originalStartType 1ms
 Γ£ô src/main/ipc/game-mode.ipc.test.ts > snapshot validation > rejects services with empty originalStartType 0ms
 Γ£ô src/main/ipc/game-mode.ipc.test.ts > snapshot validation > rejects services with non-boolean wasRunning 1ms
 Γ£ô src/main/ipc/game-mode.ipc.test.ts > snapshot validation > rejects services array when services is not an array 1ms
 Γ£ô src/main/ipc/game-mode.ipc.test.ts > snapshot validation > rejects killed process with non-integer PID 1ms
 Γ£ô src/main/ipc/game-mode.ipc.test.ts > snapshot validation > rejects killed process with overly long name 1ms
 Γ£ô src/main/ipc/game-mode.ipc.test.ts > snapshot validation > rejects killed process with null entry 1ms
 Γ£ô src/main/ipc/game-mode.ipc.test.ts > snapshot validation > rejects when killedProcesses is not an array 1ms
 Γ£ô src/main/ipc/game-mode.ipc.test.ts > snapshot validation > rejects invalid power plan GUID format 1ms
 Γ£ô src/main/ipc/game-mode.ipc.test.ts > snapshot validation > rejects power plan GUID with injection 1ms
 Γ£ô src/main/ipc/game-mode.ipc.test.ts > snapshot validation > rejects non-string power plan GUID 1ms
 Γ£ô src/main/ipc/game-mode.ipc.test.ts > snapshot validation > accepts null power plan GUID 1ms
 Γ£ô src/main/ipc/firewall-audit.ipc.test.ts > RULE_NAME_RE > accepts GUID-style system names 5ms
 Γ£ô src/main/ipc/firewall-audit.ipc.test.ts > RULE_NAME_RE > accepts hyphenated system names 1ms
 Γ£ô src/main/ipc/firewall-audit.ipc.test.ts > RULE_NAME_RE > accepts user-defined names with spaces and parens 0ms
 Γ£ô src/main/ipc/firewall-audit.ipc.test.ts > RULE_NAME_RE > rejects control characters 1ms
 Γ£ô src/main/ipc/firewall-audit.ipc.test.ts > RULE_NAME_RE > rejects pipe (our scan-output delimiter) 0ms
 Γ£ô src/main/ipc/firewall-audit.ipc.test.ts > RULE_NAME_RE > rejects empty names 0ms
 Γ£ô src/main/ipc/firewall-audit.ipc.test.ts > RULE_NAME_RE > rejects names over the length cap 0ms
 Γ£ô src/main/ipc/firewall-audit.ipc.test.ts > parseProfiles > returns empty array for empty input 1ms
 Γ£ô src/main/ipc/firewall-audit.ipc.test.ts > parseProfiles > returns ["Any"] for "Any" 0ms
 Γ£ô src/main/ipc/firewall-audit.ipc.test.ts > parseProfiles > returns ["Any"] for case-insensitive "any" 0ms
 Γ£ô src/main/ipc/firewall-audit.ipc.test.ts > parseProfiles > parses comma-separated profiles 0ms
 Γ£ô src/main/ipc/firewall-audit.ipc.test.ts > parseProfiles > drops unknown values 0ms
 Γ£ô src/main/ipc/firewall-audit.ipc.test.ts > parseSignature > maps known statuses 0ms
 Γ£ô src/main/ipc/firewall-audit.ipc.test.ts > parseSignature > maps empty/unrecognized to not-applicable 0ms
 Γ£ô src/main/ipc/firewall-audit.ipc.test.ts > isBuiltinRule > detects MUI resource description (FirewallAPI.dll) 0ms
 Γ£ô src/main/ipc/firewall-audit.ipc.test.ts > isBuiltinRule > detects MUI resource description with trailing semicolon segment 0ms
 Γ£ô src/main/ipc/firewall-audit.ipc.test.ts > isBuiltinRule > detects MUI resource for an exe path (Hyper-V vmms.exe) 0ms
 Γ£ô src/main/ipc/firewall-audit.ipc.test.ts > isBuiltinRule > detects AppX resource description (Desktop App Web Viewer) 0ms
 Γ£ô src/main/ipc/firewall-audit.ipc.test.ts > isBuiltinRule > detects AppX resource description (Windows Feature Experience Pack) 0ms
 Γ£ô src/main/ipc/firewall-audit.ipc.test.ts > isBuiltinRule > treats system-path binaries as built-in even without resource description 0ms
 Γ£ô src/main/ipc/firewall-audit.ipc.test.ts > isBuiltinRule > treats managed rules as built-in (Package or Owner SID set) 0ms
 Γ£ô src/main/ipc/firewall-audit.ipc.test.ts > isBuiltinRule > detects resource ref in Group when description is a resolved literal 0ms
 Γ£ô src/main/ipc/firewall-audit.ipc.test.ts > isBuiltinRule > does not match user-installed app descriptions 0ms
 Γ£ô src/main/ipc/firewall-audit.ipc.test.ts > isBuiltinRule > does not match descriptions that merely start with @ or @{ 0ms
 Γ£ô src/main/ipc/firewall-audit.ipc.test.ts > classifyRule > flags stale program as high risk 1ms
 Γ£ô src/main/ipc/firewall-audit.ipc.test.ts > classifyRule > flags unsigned existing binary as medium risk 0ms
 Γ£ô src/main/ipc/firewall-audit.ipc.test.ts > classifyRule > flags broad-scope (Public + Any port + Any remote) as high risk 0ms
 Γ£ô src/main/ipc/firewall-audit.ipc.test.ts > classifyRule > flags any-remote (not public) as medium risk 0ms
 Γ£ô src/main/ipc/firewall-audit.ipc.test.ts > classifyRule > treats Any profile as hitting public 0ms
 Γ£ô src/main/ipc/firewall-audit.ipc.test.ts > classifyRule > returns low risk for a tightly-scoped, signed built-in rule 0ms
 Γ£ô src/main/ipc/firewall-audit.ipc.test.ts > classifyRule > does not flag unsigned when program is missing on disk (stale takes priority) 0ms
 Γ£ô src/main/ipc/firewall-audit.ipc.test.ts > classifyRule > skips program-related issues when there is no program filter 0ms
 Γ£ô src/main/ipc/firewall-audit.ipc.test.ts > classifyRule > does not flag broad-scope on built-in rules 0ms
 Γ£ô src/main/ipc/firewall-audit.ipc.test.ts > classifyRule > does not flag any-remote on built-in port-only rules 0ms
 Γ£ô src/main/ipc/firewall-audit.ipc.test.ts > classifyRule > still flags stale on built-in rules (uninstalled feature leftover) 0ms
 Γ£ô src/main/ipc/firewall-audit.ipc.test.ts > classifyRule > flags any-remote when remoteAddress is empty (means Any) 0ms
 Γ£ô src/main/ipc/firewall-audit.ipc.test.ts > classifyRule > does not flag any-port when localPort is empty string 0ms
 Γ£ô src/main/ipc/firewall-audit.ipc.test.ts > parseRuleLine > returns null for line not starting with RULE| 0ms
 Γ£ô src/main/ipc/firewall-audit.ipc.test.ts > parseRuleLine > returns null for fewer than 16 parts 0ms
 Γ£ô src/main/ipc/firewall-audit.ipc.test.ts > parseRuleLine > returns null when name is empty 0ms
 Γ£ô src/main/ipc/firewall-audit.ipc.test.ts > parseRuleLine > parses a valid rule line correctly 1ms
 Γ£ô src/main/ipc/firewall-audit.ipc.test.ts > parseRuleLine > detects builtin rule via description resource ref 0ms
 Γ£ô src/main/ipc/firewall-audit.ipc.test.ts > parseRuleLine > detects builtin rule via managed flag 0ms
 Γ£ô src/main/ipc/firewall-audit.ipc.test.ts > parseRuleLine > parses a stale rule with program missing 0ms
 Γ£ô src/main/ipc/firewall-audit.ipc.test.ts > parseRuleLine > parses disabled rule correctly 0ms
 Γ£ô src/main/ipc/firewall-audit.ipc.test.ts > parseRuleLine > defaults missing optional fields 0ms
 Γ£ô src/main/ipc/firewall-audit.ipc.test.ts > scanFirewallRules > on non-Windows platform > returns empty result without calling execFileAsync 3ms
 Γ£ô src/main/ipc/firewall-audit.ipc.test.ts > scanFirewallRules > on Windows platform > parses TOTAL and RULE lines from stdout 2ms
 Γ£ô src/main/ipc/firewall-audit.ipc.test.ts > scanFirewallRules > on Windows platform > calls onProgress with TOTAL count and PROG updates 1ms
 Γ£ô src/main/ipc/firewall-audit.ipc.test.ts > scanFirewallRules > on Windows platform > counts stale, unsigned, and broad-scope issues 1ms
 Γ£ô src/main/ipc/firewall-audit.ipc.test.ts > scanFirewallRules > on Windows platform > returns totalCount equal to rules length when TOTAL is missing 0ms
 Γ£ô src/main/ipc/firewall-audit.ipc.test.ts > scanFirewallRules > on Windows platform > ignores invalid TOTAL lines 0ms
 Γ£ô src/main/ipc/firewall-audit.ipc.test.ts > scanFirewallRules > on Windows platform > handles empty stdout 0ms
 Γ£ô src/main/ipc/firewall-audit.ipc.test.ts > scanFirewallRules > on Windows platform > skips lines that fail to parse 0ms
 Γ£ô src/main/ipc/firewall-audit.ipc.test.ts > scanFirewallRules > on Windows platform > skips progress lines with invalid numbers 1ms
 Γ£ô src/main/ipc/firewall-audit.ipc.test.ts > applyFirewallChanges > returns empty result for empty changes array 1ms
 Γ£ô src/main/ipc/firewall-audit.ipc.test.ts > applyFirewallChanges > returns empty result for non-array (handled at caller level) 0ms
 Γ£ô src/main/ipc/firewall-audit.ipc.test.ts > applyFirewallChanges > on non-Windows platform > fails all changes with platform error 1ms
 Γ£ô src/main/ipc/firewall-audit.ipc.test.ts > applyFirewallChanges > on Windows platform > rejects invalid rule name 1ms
 Γ£ô src/main/ipc/firewall-audit.ipc.test.ts > applyFirewallChanges > on Windows platform > rejects invalid action 1ms
 Γ£ô src/main/ipc/firewall-audit.ipc.test.ts > applyFirewallChanges > on Windows platform > successfully disables a rule 1ms
 Γ£ô src/main/ipc/firewall-audit.ipc.test.ts > applyFirewallChanges > on Windows platform > successfully deletes a rule 1ms
 Γ£ô src/main/ipc/firewall-audit.ipc.test.ts > applyFirewallChanges > on Windows platform > handles partial failures from FAIL lines 1ms
 Γ£ô src/main/ipc/firewall-audit.ipc.test.ts > applyFirewallChanges > on Windows platform > handles PowerShell execution error 1ms
 Γ£ô src/main/ipc/firewall-audit.ipc.test.ts > applyFirewallChanges > on Windows platform > handles non-Error rejection 1ms
 Γ£ô src/main/ipc/firewall-audit.ipc.test.ts > applyFirewallChanges > on Windows platform > escapes single quotes in rule names 1ms
 Γ£ô src/main/ipc/firewall-audit.ipc.test.ts > registerFirewallAuditIpc > registers FIREWALL_SCAN and FIREWALL_APPLY handlers 1ms
 Γ£ô src/main/ipc/firewall-audit.ipc.test.ts > registerFirewallAuditIpc > FIREWALL_APPLY handler returns empty result for non-array changes 1ms
 Γ£ô src/main/ipc/firewall-audit.ipc.test.ts > registerFirewallAuditIpc > FIREWALL_SCAN handler sends progress events via window 2ms
 Γ£ô src/main/ipc/firewall-audit.ipc.test.ts > registerFirewallAuditIpc > FIREWALL_SCAN does not send progress when window is destroyed 1ms
 Γ£ô src/main/ipc/clips.ipc.test.ts > registerClipsIpc > registers all 24 clip handlers 10ms
 Γ£ô src/main/ipc/clips.ipc.test.ts > CLIPS_GET_STATUS > returns initial engine status (not running, not capturing) 2ms
 Γ£ô src/main/ipc/clips.ipc.test.ts > CLIPS_LIST_CLIPS > returns empty array when output directory does not exist 3ms
 Γ£ô src/main/ipc/clips.ipc.test.ts > CLIPS_LIST_CLIPS > returns sorted clips from disk 5ms
 Γ£ô src/main/ipc/clips.ipc.test.ts > CLIPS_LIST_CLIPS > falls back to mtime when birthtime is epoch 0 (FAT32/exFAT) 1ms
 Γ£ô src/main/ipc/clips.ipc.test.ts > CLIPS_LIST_CLIPS > filters out non-mp4 files 1ms
 Γ£ô src/main/ipc/clips.ipc.test.ts > CLIPS_LIST_CLIPS > skips files that fail to stat 1ms
 Γ£ô src/main/ipc/clips.ipc.test.ts > CLIPS_LIST_CLIPS > populates duration from ffmpeg 1ms
 Γ£ô src/main/ipc/clips.ipc.test.ts > CLIPS_LIST_CLIPS > returns 0 duration when ffmpeg fails 1ms
 Γ£ô src/main/ipc/clips.ipc.test.ts > CLIPS_DELETE_CLIP > deletes a clip with a valid name 2ms
 Γ£ô src/main/ipc/clips.ipc.test.ts > CLIPS_DELETE_CLIP > rejects non-string clipName 1ms
 Γ£ô src/main/ipc/clips.ipc.test.ts > CLIPS_DELETE_CLIP > catches unlink errors 1ms
 Γ£ô src/main/ipc/clips.ipc.test.ts > CLIPS_DELETE_CLIP > rejects path traversal in clipName 1ms
 Γ£ô src/main/ipc/clips.ipc.test.ts > CLIPS_DELETE_CLIP > handles non-Error exception from unlinkSync 0ms
 Γ£ô src/main/ipc/clips.ipc.test.ts > CLIPS_OPEN_CLIP > opens a clip with a valid path 1ms
 Γ£ô src/main/ipc/clips.ipc.test.ts > CLIPS_OPEN_CLIP > ignores non-string path 0ms
 Γ£ô src/main/ipc/clips.ipc.test.ts > CLIPS_OPEN_CLIP > rejects path traversal outside output directory 0ms
 Γ£ô src/main/ipc/clips.ipc.test.ts > CLIPS_OPEN_CLIP > rejects Unix-style path traversal in CLIPS_OPEN_CLIP 0ms
 Γ£ô src/main/ipc/clips.ipc.test.ts > CLIPS_OPEN_CLIP > handles shell error gracefully 0ms
 Γ£ô src/main/ipc/clips.ipc.test.ts > CLIPS_GET_CONFIG > returns default config with all fields 4ms
 Γ£ô src/main/ipc/clips.ipc.test.ts > CLIPS_START_ENGINE > returns error when engine executable not found 1ms
 Γ£ô src/main/ipc/file-shredder.ipc.test.ts > registerFileShredderIpc > registers all shredder IPC handlers 8ms
 Γ£ô src/main/ipc/file-shredder.ipc.test.ts > SHREDDER_SELECT_FILES handler > returns empty array when no window 3ms
 Γ£ô src/main/ipc/file-shredder.ipc.test.ts > SHREDDER_SELECT_FILES handler > returns empty array when dialog is canceled 1ms
 Γ£ô src/main/ipc/file-shredder.ipc.test.ts > SHREDDER_SELECT_FILES handler > returns empty array when no files selected 0ms
 Γ£ô src/main/ipc/file-shredder.ipc.test.ts > SHREDDER_SELECT_FILES handler > returns file entries with size information 2ms
 Γ£ô src/main/ipc/file-shredder.ipc.test.ts > SHREDDER_SELECT_FILES handler > skips files that fail stat 1ms
 Γ£ô src/main/ipc/file-shredder.ipc.test.ts > SHREDDER_SELECT_FOLDERS handler > returns empty array when no window 1ms
 Γ£ô src/main/ipc/file-shredder.ipc.test.ts > SHREDDER_SELECT_FOLDERS handler > returns empty array when dialog is canceled 1ms
 Γ£ô src/main/ipc/file-shredder.ipc.test.ts > SHREDDER_SELECT_FOLDERS handler > returns folder entries with calculated size 5ms
 Γ£ô src/main/ipc/file-shredder.ipc.test.ts > SHREDDER_SELECT_FOLDERS handler > handles non-file non-directory entries in getEntrySize 2ms
 Γ£ô src/main/ipc/file-shredder.ipc.test.ts > SHREDDER_SELECT_FOLDERS handler > skips symlink entries when calculating folder size 1ms
 Γ£ô src/main/ipc/file-shredder.ipc.test.ts > SHREDDER_CANCEL handler > sets the cancelled flag (does not throw) 2ms
 Γ£ô src/main/ipc/file-shredder.ipc.test.ts > SHREDDER_SHRED handler > returns empty result for non-array input 1ms
 Γ£ô src/main/ipc/file-shredder.ipc.test.ts > SHREDDER_SHRED handler > returns empty result for empty array 1ms
 Γ£ô src/main/ipc/file-shredder.ipc.test.ts > SHREDDER_SHRED handler > filters out non-string and relative path entries 0ms
 Γ£ô src/main/ipc/file-shredder.ipc.test.ts > SHREDDER_SHRED handler > blocks protected system paths 1ms
 Γ£ô src/main/ipc/file-shredder.ipc.test.ts > SHREDDER_SHRED handler > shreds a single file successfully 1ms
 Γ£ô src/main/ipc/file-shredder.ipc.test.ts > SHREDDER_SHRED handler > handles shred errors and reports them 1ms
 Γ£ô src/main/ipc/file-shredder.ipc.test.ts > SHREDDER_SHRED handler > deduplicates file paths 1ms
 Γ£ô src/main/ipc/file-shredder.ipc.test.ts > SHREDDER_SHRED handler > skips symlinks during file shredding 0ms
 Γ£ô src/main/ipc/file-shredder.ipc.test.ts > SHREDDER_SHRED handler > recursively collects files from directories 1ms
 Γ£ô src/main/ipc/file-shredder.ipc.test.ts > SHREDDER_SHRED handler > cancels shredding mid-operation 1ms
 Γ£ô src/main/ipc/file-shredder.ipc.test.ts > SHREDDER_SHRED handler > sends progress during long shred 6ms
 Γ£ô src/main/ipc/file-shredder.ipc.test.ts > SHREDDER_SHRED handler > recursively removes empty subdirectories 3ms
 Γ£ô src/main/ipc/file-shredder.ipc.test.ts > SHREDDER_SHRED handler > collectFiles skips symlinks 1ms
 Γ£ô src/main/ipc/file-shredder.ipc.test.ts > SHREDDER_SHRED handler > collectFiles recurses into nested subdirectories 3ms
 Γ£ô src/main/ipc/file-shredder.ipc.test.ts > SHREDDER_SHRED handler > collectFiles sets depthExceeded at MAX_DEPTH 7ms
 Γ£ô src/main/ipc/file-shredder.ipc.test.ts > SHREDDER_SHRED handler > handles inaccessible directory during collectFiles 1ms
 Γ£ô src/main/ipc/file-shredder.ipc.test.ts > SHREDDER_SHRED handler > collectFiles skips protected subdirectories 3ms
 Γ£ô src/main/ipc/file-shredder.ipc.test.ts > SHREDDER_SHRED handler > collectFiles handles non-file non-directory entries 2ms
 Γ£ô src/main/ipc/file-shredder.ipc.test.ts > SHREDDER_SHRED handler > handles cancelled during file write 2ms
 Γ£ô src/main/ipc/file-shredder.ipc.test.ts > SHREDDER_SHRED handler > handles stat failure during byte calculation 1ms
 Γ£ô src/main/ipc/file-shredder.ipc.test.ts > SHREDDER_SHRED handler > skips non-file non-directory entries during allowed path collection 0ms
 Γ£ô src/main/ipc/file-shredder.ipc.test.ts > SHREDDER_SHRED handler > breaks early when cancelled between multiple files 1ms
 Γ£ô src/main/ipc/file-shredder.ipc.test.ts > SHREDDER_SHRED handler > getEntrySize top-level symlink returns 0 1ms
 Γ£ô src/main/ipc/file-shredder.ipc.test.ts > SHREDDER_SHRED handler > handles lstat error in getEntrySize catch block 1ms
 Γ£ô src/main/ipc/file-shredder.ipc.test.ts > SHREDDER_SHRED handler > handles non-Error exception during shred 1ms
 Γ£ô src/main/ipc/file-shredder.ipc.test.ts > SHREDDER_SHRED handler > handles cancelled with zero total bytes in progress 1ms
 Γ£ô src/main/ipc/file-shredder.ipc.test.ts > SHREDDER_SHRED handler > triggers in-loop progress updates for long files 2ms
 Γ£ô src/main/ipc/file-shredder.ipc.test.ts > SHREDDER_SHRED handler > sends in-loop progress with zero totalBytes 2ms
 Γ£ô src/main/ipc/file-shredder.ipc.test.ts > SHREDDER_SHRED handler > sends final progress after shredding 2ms
 Γ£ô src/main/ipc/file-shredder.ipc.test.ts > sendProgress window edge cases > handles null window silently 1ms
 Γ£ô src/main/ipc/file-shredder.ipc.test.ts > sendProgress window edge cases > handles destroyed window silently 1ms
 Γ£ô src/main/ipc/file-shredder.ipc.test.ts > SHREDDER_OPEN_LOCATION handler > calls shell.showItemInFolder for valid absolute path 1ms
 Γ£ô src/main/ipc/file-shredder.ipc.test.ts > SHREDDER_OPEN_LOCATION handler > ignores non-string input 0ms
 Γ£ô src/main/ipc/file-shredder.ipc.test.ts > SHREDDER_OPEN_LOCATION handler > ignores relative path input 0ms
 Γ£ô src/main/ipc/file-shredder.ipc.test.ts > isProtectedPath USERPROFILE fallback > protects Desktop when HOME is not set but USERPROFILE is 1ms
 Γ£ô src/main/ipc/file-shredder.ipc.test.ts > protected path safety > blocks .git directories 1ms
 Γ£ô src/main/ipc/file-shredder.ipc.test.ts > protected path safety > blocks .ssh directories 0ms
 Γ£ô src/main/ipc/file-shredder.ipc.test.ts > protected path safety > blocks filesystem roots (empty segments) 1ms
 Γ£ô src/main/ipc/file-shredder.ipc.test.ts > protected path safety > blocks root-level directories (win32 C: drive) 0ms
 Γ£ô src/main/ipc/file-shredder.ipc.test.ts > protected path safety > blocks user profile root dirs (Desktop under home) 1ms
 Γ£ô src/main/ipc/file-shredder.ipc.test.ts > protected path safety > blocks program files directory 1ms
 Γ£ô src/main/ipc/file-shredder.ipc.test.ts > protected path safety > blocks $Recycle.Bin directory 1ms
 Γ£ô src/main/ipc/file-shredder.ipc.test.ts > protected path safety > blocks node_modules directories 1ms
 Γ£ô src/main/ipc/game-mode.ipc.test.ts > snapshot validation > rejects Focus Assist state outside 0-1 range 1ms
 Γ£ô src/main/ipc/game-mode.ipc.test.ts > snapshot validation > rejects Focus Assist state that is non-integer 0ms
 Γ£ô src/main/ipc/game-mode.ipc.test.ts > snapshot validation > rejects Focus Assist state that is a string 0ms
 Γ£ô src/main/ipc/game-mode.ipc.test.ts > snapshot validation > rejects Focus Assist state that is negative 0ms
 Γ£ô src/main/ipc/game-mode.ipc.test.ts > snapshot validation > rejects non-integer powerSaveBlockerId 1ms
 Γ£ô src/main/ipc/game-mode.ipc.test.ts > snapshot validation > rejects float powerSaveBlockerId 1ms
 Γ£ô src/main/ipc/game-mode.ipc.test.ts > snapshot validation > accepts null powerSaveBlockerId 1ms
 Γ£ô src/main/ipc/game-mode.ipc.test.ts > snapshot validation > rejects negative timer resolution 1ms
 Γ£ô src/main/ipc/game-mode.ipc.test.ts > snapshot validation > rejects non-integer timer resolution 1ms
 Γ£ô src/main/ipc/game-mode.ipc.test.ts > snapshot validation > rejects string timer resolution 1ms
 Γ£ô src/main/ipc/game-mode.ipc.test.ts > snapshot validation > accepts null timer resolution 1ms
 Γ£ô src/main/ipc/game-mode.ipc.test.ts > snapshot validation > rejects nagle interface with arbitrary registry path 1ms
 Γ£ô src/main/ipc/game-mode.ipc.test.ts > snapshot validation > rejects nagle interface with path traversal 1ms
 Γ£ô src/main/ipc/game-mode.ipc.test.ts > snapshot validation > rejects nagle TcpNoDelay values outside 0-1 1ms
 Γ£ô src/main/ipc/game-mode.ipc.test.ts > snapshot validation > rejects nagle TcpAckFrequency as string 1ms
 Γ£ô src/main/ipc/game-mode.ipc.test.ts > snapshot validation > rejects nagle TcpAckFrequency outside 0-255 range 1ms
 Γ£ô src/main/ipc/game-mode.ipc.test.ts > snapshot validation > rejects nagle TcpAckFrequency as negative 1ms
 Γ£ô src/main/ipc/game-mode.ipc.test.ts > snapshot validation > rejects nagle interface with null entry 1ms
 Γ£ô src/main/ipc/game-mode.ipc.test.ts > snapshot validation > rejects nagle interface with non-object entry 1ms
 Γ£ô src/main/ipc/game-mode.ipc.test.ts > snapshot validation > rejects when nagleInterfaces is not an array 1ms
 Γ£ô src/main/ipc/game-mode.ipc.test.ts > snapshot validation > accepts valid registry tweaks with null originalValue 1ms
 Γ£ô src/main/ipc/game-mode.ipc.test.ts > snapshot validation > rejects registry tweaks with path not in allowlist 1ms
 Γ£ô src/main/ipc/game-mode.ipc.test.ts > snapshot validation > rejects registry tweaks with name not in allowlist 1ms
 Γ£ô src/main/ipc/game-mode.ipc.test.ts > snapshot validation > rejects registry tweaks with non-integer originalValue 1ms
 Γ£ô src/main/ipc/game-mode.ipc.test.ts > snapshot validation > rejects registry tweaks with string originalValue 1ms
 Γ£ô src/main/ipc/game-mode.ipc.test.ts > snapshot validation > rejects registry tweaks with null entry 0ms
 Γ£ô src/main/ipc/game-mode.ipc.test.ts > snapshot validation > rejects when registryTweaks is not an array 1ms
 Γ£ô src/main/ipc/game-mode.ipc.test.ts > snapshot validation > rejects game process priority with null entry 1ms
 Γ£ô src/main/ipc/game-mode.ipc.test.ts > snapshot validation > rejects when gameProcessPriorities is not an array 1ms
 Γ£ô src/main/ipc/game-mode.ipc.test.ts > snapshot validation > rejects game process priority with overly long name 0ms
 Γ£ô src/main/ipc/game-mode.ipc.test.ts > snapshot validation > rejects game process priority with non-integer pid 1ms
 Γ£ô src/main/ipc/game-mode.ipc.test.ts > snapshot validation > rejects game process priority with negative pid 0ms
 Γ£ô src/main/ipc/game-mode.ipc.test.ts > snapshot validation > rejects game process priority with non-string originalPriority 1ms
 Γ£ô src/main/ipc/game-mode.ipc.test.ts > snapshot validation > rejects game process priority with invalid originalPriority format 0ms
 Γ£ô src/main/ipc/game-mode.ipc.test.ts > snapshot validation > rejects game process priority with non-object entry 1ms
 Γ£ô src/main/ipc/game-mode.ipc.test.ts > IPC config validation > accepts valid config 1ms
 Γ£ô src/main/ipc/game-mode.ipc.test.ts > IPC config validation > accepts empty arrays 1ms
 Γ£ô src/main/ipc/game-mode.ipc.test.ts > IPC config validation > rejects null 1ms
 Γ£ô src/main/ipc/game-mode.ipc.test.ts > IPC config validation > rejects config with unknown optimization IDs 1ms
 Γ£ô src/main/ipc/game-mode.ipc.test.ts > IPC config validation > rejects config with shell injection in process names 1ms
 Γ£ô src/main/ipc/game-mode.ipc.test.ts > IPC config validation > rejects config with pipe in process names 1ms
 Γ£ô src/main/ipc/game-mode.ipc.test.ts > IPC config validation > rejects config with backtick in process names 0ms
 Γ£ô src/main/ipc/game-mode.ipc.test.ts > IPC config validation > rejects config without required fields 1ms
 Γ£ô src/main/ipc/game-mode.ipc.test.ts > IPC config validation > rejects config with empty string in process kill list 1ms
 Γ£ô src/main/ipc/game-mode.ipc.test.ts > IPC config validation > rejects config with process name exceeding 100 chars 1ms
 Γ£ô src/main/ipc/game-mode.ipc.test.ts > IPC config validation > rejects config with non-array enabledOptimizations 0ms
 Γ£ô src/main/ipc/game-mode.ipc.test.ts > IPC config validation > rejects config with more than 30 enabledOptimizations 1ms
 Γ£ô src/main/ipc/game-mode.ipc.test.ts > IPC config validation > rejects config with more than 50 customProcessKillList 0ms
 Γ£ô src/main/ipc/game-mode.ipc.test.ts > IPC config validation > rejects non-array customProcessKillList 0ms
 Γ£ô src/main/ipc/game-mode.ipc.test.ts > IPC config validation > accepts config with autoDetect boolean 0ms
 Γ£ô src/main/ipc/game-mode.ipc.test.ts > IPC config validation > rejects config with non-boolean autoDetect 0ms
 Γ£ô src/main/ipc/game-mode.ipc.test.ts > IPC config validation > rejects config with non-boolean autoDeactivate 0ms
 Γ£ô src/main/ipc/game-mode.ipc.test.ts > IPC config validation > accepts valid customGameProcesses 1ms
 Γ£ô src/main/ipc/game-mode.ipc.test.ts > IPC config validation > rejects non-array customGameProcesses 1ms
 Γ£ô src/main/ipc/game-mode.ipc.test.ts > IPC config validation > rejects customGameProcesses with more than 50 items 1ms
 Γ£ô src/main/ipc/game-mode.ipc.test.ts > IPC config validation > rejects customGameProcesses with empty string 1ms
 Γ£ô src/main/ipc/game-mode.ipc.test.ts > IPC config validation > accepts valid gameProfiles 1ms
 Γ£ô src/main/ipc/game-mode.ipc.test.ts > IPC config validation > rejects non-object gameProfiles 1ms
 Γ£ô src/main/ipc/game-mode.ipc.test.ts > IPC config validation > rejects array gameProfiles 0ms
 Γ£ô src/main/ipc/game-mode.ipc.test.ts > IPC config validation > rejects gameProfiles with more than 30 keys 1ms
 Γ£ô src/main/ipc/game-mode.ipc.test.ts > IPC config validation > rejects gameProfiles with invalid key name 1ms
 Γ£ô src/main/ipc/game-mode.ipc.test.ts > IPC config validation > rejects gameProfiles with non-object profile value 1ms
 Γ£ô src/main/ipc/game-mode.ipc.test.ts > IPC config validation > rejects gameProfiles with null profile value 1ms
 Γ£ô src/main/ipc/game-mode.ipc.test.ts > IPC config validation > rejects gameProfiles with missing gameName 1ms
 Γ£ô src/main/ipc/game-mode.ipc.test.ts > IPC config validation > rejects gameProfiles with gameName exceeding 100 chars 1ms
 Γ£ô src/main/ipc/game-mode.ipc.test.ts > IPC config validation > rejects gameProfiles with non-array enabledOptimizations 1ms
 Γ£ô src/main/ipc/game-mode.ipc.test.ts > IPC config validation > rejects gameProfiles with more than 30 enabledOptimizations 1ms
 Γ£ô src/main/ipc/game-mode.ipc.test.ts > IPC config validation > rejects gameProfiles with invalid optimization ID in profile 1ms
 Γ£ô src/main/ipc/game-mode.ipc.test.ts > IPC config validation > rejects non-string process name with special chars 1ms
 Γ£ô src/main/ipc/game-mode.ipc.test.ts > validateGameModeConfig (real) > returns valid object for nullish optimizations 1ms
 Γ£ô src/main/ipc/game-mode.ipc.test.ts > validateGameModeConfig (real) > returns null for null input 1ms
 Γ£ô src/main/ipc/game-mode.ipc.test.ts > validateGameModeConfig (real) > returns null for non-object input (string) 1ms
 Γ£ô src/main/ipc/game-mode.ipc.test.ts > validateGameModeConfig (real) > returns null for non-object input (number) 1ms
 Γ£ô src/main/ipc/game-mode.ipc.test.ts > validateGameModeConfig (real) > returns null for array input 1ms
 Γ£ô src/main/ipc/game-mode.ipc.test.ts > validateGameModeConfig (real) > returns null when enabledOptimizations is not an array 1ms
 Γ£ô src/main/ipc/game-mode.ipc.test.ts > validateGameModeConfig (real) > returns null when enabledOptimizations length > 30 1ms
 Γ£ô src/main/ipc/game-mode.ipc.test.ts > validateGameModeConfig (real) > returns null when enabledOptimizations contains non-string 1ms
 Γ£ô src/main/ipc/game-mode.ipc.test.ts > validateGameModeConfig (real) > returns null when enabledOptimizations contains invalid ID 0ms
 Γ£ô src/main/ipc/game-mode.ipc.test.ts > validateGameModeConfig (real) > returns null when customProcessKillList is not an array 1ms
 Γ£ô src/main/ipc/game-mode.ipc.test.ts > validateGameModeConfig (real) > returns null when customProcessKillList length > 50 1ms
 Γ£ô src/main/ipc/game-mode.ipc.test.ts > validateGameModeConfig (real) > returns null when process kill entry is non-string 1ms
 Γ£ô src/main/ipc/game-mode.ipc.test.ts > validateGameModeConfig (real) > returns null when process kill entry is empty string 1ms
 Γ£ô src/main/ipc/game-mode.ipc.test.ts > validateGameModeConfig (real) > returns null when process kill entry exceeds 100 chars 1ms
 Γ£ô src/main/ipc/game-mode.ipc.test.ts > validateGameModeConfig (real) > returns null when process kill entry has invalid chars 1ms
 Γ£ô src/main/ipc/game-mode.ipc.test.ts > validateGameModeConfig (real) > returns null when autoDetect is present but not boolean 1ms
 Γ£ô src/main/ipc/game-mode.ipc.test.ts > validateGameModeConfig (real) > returns null when autoDeactivate is present but not boolean 1ms
 Γ£ô src/main/ipc/game-mode.ipc.test.ts > validateGameModeConfig (real) > returns null when customGameProcesses is not an array 1ms
 Γ£ô src/main/ipc/game-mode.ipc.test.ts > validateGameModeConfig (real) > returns null when customGameProcesses length > 50 1ms
 Γ£ô src/main/ipc/game-mode.ipc.test.ts > validateGameModeConfig (real) > returns null when customGameProcesses has empty string 1ms
 Γ£ô src/main/ipc/game-mode.ipc.test.ts > validateGameModeConfig (real) > returns null when customGameProcesses entry is non-string 1ms
 Γ£ô src/main/ipc/game-mode.ipc.test.ts > validateGameModeConfig (real) > returns null when customGameProcesses entry has invalid chars 1ms
 Γ£ô src/main/ipc/game-mode.ipc.test.ts > validateGameModeConfig (real) > returns null when gameProfiles is an array 1ms
 Γ£ô src/main/ipc/game-mode.ipc.test.ts > validateGameModeConfig (real) > returns null when gameProfiles is null 1ms
 Γ£ô src/main/ipc/game-mode.ipc.test.ts > validateGameModeConfig (real) > returns null when gameProfiles is a string 1ms
 Γ£ô src/main/ipc/game-mode.ipc.test.ts > validateGameModeConfig (real) > returns null when gameProfiles has > 30 keys 1ms
 Γ£ô src/main/ipc/game-mode.ipc.test.ts > validateGameModeConfig (real) > returns null when gameProfiles key has invalid chars 1ms
 Γ£ô src/main/ipc/game-mode.ipc.test.ts > validateGameModeConfig (real) > returns null when profile value is not an object 2ms
 Γ£ô src/main/ipc/game-mode.ipc.test.ts > validateGameModeConfig (real) > returns null when profile value is null 1ms
 Γ£ô src/main/ipc/game-mode.ipc.test.ts > validateGameModeConfig (real) > returns null when profile gameName is missing 1ms
 Γ£ô src/main/ipc/game-mode.ipc.test.ts > validateGameModeConfig (real) > returns null when profile gameName is not a string 1ms
 Γ£ô src/main/ipc/game-mode.ipc.test.ts > validateGameModeConfig (real) > returns null when profile gameName exceeds 100 chars 1ms
 Γ£ô src/main/ipc/game-mode.ipc.test.ts > validateGameModeConfig (real) > returns null when profile enabledOptimizations is not an array 1ms
 Γ£ô src/main/ipc/game-mode.ipc.test.ts > validateGameModeConfig (real) > returns null when profile enabledOptimizations length > 30 1ms
 Γ£ô src/main/ipc/game-mode.ipc.test.ts > validateGameModeConfig (real) > returns null when profile has invalid optimization ID 1ms
 Γ£ô src/main/ipc/game-mode.ipc.test.ts > validateGameModeConfig (real) > returns null when profile enabledOptimizations contains non-string 1ms
 Γ£ô src/main/ipc/game-mode.ipc.test.ts > validateGameModeConfig (real) > returns valid config for complete valid input with all optional fields 1ms
 Γ£ô src/main/ipc/game-mode.ipc.test.ts > optimization ID consistency > SERVICE_MAP keys are a subset of valid optimization IDs 1ms
 Γ£ô src/main/ipc/game-mode.ipc.test.ts > optimization ID consistency > all valid optimization IDs are known strings 0ms
 Γ£ô src/main/ipc/game-mode.ipc.test.ts > optimization ID consistency > all VALID_SERVICE_NAMES correspond to SERVICE_MAP values 1ms
 Γ£ô src/main/cli.test.ts > ExitCode > has correct values 1433ms
 Γ£ô src/main/ipc/hosts-editor.ipc.test.ts > parseHostsForTest > parses valid entries with IP, hostname, and optional comment 9ms
 Γ£ô src/main/ipc/hosts-editor.ipc.test.ts > parseHostsForTest > skips empty lines 1ms
 Γ£ô src/main/ipc/hosts-editor.ipc.test.ts > parseHostsForTest > treats comment lines as header 1ms
 Γ£ô src/main/ipc/hosts-editor.ipc.test.ts > parseHostsForTest > handles malformed lines with fewer than 2 parts as header 1ms
 Γ£ô src/main/ipc/hosts-editor.ipc.test.ts > parseHostsForTest > generates ID from hostname and ip 0ms
 Γ£ô src/main/ipc/hosts-editor.ipc.test.ts > parseHostsForTest > sets enabled: true for non-commented entries 0ms
 Γ£ô src/main/ipc/hosts-editor.ipc.test.ts > parseHostsForTest > handles Windows-style comments with semicolon 1ms
 Γ£ô src/main/ipc/hosts-editor.ipc.test.ts > serializeHostsForTest > serializes entries back to text 1ms
 Γ£ô src/main/ipc/hosts-editor.ipc.test.ts > serializeHostsForTest > prepends # for disabled entries 0ms
 Γ£ô src/main/ipc/hosts-editor.ipc.test.ts > serializeHostsForTest > includes header comment at top with blank line separator 0ms
 Γ£ô src/main/ipc/hosts-editor.ipc.test.ts > serializeHostsForTest > appends newline at end of output 0ms
 Γ£ô src/main/ipc/hosts-editor.ipc.test.ts > registerHostsEditorIpc > registers all 3 IPC handlers 3ms
 Γ£ô src/main/ipc/hosts-editor.ipc.test.ts > registerHostsEditorIpc > HOSTS_READ handler > reads and parses hosts file successfully 2ms
 Γ£ô src/main/ipc/hosts-editor.ipc.test.ts > registerHostsEditorIpc > HOSTS_READ handler > returns empty data on read error 1ms
 Γ£ô src/main/ipc/hosts-editor.ipc.test.ts > registerHostsEditorIpc > HOSTS_WRITE handler > returns error when not admin 1ms
 Γ£ô src/main/ipc/hosts-editor.ipc.test.ts > registerHostsEditorIpc > HOSTS_WRITE handler > validates entries array exists 1ms
 Γ£ô src/main/ipc/hosts-editor.ipc.test.ts > registerHostsEditorIpc > HOSTS_WRITE handler > validates each entry has an id 1ms
 Γ£ô src/main/ipc/hosts-editor.ipc.test.ts > registerHostsEditorIpc > HOSTS_WRITE handler > validates IP format 1ms
 Γ£ô src/main/ipc/hosts-editor.ipc.test.ts > registerHostsEditorIpc > HOSTS_WRITE handler > writes successfully with valid data 3ms
 Γ£ô src/main/ipc/hosts-editor.ipc.test.ts > registerHostsEditorIpc > HOSTS_WRITE handler > returns error on write failure 1ms
 Γ£ô src/main/ipc/hosts-editor.ipc.test.ts > registerHostsEditorIpc > HOSTS_FLUSH_DNS handler > flushes DNS successfully 3ms
 Γ£ô src/main/ipc/hosts-editor.ipc.test.ts > registerHostsEditorIpc > HOSTS_FLUSH_DNS handler > returns error on flush failure 1ms
 Γ£ô src/main/ipc/context-menu-cleaner.ipc.test.ts > isProtectedVerb > matches safelisted verbs case-insensitively 5ms
 Γ£ô src/main/ipc/context-menu-cleaner.ipc.test.ts > isProtectedVerb > trims whitespace before matching 1ms
 Γ£ô src/main/ipc/context-menu-cleaner.ipc.test.ts > isProtectedVerb > returns false for vendor verbs 0ms
 Γ£ô src/main/ipc/context-menu-cleaner.ipc.test.ts > isProtectedVerb > returns false for empty string 0ms
 Γ£ô src/main/ipc/context-menu-cleaner.ipc.test.ts > isProtectedClsid > matches safelisted CLSIDs regardless of case 0ms
 Γ£ô src/main/ipc/context-menu-cleaner.ipc.test.ts > isProtectedClsid > matches safelisted CLSIDs without braces 0ms
 Γ£ô src/main/ipc/context-menu-cleaner.ipc.test.ts > isProtectedClsid > returns false for random CLSIDs 0ms
 Γ£ô src/main/ipc/context-menu-cleaner.ipc.test.ts > isProtectedClsid > returns false for empty input 0ms
 Γ£ô src/main/ipc/context-menu-cleaner.ipc.test.ts > disabledNameFor > prefixes handler names with a dash 0ms
 Γ£ô src/main/ipc/context-menu-cleaner.ipc.test.ts > disabledNameFor > leaves verb names unchanged (verbs use LegacyDisable, not rename) 0ms
 Γ£ô src/main/ipc/context-menu-cleaner.ipc.test.ts > isDisabledHandlerName > detects leading dash 0ms
 Γ£ô src/main/ipc/context-menu-cleaner.ipc.test.ts > isDisabledHandlerName > returns false for un-prefixed names 0ms
 Γ£ô src/main/ipc/context-menu-cleaner.ipc.test.ts > extractClsid > extracts a CLSID from a default-value string 0ms
 Γ£ô src/main/ipc/context-menu-cleaner.ipc.test.ts > extractClsid > extracts a CLSID embedded in surrounding text 0ms
 Γ£ô src/main/ipc/context-menu-cleaner.ipc.test.ts > extractClsid > returns null for non-CLSID strings 0ms
 Γ£ô src/main/ipc/context-menu-cleaner.ipc.test.ts > normalizeKeyPath > rewrites HKEY_CLASSES_ROOT to HKCR 0ms
 Γ£ô src/main/ipc/context-menu-cleaner.ipc.test.ts > normalizeKeyPath > rewrites HKEY_CURRENT_USER to HKCU 0ms
 Γ£ô src/main/ipc/context-menu-cleaner.ipc.test.ts > normalizeKeyPath > leaves already-short paths alone 0ms
 Γ£ô src/main/ipc/context-menu-cleaner.ipc.test.ts > normalizeKeyPath > returns input unchanged when prefix is unknown 0ms
 Γ£ô src/main/ipc/context-menu-cleaner.ipc.test.ts > parentKeyOf > returns everything before the final backslash 0ms
 Γ£ô src/main/ipc/context-menu-cleaner.ipc.test.ts > parentKeyOf > returns input unchanged for paths with no backslash 0ms
 Γ£ô src/main/ipc/context-menu-cleaner.ipc.test.ts > inferSource > infers C:\Program Files\7-Zip\7-zip.dll/7-Zip as 7-Zip 1ms
 Γ£ô src/main/ipc/context-menu-cleaner.ipc.test.ts > inferSource > infers C:\Program Files\WinRAR\rarext.dll/RAR as WinRAR 0ms
 Γ£ô src/main/ipc/context-menu-cleaner.ipc.test.ts > inferSource > infers C:\Users\foo\AppData\Local\Microsoft\OneDrive\FileSyncShell64.dll/OneDrive as OneDrive 0ms
 Γ£ô src/main/ipc/context-menu-cleaner.ipc.test.ts > inferSource > infers C:\Program Files\Notepad++\NppShell_06.dll/Edit with Notepad++ as Notepad++ 0ms
 Γ£ô src/main/ipc/context-menu-cleaner.ipc.test.ts > inferSource > infers null/Edit with Notepad++ as Notepad++ 0ms
 Γ£ô src/main/ipc/context-menu-cleaner.ipc.test.ts > inferSource > infers C:\Program Files\Microsoft VS Code\Code.exe/Open with Code as VSCode 0ms
 Γ£ô src/main/ipc/context-menu-cleaner.ipc.test.ts > inferSource > infers C:\Program Files\Git\bin\git.exe/Git Bash Here as Git 0ms
 Γ£ô src/main/ipc/context-menu-cleaner.ipc.test.ts > inferSource > infers C:\Program Files (x86)\Dropbox\Client\DropboxExt.dll/Dropbox as Dropbox 0ms
 Γ£ô src/main/ipc/context-menu-cleaner.ipc.test.ts > inferSource > infers C:\Windows\System32\Sharing.dll/Share as Microsoft 0ms
 Γ£ô src/main/ipc/context-menu-cleaner.ipc.test.ts > inferSource > infers null/thingFromMars as Unknown 0ms
 Γ£ô src/main/ipc/context-menu-cleaner.ipc.test.ts > inferSource > infers null/ as Unknown 0ms
 Γ£ô src/main/ipc/context-menu-cleaner.ipc.test.ts > parseRegQueryBlocks > parses a single block with multiple values 6ms
 Γ£ô src/main/ipc/context-menu-cleaner.ipc.test.ts > parseRegQueryBlocks > parses multiple blocks separated by blank lines 1ms
 Γ£ô src/main/ipc/context-menu-cleaner.ipc.test.ts > parseRegQueryBlocks > preserves backslashes and embedded characters in data 1ms
 Γ£ô src/main/ipc/context-menu-cleaner.ipc.test.ts > parseRegQueryBlocks > ignores junk lines without REG_<TYPE> 1ms
 Γ£ô src/main/ipc/context-menu-cleaner.ipc.test.ts > parseRegQueryBlocks > handles empty input 0ms
 Γ£ô src/main/ipc/context-menu-cleaner.ipc.test.ts > parseRegQueryBlocks > parses REG_EXPAND_SZ values 0ms
 Γ£ô src/main/ipc/context-menu-cleaner.ipc.test.ts > SCAN_ROOTS > covers exactly six scopes across two hives 1ms
 Γ£ô src/main/ipc/context-menu-cleaner.ipc.test.ts > SCAN_ROOTS > has matching scopes between HKCR and HKCU 1ms
 Γ£ô src/main/ipc/context-menu-cleaner.ipc.test.ts > SCAN_ROOTS > has no duplicate (hive, scope) pairs 1ms
 Γ£ô src/main/ipc/context-menu-cleaner.ipc.test.ts > SCAN_ROOTS > does not include direct HKLM entries 2ms
 Γ£ô src/main/ipc/context-menu-cleaner.ipc.test.ts > SCAN_ROOTS > HKCU mirrors point under Software\Classes 1ms
 Γ£ô src/main/ipc/context-menu-cleaner.ipc.test.ts > VERB_SAFELIST > contains the canonical Windows core verbs 2ms
 Γ£ô src/main/ipc/context-menu-cleaner.ipc.test.ts > VERB_SAFELIST > uses lowercase entries 1ms
 Γ£ô src/main/ipc/context-menu-cleaner.ipc.test.ts > CLSID_SAFELIST > includes Defender and OneDrive shell extensions 1ms
 Γ£ô src/main/ipc/context-menu-cleaner.ipc.test.ts > CLSID_SAFELIST > every entry is a brace-wrapped GUID 1ms
 Γ£ô src/main/ipc/context-menu-cleaner.ipc.test.ts > scanContextMenu > returns empty result on non-Windows platforms 2ms
 Γ£ô src/main/ipc/context-menu-cleaner.ipc.test.ts > scanContextMenu > returns empty entries when no registry data is returned 3ms
 Γ£ô src/main/ipc/context-menu-cleaner.ipc.test.ts > scanContextMenu > scans verbs from registry output 4ms
 Γ£ô src/main/ipc/context-menu-cleaner.ipc.test.ts > scanContextMenu > respects abort signal 2ms
 Γ£ô src/main/ipc/context-menu-cleaner.ipc.test.ts > scanContextMenu > calls progress callback for each root 3ms
 Γ£ô src/main/ipc/context-menu-cleaner.ipc.test.ts > scanContextMenu > prunes stale disabled state entries 1ms
 Γ£ô src/main/ipc/context-menu-cleaner.ipc.test.ts > applyContextMenu > returns empty result for empty requests 1ms
 Γ£ô src/main/ipc/context-menu-cleaner.ipc.test.ts > applyContextMenu > returns entry-not-found for unknown entryId 2ms
 Γ£ô src/main/ipc/context-menu-cleaner.ipc.test.ts > applyContextMenu > applies disable verb action on entries from scanSession 5ms
 Γ£ô src/main/ipc/context-menu-cleaner.ipc.test.ts > applyContextMenu > applies enable verb action 7ms
 Γ£ô src/main/ipc/context-menu-cleaner.ipc.test.ts > applyContextMenu > deletes a verb entry 4ms
 Γ£ô src/main/ipc/context-menu-cleaner.ipc.test.ts > applyContextMenu > disables a handler entry (copy + delete) 7ms
 Γ£ô src/main/ipc/context-menu-cleaner.ipc.test.ts > applyContextMenu > enables a handler entry (copy disabled ΓåÉ + delete disabled) 4ms
 Γ£ô src/main/ipc/context-menu-cleaner.ipc.test.ts > applyContextMenu > deletes a handler entry (enabled state) 3ms
 Γ£ô src/main/ipc/context-menu-cleaner.ipc.test.ts > applyContextMenu > deletes a handler entry (disabled state) 3ms
 Γ£ô src/main/ipc/context-menu-cleaner.ipc.test.ts > applyContextMenu > returns protected entry error when disabling a protected verb 3ms
 Γ£ô src/main/ipc/context-menu-cleaner.ipc.test.ts > applyContextMenu > allows enabling a protected entry 3ms
 Γ£ô src/main/ipc/context-menu-cleaner.ipc.test.ts > applyContextMenu > handles errors from execReg during applyOne 4ms
 Γ£ô src/main/ipc/gaming-cleaner.ipc.test.ts > registerGamingCleanerIpc > registers GAMING_SCAN and GAMING_CLEAN handlers 8ms
 Γ£ô src/main/ipc/gaming-cleaner.ipc.test.ts > GAMING_SCAN handler > returns results from launchers, GPUs, and Steam 7ms
 Γ£ô src/main/ipc/gaming-cleaner.ipc.test.ts > GAMING_SCAN handler > sends progress after scan completes 7ms
 Γ£ô src/main/ipc/gaming-cleaner.ipc.test.ts > GAMING_SCAN handler > skips launcher paths that throw errors 1ms
 Γ£ô src/main/ipc/gaming-cleaner.ipc.test.ts > GAMING_SCAN handler > processes Steam shader caches from libraries 4ms
 Γ£ô src/main/ipc/gaming-cleaner.ipc.test.ts > GAMING_SCAN handler > processes Steam redistributables 2ms
 Γ£ô src/main/ipc/gaming-cleaner.ipc.test.ts > GAMING_SCAN handler > discovers Steam libraries from registry when VDF contains multiple paths 2ms
 Γ£ô src/main/ipc/gaming-cleaner.ipc.test.ts > GAMING_SCAN handler > falls back to steamLibraries when registry detection fails 1ms
 Γ£ô src/main/ipc/gaming-cleaner.ipc.test.ts > GAMING_SCAN handler > does not send progress when window is null 1ms
 Γ£ô src/main/ipc/gaming-cleaner.ipc.test.ts > GAMING_SCAN handler > skips launcher when scan returns empty items 1ms
 Γ£ô src/main/ipc/gaming-cleaner.ipc.test.ts > GAMING_SCAN handler > skips GPU scan when scan returns empty items 1ms
 Γ£ô src/main/ipc/gaming-cleaner.ipc.test.ts > GAMING_SCAN handler > handles detectSteamFromRegistry without REG_SZ match 1ms
 Γ£ô src/main/ipc/gaming-cleaner.ipc.test.ts > GAMING_SCAN handler > skips non-manifest files in buildAppIdMap 1ms
 Γ£ô src/main/ipc/gaming-cleaner.ipc.test.ts > GAMING_SCAN handler > skips manifest without idMatch or nameMatch 1ms
 Γ£ô src/main/ipc/gaming-cleaner.ipc.test.ts > GAMING_SCAN handler > skips non-directory entries in shader cache 1ms
 Γ£ô src/main/ipc/gaming-cleaner.ipc.test.ts > GAMING_SCAN handler > skips shader cache smaller than 1KB 1ms
 Γ£ô src/main/ipc/gaming-cleaner.ipc.test.ts > GAMING_SCAN handler > uses unknown game name for shader cache when appIdMap missing entry 1ms
 Γ£ô src/main/ipc/gaming-cleaner.ipc.test.ts > GAMING_SCAN handler > skips redistributables when commonDir does not exist 1ms
 Γ£ô src/main/ipc/gaming-cleaner.ipc.test.ts > GAMING_SCAN handler > skips shader cache when shaderDir does not exist 1ms
 Γ£ô src/main/ipc/gaming-cleaner.ipc.test.ts > GAMING_SCAN handler > handles shader readdir error 1ms
 Γ£ô src/main/ipc/gaming-cleaner.ipc.test.ts > GAMING_SCAN handler > handles getDirectorySize error for a shader entry 1ms
 Γ£ô src/main/ipc/gaming-cleaner.ipc.test.ts > GAMING_SCAN handler > catches cacheItems error in shader scan outer try/catch 1ms
 Γ£ô src/main/ipc/gaming-cleaner.ipc.test.ts > GAMING_SCAN handler > skips redist top-level redist smaller than 1KB 1ms
 Γ£ô src/main/ipc/gaming-cleaner.ipc.test.ts > GAMING_SCAN handler > handles top-level redist stat error 1ms
 Γ£ô src/main/ipc/gaming-cleaner.ipc.test.ts > GAMING_SCAN handler > skips non-directory entries in common dir 1ms
 Γ£ô src/main/ipc/gaming-cleaner.ipc.test.ts > GAMING_SCAN handler > handles subdirs readdir error in redist scan 1ms
 Γ£ô src/main/ipc/gaming-cleaner.ipc.test.ts > GAMING_SCAN handler > handles games readdir error in redist scan 1ms
 Γ£ô src/main/ipc/gaming-cleaner.ipc.test.ts > GAMING_SCAN handler > handles redist sub-level stat error 1ms
 Γ£ô src/main/ipc/gaming-cleaner.ipc.test.ts > GAMING_SCAN handler > skips sub-level redist smaller than 1KB 1ms
 Γ£ô src/main/ipc/gaming-cleaner.ipc.test.ts > GAMING_SCAN handler > skips duplicate redist paths in sub-level scan 2ms
 Γ£ô src/main/ipc/gaming-cleaner.ipc.test.ts > GAMING_SCAN handler > catches cacheItems error in redist outer try/catch 1ms
 Γ£ô src/main/ipc/gaming-cleaner.ipc.test.ts > GAMING_CLEAN handler > calls cleanItems with valid item IDs 2ms
 Γ£ô src/main/ipc/gaming-cleaner.ipc.test.ts > GAMING_CLEAN handler > returns zero result for invalid item IDs 1ms
 Γ£ô src/main/ipc/gaming-cleaner.ipc.test.ts > GAMING_CLEAN handler > sends progress during clean 1ms
 Γ£ô src/main/ipc/gaming-cleaner.ipc.test.ts > GAMING_CLEAN handler > does not send progress when window is null during clean 1ms
 Γ£ô src/main/ipc/gaming-cleaner.ipc.test.ts > GAMING_CLEAN handler > does not send progress when window is destroyed during clean 1ms
 Γ£ô src/main/ipc/gaming-cleaner.ipc.test.ts > GAMING_SCAN handler ΓÇö shader cache edge cases > skips shader cache when shaderDir does not exist 1ms
 Γ£ô src/main/ipc/gaming-cleaner.ipc.test.ts > GAMING_SCAN handler ΓÇö shader cache edge cases > handles getDirectorySize error for a shader cache entry 3ms
 Γ£ô src/main/ipc/gaming-cleaner.ipc.test.ts > GAMING_SCAN handler ΓÇö shader cache edge cases > handles readdir error on shader cache directory 1ms
 Γ£ô src/main/ipc/gaming-cleaner.ipc.test.ts > GAMING_SCAN handler ΓÇö shader cache edge cases > catches error from cacheItems in shader scan outer try/catch 1ms
 Γ£ô src/main/ipc/gaming-cleaner.ipc.test.ts > GAMING_SCAN handler ΓÇö redist edge cases > skips redist commonDir when it does not exist 2ms
 Γ£ô src/main/ipc/gaming-cleaner.ipc.test.ts > GAMING_SCAN handler ΓÇö redist edge cases > skips top-level redist smaller than 1KB 1ms
 Γ£ô src/main/ipc/gaming-cleaner.ipc.test.ts > GAMING_SCAN handler ΓÇö redist edge cases > handles top-level redist stat error 1ms
 Γ£ô src/main/ipc/gaming-cleaner.ipc.test.ts > GAMING_SCAN handler ΓÇö redist edge cases > skips non-directory entries in common dir 1ms
 Γ£ô src/main/ipc/gaming-cleaner.ipc.test.ts > GAMING_SCAN handler ΓÇö redist edge cases > skips duplicate redist paths in sub-level scan 2ms
 Γ£ô src/main/ipc/gaming-cleaner.ipc.test.ts > GAMING_SCAN handler ΓÇö redist edge cases > skips sub-level redist smaller than 1KB 1ms
 Γ£ô src/main/ipc/gaming-cleaner.ipc.test.ts > GAMING_SCAN handler ΓÇö redist edge cases > handles sub-level redist stat error 3ms
 Γ£ô src/main/ipc/gaming-cleaner.ipc.test.ts > GAMING_SCAN handler ΓÇö redist edge cases > handles subdirs readdir error in redist scan 1ms
 Γ£ô src/main/ipc/gaming-cleaner.ipc.test.ts > GAMING_SCAN handler ΓÇö redist edge cases > handles games readdir error in redist scan 1ms
 Γ£ô src/main/ipc/gaming-cleaner.ipc.test.ts > GAMING_SCAN handler ΓÇö redist edge cases > catches error from cacheItems in redist outer try/catch 1ms
 Γ£ô src/main/cli.test.ts > ExitCode > has no extra properties 17ms
 Γ£ô src/main/cli.test.ts > parseCliArgs > handles empty argv 17ms
 Γ£ô src/main/cli.test.ts > parseCliArgs > handles argv without --cli 13ms
 Γ£ô src/main/cli.test.ts > parseCliArgs > handles --cli with no additional args 24ms
 Γ£ô src/main/cli.test.ts > parseCliArgs > handles --cli as the last arg with nothing after 17ms
 Γ£ô src/main/cli.test.ts > parseCliArgs > parses --json flag 10ms
 Γ£ô src/main/cli.test.ts > parseCliArgs > parses --verbose flag 10ms
 Γ£ô src/main/ipc/driver-manager.ipc.test.ts > makeId > returns deterministic 16-char hex hash 7ms
 Γ£ô src/main/ipc/driver-manager.ipc.test.ts > makeId > returns different ids for different inputs 3ms
 Γ£ô src/main/ipc/driver-manager.ipc.test.ts > compareVersions > returns 0 for equal versions 1ms
 Γ£ô src/main/ipc/driver-manager.ipc.test.ts > compareVersions > returns positive when a > b 1ms
 Γ£ô src/main/ipc/driver-manager.ipc.test.ts > compareVersions > returns negative when a < b 1ms
 Γ£ô src/main/ipc/driver-manager.ipc.test.ts > compareVersions > handles different segment lengths 1ms
 Γ£ô src/main/ipc/driver-manager.ipc.test.ts > compareVersions > handles zero-segment fallback 1ms
 Γ£ô src/main/ipc/driver-manager.ipc.test.ts > dirSize > returns 0 for empty directory 1ms
 Γ£ô src/main/ipc/driver-manager.ipc.test.ts > dirSize > sums file sizes 1ms
 Γ£ô src/main/ipc/driver-manager.ipc.test.ts > dirSize > handles inaccessible files gracefully 1ms
 Γ£ô src/main/ipc/driver-manager.ipc.test.ts > dirSize > handles inaccessible directory gracefully 0ms
 Γ£ô src/main/ipc/driver-manager.ipc.test.ts > dirSize > processes subdirectory entries recursively 1ms
 Γ£ô src/main/ipc/driver-manager.ipc.test.ts > registerDriverManagerIpc > registers all four IPC handlers 2ms
 Γ£ô src/main/ipc/driver-manager.ipc.test.ts > registerDriverManagerIpc > DRIVER_CLEAN handler > rejects non-array input 2ms
 Γ£ô src/main/ipc/driver-manager.ipc.test.ts > registerDriverManagerIpc > DRIVER_CLEAN handler > rejects array with invalid names (not oem*.inf) 2ms
 Γ£ô src/main/ipc/driver-manager.ipc.test.ts > registerDriverManagerIpc > DRIVER_UPDATE_INSTALL handler > rejects non-array input 1ms
 Γ£ô src/main/ipc/driver-manager.ipc.test.ts > registerDriverManagerIpc > DRIVER_SCAN handler > returns empty result on non-Windows 1ms
 Γ£ô src/main/ipc/driver-manager.ipc.test.ts > registerDriverManagerIpc > DRIVER_UPDATE_SCAN handler > returns empty result on non-Windows 2ms
 Γ£ô src/main/ipc/driver-manager.ipc.test.ts > registerDriverManagerIpc > DRIVER_CLEAN handler with valid input > deletes drivers successfully 1ms
 Γ£ô src/main/ipc/driver-manager.ipc.test.ts > registerDriverManagerIpc > DRIVER_UPDATE_INSTALL handler with valid input > installs updates successfully 1ms
 Γ£ô src/main/ipc/driver-manager.ipc.test.ts > registerDriverManagerIpc > DRIVER_SCAN handler with progress via webContents > sends progress events to window 3ms
 Γ£ô src/main/ipc/driver-manager.ipc.test.ts > registerDriverManagerIpc > DRIVER_UPDATE_SCAN handler with progress via webContents > sends progress events to window 2ms
 Γ£ô src/main/ipc/driver-manager.ipc.test.ts > registerDriverManagerIpc > DRIVER_CLEAN handler with empty array > returns empty result for empty array input 1ms
 Γ£ô src/main/ipc/driver-manager.ipc.test.ts > scanDrivers > returns empty result when not on Windows 2ms
 Γ£ô src/main/ipc/driver-manager.ipc.test.ts > scanDrivers > parses single driver object from registry JSON (non-array) 1ms
 Γ£ô src/main/ipc/driver-manager.ipc.test.ts > scanDrivers > filters out entries without valid PublishedName 1ms
 Γ£ô src/main/ipc/driver-manager.ipc.test.ts > scanDrivers > falls back to pnputil for active driver detection when WMI fails 2ms
 Γ£ô src/main/ipc/driver-manager.ipc.test.ts > scanDrivers > returns classified drivers with stale and current 2ms
 Γ£ô src/main/ipc/driver-manager.ipc.test.ts > scanDrivers > marks active driver as current even when older 1ms
 Γ£ô src/main/ipc/driver-manager.ipc.test.ts > scanDrivers > calls onProgress with phase updates 1ms
 Γ£ô src/main/ipc/driver-manager.ipc.test.ts > scanDrivers > computes folder size when OEM mapping exists 1ms
 Γ£ô src/main/ipc/driver-manager.ipc.test.ts > scanDrivers > computes folder size with subdirectory entry 1ms
 Γ£ô src/main/ipc/driver-manager.ipc.test.ts > scanDrivers > handles empty drivers from parseEnumDrivers 1ms
 Γ£ô src/main/ipc/driver-manager.ipc.test.ts > scanDrivers > handles both pnputil commands failing silently 1ms
 Γ£ô src/main/ipc/driver-manager.ipc.test.ts > scanDrivers > sorts drivers with equal versions 1ms
 Γ£ô src/main/ipc/driver-manager.ipc.test.ts > scanDrivers > parses driver date and version from combined field via pnputil fallback 1ms
 Γ£ô src/main/ipc/driver-manager.ipc.test.ts > cleanDrivers > returns empty when not on Windows 1ms
 Γ£ô src/main/ipc/driver-manager.ipc.test.ts > cleanDrivers > removes valid OEM driver successfully 1ms
 Γ£ô src/main/ipc/driver-manager.ipc.test.ts > cleanDrivers > rejects invalid driver names 1ms
 Γ£ô src/main/ipc/driver-manager.ipc.test.ts > cleanDrivers > handles multiple with some invalid 1ms
 Γ£ô src/main/ipc/driver-manager.ipc.test.ts > cleanDrivers > handles driver in use error 1ms
 Γ£ô src/main/ipc/driver-manager.ipc.test.ts > cleanDrivers > handles generic pnputil error 0ms
 Γ£ô src/main/ipc/driver-manager.ipc.test.ts > cleanDrivers > handles error with only message property 0ms
 Γ£ô src/main/ipc/driver-manager.ipc.test.ts > cleanDrivers > computes preSize from OEM folder map 1ms
 Γ£ô src/main/ipc/driver-manager.ipc.test.ts > scanDriverUpdates > returns empty when not on Windows 1ms
 Γ£ô src/main/ipc/driver-manager.ipc.test.ts > scanDriverUpdates > returns updates from Windows Update 1ms
 Γ£ô src/main/ipc/driver-manager.ipc.test.ts > scanDriverUpdates > returns empty when no updates found 2ms
 Γ£ô src/main/ipc/driver-manager.ipc.test.ts > scanDriverUpdates > handles PowerShell error ΓÇö falls back to catalog and driverstore, returns empty when all fail 2ms
 Γ£ô src/main/ipc/driver-manager.ipc.test.ts > scanDriverUpdates > reports progress when onProgress provided 1ms
 Γ£ô src/main/ipc/driver-manager.ipc.test.ts > scanDriverUpdates > handles malformed update lines gracefully 1ms
 Γ£ô src/main/ipc/driver-manager.ipc.test.ts > scanDriverUpdates > ignores lines not starting with DRVUPD| in output 4ms
 Γ£ô src/main/ipc/driver-manager.ipc.test.ts > scanDriverUpdates > falls back to availableDate when version not in title 1ms
 Γ£ô src/main/ipc/driver-manager.ipc.test.ts > scanDriverUpdates > falls back to deviceName when updateTitle is empty 1ms
 Γ£ô src/main/ipc/driver-manager.ipc.test.ts > scanDriverUpdates > handles error with only message property ΓÇö falls back gracefully 1ms
 Γ£ô src/main/ipc/driver-manager.ipc.test.ts > scanDriverUpdates > sorts same-device updates by descending version 1ms
 Γ£ô src/main/ipc/driver-manager.ipc.test.ts > installDriverUpdates > returns empty when not on Windows 1ms
 Γ£ô src/main/ipc/driver-manager.ipc.test.ts > installDriverUpdates > returns early when empty array provided 1ms
 Γ£ô src/main/ipc/driver-manager.ipc.test.ts > installDriverUpdates > installs all updates successfully 1ms
 Γ£ô src/main/ipc/driver-manager.ipc.test.ts > installDriverUpdates > handles partial failures 1ms
 Γ£ô src/main/ipc/driver-manager.ipc.test.ts > installDriverUpdates > reports reboot required 1ms
 Γ£ô src/main/ipc/driver-manager.ipc.test.ts > installDriverUpdates > handles PowerShell script failure 0ms
 Γ£ô src/main/ipc/driver-manager.ipc.test.ts > installDriverUpdates > reports progress when onProgress provided 1ms
 Γ£ô src/main/ipc/driver-manager.ipc.test.ts > installDriverUpdates > handles error with only message property in catch 1ms
 Γ£ô src/main/ipc/driver-manager.ipc.test.ts > installDriverUpdates > deduplicates installed count from RESULT line 0ms
 Γ£ô src/main/ipc/driver-manager.ipc.test.ts > installDriverUpdates > handles STATUS line with installing phase 2ms
 Γ£ô src/main/ipc/driver-manager.ipc.test.ts > installDriverUpdates > handles lowercase "true" in RESULT line 1ms
 Γ£ô src/main/ipc/driver-manager.ipc.test.ts > installDriverUpdates > handles STATUS line with unparseable total falling back to input length 1ms
 Γ£ô src/main/ipc/driver-manager.ipc.test.ts > installDriverUpdates > handles FAILED line without reason 1ms
 Γ£ô src/main/ipc/context-menu-cleaner.ipc.test.ts > applyContextMenu > sends progress updates to renderer 3ms
 Γ£ô src/main/ipc/context-menu-cleaner.ipc.test.ts > applyContextMenu > handles abort signal during apply 3ms
 Γ£ô src/main/ipc/context-menu-cleaner.ipc.test.ts > applyContextMenu > writes disabled state on disable action 4ms
 Γ£ô src/main/ipc/context-menu-cleaner.ipc.test.ts > applyContextMenu > clears disabled state on enable action 4ms
 Γ£ô src/main/ipc/context-menu-cleaner.ipc.test.ts > registerContextMenuCleanerIpc > registers scan, cancel, and apply handlers 2ms
 Γ£ô src/main/ipc/context-menu-cleaner.ipc.test.ts > registerContextMenuCleanerIpc > scan handler returns empty result on non-Windows 1ms
 Γ£ô src/main/ipc/context-menu-cleaner.ipc.test.ts > registerContextMenuCleanerIpc > apply handler validates payload ΓÇö rejects non-array 4ms
 Γ£ô src/main/ipc/context-menu-cleaner.ipc.test.ts > registerContextMenuCleanerIpc > apply handler rejects entries with invalid action 2ms
 Γ£ô src/main/ipc/context-menu-cleaner.ipc.test.ts > registerContextMenuCleanerIpc > apply handler returns empty on non-Windows 1ms
 Γ£ô src/main/ipc/context-menu-cleaner.ipc.test.ts > registerContextMenuCleanerIpc > scan cancel handler aborts previous scan 3ms
 Γ£ô src/main/ipc/context-menu-cleaner.ipc.test.ts > cleanRegError (indirect) > parses ERROR: prefix from reg.exe 6ms
 Γ£ô src/main/ipc/context-menu-cleaner.ipc.test.ts > cleanRegError (indirect) > returns generic message for non-ERROR format 3ms
 Γ£ô src/main/ipc/context-menu-cleaner.ipc.test.ts > cleanRegError (indirect) > truncates long error messages 4ms
 Γ£ô src/main/ipc/context-menu-cleaner.ipc.test.ts > isApplyRequestArray (indirect via IPC handler) > rejects payload with missing entryId 1ms
 Γ£ô src/main/ipc/context-menu-cleaner.ipc.test.ts > isApplyRequestArray (indirect via IPC handler) > rejects non-object entries in array 1ms
 Γ£ô src/main/ipc/debloater.ipc.test.ts > registerDebloaterIpc > registers DEBLOATER_SCAN and DEBLOATER_REMOVE handlers 9ms
 Γ£ô src/main/ipc/debloater.ipc.test.ts > DEBLOATER_SCAN handler > returns empty array on non-win32 platforms 2ms
 Γ£ô src/main/ipc/debloater.ipc.test.ts > DEBLOATER_REMOVE handler > returns zero counts on non-win32 platforms 1ms
 Γ£ô src/main/ipc/debloater.ipc.test.ts > DEBLOATER_REMOVE handler > returns zero counts for non-array input 1ms
 Γ£ô src/main/ipc/debloater.ipc.test.ts > DEBLOATER_REMOVE handler > returns zero counts for null input 1ms
 Γ£ô src/main/ipc/debloater.ipc.test.ts > DEBLOATER_REMOVE handler > returns zero counts for array with non-string elements 1ms
 Γ£ô src/main/ipc/debloater.ipc.test.ts > DEBLOATER_REMOVE handler > sends progress events to the window during removal 1ms
 Γ£ô src/main/ipc/debloater.ipc.test.ts > DEBLOATER_REMOVE handler > sends progress via window.webContents.send on win32 8ms
 Γ£ô src/main/ipc/debloater.ipc.test.ts > KNOWN_BLOATWARE > contains a non-empty array 1ms
 Γ£ô src/main/ipc/debloater.ipc.test.ts > KNOWN_BLOATWARE > every entry has required fields 45ms
 Γ£ô src/main/ipc/debloater.ipc.test.ts > KNOWN_BLOATWARE > has no duplicate package names 0ms
 Γ£ô src/main/ipc/debloater.ipc.test.ts > KNOWN_BLOATWARE > all categories are known values 4ms
 Γ£ô src/main/ipc/debloater.ipc.test.ts > scanBloatware > returns empty array when PowerShell fails 2ms
 Γ£ô src/main/ipc/debloater.ipc.test.ts > scanBloatware > returns empty array when JSON parsing fails 1ms
 Γ£ô src/main/ipc/debloater.ipc.test.ts > scanBloatware > matches installed packages against known bloatware 3ms
 Γ£ô src/main/ipc/debloater.ipc.test.ts > scanBloatware > formats size correctly for different byte ranges 3ms
 Γ£ô src/main/ipc/debloater.ipc.test.ts > scanBloatware > handles single-object PowerShell output (not wrapped in array) 1ms
 Γ£ô src/main/ipc/debloater.ipc.test.ts > scanBloatware > matches packages where Name starts with known packageName 1ms
 Γ£ô src/main/ipc/debloater.ipc.test.ts > scanBloatware > scans provisioned packages in Phase 2 when Phase 1 fails 1ms
 Γ£ô src/main/ipc/debloater.ipc.test.ts > scanBloatware > scans Win32 programs in Phase 3 and formats sizes 1ms
 Γ£ô src/main/ipc/debloater.ipc.test.ts > scanBloatware > handles Win32 Phase 3 failure gracefully 1ms
 Γ£ô src/main/ipc/debloater.ipc.test.ts > removeBloatware > filters out package names not in KNOWN_BLOATWARE 1ms
 Γ£ô src/main/ipc/debloater.ipc.test.ts > removeBloatware > removes known packages and counts successes 1ms
 Γ£ô src/main/ipc/debloater.ipc.test.ts > removeBloatware > counts failures when PowerShell removal fails 1ms
 Γ£ô src/main/ipc/debloater.ipc.test.ts > removeBloatware > calls onProgress callback during removal 1ms
 Γ£ô src/main/ipc/debloater.ipc.test.ts > removeBloatware > reports failed status in onProgress when removal fails 1ms
 Γ£ô src/main/ipc/debloater.ipc.test.ts > removeBloatware > escapes single quotes in package names for PowerShell safety 1ms
 Γ£ô src/main/ipc/debloater.ipc.test.ts > removeBloatware > attempts deprovisioning after successful removal (silently ignores failures) 1ms
 Γ£ô src/main/ipc/debloater.ipc.test.ts > removeBloatware > removes via win32 msi uninstall path when cached 2ms
 Γ£ô src/main/ipc/debloater.ipc.test.ts > removeBloatware > removes via win32 exe uninstall path when QuietUninstallString is set 2ms
 Γ£ô src/main/ipc/debloater.ipc.test.ts > removeBloatware > handles win32 uninstall failure via msi path 1ms
 Γ£ô src/main/ipc/debloater.ipc.test.ts > clearWin32Cache > clears the cache without error 2ms
 Γ£ô src/renderer/src/hooks/useBackgroundScans.test.tsx > useBackgroundScans > does not run scans immediately 50ms
 Γ£ô src/renderer/src/hooks/useBackgroundScans.test.tsx > useBackgroundScans > runs scans after 8 seconds 12ms
 Γ£ô src/renderer/src/hooks/useBackgroundScans.test.tsx > useBackgroundScans > does not run if already checked 4ms
 Γ£ô src/renderer/src/hooks/useBackgroundScans.test.tsx > useBackgroundScans > does not run if store is loading 4ms
 Γ£ô src/renderer/src/hooks/useBackgroundScans.test.tsx > useBackgroundScans > does not run if already scanned drivers 5ms
 Γ£ô src/renderer/src/hooks/useBackgroundScans.test.tsx > useBackgroundScans > silently handles errors 6ms
 Γ£ô src/renderer/src/hooks/useBackgroundScans.test.tsx > useBackgroundScans > only runs once (ran ref guard) 5ms
 Γ£ô src/renderer/src/hooks/useBackgroundScans.test.tsx > useBackgroundScans > skips scan via ran guard when effect re-runs 6ms
 Γ£ô src/main/cli.test.ts > parseCliArgs > parses --quiet flag 11ms
 Γ£ô src/main/cli.test.ts > parseCliArgs > parses -q flag 11ms
 Γ£ô src/main/cli.test.ts > parseCliArgs > parses --help flag 14ms
 Γ£ô src/main/cli.test.ts > parseCliArgs > parses -h flag 10ms
 Γ£ô src/main/cli.test.ts > parseCliArgs > parses --version flag 9ms
 Γ£ô src/main/cli.test.ts > parseCliArgs > parses -v flag 10ms
 Γ£ô src/main/cli.test.ts > parseCliArgs > --verbose takes precedence over --quiet 10ms
 Γ£ô src/main/cli.test.ts > parseCliArgs > --verbose takes precedence over -q 9ms
 Γ£ô src/main/cli.test.ts > parseCliArgs > --quiet gives quiet verbosity when --verbose absent 11ms
 Γ£ô src/main/cli.test.ts > parseCliArgs > extracts command as first non-flag arg 10ms
 Γ£ô src/main/cli.test.ts > parseCliArgs > extracts command after global flags 9ms
 Γ£ô src/main/cli.test.ts > parseCliArgs > returns undefined command when only flags present 8ms
 Γ£ô src/main/cli.test.ts > parseCliArgs > returns undefined command for single-dash unknown flag 6ms
 Γ£ô src/main/cli.test.ts > parseCliArgs > returns undefined command for bare double-dash 7ms
 Γ£ô src/main/cli.test.ts > parseCliArgs > filters global flags from commandArgs 5ms
 Γ£ô src/main/cli.test.ts > parseCliArgs > preserves non-global flags in commandArgs 5ms
 Γ£ô src/main/cli.test.ts > parseCliArgs > includes --all and --clean in commandArgs 5ms
 Γ£ô src/main/cli.test.ts > parseCliArgs > extracts multiple positional args 6ms
 Γ£ô src/main/cli.test.ts > parseCliArgs > handles subcommand as first command arg 5ms
 Γ£ô src/main/cli.test.ts > parseCliArgs > detects legacy flag --system 5ms
 Γ£ô src/main/cli.test.ts > parseCliArgs > detects legacy flag --browser 6ms
 Γ£ô src/main/cli.test.ts > parseCliArgs > detects legacy flag --app 5ms
 Γ£ô src/main/cli.test.ts > parseCliArgs > detects legacy flag --gaming 5ms
 Γ£ô src/main/cli.test.ts > parseCliArgs > detects legacy flag --recycle-bin 5ms
 Γ£ô src/main/cli.test.ts > parseCliArgs > detects --all as legacy flag 7ms
 Γ£ô src/main/cli.test.ts > parseCliArgs > hasLegacyFlags is false when no legacy flag present 5ms
 Γ£ô src/main/cli.test.ts > parseCliArgs > hasLegacyFlags is false with only global flags 5ms
 Γ£ô src/main/ipc/clips.ipc.test.ts > CLIPS_START_ENGINE success + stopEngineProcess > starts engine successfully 506ms
 Γ£ô src/main/cli.test.ts > parseCliArgs > hasLegacyFlags is false with unknown command flag 8ms
 Γ£ô src/main/cli.test.ts > parseCliArgs > detects --clean flag 8ms
 Γ£ô src/main/cli.test.ts > parseCliArgs > hasCleanFlag is false without --clean 8ms
 Γ£ô src/main/cli.test.ts > parseCliArgs > hasCleanFlag with command presence 5ms
 Γ£ô src/main/cli.test.ts > parseCliArgs > parses scan --system --clean --json 5ms
 Γ£ô src/main/cli.test.ts > parseCliArgs > parses --all --clean --verbose 8ms
 Γ£ô src/main/cli.test.ts > parseCliArgs > parses registry scan --json with all globals 9ms
 Γ£ô src/main/cli.test.ts > parseCliArgs > parses --help --version together (both true) 5ms
 Γ£ô src/main/cli.test.ts > parseCliArgs > parses real-world example: malware scan 6ms
 Γ£ô src/main/cli.test.ts > parseCliArgs > parses real-world example: perf info --json 5ms
 Γ£ô src/main/cli.test.ts > parseCliArgs > parses real-world example: debloat remove pkg1,pkg2 5ms
 Γ£ô src/main/cli.test.ts > parseCliArgs > parses real-world example: drivers update --all --json 6ms
 Γ£ô src/main/cli.test.ts > parseCliArgs > parses commands with multiple legacy flags 5ms
 Γ£ô src/main/cli.test.ts > parseCliArgs > handles duplicate flags without error 5ms
 Γ£ô src/main/cli.test.ts > parseCliArgs > treats non-flag tokens after unknown flags as command 6ms
 Γ£ô src/main/cli.test.ts > parseCliArgs > handles --cli at start of process.argv 9ms
 Γ£ô src/main/ipc/license.ipc.test.ts > license IPC > registers LICENSE_ACTIVATE handler 8ms
 Γ£ô src/main/ipc/license.ipc.test.ts > license IPC > registers LICENSE_STATUS handler 1ms
 Γ£ô src/main/ipc/license.ipc.test.ts > license IPC > registers LICENSE_GET_HWID handler 0ms
 Γ£ô src/main/ipc/license.ipc.test.ts > license IPC > LICENSE_ACTIVATE > returns error for empty key 3ms
 Γ£ô src/main/ipc/license.ipc.test.ts > license IPC > LICENSE_ACTIVATE > returns error for whitespace-only key 1ms
 Γ£ô src/main/ipc/license.ipc.test.ts > license IPC > LICENSE_ACTIVATE > returns error for key longer than 49 chars 1ms
 Γ£ô src/main/ipc/license.ipc.test.ts > license IPC > LICENSE_ACTIVATE > accepts key of exactly 49 chars 2ms
 Γ£ô src/main/ipc/license.ipc.test.ts > license IPC > LICENSE_ACTIVATE > rejects non-string key 1ms
 Γ£ô src/main/ipc/license.ipc.test.ts > license IPC > LICENSE_ACTIVATE > delegates to activateLicense and returns its result 1ms
 Γ£ô src/main/ipc/license.ipc.test.ts > license IPC > LICENSE_ACTIVATE > propagates error from activateLicense 4ms
 Γ£ô src/main/ipc/license.ipc.test.ts > license IPC > LICENSE_STATUS > returns result from checkLicense 1ms
 Γ£ô src/main/ipc/license.ipc.test.ts > license IPC > LICENSE_STATUS > propagates error from checkLicense 0ms
 Γ£ô src/main/ipc/license.ipc.test.ts > license IPC > LICENSE_GET_HWID > returns hwid from getHwid 0ms
 Γ£ô src/main/ipc/license.ipc.test.ts > license IPC > LICENSE_GET_HWID > propagates error from getHwid 0ms
 Γ£ô src/main/ipc/large-file-finder.ipc.test.ts > registerLargeFileFinderIpc > registers all 5 IPC handlers 7ms
 Γ£ô src/main/ipc/large-file-finder.ipc.test.ts > registerLargeFileFinderIpc > LARGE_FILES_SELECT_DIR handler > returns selected directory path 1ms
 Γ£ô src/main/ipc/large-file-finder.ipc.test.ts > registerLargeFileFinderIpc > LARGE_FILES_SELECT_DIR handler > returns null when dialog is cancelled 1ms
 Γ£ô src/main/ipc/large-file-finder.ipc.test.ts > registerLargeFileFinderIpc > LARGE_FILES_SCAN handler > returns files larger than minFileSize 2ms
 Γ£ô src/main/ipc/large-file-finder.ipc.test.ts > registerLargeFileFinderIpc > LARGE_FILES_SCAN handler > returns empty result for invalid options 1ms
 Γ£ô src/main/ipc/large-file-finder.ipc.test.ts > registerLargeFileFinderIpc > LARGE_FILES_SCAN handler > returns empty result for non-object options 0ms
 Γ£ô src/main/ipc/large-file-finder.ipc.test.ts > registerLargeFileFinderIpc > LARGE_FILES_SCAN handler > returns empty result when directory is not absolute 0ms
 Γ£ô src/main/ipc/large-file-finder.ipc.test.ts > registerLargeFileFinderIpc > LARGE_FILES_SCAN handler > returns empty result when directory is unreadable 1ms
 Γ£ô src/main/ipc/large-file-finder.ipc.test.ts > registerLargeFileFinderIpc > LARGE_FILES_SCAN handler > caps results at 500 files 9ms
 Γ£ô src/main/ipc/large-file-finder.ipc.test.ts > registerLargeFileFinderIpc > LARGE_FILES_SCAN handler > skips directories matching excludePatterns 1ms
 Γ£ô src/main/ipc/large-file-finder.ipc.test.ts > registerLargeFileFinderIpc > LARGE_FILES_DELETE handler > moves files to recycle bin by default 1ms
 Γ£ô src/main/ipc/large-file-finder.ipc.test.ts > registerLargeFileFinderIpc > LARGE_FILES_DELETE handler > permanently deletes files when mode is permanent 3ms
 Γ£ô src/main/ipc/large-file-finder.ipc.test.ts > registerLargeFileFinderIpc > LARGE_FILES_DELETE handler > returns empty result for non-array paths 0ms
 Γ£ô src/main/ipc/large-file-finder.ipc.test.ts > registerLargeFileFinderIpc > LARGE_FILES_DELETE handler > reports errors for failed deletions 0ms
 Γ£ô src/main/ipc/large-file-finder.ipc.test.ts > registerLargeFileFinderIpc > LARGE_FILES_OPEN_LOCATION handler > opens file location in explorer 0ms
 Γ£ô src/main/ipc/large-file-finder.ipc.test.ts > registerLargeFileFinderIpc > LARGE_FILES_OPEN_LOCATION handler > does nothing for non-string path 0ms
 Γ£ô src/main/ipc/logger.ipc.test.ts > registerLoggerIpc > registers all 5 IPC handlers 9ms
 Γ£ô src/main/ipc/logger.ipc.test.ts > registerLoggerIpc > LOGS_LIST handler > calls logger.list with filter and pagination 5ms
 Γ£ô src/main/ipc/logger.ipc.test.ts > registerLoggerIpc > LOGS_LIST handler > calls logger.list without optional args 1ms
 Γ£ô src/main/ipc/logger.ipc.test.ts > registerLoggerIpc > LOGS_CLEAR handler > calls logger.clear 1ms
 Γ£ô src/main/ipc/logger.ipc.test.ts > registerLoggerIpc > LOGS_EXPORT handler > calls logger.exportAsText with filter 1ms
 Γ£ô src/main/ipc/logger.ipc.test.ts > registerLoggerIpc > LOGS_CONFIG_GET handler > calls logger.getConfig 1ms
 Γ£ô src/main/ipc/logger.ipc.test.ts > registerLoggerIpc > LOGS_CONFIG_SET handler > calls logger.setConfig with valid config 1ms
 Γ£ô src/main/ipc/logger.ipc.test.ts > registerLoggerIpc > LOGS_CONFIG_SET handler > does not call setConfig for invalid config 1ms
 Γ£ô src/main/ipc/logger.ipc.test.ts > registerLoggerIpc > LOGS_CONFIG_SET handler > does not call setConfig for missing retentionDays 1ms
 Γ£ô src/main/ipc/logger.ipc.test.ts > registerLoggerIpc > LOGS_CONFIG_SET handler > does not call setConfig for null config 0ms
 Γ£ô src/main/cli.test.ts > parseCliArgs > handles only --cli and a command with no flags 9ms
 Γ£ô src/main/cli.test.ts > runCli > prints help and exits with SUCCESS when --help is passed 9ms
 Γ£ô src/main/cli.test.ts > runCli > prints version and exits with SUCCESS when --version is passed 7ms
 Γ£ô src/main/cli.test.ts > runCli > exits with INVALID_ARGS when --verbose and --quiet conflict and --json is set 5ms
 Γ£ô src/main/cli.test.ts > runCli > exits with INVALID_ARGS when --verbose and -q conflict without JSON 5ms
 Γ£ô src/main/cli.test.ts > runCli > exits with UNKNOWN_COMMAND for unrecognized command 5ms
 Γ£ô src/main/cli.test.ts > runCli > runs legacy scan with --all and exits with NOTHING_FOUND 8ms
 Γ£ô src/main/cli.test.ts > runCli > runs legacy scan with --system and exits with NOTHING_FOUND 5ms
 Γ£ô src/main/cli.test.ts > runCli > handles scan command with --all --clean and shows results 7ms
 Γ£ô src/main/cli.test.ts > runCli > handles clean command with --all 8ms
 Γ£ô src/main/cli.test.ts > runCli > catches handler errors and exits with GENERAL_ERROR 9ms
 Γ£ô src/main/cli.test.ts > handler: cve > shows vulnerability list message 7ms
 Γ£ô src/main/cli.test.ts > handler: cve > shows cve list as json 7ms
 Γ£ô src/main/cli.test.ts > handler: cve > shows usage when no subcommand 6ms
 Γ£ô src/main/cli.test.ts > handler: history > shows history entries 6ms
 Γ£ô src/main/ipc/network-cleanup.ipc.test.ts > scanNetwork > returns all item types when data is present 17ms
 Γ£ô src/main/ipc/network-cleanup.ipc.test.ts > scanNetwork > returns only DNS item when no WiFi, ARP, or history 1ms
 Γ£ô src/main/ipc/network-cleanup.ipc.test.ts > scanNetwork > returns empty array when nothing found 1ms
 Γ£ô src/main/ipc/network-cleanup.ipc.test.ts > scanNetwork > uses Windows DNS detail string on all platforms 1ms
 Γ£ô src/main/ipc/network-cleanup.ipc.test.ts > scanNetwork > falls back to PowerShell for DNS count on Windows when getDnsCacheEntries is empty 3ms
 Γ£ô src/main/ipc/network-cleanup.ipc.test.ts > scanNetwork > handles PowerShell DNS count failure gracefully 0ms
 Γ£ô src/main/ipc/network-cleanup.ipc.test.ts > scanNetwork > handles getWifiProfiles being undefined (optional method) 1ms
 Γ£ô src/main/ipc/network-cleanup.ipc.test.ts > cleanNetworkItems > returns zeros when given no items 1ms
 Γ£ô src/main/ipc/network-cleanup.ipc.test.ts > cleanNetworkItems > cleans DNS cache successfully 1ms
 Γ£ô src/main/ipc/network-cleanup.ipc.test.ts > cleanNetworkItems > handles DNS cache flush failure 0ms
 Γ£ô src/main/ipc/network-cleanup.ipc.test.ts > cleanNetworkItems > handles flushDnsCache being undefined 0ms
 Γ£ô src/main/ipc/network-cleanup.ipc.test.ts > cleanNetworkItems > cleans ARP cache successfully 0ms
 Γ£ô src/main/ipc/network-cleanup.ipc.test.ts > cleanNetworkItems > handles ARP cache clear failure 0ms
 Γ£ô src/main/ipc/network-cleanup.ipc.test.ts > cleanNetworkItems > handles clearArpCache being undefined 0ms
 Γ£ô src/main/ipc/network-cleanup.ipc.test.ts > cleanNetworkItems > cleans network history on Windows 1ms
 Γ£ô src/main/ipc/network-cleanup.ipc.test.ts > cleanNetworkItems > skips network history clean on non-Windows 0ms
 Γ£ô src/main/ipc/network-cleanup.ipc.test.ts > cleanNetworkItems > handles empty network history 0ms
 Γ£ô src/main/ipc/network-cleanup.ipc.test.ts > cleanNetworkItems > handles partial network history deletion failures 1ms
 Γ£ô src/main/ipc/network-cleanup.ipc.test.ts > cleanNetworkItems > cleans WiFi profiles successfully 1ms
 Γ£ô src/main/ipc/network-cleanup.ipc.test.ts > cleanNetworkItems > handles WiFi profile deletion failure 0ms
 Γ£ô src/main/ipc/network-cleanup.ipc.test.ts > cleanNetworkItems > skips WiFi profiles with invalid labels (control chars) 0ms
 Γ£ô src/main/ipc/network-cleanup.ipc.test.ts > cleanNetworkItems > skips WiFi profiles with empty label 0ms
 Γ£ô src/main/ipc/network-cleanup.ipc.test.ts > cleanNetworkItems > skips WiFi profiles with double-quote injection 0ms
 Γ£ô src/main/ipc/network-cleanup.ipc.test.ts > cleanNetworkItems > handles deleteWifiProfile being undefined 0ms
 Γ£ô src/main/ipc/network-cleanup.ipc.test.ts > cleanNetworkItems > handles rejected promise from WiFi profile deletion 0ms
 Γ£ô src/main/ipc/network-cleanup.ipc.test.ts > cleanNetworkItems > handles unexpected exception from platform method in non-WiFi items 0ms
 Γ£ô src/main/ipc/network-cleanup.ipc.test.ts > cleanNetworkItems > logs error when some items fail 0ms
 Γ£ô src/main/ipc/network-cleanup.ipc.test.ts > cleanNetworkItems > logs success when all items clean without failures 0ms
 Γ£ô src/main/ipc/network-cleanup.ipc.test.ts > cleanNetworkItems > processes mixed item types: DNS + WiFi + ARP + history 0ms
 Γ£ô src/main/ipc/network-cleanup.ipc.test.ts > registerNetworkCleanupIpc > registers NETWORK_SCAN and NETWORK_CLEAN handlers 1ms
 Γ£ô src/main/ipc/network-cleanup.ipc.test.ts > registerNetworkCleanupIpc > NETWORK_SCAN handler > returns scan results from scanNetwork 1ms
 Γ£ô src/main/ipc/network-cleanup.ipc.test.ts > registerNetworkCleanupIpc > NETWORK_CLEAN handler > rejects invalid item IDs and returns empty result 1ms
 Γ£ô src/main/ipc/network-cleanup.ipc.test.ts > registerNetworkCleanupIpc > NETWORK_CLEAN handler > returns empty result when item IDs not found in any session 1ms
 Γ£ô src/main/ipc/network-cleanup.ipc.test.ts > registerNetworkCleanupIpc > NETWORK_CLEAN handler > cleans items from scan sessions 1ms
 Γ£ô src/main/ipc/power-plans.ipc.test.ts > registerPowerPlansIpc > registers all four POWER_PLANS handlers 7ms
 Γ£ô src/main/ipc/power-plans.ipc.test.ts > registerPowerPlansIpc > power-plans:list > returns list from service 5ms
 Γ£ô src/main/ipc/power-plans.ipc.test.ts > registerPowerPlansIpc > power-plans:activate > calls service with guid string 3ms
 Γ£ô src/main/ipc/power-plans.ipc.test.ts > registerPowerPlansIpc > power-plans:activate > returns error for non-string guid 1ms
 Γ£ô src/main/ipc/power-plans.ipc.test.ts > registerPowerPlansIpc > power-plans:create > calls service with name string 1ms
 Γ£ô src/main/ipc/power-plans.ipc.test.ts > registerPowerPlansIpc > power-plans:create > returns error for non-string name 1ms
 Γ£ô src/main/ipc/power-plans.ipc.test.ts > registerPowerPlansIpc > power-plans:delete > calls service with guid string 1ms
 Γ£ô src/main/ipc/power-plans.ipc.test.ts > registerPowerPlansIpc > power-plans:delete > returns error for non-string guid 1ms
 Γ£ô src/main/cli.test.ts > handler: history > shows history as json 5ms
 Γ£ô src/main/cli.test.ts > handler: history > clears history 7ms
 Γ£ô src/main/cli.test.ts > handler: history > shows usage for unknown subcommand 8ms
 Γ£ô src/main/cli.test.ts > handler: config > shows all config entries 9ms
 Γ£ô src/main/cli.test.ts > handler: config > shows all config as json 8ms
 Γ£ô src/main/cli.test.ts > handler: config > gets a specific config key 8ms
 Γ£ô src/main/cli.test.ts > handler: config > gets a config key as json 6ms
 Γ£ô src/main/cli.test.ts > handler: config > gets a nested config key with dotted path 6ms
 Γ£ô src/main/cli.test.ts > handler: config > returns error for nonexistent config key 9ms
 Γ£ô src/main/cli.test.ts > handler: config > shows usage for config get without key 7ms
 Γ£ô src/main/cli.test.ts > handler: config > sets a string config value 9ms
 Γ£ô src/main/cli.test.ts > handler: config > sets a numeric config value 9ms
 Γ£ô src/main/cli.test.ts > handler: config > sets a boolean config value (true) 10ms
stderr | src/main/cli.test.ts > handler: perf > shows system info
[vitest] The vi.fn() mock did not use 'function' or 'class' in its implementation, see https://vitest.dev/api/vi#vi-spyon for examples.

 Γ£ô src/main/ipc/program-safety.ipc.test.ts > registerProgramSafetyIpc > registers the PROGRAM_SAFETY_FETCH handler 8ms
 Γ£ô src/main/ipc/program-safety.ipc.test.ts > registerProgramSafetyIpc > PROGRAM_SAFETY_FETCH handler > returns empty ratings and pending 2ms
 Γ£ô src/main/ipc/index.test.ts > registerCleanerIpc > register*Ipc delegation calls > calls all 41 register*Ipc functions with correct arguments 15ms
 Γ£ô src/main/ipc/index.test.ts > registerCleanerIpc > cleaner:open-location > opens location for an absolute path string 1ms
 Γ£ô src/main/ipc/index.test.ts > registerCleanerIpc > cleaner:open-location > ignores non-string input 1ms
 Γ£ô src/main/ipc/index.test.ts > registerCleanerIpc > cleaner:open-location > ignores non-absolute path 1ms
 Γ£ô src/main/ipc/index.test.ts > registerCleanerIpc > platform:info > returns platform info with win32 features 4ms
 Γ£ô src/main/ipc/index.test.ts > registerCleanerIpc > settings:get > returns settings from store 1ms
 Γ£ô src/main/ipc/index.test.ts > registerCleanerIpc > settings:set > validates and persists valid settings 2ms
 Γ£ô src/main/ipc/index.test.ts > registerCleanerIpc > settings:set > returns error for invalid settings 1ms
 Γ£ô src/main/ipc/index.test.ts > registerCleanerIpc > settings:set > calls setAutoDownload when autoUpdate is boolean 1ms
 Γ£ô src/main/ipc/index.test.ts > registerCleanerIpc > settings:set > calls updateCheckInterval when updateCheckIntervalHours is number 1ms
 Γ£ô src/main/ipc/index.test.ts > registerCleanerIpc > settings:set > flushes settings and emits language-changed when language is set 1ms
 Γ£ô src/main/ipc/index.test.ts > registerCleanerIpc > settings:set > flushes settings and refreshes game detector when gameMode changes 1ms
 Γ£ô src/main/ipc/index.test.ts > registerCleanerIpc > settings:set > handles both language and gameMode changes together 1ms
 Γ£ô src/main/ipc/index.test.ts > registerCleanerIpc > settings:select-backup-dir > returns selected directory path 1ms
 Γ£ô src/main/ipc/index.test.ts > registerCleanerIpc > settings:select-backup-dir > returns null when dialog is canceled 2ms
 Γ£ô src/main/ipc/index.test.ts > registerCleanerIpc > settings:open-backup-dir > creates backup dir and opens it 2ms
 Γ£ô src/main/ipc/index.test.ts > registerCleanerIpc > settings:open-backup-dir > does not throw when mkdirSync fails 3ms
 Γ£ô src/main/ipc/index.test.ts > registerCleanerIpc > onboarding:get > returns onboarding status 1ms
 Γ£ô src/main/ipc/index.test.ts > registerCleanerIpc > onboarding:set > sets onboarding to valid boolean 1ms
 Γ£ô src/main/ipc/index.test.ts > registerCleanerIpc > onboarding:set > ignores non-boolean value 1ms
 Γ£ô src/main/ipc/index.test.ts > registerCleanerIpc > elevation:check > returns admin status 1ms
 Γ£ô src/main/ipc/index.test.ts > registerCleanerIpc > memory:info > returns memory info and processes 1ms
 Γ£ô src/main/ipc/index.test.ts > registerCleanerIpc > memory:optimize > calls optimizeMemory with progress callback 1ms
 Γ£ô src/main/ipc/index.test.ts > registerCleanerIpc > history:get > returns history 1ms
 Γ£ô src/main/ipc/index.test.ts > registerCleanerIpc > history:add > adds a validated entry 1ms
 Γ£ô src/main/ipc/index.test.ts > registerCleanerIpc > history:add > ignores an invalid entry 1ms
 Γ£ô src/main/ipc/index.test.ts > registerCleanerIpc > history:clear > clears history 1ms
 Γ£ô src/main/ipc/index.test.ts > registerCleanerIpc > auto-updater > updater:check calls checkForUpdates 1ms
 Γ£ô src/main/ipc/index.test.ts > registerCleanerIpc > auto-updater > updater:download calls downloadUpdate 1ms
 Γ£ô src/main/ipc/index.test.ts > registerCleanerIpc > auto-updater > updater:install calls installUpdate 0ms
 Γ£ô src/main/ipc/index.test.ts > registerCleanerIpc > auto-updater > updater:get-status calls getUpdateStatus 1ms
 Γ£ô src/main/ipc/program-uninstaller.ipc.test.ts > program-uninstaller IPC > registers all IPC handlers 6ms
 Γ£ô src/main/ipc/program-uninstaller.ipc.test.ts > program-uninstaller IPC > UNINSTALLER_LIST > returns programs from getInstalledProgramsFull 3ms
 Γ£ô src/main/ipc/program-uninstaller.ipc.test.ts > program-uninstaller IPC > UNINSTALLER_LIST > returns empty list when no programs found 1ms
 Γ£ô src/main/ipc/program-uninstaller.ipc.test.ts > program-uninstaller IPC > UNINSTALLER_LIST > propagates errors from getInstalledProgramsFull 4ms
 Γ£ô src/main/ipc/program-uninstaller.ipc.test.ts > program-uninstaller IPC > UNINSTALLER_UNINSTALL > returns error when programId is not in cache 2ms
 Γ£ô src/main/ipc/program-uninstaller.ipc.test.ts > program-uninstaller IPC > UNINSTALLER_UNINSTALL > performs full uninstall flow: uninstall -> verify -> scan -> clean 3ms
 Γ£ô src/main/ipc/program-uninstaller.ipc.test.ts > program-uninstaller IPC > UNINSTALLER_UNINSTALL > sends progress events during uninstall phases 1ms
 Γ£ô src/main/ipc/program-uninstaller.ipc.test.ts > program-uninstaller IPC > UNINSTALLER_UNINSTALL > sends cleaning-leftovers progress when leftovers exist 1ms
 Γ£ô src/main/ipc/program-uninstaller.ipc.test.ts > program-uninstaller IPC > UNINSTALLER_UNINSTALL > returns success with zero leftovers when scan finds none 1ms
 Γ£ô src/main/ipc/program-uninstaller.ipc.test.ts > program-uninstaller IPC > UNINSTALLER_UNINSTALL > returns failure when verify shows program still installed (not reboot pending) 1ms
 Γ£ô src/main/ipc/program-uninstaller.ipc.test.ts > program-uninstaller IPC > UNINSTALLER_UNINSTALL > continues with leftovers when exit code 3010 (reboot pending) even if verify fails 1ms
 Γ£ô src/main/ipc/program-uninstaller.ipc.test.ts > program-uninstaller IPC > UNINSTALLER_UNINSTALL > counts only successfully deleted leftovers 1ms
 Γ£ô src/main/ipc/program-uninstaller.ipc.test.ts > program-uninstaller IPC > UNINSTALLER_UNINSTALL > does not send progress when window is null 1ms
 Γ£ô src/main/ipc/program-uninstaller.ipc.test.ts > program-uninstaller IPC > UNINSTALLER_UNINSTALL > does not send progress when window is destroyed 0ms
 Γ£ô src/main/ipc/program-uninstaller.ipc.test.ts > program-uninstaller IPC > UNINSTALLER_FORCE_REMOVE > returns error when programId is not in cache 1ms
 Γ£ô src/main/ipc/program-uninstaller.ipc.test.ts > program-uninstaller IPC > UNINSTALLER_FORCE_REMOVE > performs full force-remove flow: deleteKey -> scan -> clean 1ms
 Γ£ô src/main/ipc/program-uninstaller.ipc.test.ts > program-uninstaller IPC > UNINSTALLER_FORCE_REMOVE > returns failure when deleteRegistryKey fails 0ms
 Γ£ô src/main/ipc/program-uninstaller.ipc.test.ts > program-uninstaller IPC > UNINSTALLER_FORCE_REMOVE > returns success with zero leftovers when scan finds none 1ms
 Γ£ô src/main/ipc/program-uninstaller.ipc.test.ts > program-uninstaller IPC > UNINSTALLER_FORCE_REMOVE > counts only successfully deleted leftovers 1ms
 Γ£ô src/main/ipc/program-uninstaller.ipc.test.ts > program-uninstaller IPC > UNINSTALLER_FORCE_REMOVE > sends progress events during force-remove phases 1ms
 Γ£ô src/main/ipc/program-uninstaller.ipc.test.ts > program-uninstaller IPC > UNINSTALLER_FORCE_REMOVE > sends cleaning-leftovers progress when leftovers exist 1ms
 Γ£ô src/main/ipc/program-uninstaller.ipc.test.ts > program-uninstaller IPC > UNINSTALLER_FORCE_REMOVE > does not send progress when window is null 1ms
 Γ£ô src/main/ipc/program-uninstaller.ipc.test.ts > program-uninstaller IPC > UNINSTALLER_FORCE_REMOVE > does not send progress when window is destroyed 0ms
stderr | src/main/cli.test.ts > handler: perf > shows system info as json
[vitest] The vi.fn() mock did not use 'function' or 'class' in its implementation, see https://vitest.dev/api/vi#vi-spyon for examples.

stderr | src/main/cli.test.ts > handler: perf > shows disk health
[vitest] The vi.fn() mock did not use 'function' or 'class' in its implementation, see https://vitest.dev/api/vi#vi-spyon for examples.

stderr | src/main/cli.test.ts > handler: perf > shows disk health as json
[vitest] The vi.fn() mock did not use 'function' or 'class' in its implementation, see https://vitest.dev/api/vi#vi-spyon for examples.

stderr | src/main/cli.test.ts > handler: perf > kills a process
[vitest] The vi.fn() mock did not use 'function' or 'class' in its implementation, see https://vitest.dev/api/vi#vi-spyon for examples.

 Γ£ô src/main/cli.test.ts > handler: config > sets a boolean config value (false) 9ms
 Γ£ô src/main/cli.test.ts > handler: config > shows usage for config set without args 5ms
 Γ£ô src/main/cli.test.ts > handler: config > shows usage for unknown config command 7ms
 ├ù src/main/cli.test.ts > handler: perf > shows system info 37ms
   ΓåÆ expected "vi.fn()" to be called with arguments: [ StringContaining "Test CPU" ]

Number of calls: 0

 ├ù src/main/cli.test.ts > handler: perf > shows system info as json 19ms
   ΓåÆ expected "vi.fn()" to be called with arguments: [ StringContaining ""cpuModel"" ]

Received:

  1st vi.fn() call:

  [
-   StringContaining "\"cpuModel\"",
+   "{\"error\":\"() => ({\\n    getSystemInfo: __vite_ssr_import_0__.vi.fn().mockResolvedValue({\\n      cpuModel: \\\"Test CPU\\\",\\n     ...<omitted>...}) is not a constructor\"}
+ ",
  ]


Number of calls: 1

 ├ù src/main/cli.test.ts > handler: perf > shows disk health 8ms
   ΓåÆ expected "vi.fn()" to be called with arguments: [ StringContaining "SSD" ]

Number of calls: 0

 ├ù src/main/cli.test.ts > handler: perf > shows disk health as json 9ms
   ΓåÆ expected "vi.fn()" to be called with arguments: [ StringContaining ""model"" ]

Received:

  1st vi.fn() call:

  [
-   StringContaining "\"model\"",
+   "{\"error\":\"() => ({\\n    getSystemInfo: __vite_ssr_import_0__.vi.fn().mockResolvedValue({\\n      cpuModel: \\\"Test CPU\\\",\\n     ...<omitted>...}) is not a constructor\"}
+ ",
  ]


Number of calls: 1

stderr | src/main/cli.test.ts > handler: perf > shows usage for unknown perf command
[vitest] The vi.fn() mock did not use 'function' or 'class' in its implementation, see https://vitest.dev/api/vi#vi-spyon for examples.

stderr | src/main/cli.test.ts > handler: perf > shows usage for perf without subcommand
[vitest] The vi.fn() mock did not use 'function' or 'class' in its implementation, see https://vitest.dev/api/vi#vi-spyon for examples.

 Γ£ô src/main/ipc/malware-scanner.ipc.test.ts > calculateEntropy > returns 0 for empty buffer 6ms
 Γ£ô src/main/ipc/malware-scanner.ipc.test.ts > calculateEntropy > returns 0 for a buffer of identical bytes 1ms
 Γ£ô src/main/ipc/malware-scanner.ipc.test.ts > calculateEntropy > returns 1 for a buffer with exactly two equally frequent bytes 1ms
 Γ£ô src/main/ipc/malware-scanner.ipc.test.ts > calculateEntropy > returns high entropy for random-like data 1ms
 Γ£ô src/main/ipc/malware-scanner.ipc.test.ts > calculateEntropy > returns moderate entropy for English-like text 1ms
 Γ£ô src/main/ipc/malware-scanner.ipc.test.ts > hasDoubleExtension > detects invoice.pdf.exe 1ms
 Γ£ô src/main/ipc/malware-scanner.ipc.test.ts > hasDoubleExtension > detects photo.jpg.scr 1ms
 Γ£ô src/main/ipc/malware-scanner.ipc.test.ts > hasDoubleExtension > detects document.docx.vbs 1ms
 Γ£ô src/main/ipc/malware-scanner.ipc.test.ts > hasDoubleExtension > detects archive.zip.bat 1ms
 Γ£ô src/main/ipc/malware-scanner.ipc.test.ts > hasDoubleExtension > does NOT flag normal executables 0ms
 Γ£ô src/main/ipc/malware-scanner.ipc.test.ts > hasDoubleExtension > does NOT flag app versioned files like app.0.1.0.exe 0ms
 Γ£ô src/main/ipc/malware-scanner.ipc.test.ts > hasDoubleExtension > does NOT flag test.spec.js (not an exec extension) 0ms
 Γ£ô src/main/ipc/malware-scanner.ipc.test.ts > hasDoubleExtension > does NOT flag file with only one dot 0ms
 Γ£ô src/main/ipc/malware-scanner.ipc.test.ts > hasDoubleExtension > handles case insensitivity 0ms
 Γ£ô src/main/ipc/malware-scanner.ipc.test.ts > isPEFile > identifies a valid MZ header 0ms
 Γ£ô src/main/ipc/malware-scanner.ipc.test.ts > isPEFile > rejects buffer that is too small 0ms
 Γ£ô src/main/ipc/malware-scanner.ipc.test.ts > isPEFile > rejects buffer without MZ header 0ms
 Γ£ô src/main/ipc/malware-scanner.ipc.test.ts > isPEFile > rejects ELF binaries 0ms
 Γ£ô src/main/ipc/malware-scanner.ipc.test.ts > findSuspiciousStrings > finds CreateRemoteThread in buffer 2ms
 Γ£ô src/main/ipc/malware-scanner.ipc.test.ts > findSuspiciousStrings > finds multiple suspicious APIs 1ms
 Γ£ô src/main/ipc/malware-scanner.ipc.test.ts > findSuspiciousStrings > returns empty for benign content 2ms
 Γ£ô src/main/ipc/malware-scanner.ipc.test.ts > findSuspiciousStrings > detects AMSI bypass indicator 0ms
 Γ£ô src/main/ipc/malware-scanner.ipc.test.ts > suspicious filename detection > flags svchost.exe when matched 0ms
 Γ£ô src/main/ipc/malware-scanner.ipc.test.ts > suspicious filename detection > flags lsass.exe 0ms
 Γ£ô src/main/ipc/malware-scanner.ipc.test.ts > suspicious filename detection > does not flag partial matches like my_svchost.exe 0ms
 Γ£ô src/main/ipc/malware-scanner.ipc.test.ts > suspicious filename detection > does not flag normal executables 0ms
 Γ£ô src/main/ipc/malware-scanner.ipc.test.ts > trusted path detection > trusts Microsoft paths 0ms
 Γ£ô src/main/ipc/malware-scanner.ipc.test.ts > trusted path detection > trusts node_modules 0ms
 Γ£ô src/main/ipc/malware-scanner.ipc.test.ts > trusted path detection > does not trust random paths 0ms
 Γ£ô src/main/ipc/malware-scanner.ipc.test.ts > PE heuristic scoring > does NOT flag a legitimately packed binary with no injection imports (TeraCopy, #156) 0ms
 Γ£ô src/main/ipc/malware-scanner.ipc.test.ts > PE heuristic scoring > does not let high section + high file entropy double-count into a flag on their own 0ms
 Γ£ô src/main/ipc/malware-scanner.ipc.test.ts > PE heuristic scoring > flags a packed dropper with injection imports 0ms
 Γ£ô src/main/ipc/malware-scanner.ipc.test.ts > PE heuristic scoring > flags injection imports combined with W^X sections 0ms
 Γ£ô src/main/ipc/malware-scanner.ipc.test.ts > PE heuristic scoring > does not flag injection imports alone without packing or W^X 0ms
 Γ£ô src/main/ipc/malware-scanner.ipc.test.ts > allowlist suppression decision > suppresses a file whose hash is allowlisted 0ms
 Γ£ô src/main/ipc/malware-scanner.ipc.test.ts > allowlist suppression decision > keeps a file whose hash is not allowlisted 0ms
 Γ£ô src/main/ipc/malware-scanner.ipc.test.ts > allowlist suppression decision > keeps a non-file detection even if its path string somehow matches 0ms
 Γ£ô src/main/ipc/malware-scanner.ipc.test.ts > allowlist suppression decision > keeps an unreadable file rather than dropping it 0ms
 Γ£ô src/main/ipc/malware-scanner.ipc.test.ts > allowlist suppression decision > keeps an ADS detection even if the base file hash is allowlisted (#193) 0ms
 Γ£ô src/main/ipc/malware-scanner.ipc.test.ts > allowlist suppression decision > suppresses nothing when the allowlist is empty 0ms
 Γ£ô src/main/ipc/malware-scanner.ipc.test.ts > canAllowlistThreat > accepts a Windows drive path 0ms
 Γ£ô src/main/ipc/malware-scanner.ipc.test.ts > canAllowlistThreat > accepts a UNC path 0ms
 Γ£ô src/main/ipc/malware-scanner.ipc.test.ts > canAllowlistThreat > accepts a POSIX path 0ms
 Γ£ô src/main/ipc/malware-scanner.ipc.test.ts > canAllowlistThreat > rejects a registry key target 0ms
 Γ£ô src/main/ipc/malware-scanner.ipc.test.ts > canAllowlistThreat > rejects a scheduled-task path (single leading backslash, not UNC) 0ms
 Γ£ô src/main/ipc/malware-scanner.ipc.test.ts > canAllowlistThreat > rejects an ADS detection even with a valid file path (#193) 0ms
 Γ£ô src/main/ipc/malware-scanner.ipc.test.ts > registerMalwareScannerIpc > registers all malware scanner IPC handlers 6ms
 Γ£ô src/main/ipc/malware-scanner.ipc.test.ts > registerMalwareScannerIpc > calls startPeriodicRuleChecks during registration 0ms
 Γ£ô src/main/ipc/malware-scanner.ipc.test.ts > MALWARE_SCAN handler > returns scan result on success 5ms
 Γ£ô src/main/ipc/malware-scanner.ipc.test.ts > MALWARE_SCAN handler > sends progress events via getWindow callback 2ms
 Γ£ô src/main/ipc/malware-scanner.ipc.test.ts > MALWARE_SCAN handler > does not send progress when window is destroyed 1ms
 Γ£ô src/main/ipc/malware-scanner.ipc.test.ts > MALWARE_SCAN handler > returns cancelled result when ScanCancelledError is thrown 1ms
 Γ£ô src/main/ipc/malware-scanner.ipc.test.ts > MALWARE_SCAN handler > re-throws non-cancellation errors 4ms
 Γ£ô src/main/ipc/malware-scanner.ipc.test.ts > MALWARE_CANCEL_SCAN handler > calls cancelScan with valid scanId 1ms
 Γ£ô src/main/ipc/malware-scanner.ipc.test.ts > MALWARE_CANCEL_SCAN handler > returns false for empty scanId 1ms
 Γ£ô src/main/ipc/malware-scanner.ipc.test.ts > MALWARE_CANCEL_SCAN handler > returns false for non-string scanId 1ms
 Γ£ô src/main/ipc/malware-scanner.ipc.test.ts > MALWARE_QUARANTINE handler > quarantines valid paths without meta 1ms
 Γ£ô src/main/ipc/malware-scanner.ipc.test.ts > MALWARE_QUARANTINE handler > quarantines valid paths with valid meta 1ms
 Γ£ô src/main/ipc/malware-scanner.ipc.test.ts > MALWARE_QUARANTINE handler > filters invalid meta entries 1ms
 Γ£ô src/main/ipc/malware-scanner.ipc.test.ts > MALWARE_QUARANTINE handler > returns zero result for invalid paths (null) 1ms
 Γ£ô src/main/ipc/malware-scanner.ipc.test.ts > MALWARE_QUARANTINE handler > returns zero result for non-array paths 3ms
 Γ£ô src/main/ipc/malware-scanner.ipc.test.ts > MALWARE_QUARANTINE handler > returns zero result for oversized path array 1ms
 Γ£ô src/main/ipc/malware-scanner.ipc.test.ts > MALWARE_DELETE handler > deletes valid paths 1ms
 Γ£ô src/main/ipc/malware-scanner.ipc.test.ts > MALWARE_DELETE handler > returns zero result for invalid paths 0ms
 Γ£ô src/main/ipc/malware-scanner.ipc.test.ts > MALWARE_RESTORE handler > calls restoreMalware with quarantined and original path 0ms
 Γ£ô src/main/ipc/malware-scanner.ipc.test.ts > MALWARE_QUARANTINE_LIST handler > returns list of quarantined files 1ms
 Γ£ô src/main/ipc/malware-scanner.ipc.test.ts > MALWARE_IGNORE handler > calls ignoreMalware with path 1ms
 Γ£ô src/main/ipc/malware-scanner.ipc.test.ts > MALWARE_IGNORE handler > passes valid meta to ignoreMalware 0ms
 Γ£ô src/main/ipc/malware-scanner.ipc.test.ts > MALWARE_IGNORE handler > strips invalid meta (not an object) 1ms
 Γ£ô src/main/ipc/malware-scanner.ipc.test.ts > MALWARE_IGNORE handler > strips meta without path property 0ms
 Γ£ô src/main/ipc/malware-scanner.ipc.test.ts > MALWARE_ALLOWLIST_LIST handler > returns allowlist entries 0ms
 Γ£ô src/main/ipc/malware-scanner.ipc.test.ts > MALWARE_ALLOWLIST_REMOVE handler > removes entry for valid sha256 0ms
 Γ£ô src/main/ipc/malware-scanner.ipc.test.ts > MALWARE_ALLOWLIST_REMOVE handler > returns false for empty sha256 0ms
 Γ£ô src/main/ipc/malware-scanner.ipc.test.ts > MALWARE_ALLOWLIST_REMOVE handler > returns false for non-string sha256 0ms
 Γ£ô src/main/ipc/malware-scanner.ipc.test.ts > MALWARE_YARA_INFO handler > returns YARA rules info 1ms
 Γ£ô src/main/ipc/malware-scanner.ipc.test.ts > MALWARE_YARA_UPDATE handler > calls resetYaraEngine on successful update 1ms
 Γ£ô src/main/ipc/malware-scanner.ipc.test.ts > MALWARE_YARA_UPDATE handler > does NOT call resetYaraEngine on failed update 0ms
 Γ£ô src/main/ipc/malware-scanner.ipc.test.ts > MALWARE_YARA_ROLLBACK handler > calls resetYaraEngine on successful rollback 0ms
 Γ£ô src/main/ipc/malware-scanner.ipc.test.ts > MALWARE_YARA_ROLLBACK handler > does NOT call resetYaraEngine on failed rollback 0ms
 Γ£ô src/main/ipc/malware-scanner.ipc.test.ts > MALWARE_WATCHER_START handler > starts watcher with valid directories 0ms
 Γ£ô src/main/ipc/malware-scanner.ipc.test.ts > MALWARE_WATCHER_START handler > returns false for non-array directories 0ms
 Γ£ô src/main/ipc/malware-scanner.ipc.test.ts > MALWARE_WATCHER_STOP handler > stops file watcher 0ms
 Γ£ô src/main/ipc/malware-scanner.ipc.test.ts > MALWARE_WATCHER_STATUS handler > returns watcher status 0ms
 Γ£ô src/main/ipc/malware-scanner.ipc.test.ts > MALWARE_CUSTOM_RULES_LIST handler > returns custom rules list 1ms
 Γ£ô src/main/ipc/malware-scanner.ipc.test.ts > MALWARE_CUSTOM_RULES_ADD handler > adds a valid custom rule 1ms
 Γ£ô src/main/ipc/malware-scanner.ipc.test.ts > MALWARE_CUSTOM_RULES_ADD handler > returns false and does NOT reset on add failure 0ms
 Γ£ô src/main/ipc/malware-scanner.ipc.test.ts > MALWARE_CUSTOM_RULES_ADD handler > returns false for invalid arguments 0ms
 Γ£ô src/main/ipc/malware-scanner.ipc.test.ts > MALWARE_CUSTOM_RULES_REMOVE handler > removes an existing custom rule 1ms
 Γ£ô src/main/ipc/malware-scanner.ipc.test.ts > MALWARE_CUSTOM_RULES_REMOVE handler > returns false and does NOT reset when rule not found 0ms
 Γ£ô src/main/ipc/malware-scanner.ipc.test.ts > MALWARE_CUSTOM_RULES_REMOVE handler > returns false for non-string name 0ms
 Γ£ô src/main/ipc/malware-scanner.ipc.test.ts > MALWARE_EXPORT_REPORT handler > exports report with valid parameters 1ms
 Γ£ô src/main/ipc/malware-scanner.ipc.test.ts > MALWARE_EXPORT_REPORT handler > returns false for invalid result (null) 0ms
 Γ£ô src/main/ipc/malware-scanner.ipc.test.ts > MALWARE_EXPORT_REPORT handler > returns false for invalid format (not string) 0ms
 Γ£ô src/main/ipc/malware-scanner.ipc.test.ts > MALWARE_EXPORT_REPORT handler > returns false for invalid outputPath (not string) 0ms
 Γ£ô src/main/ipc/malware-scanner.ipc.test.ts > MALWARE_EXPORT_REPORT handler > returns false for unsupported format 0ms
 Γ£ô src/main/ipc/malware-scanner.ipc.test.ts > MALWARE_GET_PROFILES handler > returns scan profiles 1ms
 Γ£ô src/main/ipc/malware-scanner.ipc.test.ts > MALWARE_SET_PROFILE handler > accepts a valid profileId 0ms
 Γ£ô src/main/ipc/malware-scanner.ipc.test.ts > MALWARE_SET_PROFILE handler > rejects invalid profileId ΓÇö empty string 0ms
 Γ£ô src/main/ipc/malware-scanner.ipc.test.ts > MALWARE_SET_PROFILE handler > rejects invalid profileId ΓÇö non-string 0ms
 Γ£ô src/main/ipc/malware-scanner.ipc.test.ts > MALWARE_MEMORY_SCAN handler > returns memory scan result 0ms
 Γ£ô src/main/ipc/malware-scanner.ipc.test.ts > MALWARE_TIMELINE handlers > MALWARE_TIMELINE_GET returns entries with limit and offset 1ms
 Γ£ô src/main/ipc/malware-scanner.ipc.test.ts > MALWARE_TIMELINE handlers > MALWARE_TIMELINE_CLEAR calls clear 0ms
 Γ£ô src/main/ipc/malware-scanner.ipc.test.ts > MALWARE_TIMELINE handlers > MALWARE_TIMELINE_STATS returns stats 0ms
 Γ£ô src/main/ipc/malware-scanner.ipc.test.ts > MALWARE_INTEL handlers > MALWARE_INTEL_CHECK_HASH returns result for valid hash 0ms
 Γ£ô src/main/ipc/malware-scanner.ipc.test.ts > MALWARE_INTEL handlers > MALWARE_INTEL_CHECK_HASH returns null for non-string 0ms
 Γ£ô src/main/ipc/malware-scanner.ipc.test.ts > MALWARE_INTEL handlers > MALWARE_INTEL_CHECK_DOMAIN returns result for valid domain 0ms
 Γ£ô src/main/ipc/malware-scanner.ipc.test.ts > MALWARE_INTEL handlers > MALWARE_INTEL_CHECK_DOMAIN returns null for non-string 0ms
 Γ£ô src/main/ipc/malware-scanner.ipc.test.ts > MALWARE_INTEL handlers > MALWARE_INTEL_CHECK_IP returns result for valid IP 0ms
 Γ£ô src/main/ipc/malware-scanner.ipc.test.ts > MALWARE_INTEL handlers > MALWARE_INTEL_CHECK_IP returns null for non-string 0ms
 Γ£ô src/main/ipc/malware-scanner.ipc.test.ts > MALWARE_INTEL handlers > MALWARE_INTEL_STATS returns stats 0ms
 Γ£ô src/main/ipc/malware-scanner.ipc.test.ts > MALWARE_INTEL handlers > MALWARE_INTEL_FEEDS returns feeds 0ms
 Γ£ô src/main/ipc/malware-scanner.ipc.test.ts > MALWARE_INTEL handlers > MALWARE_INTEL_TOGGLE_FEED toggles feed with valid params 0ms
 Γ£ô src/main/ipc/malware-scanner.ipc.test.ts > MALWARE_INTEL handlers > MALWARE_INTEL_TOGGLE_FEED returns false for invalid name 0ms
 Γ£ô src/main/ipc/malware-scanner.ipc.test.ts > MALWARE_INTEL handlers > MALWARE_INTEL_TOGGLE_FEED returns false for non-boolean enabled 0ms
 Γ£ô src/main/ipc/malware-scanner.ipc.test.ts > MALWARE_INTEL handlers > MALWARE_INTEL_CLEAR calls clear 0ms
 Γ£ô src/main/ipc/malware-scanner.ipc.test.ts > MALWARE_EXPLOIT_SCAN handler > scans a valid file for exploits 1ms
 Γ£ô src/main/ipc/malware-scanner.ipc.test.ts > MALWARE_EXPLOIT_SCAN handler > returns empty result for non-string filePath 0ms
 Γ£ô src/main/ipc/malware-scanner.ipc.test.ts > MALWARE_EXPLOIT_SCAN handler > catches file read errors and returns empty result 0ms
 Γ£ô src/main/ipc/malware-scanner.ipc.test.ts > MALWARE_BACKUP handlers > MALWARE_BACKUP_CONFIG_GET returns config 0ms
 Γ£ô src/main/ipc/malware-scanner.ipc.test.ts > MALWARE_BACKUP handlers > MALWARE_BACKUP_CONFIG_SET updates config with valid object 2ms
 Γ£ô src/main/ipc/malware-scanner.ipc.test.ts > MALWARE_BACKUP handlers > MALWARE_BACKUP_CONFIG_SET returns false for null updates 0ms
 Γ£ô src/main/ipc/malware-scanner.ipc.test.ts > MALWARE_BACKUP handlers > MALWARE_BACKUP_CONFIG_SET returns false for non-object updates 0ms
 Γ£ô src/main/ipc/malware-scanner.ipc.test.ts > MALWARE_BACKUP handlers > MALWARE_BACKUP_NOW calls backupAll with quarantine dir 0ms
 Γ£ô src/main/ipc/malware-scanner.ipc.test.ts > MALWARE_BACKUP handlers > MALWARE_BACKUP_LIST returns backups 0ms
 Γ£ô src/main/ipc/malware-scanner.ipc.test.ts > MALWARE_BACKUP handlers > MALWARE_BACKUP_RESTORE restores backup with valid args 0ms
 Γ£ô src/main/ipc/malware-scanner.ipc.test.ts > MALWARE_BACKUP handlers > MALWARE_BACKUP_RESTORE returns false for invalid args 0ms
 Γ£ô src/main/ipc/malware-scanner.ipc.test.ts > MALWARE_BACKUP handlers > MALWARE_BACKUP_STORAGE returns storage used 0ms
 Γ£ô src/main/ipc/malware-scanner.ipc.test.ts > MALWARE_SANDBOX_ANALYZE handler > analyzes a valid file in sandbox 1ms
 Γ£ô src/main/ipc/malware-scanner.ipc.test.ts > MALWARE_SANDBOX_ANALYZE handler > returns null for non-string filePath 0ms
 Γ£ô src/main/ipc/malware-scanner.ipc.test.ts > MALWARE_SANDBOX_ANALYZE handler > catches file read errors and returns null 0ms
 Γ£ô src/main/ipc/clips-engine-connection.test.ts > getCurrentStatus > reflects engine state when running 506ms
 Γ£ô src/main/ipc/clips-engine-connection.test.ts > getCurrentStatus > reflects capturing flag 0ms
 Γ£ô src/main/ipc/clips-engine-connection.test.ts > getCurrentStatus > includes customGameProcess when set 0ms
 Γ£ô src/main/ipc/recycle-bin.ipc.test.ts > recycle bin scan output parsing > parses valid count|size output 6ms
 Γ£ô src/main/ipc/recycle-bin.ipc.test.ts > recycle bin scan output parsing > handles zero values 1ms
 Γ£ô src/main/ipc/recycle-bin.ipc.test.ts > recycle bin scan output parsing > handles empty output 0ms
 Γ£ô src/main/ipc/recycle-bin.ipc.test.ts > recycle bin scan output parsing > handles malformed output 0ms
 Γ£ô src/main/ipc/recycle-bin.ipc.test.ts > recycle bin scan output parsing > handles output with only count 0ms
 Γ£ô src/main/ipc/recycle-bin.ipc.test.ts > recycle bin scan output parsing > handles output with trailing whitespace 0ms
 Γ£ô src/main/ipc/recycle-bin.ipc.test.ts > recycle bin scan output parsing > handles large numbers 0ms
 Γ£ô src/main/ipc/recycle-bin.ipc.test.ts > recycle bin scan result structure > returns empty array when count is 0 0ms
 Γ£ô src/main/ipc/recycle-bin.ipc.test.ts > recycle bin scan result structure > returns single ScanResult for non-zero count 2ms
 Γ£ô src/main/ipc/recycle-bin.ipc.test.ts > recycle bin clean result structure > reports success when remaining count is 0 0ms
 Γ£ô src/main/ipc/recycle-bin.ipc.test.ts > recycle bin clean result structure > reports partial clean when remaining items exist 1ms
 Γ£ô src/main/ipc/recycle-bin.ipc.test.ts > recycle bin clean result structure > reports error on clean failure 0ms
 Γ£ô src/main/ipc/recycle-bin.ipc.test.ts > trash path handling > returns empty array when trash path does not exist 0ms
 Γ£ô src/main/ipc/recycle-bin.ipc.test.ts > trash path handling > returns error result on clean failure for trash path 0ms
 Γ£ô src/main/ipc/recycle-bin.ipc.test.ts > recycle bin state tracking > tracks lastScannedSize for clean operations 0ms
 Γ£ô src/main/ipc/recycle-bin.ipc.test.ts > recycle bin state tracking > tracks lastScannedItemIds for macOS/Linux 1ms
 Γ£ô src/main/ipc/recycle-bin.ipc.test.ts > remaining items count parsing > parses valid integer 1ms
 Γ£ô src/main/ipc/recycle-bin.ipc.test.ts > remaining items count parsing > handles whitespace/newlines 0ms
 Γ£ô src/main/ipc/recycle-bin.ipc.test.ts > remaining items count parsing > returns 0 for non-numeric output 0ms
 Γ£ô src/main/ipc/recycle-bin.ipc.test.ts > remaining items count parsing > returns 0 for empty string 0ms
 Γ£ô src/main/ipc/recycle-bin.ipc.test.ts > registerRecycleBinIpc > registers both IPC handlers 2ms
 Γ£ô src/main/ipc/recycle-bin.ipc.test.ts > RECYCLE_BIN_SCAN handler (macOS/Linux with trash path) > returns empty array when trash path does not exist on disk 2ms
 Γ£ô src/main/ipc/recycle-bin.ipc.test.ts > RECYCLE_BIN_SCAN handler (macOS/Linux with trash path) > returns scan results when items are found 1ms
 Γ£ô src/main/ipc/recycle-bin.ipc.test.ts > RECYCLE_BIN_SCAN handler (macOS/Linux with trash path) > returns empty array when scan returns no items 0ms
 Γ£ô src/main/ipc/recycle-bin.ipc.test.ts > RECYCLE_BIN_SCAN handler (macOS/Linux with trash path) > returns empty array and logs error on scan failure 1ms
 Γ£ô src/main/ipc/recycle-bin.ipc.test.ts > RECYCLE_BIN_SCAN handler (Windows, no trash path) > returns scan results from PowerShell COM 1ms
 Γ£ô src/main/ipc/recycle-bin.ipc.test.ts > RECYCLE_BIN_SCAN handler (Windows, no trash path) > returns empty array when recycle bin is empty 0ms
 Γ£ô src/main/ipc/recycle-bin.ipc.test.ts > RECYCLE_BIN_SCAN handler (Windows, no trash path) > returns empty array on PowerShell exec failure 0ms
 Γ£ô src/main/ipc/recycle-bin.ipc.test.ts > RECYCLE_BIN_SCAN handler (Windows, no trash path) > uses psArgs with correct PowerShell script for COM scan 3ms
 Γ£ô src/main/ipc/recycle-bin.ipc.test.ts > RECYCLE_BIN_CLEAN handler (macOS/Linux with trash path) > cleans items and returns result 1ms
 Γ£ô src/main/ipc/recycle-bin.ipc.test.ts > RECYCLE_BIN_CLEAN handler (macOS/Linux with trash path) > returns error result on clean failure with Error 0ms
 Γ£ô src/main/ipc/recycle-bin.ipc.test.ts > RECYCLE_BIN_CLEAN handler (macOS/Linux with trash path) > handles non-Error rejection gracefully (unknown type) 0ms
 Γ£ô src/main/ipc/recycle-bin.ipc.test.ts > RECYCLE_BIN_CLEAN handler (Windows, no trash path) > returns success result when recycle bin empties completely 1ms
 Γ£ô src/main/ipc/recycle-bin.ipc.test.ts > RECYCLE_BIN_CLEAN handler (Windows, no trash path) > cleans with previously scanned size 0ms
 Γ£ô src/main/ipc/recycle-bin.ipc.test.ts > RECYCLE_BIN_CLEAN handler (Windows, no trash path) > reports partial clean when items remain after emptying 0ms
 Γ£ô src/main/ipc/recycle-bin.ipc.test.ts > RECYCLE_BIN_CLEAN handler (Windows, no trash path) > returns error result on PowerShell clean failure with Error 1ms
 Γ£ô src/main/ipc/recycle-bin.ipc.test.ts > RECYCLE_BIN_CLEAN handler (Windows, no trash path) > handles non-Error rejection in Windows clean 1ms
 Γ£ô src/main/ipc/recycle-bin.ipc.test.ts > RECYCLE_BIN_CLEAN handler (Windows, no trash path) > uses psArgs with SHEmptyRecycleBin and verification PowerShell scripts 1ms
 ├ù src/main/cli.test.ts > handler: perf > kills a process 8ms
   ΓåÆ expected "vi.fn()" to be called with arguments: [ +0 ]

Received:

  1st vi.fn() call:

  [
-   0,
+   1,
  ]


Number of calls: 1

 ├ù src/main/cli.test.ts > handler: perf > shows usage for unknown perf command 10ms
   ΓåÆ expected "vi.fn()" to be called with arguments: [ StringContaining "Usage" ]

Number of calls: 0

 ├ù src/main/cli.test.ts > handler: perf > shows usage for perf without subcommand 12ms
   ΓåÆ expected "vi.fn()" to be called with arguments: [ StringContaining "Usage" ]

Number of calls: 0

 Γ£ô src/main/cli.test.ts > handler: programs > shows installed programs list 6ms
 Γ£ô src/main/cli.test.ts > handler: programs > shows programs list as json 6ms
 Γ£ô src/main/cli.test.ts > handler: programs > shows usage for unknown subcommand 6ms
 Γ£ô src/main/cli.test.ts > handler: programs > handles missing fields in program list 6ms
 Γ£ô src/main/cli.test.ts > handler: services > shows services list 7ms
 Γ£ô src/main/cli.test.ts > handler: services > shows services list as json 9ms
 Γ£ô src/main/cli.test.ts > handler: services > disables a service 7ms
 Γ£ô src/main/cli.test.ts > handler: services > sets a service to manual 8ms
 Γ£ô src/main/cli.test.ts > handler: services > shows usage for disable without name 7ms
 Γ£ô src/main/cli.test.ts > handler: services > shows usage for unknown subcommand 6ms
 Γ£ô src/main/cli.test.ts > handler: leftovers > shows leftovers scan results 12ms
 Γ£ô src/main/ipc/clips.ipc.test.ts > CLIPS_START_ENGINE success + stopEngineProcess > stopEngineProcess kills the engine process 503ms
 Γ£ô src/main/ipc/service-manager.ipc.test.ts > normalizeStartType > normalizes "Auto" to "Automatic" 4ms
 Γ£ô src/main/ipc/service-manager.ipc.test.ts > normalizeStartType > normalizes "Automatic" to "Automatic" 1ms
 Γ£ô src/main/ipc/service-manager.ipc.test.ts > normalizeStartType > normalizes "AutoDelayed" to "AutomaticDelayed" 0ms
 Γ£ô src/main/ipc/service-manager.ipc.test.ts > normalizeStartType > normalizes "AutomaticDelayed" to "AutomaticDelayed" 0ms
 Γ£ô src/main/ipc/service-manager.ipc.test.ts > normalizeStartType > normalizes "Manual" to "Manual" 0ms
 Γ£ô src/main/ipc/service-manager.ipc.test.ts > normalizeStartType > normalizes "Disabled" to "Disabled" 0ms
 Γ£ô src/main/ipc/service-manager.ipc.test.ts > normalizeStartType > normalizes "Boot" to "Boot" 0ms
 Γ£ô src/main/ipc/service-manager.ipc.test.ts > normalizeStartType > normalizes "System" to "System" 0ms
 Γ£ô src/main/ipc/service-manager.ipc.test.ts > normalizeStartType > is case-insensitive 1ms
 Γ£ô src/main/ipc/service-manager.ipc.test.ts > normalizeStartType > trims whitespace 0ms
 Γ£ô src/main/ipc/service-manager.ipc.test.ts > normalizeStartType > defaults to "Manual" for unknown values 1ms
 Γ£ô src/main/ipc/service-manager.ipc.test.ts > normalizeStatus > normalizes "Running" 0ms
 Γ£ô src/main/ipc/service-manager.ipc.test.ts > normalizeStatus > normalizes "Stopped" 0ms
 Γ£ô src/main/ipc/service-manager.ipc.test.ts > normalizeStatus > normalizes "StartPending" 0ms
 Γ£ô src/main/ipc/service-manager.ipc.test.ts > normalizeStatus > normalizes "StopPending" 0ms
 Γ£ô src/main/ipc/service-manager.ipc.test.ts > normalizeStatus > normalizes "Paused" 0ms
 Γ£ô src/main/ipc/service-manager.ipc.test.ts > normalizeStatus > is case-insensitive 0ms
 Γ£ô src/main/ipc/service-manager.ipc.test.ts > normalizeStatus > trims whitespace 0ms
 Γ£ô src/main/ipc/service-manager.ipc.test.ts > normalizeStatus > returns "Unknown" for unrecognized values 1ms
 Γ£ô src/main/ipc/service-manager.ipc.test.ts > service name validation > accepts simple service names 1ms
 Γ£ô src/main/ipc/service-manager.ipc.test.ts > service name validation > accepts names with dots, underscores, hyphens 0ms
 Γ£ô src/main/ipc/service-manager.ipc.test.ts > service name validation > rejects empty name 0ms
 Γ£ô src/main/ipc/service-manager.ipc.test.ts > service name validation > rejects names longer than 256 characters 0ms
 Γ£ô src/main/ipc/service-manager.ipc.test.ts > service name validation > accepts names at exactly 256 characters 0ms
 Γ£ô src/main/ipc/service-manager.ipc.test.ts > service name validation > rejects names with spaces 0ms
 Γ£ô src/main/ipc/service-manager.ipc.test.ts > service name validation > rejects names with shell injection characters 1ms
 Γ£ô src/main/ipc/service-manager.ipc.test.ts > service name validation > rejects names with path separators 0ms
 Γ£ô src/main/ipc/service-manager.ipc.test.ts > applyServiceChanges input validation > returns empty result for empty changes array 2ms
 Γ£ô src/main/ipc/service-manager.ipc.test.ts > applyServiceChanges input validation > returns empty result for non-array input 1ms
 Γ£ô src/main/ipc/service-manager.ipc.test.ts > applyServiceChanges input validation > rejects invalid service name in changes 0ms
 Γ£ô src/main/ipc/service-manager.ipc.test.ts > applyServiceChanges input validation > rejects non-string name in change entry 0ms
 Γ£ô src/main/ipc/service-manager.ipc.test.ts > applyServiceChanges input validation > sanitizes targetStartType to Manual or Disabled only 1ms
 Γ£ô src/main/ipc/service-manager.ipc.test.ts > service scan stdout parsing > parses SVC| prefixed lines from PowerShell output 3ms
 Γ£ô src/main/ipc/service-manager.ipc.test.ts > service scan stdout parsing > parses dependency output lines 1ms
 Γ£ô src/main/ipc/service-manager.ipc.test.ts > apply result stdout parsing > counts OK and FAIL lines correctly 1ms
 Γ£ô src/main/ipc/service-manager.ipc.test.ts > apply result stdout parsing > handles empty stdout gracefully 0ms
 Γ£ô src/main/ipc/service-manager.ipc.test.ts > scan result statistics > correctly calculates running, disabled, and safeToDisable counts 1ms
 Γ£ô src/main/ipc/service-manager.ipc.test.ts > scanServices > delegates to non-Windows platform 2ms
 Γ£ô src/main/ipc/service-manager.ipc.test.ts > scanServices > sends enumeration progress on start 3ms
 Γ£ô src/main/ipc/service-manager.ipc.test.ts > scanServices > parses SVC lines into WindowsService array 3ms
 Γ£ô src/main/ipc/service-manager.ipc.test.ts > scanServices > resolves dependencies from second PowerShell call 1ms
 Γ£ô src/main/ipc/service-manager.ipc.test.ts > scanServices > handles dependency resolution failure gracefully 1ms
 Γ£ô src/main/ipc/service-manager.ipc.test.ts > scanServices > calls progress every 20 services during classification 1ms
 Γ£ô src/main/ipc/service-manager.ipc.test.ts > scanServices > calculates correct statistics 1ms
 Γ£ô src/main/ipc/service-manager.ipc.test.ts > scanServices > skips malformed SVC lines with fewer than 7 parts 1ms
 Γ£ô src/main/ipc/service-manager.ipc.test.ts > scanServices > uses lookupServiceSafety for each service 1ms
 Γ£ô src/main/ipc/service-manager.ipc.test.ts > scanServices > returns empty result when no services found 1ms
 Γ£ô src/main/ipc/service-manager.ipc.test.ts > scanServices > includes incompatibleGames from safety KB 1ms
 Γ£ô src/main/ipc/service-manager.ipc.test.ts > scanServices > normalizes all start type variants including Boot, System, AutoDelayed 1ms
 Γ£ô src/main/ipc/service-manager.ipc.test.ts > scanServices > normalizes all status variants including StartPending, StopPending, Paused 1ms
 Γ£ô src/main/ipc/service-manager.ipc.test.ts > scanServices > handles DEP parsing with empty dependency fields 1ms
 Γ£ô src/main/ipc/service-manager.ipc.test.ts > scanServices > uses fallback defaults for unrecognized startType/status 1ms
 Γ£ô src/main/ipc/service-manager.ipc.test.ts > applyServiceChanges > returns empty result for empty changes array 1ms
 Γ£ô src/main/ipc/service-manager.ipc.test.ts > applyServiceChanges > delegates to non-Windows platform 1ms
 Γ£ô src/main/ipc/service-manager.ipc.test.ts > applyServiceChanges > returns error for invalid change entry type 1ms
 Γ£ô src/main/ipc/service-manager.ipc.test.ts > applyServiceChanges > returns error for invalid service name 0ms
 Γ£ô src/main/ipc/service-manager.ipc.test.ts > applyServiceChanges > filters unsafe services when force is false 1ms
 Γ£ô src/main/ipc/service-manager.ipc.test.ts > applyServiceChanges > allows unsafe services when force is true 1ms
 Γ£ô src/main/ipc/service-manager.ipc.test.ts > applyServiceChanges > parses OK and FAIL lines from PowerShell output 1ms
 Γ£ô src/main/ipc/service-manager.ipc.test.ts > applyServiceChanges > handles PowerShell execution error 1ms
 Γ£ô src/main/ipc/service-manager.ipc.test.ts > applyServiceChanges > maps targetStartType through ALLOWED_TYPES 1ms
 Γ£ô src/main/ipc/service-manager.ipc.test.ts > applyServiceChanges > handles PowerShell exception with non-Error type 0ms
 Γ£ô src/main/ipc/service-manager.ipc.test.ts > applyServiceChanges > falls back to Disabled for unknown targetStartType 0ms
 Γ£ô src/main/ipc/service-manager.ipc.test.ts > applyServiceChanges > parses FAIL lines with missing parts using fallback defaults 1ms
 Γ£ô src/main/ipc/service-manager.ipc.test.ts > applyServiceChanges > handles non-string targetStartType as invalid entry 0ms
 Γ£ô src/main/ipc/service-manager.ipc.test.ts > registerServiceManagerIpc > registers SERVICE_SCAN and SERVICE_APPLY handlers 2ms
 Γ£ô src/main/ipc/service-manager.ipc.test.ts > registerServiceManagerIpc > SERVICE_SCAN handler calls scanServices and forwards progress to window 1ms
 Γ£ô src/main/ipc/service-manager.ipc.test.ts > registerServiceManagerIpc > SERVICE_SCAN progress callback sends to window 1ms
 Γ£ô src/main/ipc/service-manager.ipc.test.ts > registerServiceManagerIpc > SERVICE_APPLY handler validates changes is an array 1ms
 Γ£ô src/main/ipc/service-manager.ipc.test.ts > registerServiceManagerIpc > SERVICE_APPLY handler passes force flag to applyServiceChanges 0ms
 Γ£ô src/main/ipc/startup-safety.ipc.test.ts > registerStartupSafetyIpc > registers the STARTUP_SAFETY_FETCH handler 9ms
 Γ£ô src/main/ipc/startup-safety.ipc.test.ts > registerStartupSafetyIpc > STARTUP_SAFETY_FETCH handler > returns empty ratings and pending 2ms
 Γ£ô src/main/ipc/software-updater.ipc.test.ts > software-updater IPC > registers both IPC handlers 7ms
 Γ£ô src/main/ipc/software-updater.ipc.test.ts > software-updater IPC > SOFTWARE_UPDATE_CHECK > delegates to checkForUpdates and returns its result 3ms
 Γ£ô src/main/ipc/software-updater.ipc.test.ts > software-updater IPC > SOFTWARE_UPDATE_CHECK > returns empty result when checkForUpdates throws 1ms
 Γ£ô src/main/ipc/software-updater.ipc.test.ts > software-updater IPC > SOFTWARE_UPDATE_RUN > passes safe IDs and sendProgress callback to runUpdates 1ms
 Γ£ô src/main/ipc/software-updater.ipc.test.ts > software-updater IPC > SOFTWARE_UPDATE_RUN > returns empty result when appIds is not an array 1ms
 Γ£ô src/main/ipc/software-updater.ipc.test.ts > software-updater IPC > SOFTWARE_UPDATE_RUN > returns empty result when appIds is an empty array 1ms
 Γ£ô src/main/ipc/software-updater.ipc.test.ts > software-updater IPC > SOFTWARE_UPDATE_RUN > returns empty result when appIds is null 1ms
 Γ£ô src/main/ipc/software-updater.ipc.test.ts > software-updater IPC > SOFTWARE_UPDATE_RUN > filters out non-string and empty entries from appIds 0ms
 Γ£ô src/main/ipc/software-updater.ipc.test.ts > software-updater IPC > SOFTWARE_UPDATE_RUN > filters out strings that are >= 200 characters 1ms
 Γ£ô src/main/ipc/software-updater.ipc.test.ts > software-updater IPC > SOFTWARE_UPDATE_RUN > sendProgress sends data to window via IPC 3ms
 Γ£ô src/main/ipc/software-updater.ipc.test.ts > software-updater IPC > SOFTWARE_UPDATE_RUN > sendProgress does not throw when window is null 3ms
 Γ£ô src/main/ipc/software-updater.ipc.test.ts > software-updater IPC > SOFTWARE_UPDATE_RUN > sendProgress does not throw when window is destroyed 1ms
 Γ£ô src/main/ipc/software-updater.ipc.test.ts > software-updater IPC > SOFTWARE_UPDATE_RUN > propagates errors from runUpdates 3ms
 Γ£ô src/main/cli.test.ts > handler: leftovers > shows leftovers scan as json 10ms
 Γ£ô src/main/cli.test.ts > handler: leftovers > cleans leftovers 10ms
 Γ£ô src/main/cli.test.ts > handler: leftovers > shows nothing found for empty leftovers clean 10ms
 Γ£ô src/main/cli.test.ts > handler: leftovers > shows usage for unknown subcommand 10ms
 Γ£ô src/main/cli.test.ts > handler: network > shows network scan results 11ms
 Γ£ô src/main/cli.test.ts > handler: network > shows network scan as json 9ms
 Γ£ô src/main/cli.test.ts > handler: network > cleans network items 9ms
 Γ£ô src/main/cli.test.ts > handler: network > cleans selected network items 10ms
 Γ£ô src/main/cli.test.ts > handler: network > shows nothing found for empty network clean 9ms
 Γ£ô src/main/cli.test.ts > handler: network > shows usage for unknown subcommand 12ms
 Γ£ô src/main/ipc/shortcut-cleaner.ipc.test.ts > isTargetBroken logic > does not flag shortcuts in Windows system subdirectories 5ms
 Γ£ô src/main/ipc/shortcut-cleaner.ipc.test.ts > isTargetBroken logic > does not flag shortcuts in Administrative Tools 1ms
 Γ£ô src/main/ipc/shortcut-cleaner.ipc.test.ts > isTargetBroken logic > does not flag shortcuts in Accessibility 0ms
 Γ£ô src/main/ipc/shortcut-cleaner.ipc.test.ts > isTargetBroken logic > does not flag Windows shortcuts with no resolvable target (shell namespace targets) 0ms
 Γ£ô src/main/ipc/shortcut-cleaner.ipc.test.ts > isTargetBroken logic > does not flag taskbar shortcuts with null target 0ms
 Γ£ô src/main/ipc/shortcut-cleaner.ipc.test.ts > isTargetBroken logic > does not flag taskbar shortcuts with Windows drive-letter targets 1ms
 Γ£ô src/main/ipc/shortcut-cleaner.ipc.test.ts > isTargetBroken logic > does not flag shortcuts pointing to Windows system executables 0ms
 Γ£ô src/main/ipc/shortcut-cleaner.ipc.test.ts > isTargetBroken logic > does not flag HTTP URL targets 0ms
 Γ£ô src/main/ipc/shortcut-cleaner.ipc.test.ts > isTargetBroken logic > does not flag HTTPS URL targets 0ms
 Γ£ô src/main/ipc/shortcut-cleaner.ipc.test.ts > isTargetBroken logic > does not flag shell: protocol targets 0ms
 Γ£ô src/main/ipc/shortcut-cleaner.ipc.test.ts > isTargetBroken logic > does not flag microsoft. UWP targets 0ms
 Γ£ô src/main/ipc/shortcut-cleaner.ipc.test.ts > isTargetBroken logic > does not flag WindowsApps targets 0ms
 Γ£ô src/main/ipc/shortcut-cleaner.ipc.test.ts > isTargetBroken logic > does not flag other protocol handlers (e.g. ftp:) 0ms
 Γ£ô src/main/ipc/shortcut-cleaner.ipc.test.ts > isTargetBroken logic > flags empty string target as broken 0ms
 Γ£ô src/main/ipc/shortcut-cleaner.ipc.test.ts > isTargetBroken logic > Windows drive-letter targets are treated as protocol-like (not broken) 0ms
 Γ£ô src/main/ipc/shortcut-cleaner.ipc.test.ts > isTargetBroken logic > does not flag existing target (Windows drive letter) 0ms
 Γ£ô src/main/ipc/shortcut-cleaner.ipc.test.ts > WIN_SYSTEM_SUBDIRS regex > matches System Tools 0ms
 Γ£ô src/main/ipc/shortcut-cleaner.ipc.test.ts > WIN_SYSTEM_SUBDIRS regex > matches Administrative Tools 0ms
 Γ£ô src/main/ipc/shortcut-cleaner.ipc.test.ts > WIN_SYSTEM_SUBDIRS regex > matches Accessibility 0ms
 Γ£ô src/main/ipc/shortcut-cleaner.ipc.test.ts > WIN_SYSTEM_SUBDIRS regex > matches Windows PowerShell 0ms
 Γ£ô src/main/ipc/shortcut-cleaner.ipc.test.ts > WIN_SYSTEM_SUBDIRS regex > matches Windows System 0ms
 Γ£ô src/main/ipc/shortcut-cleaner.ipc.test.ts > WIN_SYSTEM_SUBDIRS regex > matches Windows Accessories 0ms
 Γ£ô src/main/ipc/shortcut-cleaner.ipc.test.ts > WIN_SYSTEM_SUBDIRS regex > is case-insensitive 0ms
 Γ£ô src/main/ipc/shortcut-cleaner.ipc.test.ts > WIN_SYSTEM_SUBDIRS regex > does not match arbitrary directory names 0ms
 Γ£ô src/main/ipc/shortcut-cleaner.ipc.test.ts > SHORTCUT_CLEAN input validation > rejects non-array input 0ms
 Γ£ô src/main/ipc/shortcut-cleaner.ipc.test.ts > SHORTCUT_CLEAN input validation > accepts valid string array 2ms
 Γ£ô src/main/ipc/shortcut-cleaner.ipc.test.ts > SHORTCUT_CLEAN input validation > accepts empty array 0ms
 Γ£ô src/main/ipc/shortcut-cleaner.ipc.test.ts > SHORTCUT_CLEAN input validation > rejects mixed types 0ms
 Γ£ô src/main/ipc/shortcut-cleaner.ipc.test.ts > SHORTCUT_CLEAN input validation > returns null for invalid input (not empty result) 0ms
 Γ£ô src/main/ipc/shortcut-cleaner.ipc.test.ts > shortcut directories structure > Windows has 5 shortcut directories 2ms
 Γ£ô src/main/ipc/shortcut-cleaner.ipc.test.ts > registerShortcutCleanerIpc: SHORTCUT_SCAN > registers handlers > registers SHORTCUT_SCAN and SHORTCUT_CLEAN handlers 2ms
 Γ£ô src/main/ipc/shortcut-cleaner.ipc.test.ts > registerShortcutCleanerIpc: SHORTCUT_SCAN > Windows platform > resolves shortcuts via PowerShell and returns broken items 3ms
 Γ£ô src/main/ipc/shortcut-cleaner.ipc.test.ts > registerShortcutCleanerIpc: SHORTCUT_SCAN > Windows platform > caches broken items 4ms
 Γ£ô src/main/ipc/shortcut-cleaner.ipc.test.ts > registerShortcutCleanerIpc: SHORTCUT_SCAN > Windows platform > sends scan progress to the window 1ms
 Γ£ô src/main/ipc/shortcut-cleaner.ipc.test.ts > registerShortcutCleanerIpc: SHORTCUT_SCAN > Windows platform > does not send progress when window is null 1ms
 Γ£ô src/main/ipc/shortcut-cleaner.ipc.test.ts > registerShortcutCleanerIpc: SHORTCUT_SCAN > Windows platform > does not send progress when window is destroyed 1ms
 Γ£ô src/main/ipc/shortcut-cleaner.ipc.test.ts > registerShortcutCleanerIpc: SHORTCUT_SCAN > Windows platform > returns empty when no broken shortcuts found (all Windows system) 1ms
 Γ£ô src/main/ipc/shortcut-cleaner.ipc.test.ts > registerShortcutCleanerIpc: SHORTCUT_SCAN > Windows platform > handles PowerShell execution failure gracefully 1ms
 Γ£ô src/main/ipc/shortcut-cleaner.ipc.test.ts > registerShortcutCleanerIpc: SHORTCUT_SCAN > Windows platform > skips inaccessible directories but still returns items from accessible ones 1ms
 Γ£ô src/main/ipc/shortcut-cleaner.ipc.test.ts > registerShortcutCleanerIpc: SHORTCUT_SCAN > Windows platform > stat failure returns size 0 but still includes the item 1ms
 Γ£ô src/main/ipc/shortcut-cleaner.ipc.test.ts > registerShortcutCleanerIpc: SHORTCUT_CLEAN > returns empty result for non-array input 1ms
 Γ£ô src/main/ipc/shortcut-cleaner.ipc.test.ts > registerShortcutCleanerIpc: SHORTCUT_CLEAN > returns empty result for null input 1ms
 Γ£ô src/main/ipc/shortcut-cleaner.ipc.test.ts > registerShortcutCleanerIpc: SHORTCUT_CLEAN > returns empty result for array with non-string elements 1ms
 Γ£ô src/main/ipc/shortcut-cleaner.ipc.test.ts > registerShortcutCleanerIpc: SHORTCUT_CLEAN > calls cleanItems with valid string IDs 1ms
 Γ£ô src/main/ipc/shortcut-cleaner.ipc.test.ts > registerShortcutCleanerIpc: SHORTCUT_CLEAN > sends cleaning progress to the window via cleanItems callback 1ms
 Γ£ô src/main/ipc/registry-cleaner.ipc.test.ts > registerRegistryCleanerIpc > registers all five IPC handlers 9ms
 Γ£ô src/main/ipc/registry-cleaner.ipc.test.ts > IPC.REGISTRY_SCAN > returns empty array when not on Windows 5ms
 Γ£ô src/main/ipc/registry-cleaner.ipc.test.ts > IPC.REGISTRY_SCAN > scans and returns entries on success 4ms
 Γ£ô src/main/ipc/registry-cleaner.ipc.test.ts > IPC.REGISTRY_SCAN > returns empty array when scan is aborted 2ms
 Γ£ô src/main/ipc/registry-cleaner.ipc.test.ts > IPC.REGISTRY_SCAN > re-throws non-abort scan errors 3ms
 Γ£ô src/main/ipc/registry-cleaner.ipc.test.ts > IPC.REGISTRY_SCAN > logs unknown error when scan throws a non-Error value 1ms
 Γ£ô src/main/ipc/registry-cleaner.ipc.test.ts > IPC.REGISTRY_SCAN > cleans up old scan sessions beyond the limit of 3 2ms
 Γ£ô src/main/ipc/registry-cleaner.ipc.test.ts > IPC.REGISTRY_FIX > returns empty result when not on Windows 1ms
 Γ£ô src/main/ipc/registry-cleaner.ipc.test.ts > IPC.REGISTRY_FIX > returns empty result for invalid entry IDs 1ms
 Γ£ô src/main/ipc/registry-cleaner.ipc.test.ts > IPC.REGISTRY_FIX > fixes valid entries from scan sessions 1ms
 Γ£ô src/main/ipc/registry-cleaner.ipc.test.ts > IPC.REGISTRY_FIX > returns cancellation result when fix is aborted 1ms
 Γ£ô src/main/ipc/registry-cleaner.ipc.test.ts > IPC.REGISTRY_FIX > re-throws non-abort fix errors 1ms
 Γ£ô src/main/ipc/registry-cleaner.ipc.test.ts > IPC.REGISTRY_FIX > logs String(err) when fix throws a non-Error value 1ms
 Γ£ô src/main/ipc/registry-cleaner.ipc.test.ts > IPC.REGISTRY_FIX > sends progress to the window during fix 1ms
 Γ£ô src/main/ipc/registry-cleaner.ipc.test.ts > IPC.REGISTRY_FIX > skips progress when window is destroyed 1ms
 Γ£ô src/main/ipc/registry-cleaner.ipc.test.ts > IPC.REGISTRY_FIX > skips progress when window getter returns null 0ms
 Γ£ô src/main/ipc/registry-cleaner.ipc.test.ts > IPC.REGISTRY_SET_TWEAK_IGNORED > returns early when signatures validation fails 0ms
 Γ£ô src/main/ipc/registry-cleaner.ipc.test.ts > IPC.REGISTRY_SET_TWEAK_IGNORED > returns early when ignored is not a boolean 0ms
 Γ£ô src/main/ipc/registry-cleaner.ipc.test.ts > IPC.REGISTRY_SET_TWEAK_IGNORED > calls updateRegistryIgnoredTweaks with valid arguments 0ms
 Γ£ô src/main/ipc/registry-cleaner.ipc.test.ts > IPC.REGISTRY_SCAN_CANCEL > aborts an in-progress scan 1ms
 Γ£ô src/main/ipc/registry-cleaner.ipc.test.ts > IPC.REGISTRY_FIX_CANCEL > aborts an in-progress fix 1ms
 Γ£ô src/main/ipc/registry-cleaner.ipc.test.ts > module exports > re-exports scanRegistry from service 0ms
 Γ£ô src/main/ipc/registry-cleaner.ipc.test.ts > module exports > re-exports fixRegistryEntries from service 0ms
 Γ£ô src/main/ipc/registry-cleaner.ipc.test.ts > module exports > re-exports collectBackupTargets from service 0ms
 Γ£ô src/main/cli.test.ts > handler: startup > shows startup list 9ms
 Γ£ô src/main/cli.test.ts > handler: startup > shows startup list as json 6ms
 Γ£ô src/main/cli.test.ts > handler: startup > shows boot trace 6ms
 Γ£ô src/main/cli.test.ts > handler: startup > disables a startup item 8ms
 Γ£ô src/main/cli.test.ts > handler: startup > enables a startup item 9ms
 Γ£ô src/main/cli.test.ts > handler: startup > deletes a startup item 6ms
 Γ£ô src/main/cli.test.ts > handler: startup > shows not found for disabling nonexistent startup item 5ms
 Γ£ô src/main/cli.test.ts > handler: startup > shows usage for disable without name 9ms
 Γ£ô src/main/cli.test.ts > handler: startup > shows usage for delete without name 7ms
 Γ£ô src/main/cli.test.ts > handler: startup > shows usage for unknown subcommand 9ms
 Γ£ô src/main/cli.test.ts > handler: registry > shows registry scan results 10ms
 Γ£ô src/main/cli.test.ts > handler: registry > shows registry scan as json 9ms
 Γ£ô src/main/cli.test.ts > handler: registry > fixes high-risk registry entries by default 6ms
 Γ£ô src/main/ipc/winapp2-import.ipc.test.ts > convertWinapp2Vars > converts %AppData% to ${APPDATA} 4ms
 Γ£ô src/main/ipc/winapp2-import.ipc.test.ts > convertWinapp2Vars > converts %LocalAppData% to ${LOCALAPPDATA} 0ms
 Γ£ô src/main/ipc/winapp2-import.ipc.test.ts > convertWinapp2Vars > converts %ProgramFiles% to ${PROGRAMFILES} 0ms
 Γ£ô src/main/ipc/winapp2-import.ipc.test.ts > convertWinapp2Vars > converts %ProgramFiles(x86)% to ${PROGRAMFILES_X86} 0ms
 Γ£ô src/main/ipc/winapp2-import.ipc.test.ts > convertWinapp2Vars > converts %WinDir% to ${WINDIR} 0ms
 Γ£ô src/main/ipc/winapp2-import.ipc.test.ts > convertWinapp2Vars > converts %UserProfile% to ${HOME} 0ms
 Γ£ô src/main/ipc/winapp2-import.ipc.test.ts > convertWinapp2Vars > converts %SystemDrive% to ${SYSTEMDRIVE} 0ms
 Γ£ô src/main/ipc/winapp2-import.ipc.test.ts > convertWinapp2Vars > converts %Temp% to ${LOCALAPPDATA}\Temp 0ms
 Γ£ô src/main/ipc/winapp2-import.ipc.test.ts > convertWinapp2Vars > converts %Documents% to ${HOME}\Documents 0ms
 Γ£ô src/main/ipc/winapp2-import.ipc.test.ts > convertWinapp2Vars > handles mixed variables in one string 0ms
 Γ£ô src/main/ipc/winapp2-import.ipc.test.ts > convertWinapp2Vars > leaves normal paths unchanged 0ms
 Γ£ô src/main/ipc/winapp2-import.ipc.test.ts > parseWinapp2 > parses a normal section header 3ms
 Γ£ô src/main/ipc/winapp2-import.ipc.test.ts > parseWinapp2 > parses a warning section (* suffix) 1ms
 Γ£ô src/main/ipc/winapp2-import.ipc.test.ts > parseWinapp2 > parses uncheckable section (% suffix) 0ms
 Γ£ô src/main/ipc/winapp2-import.ipc.test.ts > parseWinapp2 > parses FileKey entries 1ms
 Γ£ô src/main/ipc/winapp2-import.ipc.test.ts > parseWinapp2 > parses FileKey with REMOVESELF 0ms
 Γ£ô src/main/ipc/winapp2-import.ipc.test.ts > parseWinapp2 > parses FileKey without RECURSE 0ms
 Γ£ô src/main/ipc/winapp2-import.ipc.test.ts > parseWinapp2 > parses multiple FileKey entries 0ms
 Γ£ô src/main/ipc/winapp2-import.ipc.test.ts > parseWinapp2 > parses RegKey entries 0ms
 Γ£ô src/main/ipc/winapp2-import.ipc.test.ts > parseWinapp2 > parses Detect entries 1ms
 Γ£ô src/main/ipc/winapp2-import.ipc.test.ts > parseWinapp2 > parses DetectHKLM and DetectHKCU 1ms
 Γ£ô src/main/ipc/winapp2-import.ipc.test.ts > parseWinapp2 > parses DetectHKCUSoftware entries 0ms
 Γ£ô src/main/ipc/winapp2-import.ipc.test.ts > parseWinapp2 > defaults Default to false when not specified 0ms
 Γ£ô src/main/ipc/winapp2-import.ipc.test.ts > parseWinapp2 > parses Default=False correctly 0ms
 Γ£ô src/main/ipc/winapp2-import.ipc.test.ts > parseWinapp2 > parses Warn=True to set warning flag 0ms
 Γ£ô src/main/ipc/winapp2-import.ipc.test.ts > parseWinapp2 > parses multiple sections 1ms
 Γ£ô src/main/ipc/winapp2-import.ipc.test.ts > parseWinapp2 > handles empty content 0ms
 Γ£ô src/main/ipc/winapp2-import.ipc.test.ts > parseWinapp2 > handles content with no sections 0ms
 Γ£ô src/main/ipc/winapp2-import.ipc.test.ts > parseWinapp2 > skips comment lines and empty lines 0ms
 Γ£ô src/main/ipc/winapp2-import.ipc.test.ts > parseWinapp2 > parses LangSecRef as number 0ms
 Γ£ô src/main/ipc/winapp2-import.ipc.test.ts > parseWinapp2 > handles sections without LangSecRef 0ms
 Γ£ô src/main/ipc/winapp2-import.ipc.test.ts > parseWinapp2 > handles CRLF and LF line endings 0ms
 Γ£ô src/main/cli.test.ts > handler: registry > fixes all registry entries with --all 7ms
 Γ£ô src/main/cli.test.ts > handler: registry > shows nothing to fix for empty registry scan 6ms
 Γ£ô src/main/cli.test.ts > handler: registry > shows usage for unknown subcommand 6ms
 Γ£ô src/main/cli.test.ts > handler: debloat > shows bloatware scan results 7ms
 Γ£ô src/main/cli.test.ts > handler: debloat > shows bloatware scan as json 5ms
 Γ£ô src/main/cli.test.ts > handler: debloat > removes bloatware --all 7ms
 Γ£ô src/main/cli.test.ts > handler: debloat > removes specific bloatware packages 6ms
 Γ£ô src/main/cli.test.ts > handler: debloat > shows nothing found for empty bloatware --all 5ms
 Γ£ô src/main/cli.test.ts > handler: debloat > shows usage for remove without packages 7ms
 Γ£ô src/main/cli.test.ts > handler: debloat > shows usage for unknown subcommand 11ms
 Γ£ô src/main/cli.test.ts > handler: privacy > shows privacy scan results 11ms
 Γ£ô src/main/cli.test.ts > handler: privacy > shows privacy scan as json 9ms
 Γ£ô src/main/cli.test.ts > handler: privacy > applies all privacy settings with --all 6ms
 Γ£ô src/main/cli.test.ts > handler: privacy > applies only disabled privacy settings by default 7ms
 Γ£ô src/main/ipc/uninstall-leftovers.ipc.test.ts > uninstall-leftovers IPC > registers both IPC handlers 8ms
 Γ£ô src/main/ipc/uninstall-leftovers.ipc.test.ts > uninstall-leftovers IPC > UNINSTALL_LEFTOVERS_SCAN > returns scan results from scanForLeftovers 3ms
 Γ£ô src/main/ipc/uninstall-leftovers.ipc.test.ts > uninstall-leftovers IPC > UNINSTALL_LEFTOVERS_SCAN > passes getWindow to scanForLeftovers 2ms
 Γ£ô src/main/ipc/uninstall-leftovers.ipc.test.ts > uninstall-leftovers IPC > UNINSTALL_LEFTOVERS_SCAN > caches items from each scan result 2ms
 Γ£ô src/main/ipc/uninstall-leftovers.ipc.test.ts > uninstall-leftovers IPC > UNINSTALL_LEFTOVERS_SCAN > caches items even when results are empty 1ms
 Γ£ô src/main/ipc/uninstall-leftovers.ipc.test.ts > uninstall-leftovers IPC > UNINSTALL_LEFTOVERS_SCAN > returns empty array when scanForLeftovers throws 1ms
 Γ£ô src/main/ipc/uninstall-leftovers.ipc.test.ts > uninstall-leftovers IPC > UNINSTALL_LEFTOVERS_SCAN > does not send progress when window is null after scan 2ms
 Γ£ô src/main/ipc/uninstall-leftovers.ipc.test.ts > uninstall-leftovers IPC > UNINSTALL_LEFTOVERS_CLEAN > validates input and delegates to cleanItems 4ms
 Γ£ô src/main/ipc/uninstall-leftovers.ipc.test.ts > uninstall-leftovers IPC > UNINSTALL_LEFTOVERS_CLEAN > returns empty result when validation fails (returns null) 1ms
 Γ£ô src/main/ipc/uninstall-leftovers.ipc.test.ts > uninstall-leftovers IPC > UNINSTALL_LEFTOVERS_CLEAN > returns empty result when given null input 0ms
 Γ£ô src/main/ipc/uninstall-leftovers.ipc.test.ts > uninstall-leftovers IPC > UNINSTALL_LEFTOVERS_CLEAN > returns empty result when given undefined input 0ms
 Γ£ô src/main/ipc/uninstall-leftovers.ipc.test.ts > uninstall-leftovers IPC > UNINSTALL_LEFTOVERS_CLEAN > returns empty result when given a number 0ms
 Γ£ô src/main/ipc/uninstall-leftovers.ipc.test.ts > uninstall-leftovers IPC > UNINSTALL_LEFTOVERS_CLEAN > propagates errors from cleanItems 4ms
 Γ£ô src/main/ipc/uninstall-leftovers.ipc.test.ts > uninstall-leftovers IPC > UNINSTALL_LEFTOVERS_CLEAN > does not send progress when window is null during clean 1ms
 Γ£ô src/main/ipc/uninstall-leftovers.ipc.test.ts > uninstall-leftovers IPC > UNINSTALL_LEFTOVERS_CLEAN > handles total=0 in progress callback without division by zero 1ms
 Γ£ô src/main/ipc/uninstall-leftovers.ipc.test.ts > uninstall-leftovers IPC > UNINSTALL_LEFTOVERS_CLEAN > does not send progress when window is destroyed during clean 1ms
 Γ£ô src/main/ipc/vulnerability-scanner.ipc.test.ts > registerVulnerabilityScannerIpc > registers VULN_SCAN, VULN_APPLY, VULN_REVERT handlers 128ms
 Γ£ô src/main/ipc/vulnerability-scanner.ipc.test.ts > registerVulnerabilityScannerIpc > VULN_SCAN handler calls scanVulnerabilities 2ms
 Γ£ô src/main/ipc/vulnerability-scanner.ipc.test.ts > registerVulnerabilityScannerIpc > VULN_APPLY validates input before passing to service 4ms
 Γ£ô src/main/ipc/vulnerability-scanner.ipc.test.ts > registerVulnerabilityScannerIpc > VULN_REVERT validates input before passing to service 1ms
 Γ£ô src/main/ipc/vulnerability-scanner.ipc.test.ts > registerVulnerabilityScannerIpc > VULN_APPLY passes valid string array to service 4ms
 Γ£ô src/main/ipc/vulnerability-scanner.ipc.test.ts > registerVulnerabilityScannerIpc > exports service functions directly 1ms
 Γ£ô src/main/ipc/vulnerability-scanner.ipc.test.ts > registerVulnerabilityScannerIpc > VULN_SCAN sends progress to valid window 2ms
 Γ£ô src/main/ipc/vulnerability-scanner.ipc.test.ts > registerVulnerabilityScannerIpc > VULN_SCAN skips progress when window is destroyed 1ms
 Γ£ô src/main/ipc/vulnerability-scanner.ipc.test.ts > registerVulnerabilityScannerIpc > VULN_SCAN re-throws when scanVulnerabilities fails 4ms
 Γ£ô src/main/ipc/vulnerability-scanner.ipc.test.ts > registerVulnerabilityScannerIpc > VULN_APPLY sends progress to valid window 1ms
 Γ£ô src/main/ipc/vulnerability-scanner.ipc.test.ts > registerVulnerabilityScannerIpc > VULN_APPLY skips progress when window is destroyed 1ms
 Γ£ô src/main/ipc/vulnerability-scanner.ipc.test.ts > registerVulnerabilityScannerIpc > VULN_APPLY re-throws when applyVulnerabilityFix fails 1ms
 Γ£ô src/main/ipc/vulnerability-scanner.ipc.test.ts > registerVulnerabilityScannerIpc > VULN_REVERT passes valid input to service 1ms
 Γ£ô src/main/ipc/vulnerability-scanner.ipc.test.ts > registerVulnerabilityScannerIpc > VULN_REVERT sends progress to valid window 1ms
 Γ£ô src/main/ipc/vulnerability-scanner.ipc.test.ts > registerVulnerabilityScannerIpc > VULN_REVERT skips progress when window is destroyed 1ms
 Γ£ô src/main/ipc/vulnerability-scanner.ipc.test.ts > registerVulnerabilityScannerIpc > VULN_REVERT re-throws when revertVulnerabilityFix fails 1ms
 Γ£ô src/main/platform/index.test.ts > getPlatform > returns a platform provider on win32 14ms
 Γ£ô src/main/platform/index.test.ts > getPlatform > returns the cached provider on second call 1ms
 Γ£ô src/main/platform/index.test.ts > getPlatform > throws on non-Windows platforms 1ms
 Γ£ô src/main/ipc/winapp2-rules-store.test.ts > winapp2-rules-store > starts empty after clear 8ms
 Γ£ô src/main/ipc/winapp2-rules-store.test.ts > winapp2-rules-store > stores rules in memory 3ms
 Γ£ô src/main/ipc/winapp2-rules-store.test.ts > winapp2-rules-store > persists rules to disk on set 2ms
 Γ£ô src/main/ipc/winapp2-rules-store.test.ts > winapp2-rules-store > replaces rules on second set 1ms
 Γ£ô src/main/ipc/winapp2-rules-store.test.ts > winapp2-rules-store > clear resets to empty and clears disk cache 1ms
 Γ£ô src/main/ipc/winapp2-rules-store.test.ts > winapp2-rules-store > loadCachedRules loads rules from disk 1ms
 Γ£ô src/main/ipc/winapp2-rules-store.test.ts > winapp2-rules-store > loadCachedRules returns false when no cache file 0ms
 Γ£ô src/main/ipc/winapp2-rules-store.test.ts > winapp2-rules-store > returns count via getCachedRulesCount 0ms
 Γ£ô src/main/ipc/winapp2-rules-store.test.ts > winapp2-rules-store > downloadAndCacheRules > downloads, parses, caches rules 3ms
 Γ£ô src/main/ipc/winapp2-rules-store.test.ts > winapp2-rules-store > downloadAndCacheRules > throws on HTTP error 4ms
 Γ£ô src/main/ipc/winapp2-rules-store.test.ts > winapp2-rules-store > ensureRulesLoaded > loads cached rules when valid 1ms
 Γ£ô src/main/ipc/winapp2-rules-store.test.ts > winapp2-rules-store > ensureRulesLoaded > downloads when cache is empty 1ms
 Γ£ô src/main/cli.test.ts > handler: privacy > shows nothing to apply when all settings enabled 11ms
 Γ£ô src/main/cli.test.ts > handler: privacy > shows usage for unknown subcommand 9ms
 Γ£ô src/main/cli.test.ts > handler: malware > shows malware scan results 9ms
 Γ£ô src/main/cli.test.ts > handler: malware > shows malware scan as json 9ms
 Γ£ô src/main/cli.test.ts > handler: malware > shows no threats for clean scan 10ms
 Γ£ô src/main/cli.test.ts > handler: malware > quarantines a malware file 7ms
 Γ£ô src/main/cli.test.ts > handler: malware > shows usage for quarantine without path 8ms
 Γ£ô src/main/cli.test.ts > handler: malware > deletes a malware file 7ms
 Γ£ô src/main/cli.test.ts > handler: malware > shows usage for delete without path 6ms
 Γ£ô src/main/cli.test.ts > handler: malware > shows usage for unknown subcommand 6ms
 Γ£ô src/main/cli.test.ts > handler: drivers > shows driver scan results 10ms
 Γ£ô src/main/cli.test.ts > handler: drivers > shows driver scan as json 10ms
 Γ£ô src/main/ipc/system-cleaner.ipc.test.ts > registerSystemCleanerIpc > registers SYSTEM_SCAN and SYSTEM_CLEAN handlers 7ms
 Γ£ô src/main/ipc/system-cleaner.ipc.test.ts > SYSTEM_SCAN handler > returns empty results when no targets defined 4ms
 Γ£ô src/main/ipc/system-cleaner.ipc.test.ts > SYSTEM_SCAN handler > scans each system target and caches items 3ms
 Γ£ô src/main/ipc/system-cleaner.ipc.test.ts > SYSTEM_SCAN handler > skips targets that require admin when not elevated 1ms
 Γ£ô src/main/ipc/system-cleaner.ipc.test.ts > SYSTEM_SCAN handler > filters protected event log files 1ms
 Γ£ô src/main/ipc/system-cleaner.ipc.test.ts > SYSTEM_SCAN handler > sends progress during scan 4ms
 Γ£ô src/main/ipc/system-cleaner.ipc.test.ts > SYSTEM_SCAN handler > scans single file targets 1ms
 Γ£ô src/main/ipc/system-cleaner.ipc.test.ts > SYSTEM_SCAN handler > skips single file target with empty items 1ms
 Γ£ô src/main/ipc/system-cleaner.ipc.test.ts > SYSTEM_SCAN handler > scans target with childSubdir path 1ms
 Γ£ô src/main/ipc/system-cleaner.ipc.test.ts > SYSTEM_SCAN handler > filters event log with empty filename after pop 1ms
 Γ£ô src/main/ipc/system-cleaner.ipc.test.ts > SYSTEM_SCAN handler > scans winapp2 imported rules 1ms
 Γ£ô src/main/ipc/system-cleaner.ipc.test.ts > SYSTEM_SCAN handler > skips winapp2 rule with empty items 1ms
 Γ£ô src/main/ipc/system-cleaner.ipc.test.ts > SYSTEM_CLEAN handler > rejects invalid input 1ms
 Γ£ô src/main/ipc/system-cleaner.ipc.test.ts > SYSTEM_CLEAN handler > calls cleanItems with valid IDs and progress callback 2ms
 Γ£ô src/main/ipc/system-cleaner.ipc.test.ts > SYSTEM_CLEAN handler > does not send clean progress when window is null 1ms
 Γ£ô src/main/ipc/system-cleaner.ipc.test.ts > SYSTEM_CLEAN handler > does not send clean progress when window is destroyed 1ms
 Γ£ô src/main/ipc/clips-engine-connection.test.ts > getCurrentStatus > includes replay buffer fields when non-zero 504ms
 Γ£ô src/main/ipc/clips-engine-connection.test.ts > sendPipeCommand > rejects when pipe not connected 3ms
 Γ£ô src/main/rules/loader.test.ts > buildCleanerPaths > systemCleanTargets resolves paths and includes needsAdmin 8ms
 Γ£ô src/main/rules/loader.test.ts > buildCleanerPaths > singleFileCleanTargets returns resolved paths 1ms
 Γ£ô src/main/rules/loader.test.ts > buildCleanerPaths > protectedEventLogs returns event logs list 2ms
 Γ£ô src/main/rules/loader.test.ts > buildCleanerPaths > browserPaths returns all browser paths 4ms
 Γ£ô src/main/rules/loader.test.ts > buildCleanerPaths > appPaths resolves paths and includes childSubdir 1ms
 Γ£ô src/main/rules/loader.test.ts > buildCleanerPaths > gamingPaths returns resolved paths 1ms
 Γ£ô src/main/rules/loader.test.ts > buildCleanerPaths > gpuCachePaths returns resolved paths 1ms
 Γ£ô src/main/rules/loader.test.ts > buildCleanerPaths > steamLibraries returns resolved libraries 1ms
 Γ£ô src/main/rules/loader.test.ts > buildCleanerPaths > steamRedistPatterns returns redist patterns 1ms
 Γ£ô src/main/rules/loader.test.ts > buildCleanerPaths > trashPath returns misc trash path 0ms
 Γ£ô src/main/rules/loader.test.ts > buildCleanerPaths > databaseOptimizeTargets resolves all target types 1ms
 Γ£ô src/main/rules/loader.test.ts > buildCleanerPaths > databaseOptimizeTargets resolves array dbFiles 1ms
 Γ£ô src/main/rules/loader.test.ts > getWinVars fallbacks > falls back to defaults when env vars are missing 1ms
 Γ£ô src/main/rules/loader.test.ts > resolveVars > replaces unknown variable with empty string 1ms
 Γ£ô src/main/cli.test.ts > handler: drivers > cleans driver packages 9ms
 Γ£ô src/main/cli.test.ts > handler: drivers > shows usage for clean without name 9ms
 Γ£ô src/main/cli.test.ts > handler: drivers > shows driver updates check 7ms
 Γ£ô src/main/cli.test.ts > handler: drivers > shows driver updates check as json 6ms
 Γ£ô src/main/cli.test.ts > handler: drivers > installs all driver updates with --all 8ms
 Γ£ô src/main/cli.test.ts > handler: drivers > installs specific driver updates 6ms
 Γ£ô src/main/cli.test.ts > handler: drivers > shows nothing to update when no updates 10ms
 Γ£ô src/main/cli.test.ts > handler: drivers > shows usage for update without ids and without --all 7ms
 Γ£ô src/main/cli.test.ts > handler: drivers > shows usage for unknown subcommand 6ms
 Γ£ô src/main/cli.test.ts > handler: updates > shows updates check results 7ms
 Γ£ô src/main/cli.test.ts > handler: updates > shows updates check as json 9ms
 Γ£ô src/main/cli.test.ts > handler: updates > shows package manager unavailable message 9ms
 Γ£ô src/main/cli.test.ts > handler: updates > runs all updates with --all 9ms
 Γ£ô src/main/ipc/clips.ipc.test.ts > CLIPS_START_ENGINE success + stopEngineProcess > stopEngineProcess is no-op when engine not running 2ms
 Γ£ô src/main/ipc/clips.ipc.test.ts > CLIPS_START_ENGINE success + stopEngineProcess > CLIPS_STOP_ENGINE handler delegates to stopEngineProcess 503ms
 Γ£ô src/main/services/backup-dir.test.ts > getDefaultBackupDir > returns Documents/DiNho Optimizer Backups under homedir 6ms
 Γ£ô src/main/services/backup-dir.test.ts > getDefaultBackupDir > uses homedir from os module 1ms
 Γ£ô src/main/services/backup-dir.test.ts > getBackupDir > returns configured backupPath when valid and absolute 1ms
 Γ£ô src/main/services/backup-dir.test.ts > getBackupDir > returns default when backupPath is empty string 0ms
 Γ£ô src/main/services/backup-dir.test.ts > getBackupDir > returns default when backupPath is not a string 0ms
 Γ£ô src/main/services/backup-dir.test.ts > getBackupDir > returns default when backupPath is not absolute 0ms
 Γ£ô src/main/services/backup-dir.test.ts > getBackupDir > returns default when backupPath is undefined 0ms
 Γ£ô src/main/services/backup-dir.test.ts > getBackupDir > calls getSettings once 1ms
 Γ£ô src/main/services/backup-dir.test.ts > getBackupDir > resolves relative segments in configured backupPath 1ms
 Γ£ô src/main/services/backup-dir.test.ts > getBackupDir > resolves dotted relative segments in configured backupPath 1ms
 Γ£ô src/main/services/backup-dir.test.ts > resolveBackupPath > returns resolved path for a safe subpath 1ms
 Γ£ô src/main/services/backup-dir.test.ts > resolveBackupPath > returns resolved path for a nested subpath 1ms
 Γ£ô src/main/services/backup-dir.test.ts > resolveBackupPath > throws for path traversal with parent directory 3ms
 Γ£ô src/main/services/backup-dir.test.ts > resolveBackupPath > throws for path traversal with absolute subpath 1ms
 Γ£ô src/main/services/backup-dir.test.ts > resolveBackupPath > throws for path traversal with leading parent 1ms
 Γ£ô src/main/services/backup-dir.test.ts > resolveBackupPath > uses current getBackupDir value on each call 0ms
 Γ£ô src/main/ipc/winsxs-cleaner.ipc.test.ts > registerWinSxSCleanerIpc > registers WINSXS_ANALYZE and WINSXS_CLEAN handlers 8ms
 Γ£ô src/main/ipc/winsxs-cleaner.ipc.test.ts > WINSXS_ANALYZE handler > returns elevation marker when not admin 5ms
 Γ£ô src/main/ipc/winsxs-cleaner.ipc.test.ts > WINSXS_ANALYZE handler > returns empty items when no reclaimable space 3ms
 Γ£ô src/main/ipc/winsxs-cleaner.ipc.test.ts > WINSXS_ANALYZE handler > returns reclaimable space when packages exist 8ms
 Γ£ô src/main/ipc/winsxs-cleaner.ipc.test.ts > WINSXS_ANALYZE handler > handles parse errors gracefully 1ms
 Γ£ô src/main/ipc/winsxs-cleaner.ipc.test.ts > WINSXS_ANALYZE handler > parses comma decimal separators 1ms
 Γ£ô src/main/ipc/winsxs-cleaner.ipc.test.ts > WINSXS_ANALYZE handler > parses MB values 1ms
 Γ£ô src/main/ipc/winsxs-cleaner.ipc.test.ts > WINSXS_ANALYZE handler > handles null window (destroyed) without crashing 1ms
 Γ£ô src/main/ipc/winsxs-cleaner.ipc.test.ts > WINSXS_ANALYZE handler > handles null window in catch block 1ms
 Γ£ô src/main/ipc/winsxs-cleaner.ipc.test.ts > WINSXS_ANALYZE handler > handles non-Error rejection in catch 1ms
 Γ£ô src/main/ipc/winsxs-cleaner.ipc.test.ts > WINSXS_ANALYZE handler > sends no progress when not-admin and window destroyed 1ms
 Γ£ô src/main/ipc/winsxs-cleaner.ipc.test.ts > WINSXS_CLEAN handler > returns needsElevation when not admin 1ms
 Γ£ô src/main/ipc/winsxs-cleaner.ipc.test.ts > WINSXS_CLEAN handler > spawns DISM and returns success when admin 2ms
 Γ£ô src/main/ipc/winsxs-cleaner.ipc.test.ts > WINSXS_CLEAN handler > sends progress events during clean 2ms
 Γ£ô src/main/ipc/winsxs-cleaner.ipc.test.ts > WINSXS_CLEAN handler > does not resend progress when percentage does not increase 1ms
 Γ£ô src/main/ipc/winsxs-cleaner.ipc.test.ts > WINSXS_CLEAN handler > handles spawn error gracefully 1ms
 Γ£ô src/main/ipc/winsxs-cleaner.ipc.test.ts > WINSXS_CLEAN handler > handles non-zero exit code 1ms
 Γ£ô src/main/ipc/winsxs-cleaner.ipc.test.ts > WINSXS_CLEAN handler > handles null exit code (DISM timed out) 1ms
 Γ£ô src/main/ipc/winsxs-cleaner.ipc.test.ts > WINSXS_CLEAN handler > handles destroyed window in clean progress 1ms
 Γ£ô src/test/path-safety.test.ts > shouldSkipDir > skips C:\Windows but not C:\MyWindows 2510ms
 Γ£ô src/test/path-safety.test.ts > shouldSkipDir > skips C:\Program Files paths 1ms
 Γ£ô src/test/path-safety.test.ts > shouldSkipDir > skips known system directory names 0ms
 Γ£ô src/test/path-safety.test.ts > shouldSkipDir > does not skip user data directories 0ms
 Γ£ô src/test/path-safety.test.ts > normalizePath > adds \\?\ prefix for paths > 240 characters 1ms
 Γ£ô src/test/path-safety.test.ts > normalizePath > does not add prefix for short paths 0ms
 Γ£ô src/test/path-safety.test.ts > normalizePath > does not double-prefix if already prefixed 0ms
 Γ£ô src/test/path-safety.test.ts > SKIP_DIRS_SET > contains expected system directory entries 1ms
 Γ£ô src/test/path-safety.test.ts > SKIP_DIRS_SET > contains dev skip entries 0ms
 Γ£ô src/test/path-safety.test.ts > FILE_EXTENSIONS > includes new extensions like .msp, .psm1, .html 2ms
 Γ£ô src/main/cli.test.ts > handler: updates > runs specific updates 13ms
 Γ£ô src/main/cli.test.ts > handler: updates > shows nothing to update when all up to date 8ms
 Γ£ô src/main/cli.test.ts > handler: updates > shows usage for run without ids 8ms
 Γ£ô src/main/cli.test.ts > handler: updates > shows usage for unknown subcommand 9ms
 Γ£ô src/main/cli.test.ts > handler: disk > shows drives list 11ms
 Γ£ô src/main/cli.test.ts > handler: disk > shows drives list as json 10ms
 Γ£ô src/main/cli.test.ts > handler: disk > analyzes a drive 9ms
 Γ£ô src/main/cli.test.ts > handler: disk > shows disk analyze as json 6ms
 Γ£ô src/main/cli.test.ts > handler: disk > shows usage for analyze without drive 6ms
 Γ£ô src/main/cli.test.ts > handler: disk > shows file types 9ms
 Γ£ô src/main/cli.test.ts > handler: disk > shows file types as json 9ms
 Γ£ô src/main/cli.test.ts > handler: disk > shows usage for file-types without drive 12ms
 Γ£ô src/main/ipc/clips.ipc.test.ts > CLIPS_SET_CONFIG > returns success when pipe is not connected 3ms
 Γ£ô src/main/ipc/clips.ipc.test.ts > CLIPS_SET_CONFIG > updates outputDirectory when set via config 1ms
 Γ£ô src/main/ipc/clips.ipc.test.ts > CLIPS_SET_CONFIG > accepts pushToTalkKeys array 1ms
 Γ£ô src/main/ipc/clips.ipc.test.ts > CLIPS_SET_CONFIG > accepts backward-compat pushToTalkKey number 1ms
 Γ£ô src/main/ipc/clips.ipc.test.ts > CLIPS_SET_CONFIG > updates gameAudioOnly 1ms
 Γ£ô src/main/ipc/clips.ipc.test.ts > CLIPS_SET_CONFIG > updates pushToTalkKeys to default when filter yields empty 1ms
 Γ£ô src/main/ipc/clips.ipc.test.ts > CLIPS_SET_CONFIG > handles falsy config gracefully 1ms
 Γ£ô src/main/ipc/clips.ipc.test.ts > CLIPS_SET_CONFIG > updates all typed config fields 2ms
 Γ£ô src/main/ipc/clips.ipc.test.ts > CLIPS_SET_CONFIG > syncs customGameProcess and micDeviceId when pipe is connected 1ms
 Γ£ô src/main/ipc/clips.ipc.test.ts > CLIPS_SELECT_OUTPUT_DIR > returns selected path when dialog is not canceled 1ms
 Γ£ô src/main/ipc/clips.ipc.test.ts > CLIPS_SELECT_OUTPUT_DIR > returns null when dialog is canceled 1ms
 Γ£ô src/main/ipc/clips.ipc.test.ts > CLIPS_SELECT_OUTPUT_DIR > uses dialog without focused window 1ms
 Γ£ô src/main/ipc/clips.ipc.test.ts > CLIPS_GET_AUDIO_SESSIONS > returns empty array when pipe is not connected 1ms
 Γ£ô src/main/ipc/clips.ipc.test.ts > CLIPS_GET_AUDIO_SESSIONS > returns sessions when pipe is connected and session array is present 1ms
 Γ£ô src/main/ipc/clips.ipc.test.ts > CLIPS_GET_AUDIO_SESSIONS > returns empty array when sessions payload is not an array 1ms
 Γ£ô src/main/ipc/clips.ipc.test.ts > CLIPS_GET_AUDIO_SESSIONS > returns empty array when sendPipeCommand throws 1ms
 Γ£ô src/main/ipc/clips.ipc.test.ts > CLIPS_SET_AUDIO_SESSIONS > rejects non-array sessionPids 1ms
 Γ£ô src/main/ipc/clips.ipc.test.ts > CLIPS_SET_AUDIO_SESSIONS > returns pipe-not-connected error when pipe is not connected 2ms
 Γ£ô src/main/ipc/clips.ipc.test.ts > CLIPS_SET_AUDIO_SESSIONS > sets audio sessions successfully when pipe is connected 2ms
 Γ£ô src/main/ipc/clips.ipc.test.ts > CLIPS_SET_AUDIO_SESSIONS > returns error when engine responds with success:false 1ms
 Γ£ô src/main/ipc/clips.ipc.test.ts > CLIPS_SET_AUDIO_SESSIONS > returns error when sendPipeCommand throws 1ms
 Γ£ô src/main/ipc/clips.ipc.test.ts > CLIPS_STOP_CAPTURE > returns success when engine is not running 1ms
 Γ£ô src/main/ipc/clips.ipc.test.ts > CLIPS_STOP_CAPTURE > stops capture when engine is running and pipe responds 1ms
 Γ£ô src/main/ipc/clips.ipc.test.ts > CLIPS_STOP_CAPTURE > returns error when engine is running but pipe fails 1ms
 Γ£ô src/main/ipc/clips.ipc.test.ts > CLIPS_SAVE_CLIP > returns error when engine is not running 1ms
 Γ£ô src/main/ipc/clips.ipc.test.ts > CLIPS_SAVE_CLIP > saves clip when pipe is connected directly 4ms
 Γ£ô src/main/services/auto-updater.test.ts > getUpdateStatus > returns initial idle state 4ms
 Γ£ô src/main/services/auto-updater.test.ts > initAutoUpdater > registers event handlers on autoUpdater 9ms
 Γ£ô src/main/services/auto-updater.test.ts > initAutoUpdater > checks for updates on startup 1ms
 Γ£ô src/main/services/auto-updater.test.ts > initAutoUpdater > does nothing when app is not packaged 1ms
 Γ£ô src/main/services/auto-updater.test.ts > initAutoUpdater > sets autoDownload from daemon mode 0ms
 Γ£ô src/main/services/auto-updater.test.ts > initAutoUpdater > sets autoDownload from settings 0ms
 Γ£ô src/main/services/auto-updater.test.ts > initAutoUpdater > broadcasts checking state 1ms
 Γ£ô src/main/services/auto-updater.test.ts > initAutoUpdater > broadcasts available state 1ms
 Γ£ô src/main/services/auto-updater.test.ts > initAutoUpdater > broadcasts not-available state 1ms
 Γ£ô src/main/services/auto-updater.test.ts > initAutoUpdater > broadcasts download progress 1ms
 Γ£ô src/main/services/auto-updater.test.ts > initAutoUpdater > broadcasts downloaded state and auto-installs in daemon mode 4ms
 Γ£ô src/main/services/auto-updater.test.ts > initAutoUpdater > broadcasts downloaded state and auto-restarts in GUI mode with setting 1ms
 Γ£ô src/main/services/auto-updater.test.ts > initAutoUpdater > broadcasts downloaded state without restart in GUI mode when setting disabled 1ms
 Γ£ô src/main/services/auto-updater.test.ts > initAutoUpdater > broadcasts error state 1ms
 Γ£ô src/main/services/auto-updater.test.ts > initAutoUpdater > handles error with null message 1ms
 Γ£ô src/main/services/auto-updater.test.ts > initAutoUpdater > handles error with undefined error 0ms
 Γ£ô src/main/services/auto-updater.test.ts > initAutoUpdater > logs error when startup check fails 53ms
 Γ£ô src/main/services/auto-updater.test.ts > broadcast in GUI mode > sends status to all windows 1ms
 Γ£ô src/main/services/auto-updater.test.ts > broadcast in GUI mode > skips destroyed windows 1ms
 Γ£ô src/main/services/auto-updater.test.ts > broadcast in GUI mode > handles disposed webContents gracefully 3ms
 Γ£ô src/main/services/auto-updater.test.ts > broadcast in GUI mode > writes to stdout in daemon mode instead of sending to windows 1ms
 Γ£ô src/main/services/auto-updater.test.ts > checkForUpdates > calls autoUpdater.checkForUpdates 1ms
 Γ£ô src/main/services/auto-updater.test.ts > checkForUpdates > rejects when check fails (no .catch in exported function) 3ms
 Γ£ô src/main/services/auto-updater.test.ts > checkForUpdates > resolves immediately when app is not packaged 1ms
 Γ£ô src/main/services/auto-updater.test.ts > downloadUpdate > calls autoUpdater.downloadUpdate 2ms
 Γ£ô src/main/services/auto-updater.test.ts > downloadUpdate > resolves immediately when app is not packaged 1ms
 Γ£ô src/main/services/auto-updater.test.ts > installUpdate > calls quitAndInstall 1ms
 Γ£ô src/main/services/auto-updater.test.ts > installUpdate > does nothing when app is not packaged 0ms
 Γ£ô src/main/services/auto-updater.test.ts > setAutoDownload > sets autoDownload on packaged build 0ms
 Γ£ô src/main/services/auto-updater.test.ts > setAutoDownload > does nothing when app is not packaged 0ms
 Γ£ô src/main/services/clips-config-manager.test.ts > clips-config-manager > module initialization > populates config from persisted defaults 9ms
 Γ£ô src/main/services/clips-config-manager.test.ts > clips-config-manager > buildEngineConfig > returns all expected fields with values from loaded config 5ms
 Γ£ô src/main/services/clips-config-manager.test.ts > clips-config-manager > buildEngineConfig > returns undefined for falsy customGameProcess 1ms
 Γ£ô src/main/services/clips-config-manager.test.ts > clips-config-manager > buildEngineConfig > returns undefined for falsy micDeviceId 0ms
 Γ£ô src/main/services/clips-config-manager.test.ts > clips-config-manager > buildEngineConfig > uses config hotkeys when non-empty 1ms
 Γ£ô src/main/services/clips-config-manager.test.ts > clips-config-manager > buildEngineConfig > uses default hotkeys when config.hotkeys is empty 1ms
 Γ£ô src/main/services/clips-config-manager.test.ts > clips-config-manager > buildEngineConfig > maps modifier names to VK codes 1ms
 Γ£ô src/main/services/clips-config-manager.test.ts > clips-config-manager > buildEngineConfig > returns 0 for unknown modifier 1ms
 Γ£ô src/main/services/clips-config-manager.test.ts > clips-config-manager > buildEngineConfig > uses process.pid for excludeProcessId when useExcludeMode is true 1ms
 Γ£ô src/main/services/clips-config-manager.test.ts > clips-config-manager > buildEngineConfig > capitalizes action name for engine format 0ms
 Γ£ô src/main/services/clips-config-manager.test.ts > clips-config-manager > buildEngineConfig > returns undefined for falsy autoStartCapture 0ms
 Γ£ô src/main/services/clips-config-manager.test.ts > clips-config-manager > getDefaultOutputDir > returns config.outputDirectory when set 0ms
 Γ£ô src/main/services/clips-config-manager.test.ts > clips-config-manager > getDefaultOutputDir > falls back to USERPROFILE when outputDirectory is empty 0ms
 Γ£ô src/main/services/clips-config-manager.test.ts > clips-config-manager > getDefaultOutputDir > falls back to hardcoded path when USERPROFILE is unset 0ms
 Γ£ô src/main/services/clips-config-manager.test.ts > clips-config-manager > clipPathInOutputDir > returns resolved path for valid clip name 1ms
 Γ£ô src/main/services/clips-config-manager.test.ts > clips-config-manager > clipPathInOutputDir > returns null for path traversal attempt 1ms
 Γ£ô src/main/services/clips-config-manager.test.ts > clips-config-manager > clipPathInOutputDir > returns null for absolute path outside output dir 0ms
 Γ£ô src/main/services/clips-config-manager.test.ts > clips-config-manager > clipPathInOutputDir > returns null when path resolution throws 1ms
 Γ£ô src/main/services/clips-config-manager.test.ts > clips-config-manager > getCurrentConfigPayload > returns engine config without Hotkeys and electronPid 1ms
 Γ£ô src/main/services/clips-config-manager.test.ts > clips-config-manager > getCurrentConfigPayload > includes frontend-only fields 1ms
 Γ£ô src/main/services/clips-config-manager.test.ts > clips-config-manager > getCurrentConfigPayload > preserves all engine config fields 1ms
 Γ£ô src/main/services/clips-config-manager.test.ts > clips-config-manager > getCurrentConfigPayload > uses default hotkeys when config.hotkeys is empty 0ms
 Γ£ô src/main/services/clips-config-manager.test.ts > clips-config-manager > loadPersistedClipsConfig > loads from store and updates config object 1ms
 Γ£ô src/main/services/clips-config-manager.test.ts > clips-config-manager > loadPersistedClipsConfig > applies defaults for missing optional fields 2ms
 Γ£ô src/main/services/clips-config-manager.test.ts > clips-config-manager > loadPersistedClipsConfig > syncs replayTimeSeconds and fps from store 1ms
 Γ£ô src/main/services/clips-config-manager.test.ts > clips-config-manager > persistClipsConfig > calls saveClipsConfig with current config values 2ms
 Γ£ô src/main/services/clips-config-manager.test.ts > clips-config-manager > persistClipsConfig > includes outputDirectory from getDefaultOutputDir 1ms
 Γ£ô src/main/services/behavioral-sandbox.test.ts > BehavioralSandbox > analyzeBehavior returns SandboxResult 6ms
 Γ£ô src/main/services/behavioral-sandbox.test.ts > BehavioralSandbox > Detects registry autorun modification in script content 1ms
 Γ£ô src/main/services/behavioral-sandbox.test.ts > BehavioralSandbox > Detects self-replication pattern 1ms
 Γ£ô src/main/services/behavioral-sandbox.test.ts > BehavioralSandbox > Detects network connection pattern 1ms
 Γ£ô src/main/services/behavioral-sandbox.test.ts > BehavioralSandbox > Detects process creation pattern 0ms
 Γ£ô src/main/services/behavioral-sandbox.test.ts > BehavioralSandbox > Detects DLL injection pattern 0ms
 Γ£ô src/main/services/behavioral-sandbox.test.ts > BehavioralSandbox > Detects persistence mechanism 0ms
 Γ£ô src/main/services/behavioral-sandbox.test.ts > BehavioralSandbox > Detects anti-debug patterns 1ms
 Γ£ô src/main/services/behavioral-sandbox.test.ts > BehavioralSandbox > Detects file write to system dir 1ms
 Γ£ô src/main/services/behavioral-sandbox.test.ts > BehavioralSandbox > Clean file returns 0 behaviors 2ms
 Γ£ô src/main/services/behavioral-sandbox.test.ts > BehavioralSandbox > Risk score calculation: critical = 25, high = 15, medium = 5 1ms
 Γ£ô src/main/services/behavioral-sandbox.test.ts > BehavioralSandbox > isMalicious true when score >= 25 0ms
 Γ£ô src/main/services/behavioral-sandbox.test.ts > BehavioralSandbox > isMalicious false for clean files 0ms
 Γ£ô src/main/services/behavioral-sandbox.test.ts > BehavioralSandbox > isPE detection from MZ header 0ms
 Γ£ô src/main/services/behavioral-sandbox.test.ts > BehavioralSandbox > isScript detection from extension 0ms
 Γ£ô src/main/services/behavioral-sandbox.test.ts > BehavioralSandbox > isOffice detection from extension 0ms
 Γ£ô src/main/services/behavioral-sandbox.test.ts > BehavioralSandbox > Multiple behaviors all reported 1ms
 Γ£ô src/main/services/behavioral-sandbox.test.ts > BehavioralSandbox > Edge case: empty buffer 1ms
 Γ£ô src/main/services/behavioral-sandbox.test.ts > BehavioralSandbox > Edge case: very large file 130ms
 Γ£ô src/main/services/clips-config-store.test.ts > clips-config-store > loads defaults when no file exists 13ms
 Γ£ô src/main/services/clips-config-store.test.ts > clips-config-store > loads saved config when file exists 2ms
 Γ£ô src/main/services/clips-config-store.test.ts > clips-config-store > falls back to defaults on corrupt JSON 1ms
 Γ£ô src/main/services/clips-config-store.test.ts > clips-config-store > saves config with partial update 1ms
 Γ£ô src/main/services/clips-config-store.test.ts > clips-config-store > resets to defaults 1ms
 Γ£ô src/main/services/clips-config-store.test.ts > clips-config-store > merges partial JSON with defaults via config manager 1ms
 Γ£ô src/main/services/clips-config-store.test.ts > clips-config-store > resetClipsConfig writes all important default fields 2ms
 Γ£ô src/main/services/clips-config-store.test.ts > clips-config-store > mutation safety: modifying returned config does not affect subsequent loads 1ms
 Γ£ô src/main/cli.test.ts > handler: disk > shows usage for unknown subcommand 9ms
 Γ£ô src/main/cli.test.ts > handler: metrics > shows metrics in prometheus format 11ms
 Γ£ô src/main/cli.test.ts > handler: metrics > shows metrics as json 10ms
 Γ£ô src/main/cli.test.ts > handler: unknown command > shows usage for unknown top-level command 10ms
 Γ£ô src/main/cli.test.ts > legacy scan functions > scanSystem > returns results from systemCleanTargets 13ms
 Γ£ô src/main/cli.test.ts > legacy scan functions > scanSystem > uses childSubdir path + scanMultipleDirectories 10ms
 Γ£ô src/main/cli.test.ts > legacy scan functions > scanSystem > includes results from singleFileCleanTargets 7ms
 Γ£ô src/main/cli.test.ts > legacy scan functions > scanSystem > filters protected event log items 10ms
 Γ£ô src/main/cli.test.ts > legacy scan functions > scanSystem > skips targets that return empty results 9ms
 Γ£ô src/main/services/behavioral-sandbox.test.ts > BehavioralSandbox > Edge case: null bytes in content (no crash) 1ms
 Γ£ô src/main/services/behavioral-sandbox.test.ts > BehavioralSandbox > Summary indicates malicious/suspect/clean correctly 1ms
 Γ£ô src/main/ipc/startup-manager.ipc.test.ts > deriveDisplayName (logic replica) > extracts name from electron.app.X pattern 7ms
 Γ£ô src/main/ipc/startup-manager.ipc.test.ts > deriveDisplayName (logic replica) > derives from hex-suffixed names using prefix 1ms
 Γ£ô src/main/ipc/startup-manager.ipc.test.ts > deriveDisplayName (logic replica) > falls back to exe for long hex-suffixed prefix 1ms
 Γ£ô src/main/ipc/startup-manager.ipc.test.ts > deriveDisplayName (logic replica) > returns readable registry names as-is 1ms
 Γ£ô src/main/ipc/startup-manager.ipc.test.ts > deriveDisplayName (logic replica) > falls back to exe name for unreadable registry names 1ms
 Γ£ô src/main/ipc/startup-manager.ipc.test.ts > deriveDisplayName (logic replica) > handles known exe mappings via exe path 1ms
 Γ£ô src/main/ipc/startup-manager.ipc.test.ts > deriveDisplayName (logic replica) > camelCase splits for unknown exe names 1ms
 Γ£ô src/main/ipc/startup-manager.ipc.test.ts > extractPublisher (logic replica) > returns "Unknown" for undefined 1ms
 Γ£ô src/main/ipc/startup-manager.ipc.test.ts > extractPublisher (logic replica) > detects Google 0ms
 Γ£ô src/main/ipc/startup-manager.ipc.test.ts > extractPublisher (logic replica) > detects Microsoft by path 0ms
 Γ£ô src/main/ipc/startup-manager.ipc.test.ts > extractPublisher (logic replica) > detects Discord 0ms
 Γ£ô src/main/ipc/startup-manager.ipc.test.ts > extractPublisher (logic replica) > detects Spotify 1ms
 Γ£ô src/main/ipc/startup-manager.ipc.test.ts > extractPublisher (logic replica) > detects NVIDIA 0ms
 Γ£ô src/main/ipc/startup-manager.ipc.test.ts > extractPublisher (logic replica) > detects AMD/Radeon 0ms
 Γ£ô src/main/ipc/startup-manager.ipc.test.ts > extractPublisher (logic replica) > detects Adobe 0ms
 Γ£ô src/main/ipc/startup-manager.ipc.test.ts > extractPublisher (logic replica) > detects Docker 1ms
 Γ£ô src/main/ipc/startup-manager.ipc.test.ts > extractPublisher (logic replica) > returns "Unknown" for unrecognized paths 0ms
 Γ£ô src/main/ipc/startup-manager.ipc.test.ts > estimateImpact (logic replica) > classifies Chrome as high impact 1ms
 Γ£ô src/main/ipc/startup-manager.ipc.test.ts > estimateImpact (logic replica) > classifies Discord as high impact 0ms
 Γ£ô src/main/ipc/startup-manager.ipc.test.ts > estimateImpact (logic replica) > classifies Spotify as medium impact 0ms
 Γ£ô src/main/ipc/startup-manager.ipc.test.ts > estimateImpact (logic replica) > classifies OneDrive as medium impact 0ms
 Γ£ô src/main/ipc/startup-manager.ipc.test.ts > estimateImpact (logic replica) > classifies Windows Defender as none impact 0ms
 Γ£ô src/main/ipc/startup-manager.ipc.test.ts > estimateImpact (logic replica) > classifies unknown apps as low impact 0ms
 Γ£ô src/main/ipc/startup-manager.ipc.test.ts > estimateImpact (logic replica) > checks both name and command for keywords 0ms
 Γ£ô src/main/ipc/startup-manager.ipc.test.ts > isSafeTaskName (logic replica) > accepts simple names 1ms
 Γ£ô src/main/ipc/startup-manager.ipc.test.ts > isSafeTaskName (logic replica) > rejects empty string 0ms
 Γ£ô src/main/ipc/startup-manager.ipc.test.ts > isSafeTaskName (logic replica) > rejects names with shell metacharacters 0ms
 Γ£ô src/main/ipc/startup-manager.ipc.test.ts > isSafeTaskName (logic replica) > rejects names longer than 260 chars 0ms
 Γ£ô src/main/ipc/startup-manager.ipc.test.ts > isSafeTaskName (logic replica) > accepts names at exactly 260 chars 0ms
 Γ£ô src/main/ipc/startup-manager.ipc.test.ts > makeStableId (logic replica) > produces a 16-character hex string 2ms
 Γ£ô src/main/ipc/startup-manager.ipc.test.ts > makeStableId (logic replica) > is deterministic for the same inputs 0ms
 Γ£ô src/main/ipc/startup-manager.ipc.test.ts > makeStableId (logic replica) > differs for different names 2ms
 Γ£ô src/main/ipc/startup-manager.ipc.test.ts > makeStableId (logic replica) > differs for different sources 1ms
 Γ£ô src/main/ipc/startup-manager.ipc.test.ts > listStartupItems > returns items from HKCU registry 7ms
 Γ£ô src/main/ipc/startup-manager.ipc.test.ts > listStartupItems > returns items from HKLM and WOW6432Node registries 2ms
 Γ£ô src/main/ipc/startup-manager.ipc.test.ts > listStartupItems > reads startup folder items and filters desktop.ini 2ms
 Γ£ô src/main/ipc/startup-manager.ipc.test.ts > listStartupItems > merges StartupApproved disabled state 2ms
 Γ£ô src/main/ipc/startup-manager.ipc.test.ts > listStartupItems > merges scheduled logon tasks 2ms
 Γ£ô src/main/ipc/startup-manager.ipc.test.ts > listStartupItems > marks scheduled tasks with non-Ready state as disabled 1ms
 Γ£ô src/main/ipc/startup-manager.ipc.test.ts > listStartupItems > does not duplicate items already found in registry when also in task scheduler 1ms
 Γ£ô src/main/ipc/startup-manager.ipc.test.ts > listStartupItems > merges disabled entries from JSON file 1ms
 Γ£ô src/main/ipc/startup-manager.ipc.test.ts > listStartupItems > marks existing items as disabled when found in disabled file 1ms
 Γ£ô src/main/ipc/startup-manager.ipc.test.ts > listStartupItems > handles corrupt disabled-startups.json gracefully 1ms
 Γ£ô src/main/ipc/startup-manager.ipc.test.ts > listStartupItems > continues when all registry queries fail 1ms
 Γ£ô src/main/ipc/startup-manager.ipc.test.ts > listStartupItems > delegates to platform abstraction on non-Windows 1ms
 Γ£ô src/main/ipc/startup-manager.ipc.test.ts > toggleStartupItem > disabling a registry item > writes disabled marker to StartupApproved, deletes Run key, and persists to file 6ms
 Γ£ô src/main/ipc/startup-manager.ipc.test.ts > toggleStartupItem > disabling a registry item > does not duplicate entries in disabled file 1ms
 Γ£ô src/main/ipc/startup-manager.ipc.test.ts > toggleStartupItem > enabling a registry item > uses stored command from disabled file, not renderer-supplied command 2ms
 Γ£ô src/main/ipc/startup-manager.ipc.test.ts > toggleStartupItem > enabling a registry item > enables via StartupApproved when no stored entry exists (Task Manager disabled items) 1ms
 Γ£ô src/main/ipc/startup-manager.ipc.test.ts > toggleStartupItem > enabling a registry item > writes enabled marker (02) to StartupApproved 1ms
 Γ£ô src/main/ipc/startup-manager.ipc.test.ts > toggleStartupItem > enabling a registry item > removes entry from disabled file after enabling 1ms
 Γ£ô src/main/ipc/startup-manager.ipc.test.ts > toggleStartupItem > task scheduler items > enables a scheduled task via PowerShell 2ms
 Γ£ô src/main/ipc/startup-manager.ipc.test.ts > toggleStartupItem > task scheduler items > disables a scheduled task via PowerShell 1ms
 Γ£ô src/main/ipc/startup-manager.ipc.test.ts > toggleStartupItem > task scheduler items > returns false for unsafe task names 1ms
 Γ£ô src/main/ipc/startup-manager.ipc.test.ts > toggleStartupItem > task scheduler items > returns false when PowerShell command fails 1ms
 Γ£ô src/main/ipc/startup-manager.ipc.test.ts > toggleStartupItem > input validation > rejects disallowed registry locations 0ms
 Γ£ô src/main/ipc/startup-manager.ipc.test.ts > toggleStartupItem > input validation > accepts HKCU Run location 1ms
 Γ£ô src/main/ipc/startup-manager.ipc.test.ts > toggleStartupItem > input validation > accepts HKLM Run location 1ms
 Γ£ô src/main/ipc/startup-manager.ipc.test.ts > toggleStartupItem > input validation > accepts HKLM WOW6432Node location 1ms
 Γ£ô src/main/ipc/startup-manager.ipc.test.ts > toggleStartupItem > delegates to platform abstraction on non-Windows 0ms
 Γ£ô src/main/ipc/startup-manager.ipc.test.ts > toggleStartupItem > uses correct approved key for HKLM source 0ms
 Γ£ô src/main/ipc/startup-manager.ipc.test.ts > deleteStartupItem > registry items > deletes from Run key and StartupApproved, cleans disabled file 3ms
 Γ£ô src/main/ipc/startup-manager.ipc.test.ts > deleteStartupItem > registry items > rejects disallowed registry locations 1ms
 Γ£ô src/main/ipc/startup-manager.ipc.test.ts > deleteStartupItem > registry items > succeeds even if reg delete fails (entry already gone) 1ms
 Γ£ô src/main/ipc/startup-manager.ipc.test.ts > deleteStartupItem > registry items > uses HKLM approved key for registry-hklm source 1ms
 Γ£ô src/main/ipc/startup-manager.ipc.test.ts > deleteStartupItem > registry items > uses HKCU approved key for registry-hkcu source 1ms
 Γ£ô src/main/ipc/startup-manager.ipc.test.ts > deleteStartupItem > task scheduler items > unregisters a task via PowerShell 1ms
 Γ£ô src/main/ipc/startup-manager.ipc.test.ts > deleteStartupItem > task scheduler items > rejects unsafe task names 0ms
 Γ£ô src/main/ipc/startup-manager.ipc.test.ts > deleteStartupItem > task scheduler items > returns false when PowerShell unregister fails 0ms
 Γ£ô src/main/ipc/startup-manager.ipc.test.ts > deleteStartupItem > startup folder items > rejects paths outside the startup folder (path traversal prevention) 1ms
 Γ£ô src/main/ipc/startup-manager.ipc.test.ts > deleteStartupItem > startup folder items > rejects disallowed registry location for startup-folder delete 0ms
 Γ£ô src/main/ipc/startup-manager.ipc.test.ts > deleteStartupItem > delegates to platform abstraction on non-Windows 0ms
 Γ£ô src/main/ipc/startup-manager.ipc.test.ts > getBootTrace > returns empty trace when PowerShell fails 1ms
 Γ£ô src/main/ipc/startup-manager.ipc.test.ts > getBootTrace > returns needsAdmin when access is denied 1ms
 Γ£ô src/main/ipc/startup-manager.ipc.test.ts > getBootTrace > parses boot trace data correctly 1ms
 Γ£ô src/main/ipc/startup-manager.ipc.test.ts > getBootTrace > calculates startupAppsMs as sum of all entry delays 1ms
 Γ£ô src/main/ipc/startup-manager.ipc.test.ts > getBootTrace > deduplicates entries by name (keeps first/newest) 1ms
 Γ£ô src/main/ipc/startup-manager.ipc.test.ts > getBootTrace > filters out entries with 0 delay 1ms
 Γ£ô src/main/ipc/startup-manager.ipc.test.ts > getBootTrace > classifies boot entry impact by delay thresholds 1ms
 Γ£ô src/main/ipc/startup-manager.ipc.test.ts > getBootTrace > handles BOOT line with zero values 1ms
 Γ£ô src/main/ipc/startup-manager.ipc.test.ts > getBootTrace > ignores malformed lines in powershell output 1ms
 Γ£ô src/main/ipc/startup-manager.ipc.test.ts > getBootTrace > delegates to platform abstraction on non-Windows 1ms
 Γ£ô src/main/ipc/startup-manager.ipc.test.ts > registerStartupManagerIpc > registers all four IPC handlers 1ms
 Γ£ô src/main/ipc/startup-manager.ipc.test.ts > registerStartupManagerIpc > STARTUP_TOGGLE handler passes all arguments through 1ms
 Γ£ô src/main/ipc/startup-manager.ipc.test.ts > registerStartupManagerIpc > STARTUP_DELETE handler passes all arguments through 1ms
 Γ£ô src/main/ipc/startup-manager.ipc.test.ts > ALLOWED_STARTUP_LOCATIONS whitelist > accepts all three known Run key locations 1ms
 Γ£ô src/main/ipc/startup-manager.ipc.test.ts > ALLOWED_STARTUP_LOCATIONS whitelist > rejects arbitrary registry paths 1ms
 Γ£ô src/main/ipc/startup-manager.ipc.test.ts > parseRegOutput (integration via listStartupItems) > parses standard reg query output with varying whitespace 2ms
 Γ£ô src/main/ipc/startup-manager.ipc.test.ts > parseRegOutput (integration via listStartupItems) > ignores non-REG_SZ lines 1ms
 Γ£ô src/main/ipc/startup-manager.ipc.test.ts > error resilience > listStartupItems handles startup folder read error gracefully 1ms
 Γ£ô src/main/ipc/startup-manager.ipc.test.ts > error resilience > toggleStartupItem continues when StartupApproved write fails 1ms
 Γ£ô src/main/ipc/startup-manager.ipc.test.ts > error resilience > disabled file lock serializes concurrent operations 1ms
 Γ£ô src/main/services/auto-updater.test.ts > updateCheckInterval > restarts periodic checks with new interval 9ms
 Γ£ô src/main/services/auto-updater.test.ts > updateCheckInterval > does nothing when app is not packaged 1ms
 Γ£ô src/main/services/auto-updater.test.ts > startPeriodicChecks > does not set interval when hours is zero 1ms
 Γ£ô src/main/services/auto-updater.test.ts > startPeriodicChecks > does not set interval when hours is negative 1ms
 Γ£ô src/main/services/auto-updater.test.ts > startPeriodicChecks > clears previous interval when restarted 1ms
 Γ£ô src/main/services/auto-updater.test.ts > startPeriodicChecks > logs error when periodic check fails 52ms
 Γ£ô src/main/services/auto-updater.test.ts > startPeriodicChecks > respects daemon autoDownload in periodic checks 1ms
 Γ£ô src/main/services/cloud-backup.test.ts > CloudBackupService > constructor creates backup dir 12ms
 Γ£ô src/main/services/cloud-backup.test.ts > CloudBackupService > backupFile stores file in backup directory 5ms
 Γ£ô src/main/services/cloud-backup.test.ts > CloudBackupService > backupFile stores metadata 1ms
 Γ£ô src/main/services/cloud-backup.test.ts > CloudBackupService > backupAll backs up all .quarantined files 1ms
 Γ£ô src/main/services/cloud-backup.test.ts > CloudBackupService > restoreBackup restores file to destination 1ms
 Γ£ô src/main/services/cloud-backup.test.ts > CloudBackupService > restoreBackup returns false for nonexistent backup 1ms
 Γ£ô src/main/services/cloud-backup.test.ts > CloudBackupService > getBackups returns sorted list 37ms
 Γ£ô src/main/services/cloud-backup.test.ts > CloudBackupService > getStorageUsed returns total bytes 1ms
 Γ£ô src/main/services/cloud-backup.test.ts > CloudBackupService > Disabled config skips backup 1ms
 Γ£ô src/main/services/cloud-backup.test.ts > CloudBackupService > updateConfig changes provider 0ms
 Γ£ô src/main/services/cloud-backup.test.ts > CloudBackupService > getConfig returns current config 1ms
 Γ£ô src/main/services/cloud-backup.test.ts > CloudBackupService > Edge case: empty quarantine directory 1ms
 Γ£ô src/main/services/cloud-backup.test.ts > CloudBackupService > Edge case: backupFile with already existing name 1ms
 Γ£ô src/main/cli.test.ts > legacy scan functions > scanSystem > handles scanDirectory rejection gracefully 12ms
 Γ£ô src/main/cli.test.ts > legacy scan functions > scanSystem > handles non-Error exception thrown by scanner 11ms
 Γ£ô src/main/cli.test.ts > legacy scan functions > scanApp > returns results from appPaths 11ms
 Γ£ô src/main/cli.test.ts > legacy scan functions > scanApp > handles resolveChildSubdirs rejection gracefully 13ms
 Γ£ô src/main/cli.test.ts > legacy scan functions > scanApp > returns empty results when appPaths are empty 10ms
 Γ£ô src/main/cli.test.ts > legacy scan functions > scanGaming > returns results from gamingPaths 7ms
 Γ£ô src/main/cli.test.ts > legacy scan functions > scanGaming > returns results from gpuCachePaths 9ms
 Γ£ô src/main/cli.test.ts > legacy scan functions > scanGaming > handles scanDirectoriesAsItems rejection gracefully 9ms
 Γ£ô src/main/cli.test.ts > legacy scan functions > scanGaming > returns empty results when gamingPaths and gpuCachePaths are empty 9ms
 Γ£ô src/main/cli.test.ts > legacy scan functions > scanRecycleBin > returns results via COM (Windows) path 13ms
 Γ£ô src/main/services/custom-yara.test.ts > CustomYaraService > addRule creates file in rules directory 43ms
 Γ£ô src/main/services/custom-yara.test.ts > CustomYaraService > addRule validates YARA syntax (must contain rule) 1ms
 Γ£ô src/main/services/custom-yara.test.ts > CustomYaraService > removeRule deletes file 3ms
 Γ£ô src/main/services/custom-yara.test.ts > CustomYaraService > removeRule returns false for non-existent 1ms
 Γ£ô src/main/services/custom-yara.test.ts > CustomYaraService > getCustomRules returns all rules 7ms
 Γ£ô src/main/services/custom-yara.test.ts > CustomYaraService > getRuleCount returns correct count 5ms
 Γ£ô src/main/services/custom-yara.test.ts > CustomYaraService > Multiple rules can be added 5ms
 Γ£ô src/main/services/custom-yara.test.ts > CustomYaraService > Re-add same name overwrites 6ms
 Γ£ô src/main/services/custom-yara.test.ts > CustomYaraService > Empty directory returns empty list 2ms
 Γ£ô src/main/services/custom-yara.test.ts > CustomYaraService > Constructor creates directory if not exists 2ms
 Γ£ô src/main/services/custom-yara.test.ts > CustomYaraService > addRule appends .yar extension if missing 4ms
 Γ£ô src/main/services/custom-yara.test.ts > CustomYaraService > addRule preserves .yara extension 4ms
 Γ£ô src/main/services/custom-yara.test.ts > CustomYaraService > getCustomRules includes .yara files 5ms
 Γ£ô src/main/services/custom-yara.test.ts > CustomYaraService > getRuleCount includes .yara files 4ms
 Γ£ô src/main/services/compliance-auditor.service.test.ts > scanCompliance > handles all checks failing gracefully 10ms
 Γ£ô src/main/services/compliance-auditor.service.test.ts > scanCompliance > reports progress via callback 2ms
 Γ£ô src/main/services/compliance-auditor.service.test.ts > scanCompliance > detects SMB1 as enabled when registry returns 1 3ms
 Γ£ô src/main/services/compliance-auditor.service.test.ts > scanCompliance > detects SMB1 as disabled when registry returns 0 2ms
 Γ£ô src/main/services/compliance-auditor.service.test.ts > scanCompliance > checks UAC via registry 2ms
 Γ£ô src/main/services/compliance-auditor.service.test.ts > scanCompliance > checks firewall via PowerShell 2ms
 Γ£ô src/main/services/compliance-auditor.service.test.ts > scanCompliance - password policies > all password policies compliant via secedit 3ms
 Γ£ô src/main/services/compliance-auditor.service.test.ts > scanCompliance - password policies > all password policies non-compliant via secedit 2ms
 Γ£ô src/main/services/compliance-auditor.service.test.ts > scanCompliance - guest account > convidado user disabled (compliant) 2ms
 Γ£ô src/main/services/compliance-auditor.service.test.ts > scanCompliance - guest account > convidado user enabled (non-compliant) 1ms
 Γ£ô src/main/services/compliance-auditor.service.test.ts > scanCompliance - guest account > guest fallback disabled (compliant) 2ms
 Γ£ô src/main/services/compliance-auditor.service.test.ts > scanCompliance - guest account > guest fallback enabled (non-compliant) 2ms
 Γ£ô src/main/services/compliance-auditor.service.test.ts > scanCompliance - audit & bitlocker > audit policy enabled 2ms
 Γ£ô src/main/services/compliance-auditor.service.test.ts > scanCompliance - audit & bitlocker > bitlocker system drive encrypted 1ms
 Γ£ô src/main/services/compliance-auditor.service.test.ts > scanCompliance - registry-based checks > uac admin prompt at level 2 2ms
 Γ£ô src/main/services/compliance-auditor.service.test.ts > scanCompliance - registry-based checks > lm hash disabled (compliant) 1ms
 Γ£ô src/main/services/compliance-auditor.service.test.ts > scanCompliance - registry-based checks > clear text password enabled (non-compliant) 2ms
 Γ£ô src/main/services/compliance-auditor.service.test.ts > scanCompliance - registry-based checks > wuauserv service disabled 2ms
 Γ£ô src/main/services/compliance-auditor.service.test.ts > scanCompliance - regQuery edge cases > returns null when value not found in output 1ms
 Γ£ô src/main/services/compliance-auditor.service.test.ts > applyComplianceSettings > returns succeeded count for valid IDs 1ms
 Γ£ô src/main/services/compliance-auditor.service.test.ts > applyComplianceSettings > returns failed for unknown IDs 0ms
 Γ£ô src/main/services/compliance-auditor.service.test.ts > applyComplianceSettings > handles apply errors 0ms
 Γ£ô src/main/services/compliance-auditor.service.test.ts > applyComplianceSettings > handles non-Error throws in apply 0ms
 Γ£ô src/main/services/compliance-auditor.service.test.ts > applyComplianceSettings > fails for settings without apply function 0ms
 Γ£ô src/main/services/compliance-auditor.service.test.ts > applyComplianceSettings > applies various settings 1ms
 Γ£ô src/main/services/compliance-auditor.service.test.ts > revertComplianceSettings > reverts known settings 1ms
 Γ£ô src/main/services/compliance-auditor.service.test.ts > revertComplianceSettings > fails for settings without revert 0ms
 Γ£ô src/main/services/compliance-auditor.service.test.ts > revertComplianceSettings > handles revert errors 1ms
 Γ£ô src/main/services/compliance-auditor.service.test.ts > revertComplianceSettings > reverts various settings 1ms
 Γ£ô src/main/services/exploit-detector.service.test.ts > scanExploits > returns isExploit false for clean content 11ms
 Γ£ô src/main/services/exploit-detector.service.test.ts > scanExploits > detects NOP sled (x86) with 50+ NOP bytes 1ms
 Γ£ô src/main/services/exploit-detector.service.test.ts > scanExploits > detects heap spray pattern 0ms
 Γ£ô src/main/services/exploit-detector.service.test.ts > scanExploits > detects base64 encoded payload 1ms
 Γ£ô src/main/services/exploit-detector.service.test.ts > scanExploits > detects format string attack 1ms
 Γ£ô src/main/services/exploit-detector.service.test.ts > scanExploits > detects ROP gadget (ret) with 30+ RET instructions 0ms
 Γ£ô src/main/services/exploit-detector.service.test.ts > scanExploits > hits patternMatches >= 10 break guard with many matches of the same pattern 1ms
 Γ£ô src/main/services/exploit-detector.service.test.ts > scanExploits > calculates risk score correctly for critical threats 1ms
 Γ£ô src/main/services/exploit-detector.service.test.ts > scanExploits > sets filePath on result 0ms
 Γ£ô src/main/services/exploit-detector.service.test.ts > scanExploits > handles empty buffer 1ms
 Γ£ô src/main/cli.test.ts > legacy scan functions > scanRecycleBin > returns empty when COM returns zero items 11ms
 Γ£ô src/main/cli.test.ts > legacy scan functions > scanRecycleBin > handles COM execFile error gracefully 11ms
 Γ£ô src/main/cli.test.ts > legacy scan functions > scanRecycleBin > returns results via trash directory (macOS/Linux path) 9ms
 Γ£ô src/main/cli.test.ts > legacy scan functions > scanRecycleBin > returns empty when trash directory does not exist 10ms
 Γ£ô src/main/cli.test.ts > legacy scan functions > cleanRecycleBin > cleans recycle bin via COM successfully 10ms
 Γ£ô src/main/cli.test.ts > legacy scan functions > cleanRecycleBin > handles COM execFile error during clean 9ms
 Γ£ô src/main/cli.test.ts > legacy scan functions > cleanRecycleBin > handles non-Error exception during clean 9ms
 Γ£ô src/main/cli.test.ts > legacy scan functions > getChromiumProfiles (via scanBrowserCli) > scans chromium browsers with profiles 18ms
 Γ£ô src/main/cli.test.ts > legacy scan functions > scanBrowserCli Safari > scans safari browser cache when safari paths exist 10ms
 Γ£ô src/main/cli.test.ts > legacy scan functions > scanBrowserCli empty results > returns empty when no browser base dirs exist 10ms
 Γ£ô src/main/services/driver-agent-evaluator.test.ts > driver-agent-evaluator > AGENTS list > has exactly 10 agents defined 5ms
 Γ£ô src/main/services/driver-agent-evaluator.test.ts > driver-agent-evaluator > AGENTS list > includes consensus agent with weight 0 1ms
 Γ£ô src/main/services/driver-agent-evaluator.test.ts > driver-agent-evaluator > AGENTS list > every agent has a unique id 0ms
 Γ£ô src/main/services/driver-agent-evaluator.test.ts > driver-agent-evaluator > evaluateDrivers > returns empty candidates for empty input 1ms
 Γ£ô src/main/services/driver-agent-evaluator.test.ts > driver-agent-evaluator > evaluateDrivers > produces 10 verdicts per candidate (9 agents + 1 consensus) 4ms
 Γ£ô src/main/services/driver-agent-evaluator.test.ts > driver-agent-evaluator > evaluateDrivers > sorts candidates by consensusScore descending 1ms
 Γ£ô src/main/services/driver-agent-evaluator.test.ts > driver-agent-evaluator > evaluateDrivers > sets approved to false for all candidates 1ms
 Γ£ô src/main/services/driver-agent-evaluator.test.ts > driver-agent-evaluator > evaluateDrivers > tallies counts correctly 0ms
 Γ£ô src/main/services/driver-agent-evaluator.test.ts > driver-agent-evaluator > Agent 1: Windows Update > always returns recommended with score 80 1ms
 Γ£ô src/main/services/driver-agent-evaluator.test.ts > driver-agent-evaluator > Agent 2: Version Freshness > returns skip when available version is not newer 1ms
 Γ£ô src/main/services/driver-agent-evaluator.test.ts > driver-agent-evaluator > Agent 2: Version Freshness > returns recommended for major version upgrade 1ms
 Γ£ô src/main/services/driver-agent-evaluator.test.ts > driver-agent-evaluator > Agent 2: Version Freshness > handles non-numeric version parts gracefully 1ms
 Γ£ô src/main/services/driver-agent-evaluator.test.ts > driver-agent-evaluator > Agent 2: Version Freshness > returns optional for minor-only version diff 1ms
 Γ£ô src/main/services/driver-agent-evaluator.test.ts > driver-agent-evaluator > Agent 2: Version Freshness > clamps score to 70 when major jump is >= 2 1ms
 Γ£ô src/main/services/driver-agent-evaluator.test.ts > driver-agent-evaluator > Agent 3: Date Maturity > scores very low for updates less than 7 days old 1ms
 Γ£ô src/main/services/driver-agent-evaluator.test.ts > driver-agent-evaluator > Agent 3: Date Maturity > scores highest for updates between 90 and 365 days 1ms
 Γ£ô src/main/services/driver-agent-evaluator.test.ts > driver-agent-evaluator > Agent 3: Date Maturity > scores 40 for updates between 7 and 30 days old 1ms
 Γ£ô src/main/services/driver-agent-evaluator.test.ts > driver-agent-evaluator > Agent 3: Date Maturity > scores 70 for updates between 30 and 90 days old 1ms
 Γ£ô src/main/services/driver-agent-evaluator.test.ts > driver-agent-evaluator > Agent 3: Date Maturity > scores 30 for updates older than 365 days 1ms
 Γ£ô src/main/services/driver-agent-evaluator.test.ts > driver-agent-evaluator > Agent 3: Date Maturity > adds +10 bonus when daysSinceCurrent exceeds 180 1ms
 Γ£ô src/main/services/driver-agent-evaluator.test.ts > driver-agent-evaluator > Agent 4: WHQL Certification > scores 90 for Microsoft provider 1ms
 Γ£ô src/main/services/driver-agent-evaluator.test.ts > driver-agent-evaluator > Agent 4: WHQL Certification > scores 70 for known OEM providers 0ms
 Γ£ô src/main/services/driver-agent-evaluator.test.ts > driver-agent-evaluator > Agent 4: WHQL Certification > scores 30 for unknown providers 0ms
 Γ£ô src/main/services/driver-agent-evaluator.test.ts > driver-agent-evaluator > Agent 5: Publisher Reputation > scores 95 for Microsoft 0ms
 Γ£ô src/main/services/driver-agent-evaluator.test.ts > driver-agent-evaluator > Agent 5: Publisher Reputation > scores 85 for known GPU vendors 0ms
 Γ£ô src/main/services/driver-agent-evaluator.test.ts > driver-agent-evaluator > Agent 5: Publisher Reputation > scores 85 for Intel provider 0ms
 Γ£ô src/main/services/driver-agent-evaluator.test.ts > driver-agent-evaluator > Agent 5: Publisher Reputation > scores 85 for AMD provider 0ms
 Γ£ô src/main/services/driver-agent-evaluator.test.ts > driver-agent-evaluator > Agent 5: Publisher Reputation > scores 70 for Realtek/Broadcom/Qualcomm providers 1ms
 Γ£ô src/main/services/driver-agent-evaluator.test.ts > driver-agent-evaluator > Agent 5: Publisher Reputation > scores 40 for unknown publishers 0ms
 Γ£ô src/main/services/driver-agent-evaluator.test.ts > driver-agent-evaluator > Agent 6: Hardware Match > scores 90 when update title closely matches device name 0ms
 Γ£ô src/main/services/driver-agent-evaluator.test.ts > driver-agent-evaluator > Agent 6: Hardware Match > scores 50 for generic titles with no match 0ms
 Γ£ô src/main/services/driver-agent-evaluator.test.ts > driver-agent-evaluator > Agent 6: Hardware Match > uses default score 60 when deviceName is missing 1ms
 Γ£ô src/main/services/driver-agent-evaluator.test.ts > driver-agent-evaluator > Agent 6: Hardware Match > uses default score 60 when updateTitle is missing 1ms
 Γ£ô src/main/services/driver-agent-evaluator.test.ts > driver-agent-evaluator > Agent 6: Hardware Match > scores 70 for partial match (0.3 <= ratio < 0.7) 1ms
 Γ£ô src/main/services/driver-agent-evaluator.test.ts > driver-agent-evaluator > Agent 7: Stability Risk > penalizes large version jumps 1ms
 Γ£ô src/main/services/driver-agent-evaluator.test.ts > driver-agent-evaluator > Agent 7: Stability Risk > rewards minor updates within same major version 0ms
 Γ£ô src/main/services/driver-agent-evaluator.test.ts > driver-agent-evaluator > Agent 7: Stability Risk > applies moderate penalty for majorDiff === 1 1ms
 Γ£ô src/main/services/driver-agent-evaluator.test.ts > driver-agent-evaluator > Agent 7: Stability Risk > penalizes very recent drivers (daysAvail < 14) 1ms
 Γ£ô src/main/services/driver-agent-evaluator.test.ts > driver-agent-evaluator > Agent 7: Stability Risk > rewards well-tested drivers (daysAvail > 180) 1ms
 Γ£ô src/main/services/driver-agent-evaluator.test.ts > driver-agent-evaluator > Agent 8: Security Relevance > flags critical security keywords 1ms
 Γ£ô src/main/services/driver-agent-evaluator.test.ts > driver-agent-evaluator > Agent 8: Security Relevance > returns optional for non-security updates 1ms
 Γ£ô src/main/services/driver-agent-evaluator.test.ts > driver-agent-evaluator > Agent 8: Security Relevance > returns recommended for moderate security relevance (score 40-69) 1ms
 Γ£ô src/main/services/driver-agent-evaluator.test.ts > driver-agent-evaluator > Agent 9: Rollback Safety > always returns score 60 with optional label 1ms
 Γ£ô src/main/services/driver-agent-evaluator.test.ts > driver-agent-evaluator > Agent 10: Consensus > is always the last verdict 0ms
 Γ£ô src/main/services/driver-agent-evaluator.test.ts > driver-agent-evaluator > Agent 10: Consensus > falls within 0-100 range 1ms
 Γ£ô src/main/services/driver-agent-evaluator.test.ts > driver-agent-evaluator > Agent 10: Consensus > scores higher for Microsoft drivers than unknown ones 1ms
 Γ£ô src/main/services/custom-yara.test.ts > CustomYaraService > addRule rejects content exceeding 1 MB file size limit 6ms
 Γ£ô src/main/services/custom-yara.test.ts > CustomYaraService > addRule accepts content at exactly 1 MB 7ms
 Γ£ô src/main/ipc/clips-engine-connection.test.ts > sendPipeCommand > sends JSON envelope over pipe when connected 502ms
 Γ£ô src/main/services/custom-yara.test.ts > CustomYaraService > addRule rejects when rule count reaches 100 114ms
 Γ£ô src/main/ipc/clips.ipc.test.ts > CLIPS_SAVE_CLIP > waits for pipe reconnection and returns saveClip result 403ms
 Γ£ô src/main/services/exploit-detector.test.ts > exploit-detector > scanExploits detects NOP sled 6ms
 Γ£ô src/main/services/exploit-detector.test.ts > exploit-detector > scanExploits detects heap spray 1ms
 Γ£ô src/main/services/exploit-detector.test.ts > exploit-detector > scanExploits detects ROP gadgets 1ms
 Γ£ô src/main/services/exploit-detector.test.ts > exploit-detector > scanExploits calculates risk score correctly 1ms
 Γ£ô src/main/services/exploit-detector.test.ts > exploit-detector > isExploit true for riskScore >= 30 0ms
 Γ£ô src/main/services/exploit-detector.test.ts > exploit-detector > isExploit false for clean files 4ms
 Γ£ô src/main/services/exploit-detector.test.ts > exploit-detector > Empty buffer returns no matches 2ms
 Γ£ô src/main/services/exploit-detector.test.ts > exploit-detector > Small file (< 100 bytes) returns no matches 1ms
 Γ£ô src/main/services/exploit-detector.test.ts > exploit-detector > Multiple match types are all reported 1ms
 Γ£ô src/main/services/exploit-detector.test.ts > exploit-detector > Maximum 10 matches per pattern 1ms
 Γ£ô src/main/services/exploit-detector.test.ts > exploit-detector > Edge case: file with only null bytes 0ms
 Γ£ô src/main/services/exploit-detector.test.ts > exploit-detector > Edge case: binary file with random content (low risk score) 1ms
 Γ£ô src/main/services/exploit-detector.test.ts > exploit-detector > Pattern count: at least 10 exploit patterns defined 0ms
 Γ£ô src/main/services/exploit-detector.test.ts > exploit-detector > scanExploits returns file path in result 0ms
 Γ£ô src/main/services/exploit-detector.test.ts > exploit-detector > Empty matches array when no patterns match 1ms
 Γ£ô src/main/services/exec-utf8.realpath.test.ts > exec-utf8 real paths > trackChild attaches exit listener and resolves 16ms
 Γ£ô src/main/services/exec-utf8.realpath.test.ts > exec-utf8 real paths > trackChild kills tree when timeout expires 19ms
 Γ£ô src/main/services/exec-utf8.realpath.test.ts > exec-utf8 real paths > trackChild kills tree when signal already aborted 2ms
 Γ£ô src/main/services/exec-utf8.realpath.test.ts > exec-utf8 real paths > execNativeUtf8 with allowed tool and env arg path 3ms
 Γ£ô src/main/services/exec-utf8.realpath.test.ts > exec-utf8 real paths > execNativeUtf8 with percent in args uses direct path 1ms
 Γ£ô src/main/services/exec-utf8.realpath.test.ts > exec-utf8 real paths > execNativeUtf8 throws on pre-aborted signal 1ms
 Γ£ô src/main/services/exec-utf8.realpath.test.ts > exec-utf8 real paths > execNativeUtf8 propagates rejection from execFileAsync 3ms
 Γ£ô src/main/services/exec-utf8.realpath.test.ts > exec-utf8 real paths > killAllChildren on empty set does nothing 2ms
 Γ£ô src/main/services/exec-utf8.realpath.test.ts > exec-utf8 real paths > killAllChildren on non-empty set does not throw 2ms
 Γ£ô src/main/services/exec-utf8.realpath.test.ts > exec-utf8 real paths > cleanup removes abort listener when signal not pre-aborted 4ms
 Γ£ô src/main/services/exec-utf8.realpath.test.ts > exec-utf8 real paths > direct path rejection propagates error 2ms
 Γ£ô src/main/ipc/windows-tweaks.ipc.test.ts > getCatalog > returns all tweaks 7ms
 Γ£ô src/main/ipc/windows-tweaks.ipc.test.ts > getCatalog > every tweak has all required fields 43ms
 Γ£ô src/main/ipc/windows-tweaks.ipc.test.ts > getCatalog > every tweak has a unique id 1ms
 Γ£ô src/main/ipc/windows-tweaks.ipc.test.ts > getCatalog > no tweak has shell-injectable characters in path or key 13ms
 Γ£ô src/main/ipc/windows-tweaks.ipc.test.ts > getCatalog > every tweak has a non-empty description 12ms
 Γ£ô src/main/ipc/windows-tweaks.ipc.test.ts > getCatalogByCategory > returns 4 tweaks for category 'mouse' 1ms
 Γ£ô src/main/ipc/windows-tweaks.ipc.test.ts > getCatalogByCategory > returns 0 tweaks for category 'keyboard' 0ms
 Γ£ô src/main/ipc/windows-tweaks.ipc.test.ts > getCatalogByCategory > returns 4 tweaks for category 'accessibility' 1ms
 Γ£ô src/main/ipc/windows-tweaks.ipc.test.ts > getCatalogByCategory > returns 17 tweaks for category 'network' 3ms
 Γ£ô src/main/ipc/windows-tweaks.ipc.test.ts > getCatalogByCategory > returns 7 tweaks for category 'gpu' 1ms
 Γ£ô src/main/ipc/windows-tweaks.ipc.test.ts > getCatalogByCategory > returns 21 tweaks for category 'system' 1ms
 Γ£ô src/main/ipc/windows-tweaks.ipc.test.ts > getCatalogByCategory > returns 12 tweaks for category 'gaming' 1ms
 Γ£ô src/main/ipc/windows-tweaks.ipc.test.ts > getCatalogByCategory > returns 6 tweaks for category 'privacy' 0ms
 Γ£ô src/main/ipc/windows-tweaks.ipc.test.ts > getCatalogByCategory > returns 8 tweaks for category 'mmcss' 0ms
 Γ£ô src/main/ipc/windows-tweaks.ipc.test.ts > getCatalogByCategory > returns 5 tweaks for category 'energy' 0ms
 Γ£ô src/main/ipc/windows-tweaks.ipc.test.ts > getCatalogByCategory > returns empty array for unknown category 0ms
 Γ£ô src/main/ipc/windows-tweaks.ipc.test.ts > DNS_PRESETS > has 4 presets 0ms
 Γ£ô src/main/ipc/windows-tweaks.ipc.test.ts > DNS_PRESETS > Cloudflare is first 0ms
 Γ£ô src/main/ipc/windows-tweaks.ipc.test.ts > DNS_PRESETS > all presets have valid IPs 1ms
 Γ£ô src/main/ipc/windows-tweaks.ipc.test.ts > REG_TYPE_RE > matches standard reg.exe output line 4ms
 Γ£ô src/main/ipc/windows-tweaks.ipc.test.ts > REG_TYPE_RE > matches DWord value 1ms
 Γ£ô src/main/ipc/windows-tweaks.ipc.test.ts > REG_TYPE_RE > matches string value with spaces 0ms
 Γ£ô src/main/ipc/windows-tweaks.ipc.test.ts > REG_TYPE_RE > matches REG_BINARY (future-proof) 0ms
 Γ£ô src/main/ipc/windows-tweaks.ipc.test.ts > REG_TYPE_RE > matches REG_MULTI_SZ (future-proof) 0ms
 Γ£ô src/main/ipc/windows-tweaks.ipc.test.ts > REG_TYPE_RE > matches REG_EXPAND_SZ (future-proof) 0ms
 Γ£ô src/main/ipc/windows-tweaks.ipc.test.ts > REG_TYPE_RE > does not match line without key 0ms
 Γ£ô src/main/ipc/windows-tweaks.ipc.test.ts > REG_TYPE_RE > does not match empty line 0ms
 Γ£ô src/main/ipc/windows-tweaks.ipc.test.ts > REG_TYPE_RE > does not match garbage 0ms
 Γ£ô src/main/ipc/windows-tweaks.ipc.test.ts > POWERCFG tweaks in catalog > pcie-aspm-off exists with correct values 5ms
 Γ£ô src/main/cli.test.ts > legacy scan functions > scanBrowserCli empty results > returns empty when firefox cache dir does not exist 15ms
 Γ£ô src/main/cli.test.ts > legacy scan functions > multi-category scan > scans system + app + gaming with --all 12ms
 Γ£ô src/main/cli.test.ts > legacy scan functions > scanDatabaseCli > scans with single target, finds db 5ms
 Γ£ô src/main/cli.test.ts > legacy scan functions > scanDatabaseCli > skips target when basePath does not exist 3ms
 Γ£ô src/main/cli.test.ts > legacy scan functions > scanDatabaseCli > skips db file when not an SQLite file 4ms
 Γ£ô src/main/cli.test.ts > legacy scan functions > scanDatabaseCli > skips db file when size is 0 3ms
 Γ£ô src/main/cli.test.ts > legacy scan functions > scanDatabaseCli > skips when wastedBytes < 4096 (small db, no WAL) 4ms
 Γ£ô src/main/cli.test.ts > legacy scan functions > scanDatabaseCli > accounts for WAL file in wasted bytes 4ms
 Γ£ô src/main/cli.test.ts > legacy scan functions > scanDatabaseCli > scans with multiProfile using Default / Profile N pattern 4ms
 Γ£ô src/main/cli.test.ts > legacy scan functions > scanDatabaseCli > scans with multiProfile using profilePattern matching 5ms
 Γ£ô src/main/cli.test.ts > legacy scan functions > scanDatabaseCli > handles readdirSync error in multiProfile (falls back to basePath) 4ms
 Γ£ô src/main/cli.test.ts > legacy scan functions > scanDatabaseCli > scans multiple targets and multiple dbFiles 4ms
 Γ£ô src/main/cli.test.ts > legacy scan functions > scanDatabaseCli > handles isSqliteFile open/read error gracefully 4ms
 Γ£ô src/main/cli.test.ts > legacy scan functions > scanDatabaseCli > reads multiple dbFiles from a string dbFiles entry (not array) 4ms
 Γ£ô src/main/cli.test.ts > legacy scan functions > runLegacyScanClean clean path > cleans file-based items when --clean flag is passed with results 10ms
 Γ£ô src/main/cli.test.ts > legacy scan functions > runLegacyScanClean clean path > outputs JSON when --json flag is passed with results 11ms
 Γ£ô src/main/cli.test.ts > legacy scan functions > runLegacyScanClean clean path > shows partial success when clean has errors but some files deleted 11ms
 Γ£ô src/main/ipc/privacy-shield.ipc.test.ts > PRIVACY_SETTINGS definitions > exports a non-empty array of settings 1271ms
 Γ£ô src/main/ipc/privacy-shield.ipc.test.ts > PRIVACY_SETTINGS definitions > every setting has required fields 24ms
 Γ£ô src/main/ipc/privacy-shield.ipc.test.ts > PRIVACY_SETTINGS definitions > has no duplicate setting IDs 1ms
 Γ£ô src/main/ipc/privacy-shield.ipc.test.ts > PRIVACY_SETTINGS definitions > all categories are valid PrivacySetting categories 6ms
 Γ£ô src/main/ipc/privacy-shield.ipc.test.ts > PRIVACY_SETTINGS definitions > dependsOn references exist if specified 1ms
 Γ£ô src/main/ipc/privacy-shield.ipc.test.ts > PRIVACY_SETTINGS definitions > service-category settings that directly manage service start type have applicable() 1ms
 Γ£ô src/main/ipc/privacy-shield.ipc.test.ts > PRIVACY_SETTINGS definitions > task-category settings all have applicable() 1ms
 Γ£ô src/main/ipc/privacy-shield.ipc.test.ts > registry operations via settings > regQueryDword ΓÇö check() behavior > returns true (privacy-friendly) when registry value matches expected 1ms
 Γ£ô src/main/ipc/privacy-shield.ipc.test.ts > registry operations via settings > regQueryDword ΓÇö check() behavior > returns false when registry value does not match 1ms
 Γ£ô src/main/ipc/privacy-shield.ipc.test.ts > registry operations via settings > regQueryDword ΓÇö check() behavior > returns false (null) when registry query fails 1ms
 Γ£ô src/main/ipc/privacy-shield.ipc.test.ts > registry operations via settings > regQueryDword ΓÇö check() behavior > parses hex values correctly from reg query output 1ms
 Γ£ô src/main/ipc/privacy-shield.ipc.test.ts > registry operations via settings > regQueryDword ΓÇö check() behavior > handles check that expects val === 1 (e.g. DisableSearchBoxSuggestions) 1ms
 Γ£ô src/main/ipc/privacy-shield.ipc.test.ts > registry operations via settings > regSetDword ΓÇö apply() behavior > calls reg add with correct arguments for telemetry-level 5ms
 Γ£ô src/main/ipc/privacy-shield.ipc.test.ts > registry operations via settings > regSetDword ΓÇö apply() behavior > propagates errors from reg add 7ms
 Γ£ô src/main/ipc/privacy-shield.ipc.test.ts > registry operations via settings > regDeleteValue ΓÇö revert() behavior > calls reg delete with /f flag 1ms
 Γ£ô src/main/ipc/privacy-shield.ipc.test.ts > registry operations via settings > regDeleteValue ΓÇö revert() behavior > swallows "unable to find" errors (idempotent delete) 1ms
 Γ£ô src/main/ipc/privacy-shield.ipc.test.ts > registry operations via settings > regDeleteValue ΓÇö revert() behavior > re-throws non "unable to find" errors 1ms
 Γ£ô src/main/ipc/privacy-shield.ipc.test.ts > registry operations via settings > regDeleteValue ΓÇö revert() behavior > some settings revert via regSetDword instead of regDelete 1ms
 Γ£ô src/main/ipc/privacy-shield.ipc.test.ts > task scheduler operations > check returns false when task is active (Enabled=true in XML) 1ms
 Γ£ô src/main/ipc/privacy-shield.ipc.test.ts > task scheduler operations > check returns true when task is disabled (Enabled=false in XML) 1ms
 Γ£ô src/main/ipc/privacy-shield.ipc.test.ts > task scheduler operations > check returns false when task is active but a trigger has Enabled=false 1ms
 Γ£ô src/main/ipc/privacy-shield.ipc.test.ts > task scheduler operations > check returns true when task does not exist (query throws) 1ms
 Γ£ô src/main/ipc/privacy-shield.ipc.test.ts > task scheduler operations > apply calls schtasks /change /disable 1ms
 Γ£ô src/main/ipc/privacy-shield.ipc.test.ts > task scheduler operations > revert calls schtasks /change /enable 1ms
 Γ£ô src/main/ipc/privacy-shield.ipc.test.ts > task scheduler operations > applicable returns true when schtasks query succeeds 1ms
 Γ£ô src/main/ipc/privacy-shield.ipc.test.ts > task scheduler operations > applicable returns false when schtasks query throws 1ms
 Γ£ô src/main/ipc/privacy-shield.ipc.test.ts > service state management > check returns false when service is enabled (Start != 4) 1ms
 Γ£ô src/main/ipc/privacy-shield.ipc.test.ts > service state management > check returns true when service is disabled (Start = 4) 1ms
 Γ£ô src/main/ipc/privacy-shield.ipc.test.ts > service state management > disableService sets Start to 4 via reg add 1ms
 Γ£ô src/main/ipc/privacy-shield.ipc.test.ts > service state management > enableService restores original start type via reg add 1ms
 Γ£ô src/main/ipc/privacy-shield.ipc.test.ts > service state management > serviceExists returns true when Start value is found 1ms
 Γ£ô src/main/ipc/privacy-shield.ipc.test.ts > service state management > serviceExists returns false when Start value is absent 1ms
 Γ£ô src/main/ipc/privacy-shield.ipc.test.ts > browser-conditional settings > chrome check returns true when Chrome is not installed 1ms
 Γ£ô src/main/ipc/privacy-shield.ipc.test.ts > browser-conditional settings > chrome applicable returns false when Chrome is not installed 1ms
 Γ£ô src/main/ipc/privacy-shield.ipc.test.ts > browser-conditional settings > firefox check returns true when Firefox is not installed 1ms
 Γ£ô src/main/ipc/privacy-shield.ipc.test.ts > browser-conditional settings > chrome check returns false when installed but policy not set 1ms
 Γ£ô src/main/ipc/privacy-shield.ipc.test.ts > scanPrivacy > returns PrivacyShieldState with correct structure 9ms
 Γ£ô src/main/services/file-watcher.service.test.ts > FileWatcherService > starts watching directories and emits events 19ms
 Γ£ô src/main/services/file-watcher.service.test.ts > FileWatcherService > skips already watched directories 2ms
 Γ£ô src/main/services/file-watcher.service.test.ts > FileWatcherService > start with non-Error thrown by watch logs warning with String(err) 2ms
 Γ£ô src/main/services/file-watcher.service.test.ts > FileWatcherService > start with Error thrown by watch logs warning with err.message 1ms
 Γ£ô src/main/services/file-watcher.service.test.ts > FileWatcherService > reports isActive correctly 1ms
 Γ£ô src/main/services/file-watcher.service.test.ts > FileWatcherService > stop clears all watchers 3ms
 Γ£ô src/main/services/file-watcher.service.test.ts > FileWatcherService > getWatchedCount returns number of active watchers 1ms
 Γ£ô src/main/services/file-watcher.service.test.ts > FileWatcherService > does not emit when filename is null 1ms
 Γ£ô src/main/ipc/clips-engine-connection.test.ts > sendPipeCommand > sends command without payload 504ms
stderr | src/main/cli.test.ts > legacy scan functions > cleanDatabasesCli > cleans WAL database successfully
[vitest] The vi.fn() mock did not use 'function' or 'class' in its implementation, see https://vitest.dev/api/vi#vi-spyon for examples.

stderr | src/main/cli.test.ts > legacy scan functions > cleanDatabasesCli > handles Database constructor errors
[vitest] The vi.fn() mock did not use 'function' or 'class' in its implementation, see https://vitest.dev/api/vi#vi-spyon for examples.

stderr | src/main/cli.test.ts > legacy scan functions > cleanDatabasesCli > handles WAL stat errors before and after (no WAL file)
[vitest] The vi.fn() mock did not use 'function' or 'class' in its implementation, see https://vitest.dev/api/vi#vi-spyon for examples.

 Γ£ô src/main/services/file-utils.test.ts > isExcluded > returns false for empty exclusions 10ms
 Γ£ô src/main/services/file-utils.test.ts > isExcluded > matches *.log extension pattern 1ms
 Γ£ô src/main/services/file-utils.test.ts > isExcluded > matches *.tmp extension pattern 1ms
 Γ£ô src/main/services/file-utils.test.ts > isExcluded > does not match different extension 0ms
 Γ£ô src/main/services/file-utils.test.ts > isExcluded > extension match is case-insensitive 1ms
 Γ£ô src/main/services/file-utils.test.ts > isExcluded > matches exact path prefix 0ms
 Γ£ô src/main/services/file-utils.test.ts > isExcluded > matches exact path 0ms
 Γ£ô src/main/services/file-utils.test.ts > isExcluded > path prefix match is case-insensitive 0ms
 Γ£ô src/main/services/file-utils.test.ts > isExcluded > normalizes forward slashes to backslashes 1ms
 Γ£ô src/main/services/file-utils.test.ts > isExcluded > does not match unrelated path 0ms
 Γ£ô src/main/services/file-utils.test.ts > isExcluded > matches any of multiple exclusions 1ms
 Γ£ô src/main/services/file-utils.test.ts > isExcluded > handles deeply nested paths 1ms
 Γ£ô src/main/services/file-utils.test.ts > isExcluded > extension pattern requires dot 0ms
 Γ£ô src/main/services/file-utils.test.ts > overwriteFile > writes content to tmp file then renames atomically 7ms
 Γ£ô src/main/services/file-utils.test.ts > overwriteFile > supports Buffer content 3ms
 Γ£ô src/main/services/file-utils.test.ts > overwriteFile > propagates writeFile errors 5ms
 Γ£ô src/main/services/file-utils.test.ts > overwriteFile > propagates renameSync errors 1ms
 Γ£ô src/main/services/file-utils.test.ts > safeDelete > deletes a file successfully 2ms
 Γ£ô src/main/services/file-utils.test.ts > safeDelete > calls secureOverwrite when secureDelete is enabled 2ms
 Γ£ô src/main/services/file-utils.test.ts > safeDelete > still deletes if secureOverwrite fails 1ms
 Γ£ô src/main/services/file-utils.test.ts > safeDelete > returns in-use for EBUSY error 1ms
 Γ£ô src/main/services/file-utils.test.ts > safeDelete > returns permission-denied for EACCES error 0ms
 Γ£ô src/main/services/file-utils.test.ts > safeDelete > returns success for ENOENT error (file already gone) 0ms
 Γ£ô src/main/services/file-utils.test.ts > safeDelete > returns error with message for unknown errors 0ms
 Γ£ô src/main/services/file-utils.test.ts > cleanItems > validates and cleans cached items 1ms
 Γ£ô src/main/services/file-utils.test.ts > cleanItems > filters out non-string IDs 1ms
 Γ£ô src/main/services/file-utils.test.ts > cleanItems > handles non-array input 1ms
 Γ£ô src/main/services/file-utils.test.ts > cleanItems > reports skipped files and errors 2ms
 Γ£ô src/main/services/file-utils.test.ts > cleanItems > calls onProgress callback 1ms
 Γ£ô src/main/services/file-utils.test.ts > getDirectorySize > returns 0 for maxDepth <= 0 1ms
 Γ£ô src/main/services/file-utils.test.ts > getDirectorySize > sums file sizes in directory 1ms
 Γ£ô src/main/services/file-utils.test.ts > getDirectorySize > recurses into subdirectories 1ms
 Γ£ô src/main/services/file-utils.test.ts > getDirectorySize > skips inaccessible entries 0ms
 Γ£ô src/main/services/file-utils.test.ts > getDirectorySize > returns 0 when readdir fails 0ms
 Γ£ô src/main/services/file-utils.test.ts > scanDirectory > scans files and returns ScanResult 1ms
 Γ£ô src/main/services/file-utils.test.ts > scanDirectory > skips excluded files 1ms
 Γ£ô src/main/services/file-utils.test.ts > scanDirectory > skips inaccessible files 1ms
 Γ£ô src/main/services/file-utils.test.ts > scanDirectory > returns empty result when readdir fails 1ms
 Γ£ô src/main/services/file-utils.test.ts > scanDirectory > respects skipRecentMinutes cutoff 0ms
 Γ£ô src/main/services/file-utils.test.ts > scanDirectory > enforces MAX_ITEMS limit 77ms
stderr | src/main/cli.test.ts > legacy scan functions > cleanDatabasesCli > handles non-Error exception thrown during clean
[vitest] The vi.fn() mock did not use 'function' or 'class' in its implementation, see https://vitest.dev/api/vi#vi-spyon for examples.

 Γ£ô src/main/services/file-utils.test.ts > scanMultipleDirectories > merges results from multiple directories 1ms
 Γ£ô src/main/services/file-utils.test.ts > scanFile > returns a single-item ScanResult for a file 1ms
 Γ£ô src/main/services/file-utils.test.ts > scanFile > returns empty when file is excluded 1ms
 Γ£ô src/main/services/file-utils.test.ts > scanFile > returns empty when path is not a file 1ms
 Γ£ô src/main/services/file-utils.test.ts > scanFile > returns empty when stat fails 0ms
 Γ£ô src/main/services/file-utils.test.ts > scanDirectoriesAsItems > scans directories as single items 1ms
 Γ£ô src/main/services/file-utils.test.ts > scanDirectoriesAsItems > skips excluded directories 0ms
 Γ£ô src/main/services/file-utils.test.ts > scanDirectoriesAsItems > skips non-directories 0ms
 Γ£ô src/main/services/file-utils.test.ts > scanDirectoriesAsItems > skips directories smaller than 1024 bytes 1ms
 Γ£ô src/main/services/file-utils.test.ts > scanDirectoriesAsItems > skips inaccessible directories 1ms
 Γ£ô src/main/services/file-utils.test.ts > resolveChildSubdirs > returns original paths when no childSubdir 1ms
 Γ£ô src/main/services/file-utils.test.ts > resolveChildSubdirs > expands child subdirectories 1ms
 Γ£ô src/main/services/file-utils.test.ts > resolveChildSubdirs > skips base path that does not exist 0ms
 Γ£ô src/main/services/file-utils.test.ts > resolveChildSubdirs > skips children without the target subdir 1ms
 Γ£ô src/main/services/file-utils.test.ts > secureOverwrite (via safeDelete) > overwrites file with random data then zeros for directories 1ms
 Γ£ô src/main/services/file-utils.test.ts > secureOverwrite (via safeDelete) > does not overwrite zero-size files 1ms
 Γ£ô src/main/services/file-utils.test.ts > scanWithFileMask > returns empty result for non-existent directory 1ms
 Γ£ô src/main/services/file-utils.test.ts > scanWithFileMask > finds files matching wildcard mask *.* 1ms
 Γ£ô src/main/services/file-utils.test.ts > scanWithFileMask > filters files by *.log mask 1ms
 Γ£ô src/main/services/file-utils.test.ts > scanWithFileMask > filters files by thumb*.db mask 1ms
 Γ£ô src/main/services/file-utils.test.ts > scanWithFileMask > skips recent files based on skipRecentMinutes 1ms
 Γ£ô src/main/services/file-utils.test.ts > scanWithFileMask > scans recursively when recurse=true 1ms
 Γ£ô src/main/services/file-utils.test.ts > scanWithFileMask > does NOT recurse when recurse=false 1ms
 Γ£ô src/main/services/file-utils.test.ts > scanWithFileMask > respects file exclusions 1ms
 Γ£ô src/main/services/file-utils.test.ts > scanWithFileMask > matches ? wildcard (single char) 1ms
 Γ£ô src/main/ipc/windows-tweaks.ipc.test.ts > POWERCFG tweaks in catalog > usb-selective-suspend-off exists with correct values 1ms
 Γ£ô src/main/ipc/windows-tweaks.ipc.test.ts > POWERCFG tweaks in catalog > processor-min-max exists with correct values 0ms
 Γ£ô src/main/ipc/windows-tweaks.ipc.test.ts > POWERCFG tweaks in catalog > all powercfg tweaks have needsReboot matching their description 1ms
 Γ£ô src/main/ipc/windows-tweaks.ipc.test.ts > Interface tweaks in catalog > tcp-ack-freq goes through Interfaces path 1ms
 Γ£ô src/main/ipc/windows-tweaks.ipc.test.ts > Interface tweaks in catalog > tcp-no-delay-iface goes through Interfaces path 0ms
 Γ£ô src/main/ipc/windows-tweaks.ipc.test.ts > Interface tweaks in catalog > tcp-del-ack-ticks goes through Interfaces path 0ms
 Γ£ô src/main/ipc/windows-tweaks.ipc.test.ts > registerWindowsTweaksIpc > registers all 15 IPC handlers 7ms
 Γ£ô src/main/ipc/windows-tweaks.ipc.test.ts > WINDOWS_TWEAKS_GET_DNS handler > returns DNS presets 2ms
 Γ£ô src/main/ipc/windows-tweaks.ipc.test.ts > WINDOWS_TWEAKS_LIST handler > returns status array when exec succeeds 5ms
 Γ£ô src/main/ipc/windows-tweaks.ipc.test.ts > WINDOWS_TWEAKS_LIST handler > handles exec failure gracefully (all return applied=false) 4ms
 Γ£ô src/main/ipc/windows-tweaks.ipc.test.ts > WINDOWS_TWEAKS_LIST handler > checks powercfg tweak applied via powercfg -query 3ms
 Γ£ô src/main/ipc/windows-tweaks.ipc.test.ts > WINDOWS_TWEAKS_LIST handler > detects powercfg tweak not applied when value differs 3ms
 Γ£ô src/main/ipc/windows-tweaks.ipc.test.ts > checkTweakApplied reg query parsing > parses reg DWord match as applied=true 3ms
 Γ£ô src/main/ipc/windows-tweaks.ipc.test.ts > checkTweakApplied reg query parsing > parses reg DWord mismatch as applied=false 4ms
 Γ£ô src/main/ipc/windows-tweaks.ipc.test.ts > checkTweakApplied reg query parsing > parses reg String match as applied=true 2ms
 Γ£ô src/main/ipc/windows-tweaks.ipc.test.ts > checkInterfaceTweakApplied returns true > detects interface tweak as applied when PowerShell returns OK 2ms
 Γ£ô src/main/ipc/windows-tweaks.ipc.test.ts > WINDOWS_TWEAKS_APPLY handler > returns succeeded count for valid tweaks 2ms
 Γ£ô src/main/ipc/windows-tweaks.ipc.test.ts > WINDOWS_TWEAKS_APPLY handler > returns admin error for HKLM tweaks when not admin 1ms
 Γ£ô src/main/ipc/windows-tweaks.ipc.test.ts > WINDOWS_TWEAKS_APPLY handler > handles reg.exe failure via mapRegError 1ms
 Γ£ô src/main/ipc/windows-tweaks.ipc.test.ts > WINDOWS_TWEAKS_APPLY handler > handles Portuguese "accesso negado" via mapRegError 1ms
 Γ£ô src/main/ipc/windows-tweaks.ipc.test.ts > WINDOWS_TWEAKS_APPLY handler > handles system cannot find error via mapRegError 1ms
 Γ£ô src/main/ipc/windows-tweaks.ipc.test.ts > WINDOWS_TWEAKS_APPLY handler > handles incorrect function error via mapRegError 1ms
 Γ£ô src/main/ipc/windows-tweaks.ipc.test.ts > WINDOWS_TWEAKS_APPLY handler > handles unknown error gracefully 1ms
 Γ£ô src/main/ipc/windows-tweaks.ipc.test.ts > WINDOWS_TWEAKS_APPLY handler > sends progress events during apply 8ms
 Γ£ô src/main/ipc/windows-tweaks.ipc.test.ts > WINDOWS_TWEAKS_APPLY handler > returns rebootRequired for tweaks with needsReboot 1ms
 Γ£ô src/main/ipc/windows-tweaks.ipc.test.ts > WINDOWS_TWEAKS_APPLY handler > returns logoffRequired for tweaks with needsLogoff 1ms
 Γ£ô src/main/ipc/windows-tweaks.ipc.test.ts > WINDOWS_TWEAKS_APPLY handler > handles empty ids array 0ms
 Γ£ô src/main/ipc/windows-tweaks.ipc.test.ts > WINDOWS_TWEAKS_APPLY handler > applies powercfg tweak via powercfg -setacvalueindex 1ms
 Γ£ô src/main/ipc/windows-tweaks.ipc.test.ts > WINDOWS_TWEAKS_APPLY handler > applies powercfg tweak with revert values when reverting 1ms
 Γ£ô src/main/ipc/windows-tweaks.ipc.test.ts > WINDOWS_TWEAKS_APPLY handler > applies processor-min-max (multi-setting powercfg tweak) 1ms
 Γ£ô src/main/ipc/windows-tweaks.ipc.test.ts > WINDOWS_TWEAKS_APPLY handler > applies Interface tweak via PowerShell Get-ChildItem 1ms
 Γ£ô src/main/ipc/windows-tweaks.ipc.test.ts > WINDOWS_TWEAKS_APPLY handler > applies gamedvr-pm via policy PowerShell 1ms
 Γ£ô src/main/ipc/windows-tweaks.ipc.test.ts > WINDOWS_TWEAKS_REVERT handler > reverts selected tweaks 1ms
 Γ£ô src/main/ipc/windows-tweaks.ipc.test.ts > WINDOWS_TWEAKS_REVERT handler > sends progress events during revert 3ms
 Γ£ô src/main/ipc/windows-tweaks.ipc.test.ts > WINDOWS_TWEAKS_REVERT handler > returns admin error when not admin for HKLM tweaks 2ms
 Γ£ô src/main/ipc/windows-tweaks.ipc.test.ts > WINDOWS_TWEAKS_SET_DNS handler > calls setDnsServer and returns result 2ms
 Γ£ô src/main/ipc/windows-tweaks.ipc.test.ts > WINDOWS_TWEAKS_SET_DNS handler > returns false when setDnsServer is not available 1ms
 Γ£ô src/main/ipc/windows-tweaks.ipc.test.ts > WINDOWS_TWEAKS_STATUS handler > returns status list via IPC 2ms
 Γ£ô src/main/ipc/windows-tweaks.ipc.test.ts > WINDOWS_TWEAKS_NETSH_TCP handler > applies netsh TCP tweaks successfully 1ms
 Γ£ô src/main/ipc/windows-tweaks.ipc.test.ts > WINDOWS_TWEAKS_NETSH_TCP handler > reverts netsh TCP tweaks successfully 1ms
 Γ£ô src/main/ipc/windows-tweaks.ipc.test.ts > WINDOWS_TWEAKS_NETSH_TCP handler > reports error when netsh output contains ERROR 1ms
 Γ£ô src/main/ipc/windows-tweaks.ipc.test.ts > WINDOWS_TWEAKS_NETSH_TCP handler > reports error when netsh command throws 1ms
 Γ£ô src/main/ipc/windows-tweaks.ipc.test.ts > mapRegError with null and undefined > handles null thrown value via apply handler 1ms
 Γ£ô src/main/ipc/windows-tweaks.ipc.test.ts > mapRegError with null and undefined > handles undefined thrown value via apply handler 1ms
 Γ£ô src/main/ipc/windows-tweaks.ipc.test.ts > applyRegistryTweak ntfs-last-access-off > calls fsutil when applying ntfs-last-access-off 1ms
 Γ£ô src/main/ipc/windows-tweaks.ipc.test.ts > revertRegistryTweak ntfs-last-access-off > calls fsutil when reverting ntfs-last-access-off 1ms
 Γ£ô src/main/ipc/windows-tweaks.ipc.test.ts > checkPowerCfgTweak failure modes > returns false for unknown powercfg tweak id 2ms
 Γ£ô src/main/ipc/windows-tweaks.ipc.test.ts > checkPowerCfgTweak failure modes > returns false when powercfg -query has no matching AC Power Setting 2ms
 Γ£ô src/main/ipc/windows-tweaks.ipc.test.ts > checkPowerCfgTweak failure modes > returns false when powercfg /GETACTIVESCHEME returns no GUID 2ms
 Γ£ô src/main/ipc/windows-tweaks.ipc.test.ts > applyPowerCfgTweak without active GUID > still succeeds when no active scheme GUID is found 1ms
stderr | src/main/cli.test.ts > legacy scan functions > runLegacyScanClean scan-only path > scans and cleans database items when doClean is true
[vitest] The vi.fn() mock did not use 'function' or 'class' in its implementation, see https://vitest.dev/api/vi#vi-spyon for examples.

 Γ£ô src/main/cli.test.ts > legacy scan functions > runLegacyScanClean clean path > returns needsElevation when clean reports permission denied 12ms
 Γ£ô src/main/cli.test.ts > legacy scan functions > runLegacyScanClean clean path > truncates error list when >10 errors 10ms
 Γ£ô src/main/cli.test.ts > legacy scan functions > runLegacyScanClean clean path > outputs JSON with clean result when --json and --clean are both passed 9ms
 ├ù src/main/cli.test.ts > legacy scan functions > cleanDatabasesCli > cleans WAL database successfully 7ms
   ΓåÆ expected +0 to be 1 // Object.is equality
 ├ù src/main/cli.test.ts > legacy scan functions > cleanDatabasesCli > cleans non-WAL database (journal_mode is not WAL) 2ms
   ΓåÆ Cannot read properties of undefined (reading 'mockReturnValue')
 Γ£ô src/main/cli.test.ts > legacy scan functions > cleanDatabasesCli > skips item when getCachedItem returns null 4ms
 ├ù src/main/cli.test.ts > legacy scan functions > cleanDatabasesCli > handles Database constructor errors 8ms
   ΓåÆ expected '() => {\n        throw err;\n      } ΓÇª' to be 'in-use' // Object.is equality
 ├ù src/main/cli.test.ts > legacy scan functions > cleanDatabasesCli > handles WAL stat errors before and after (no WAL file) 4ms
   ΓåÆ expected +0 to be 1 // Object.is equality
 ├ù src/main/cli.test.ts > legacy scan functions > cleanDatabasesCli > handles non-Error exception thrown during clean 4ms
   ΓåÆ expected +0 to be 1 // Object.is equality
 Γåô src/main/cli.test.ts > legacy scan functions > cleanDatabasesCli > handles better-sqlite3 not available
 Γ£ô src/main/cli.test.ts > legacy scan functions > getChromiumProfiles > returns Default when readdir fails 3ms
 Γ£ô src/main/cli.test.ts > legacy scan functions > getChromiumProfiles > returns Default and matching Profile N directories 3ms
 Γ£ô src/main/cli.test.ts > legacy scan functions > getChromiumProfiles > returns only Default when no Profile N directories exist 3ms
 Γ£ô src/main/cli.test.ts > legacy scan functions > scanBrowserCli Firefox cache > scans Firefox cache with profiles returning results 10ms
 Γ£ô src/main/cli.test.ts > legacy scan functions > scanBrowserCli Firefox cache > handles Firefox readdir error gracefully 11ms
 Γ£ô src/main/cli.test.ts > legacy scan functions > scanBrowserCli Firefox cache > scans Firefox fork (LibreWolf) with existing cache 12ms
 Γ£ô src/main/cli.test.ts > legacy scan functions > runLegacyScanClean scan-only path > shows Run with --clean when items found but doClean is false 4ms
 ├ù src/main/cli.test.ts > legacy scan functions > runLegacyScanClean scan-only path > scans and cleans database items when doClean is true 5ms
   ΓåÆ expected 1 to be +0 // Object.is equality
 Γ£ô src/main/ipc/privacy-shield.ipc.test.ts > scanPrivacy > each setting has required PrivacySetting fields 20ms
 Γ£ô src/main/ipc/privacy-shield.ipc.test.ts > scanPrivacy > protected count reflects settings that report enabled=true 3ms
 Γ£ô src/main/ipc/privacy-shield.ipc.test.ts > scanPrivacy > calls onProgress callback for each setting 3ms
 Γ£ô src/main/ipc/privacy-shield.ipc.test.ts > scanPrivacy > progress includes label and category 7ms
 Γ£ô src/main/ipc/privacy-shield.ipc.test.ts > scanPrivacy > works when onProgress is not provided 3ms
 Γ£ô src/main/ipc/privacy-shield.ipc.test.ts > scanPrivacy > catches errors in check() gracefully without crashing 5ms
 Γ£ô src/main/ipc/privacy-shield.ipc.test.ts > scanPrivacy > sets reversible=false for settings without revert function 3ms
 Γ£ô src/main/ipc/privacy-shield.ipc.test.ts > scanPrivacy > sets reversible=false when applicable() returns false 4ms
 Γ£ô src/main/ipc/privacy-shield.ipc.test.ts > scanPrivacy > includes dependsOn field when defined 5ms
 Γ£ô src/main/ipc/privacy-shield.ipc.test.ts > scanPrivacy > total equals the number of settings processed 2ms
 Γ£ô src/main/ipc/privacy-shield.ipc.test.ts > timeout behavior (withTimeout) > returns fallback when promise never resolves 52ms
 Γ£ô src/main/ipc/privacy-shield.ipc.test.ts > timeout behavior (withTimeout) > returns actual value when promise resolves before timeout 1ms
 Γ£ô src/main/ipc/privacy-shield.ipc.test.ts > applyPrivacySettings > returns success count for valid IDs 3ms
 Γ£ô src/main/ipc/privacy-shield.ipc.test.ts > applyPrivacySettings > skips unknown setting IDs silently 1ms
 Γ£ô src/main/ipc/privacy-shield.ipc.test.ts > applyPrivacySettings > reports failures with error details 1ms
 Γ£ô src/main/ipc/privacy-shield.ipc.test.ts > applyPrivacySettings > handles mixed success and failure 1ms
 Γ£ô src/main/ipc/privacy-shield.ipc.test.ts > applyPrivacySettings > returns empty result for empty array 1ms
 Γ£ô src/main/ipc/privacy-shield.ipc.test.ts > applyPrivacySettings > handles non-Error thrown objects gracefully 1ms
 Γ£ô src/main/ipc/privacy-shield.ipc.test.ts > applyPrivacySettings > processes all IDs even if some fail 1ms
 Γ£ô src/main/ipc/privacy-shield.ipc.test.ts > applyPrivacySettings > handles duplicate IDs (applies each occurrence) 1ms
 Γ£ô src/main/ipc/privacy-shield.ipc.test.ts > revertPrivacySettings > returns success count for valid IDs with revert 1ms
 Γ£ô src/main/ipc/privacy-shield.ipc.test.ts > revertPrivacySettings > reports failure for unknown setting IDs 1ms
 Γ£ô src/main/ipc/privacy-shield.ipc.test.ts > revertPrivacySettings > reports failure when revert throws 1ms
 Γ£ô src/main/ipc/privacy-shield.ipc.test.ts > revertPrivacySettings > returns empty result for empty array 1ms
 Γ£ô src/main/ipc/privacy-shield.ipc.test.ts > revertPrivacySettings > handles non-Error thrown objects in revert 1ms
 Γ£ô src/main/ipc/privacy-shield.ipc.test.ts > revertPrivacySettings > processes all IDs even if some fail 1ms
 Γ£ô src/main/services/hwid.test.ts > generateHwid > returns machineId when it succeeds 7ms
 Γ£ô src/main/services/hwid.test.ts > generateHwid > falls back to cached file when machineId fails 1ms
 Γ£ô src/main/services/hwid.test.ts > generateHwid > generates new hwid when machineId fails and no cache 4ms
 Γ£ô src/main/services/hwid.test.ts > generateHwid > returns unknown-hwid when everything fails 2ms
 Γ£ô src/main/services/hwid.test.ts > getHwProfileRaw > returns machineId when it succeeds 1ms
 Γ£ô src/main/services/hwid.test.ts > getHwProfileRaw > returns unknown-hwid on failure 1ms
 Γ£ô src/main/ipc/clips.ipc.test.ts > CLIPS_SAVE_CLIP > returns error if engine dies during wait loop 203ms
 Γ£ô src/main/services/history-store.test.ts > getHistory > returns empty array when file does not exist 9ms
 Γ£ô src/main/services/history-store.test.ts > getHistory > returns parsed history when file exists 3ms
 Γ£ô src/main/services/history-store.test.ts > getHistory > returns empty array on parse error 1ms
 Γ£ô src/main/services/history-store.test.ts > getHistory > returns empty array for non-array data 1ms
 Γ£ô src/main/services/history-store.test.ts > addHistoryEntry > prepends entry to history and sends IPC 59ms
 Γ£ô src/main/services/file-watcher.test.ts > FileWatcherService > starts watching directories 8ms
 Γ£ô src/main/services/file-watcher.test.ts > FileWatcherService > stop clears all watchers 1ms
 Γ£ô src/main/services/file-watcher.test.ts > FileWatcherService > getWatchedCount returns correct count for multiple directories 1ms
 Γ£ô src/main/services/file-watcher.test.ts > FileWatcherService > handles invalid directory gracefully 4ms
 Γ£ô src/main/services/file-watcher.test.ts > FileWatcherService > does not duplicate watchers for the same directory 1ms
 Γ£ô src/main/services/file-watcher.test.ts > FileWatcherService > emits file-changed when watcher emits rename event 1ms
 Γ£ô src/main/services/file-watcher.test.ts > FileWatcherService > emits file-changed when watcher emits change event 1ms
 Γ£ô src/main/services/file-watcher.test.ts > FileWatcherService > ignores events with null filename 52ms
 Γ£ô src/main/services/file-watcher.test.ts > FileWatcherService > supports restart after stop 2ms
 Γ£ô src/main/ipc/privacy-shield.ipc.test.ts > input validation via IPC handlers > PRIVACY_APPLY returns empty result when validation fails 4ms
 Γ£ô src/main/ipc/privacy-shield.ipc.test.ts > input validation via IPC handlers > PRIVACY_REVERT returns empty result when validation fails 1ms
 Γ£ô src/main/ipc/privacy-shield.ipc.test.ts > input validation via IPC handlers > PRIVACY_APPLY passes maxItems=1000 to validateStringArray 4ms
 Γ£ô src/main/ipc/privacy-shield.ipc.test.ts > input validation via IPC handlers > PRIVACY_REVERT passes maxItems=1000 to validateStringArray 1ms
 Γ£ô src/main/ipc/privacy-shield.ipc.test.ts > registerPrivacyShieldIpc > registers all three IPC handlers 1ms
 Γ£ô src/main/ipc/privacy-shield.ipc.test.ts > registerPrivacyShieldIpc > PRIVACY_SCAN handler returns PrivacyShieldState 2ms
 Γ£ô src/main/ipc/privacy-shield.ipc.test.ts > registerPrivacyShieldIpc > PRIVACY_APPLY handler calls applyPrivacySettings with validated input 1ms
 Γ£ô src/main/ipc/privacy-shield.ipc.test.ts > sendProgress > sends progress to window when window exists and is not destroyed 6ms
 Γ£ô src/main/ipc/privacy-shield.ipc.test.ts > sendProgress > does not throw when window is null 2ms
 Γ£ô src/main/ipc/privacy-shield.ipc.test.ts > sendProgress > does not send when window is destroyed 2ms
 Γ£ô src/main/ipc/privacy-shield.ipc.test.ts > edge cases and error handling > regQueryDword handles malformed stdout gracefully 1ms
 Γ£ô src/main/ipc/privacy-shield.ipc.test.ts > edge cases and error handling > regQueryDword handles uppercase hex values 1ms
 Γ£ô src/main/ipc/privacy-shield.ipc.test.ts > edge cases and error handling > handles extremely long setting ID lists (all unknown) 5ms
 Γ£ô src/main/ipc/privacy-shield.ipc.test.ts > IPC channel format > uses correct channel names from IPC constants 1ms
 Γ£ô src/main/cli.test.ts > legacy scan functions > runLegacyScanClean scan-only path > cleans recycle bin via trash path (file items not COM) 4ms
 Γ£ô src/main/cli.test.ts > legacy scan functions > runLegacyScanClean scan-only path > outputs JSON with scan errors when they exist 3ms
 Γ£ô src/main/cli.test.ts > utility: formatBytes > returns 0 B for 0 9ms
 Γ£ô src/main/cli.test.ts > utility: formatBytes > returns 0 B for negative numbers 12ms
 Γ£ô src/main/cli.test.ts > utility: formatBytes > returns 0 B for Infinity 8ms
 Γ£ô src/main/cli.test.ts > utility: formatBytes > returns 0 B for NaN 8ms
 Γ£ô src/main/cli.test.ts > utility: formatBytes > formats plain bytes 12ms
 Γ£ô src/main/cli.test.ts > utility: formatBytes > formats kilobytes 13ms
 Γ£ô src/main/cli.test.ts > utility: formatBytes > formats fractional kilobytes 9ms
 Γ£ô src/main/cli.test.ts > utility: formatBytes > formats megabytes 10ms
 Γ£ô src/main/cli.test.ts > utility: formatBytes > formats gigabytes 7ms
 Γ£ô src/main/cli.test.ts > utility: formatBytes > formats terabytes 9ms
 Γ£ô src/main/ipc/clips.ipc.test.ts > CLIPS_GET_THUMBNAIL > processes thumbnail request for valid clip name 2ms
 Γ£ô src/main/ipc/clips.ipc.test.ts > CLIPS_GET_THUMBNAIL > returns null for non-string clipName 1ms
 Γ£ô src/main/ipc/clips.ipc.test.ts > CLIPS_GET_RUNNING_PROCESSES > parses CSV output from tasklist 2ms
 Γ£ô src/main/ipc/clips.ipc.test.ts > CLIPS_GET_RUNNING_PROCESSES > skips lines that do not match CSV pattern 1ms
 Γ£ô src/main/ipc/clips.ipc.test.ts > CLIPS_GET_RUNNING_PROCESSES > returns empty array when execFile fails 1ms
 Γ£ô src/main/ipc/clips.ipc.test.ts > CLIPS_GET_RUNNING_PROCESSES > returns empty array from empty stdout 1ms
 Γ£ô src/main/ipc/clips.ipc.test.ts > CLIPS_GET_MIC_DEVICES > returns empty array when pipe is not connected 1ms
 Γ£ô src/main/ipc/clips.ipc.test.ts > CLIPS_GET_MIC_DEVICES > returns devices when pipe is connected and devices array is present 2ms
 Γ£ô src/main/ipc/clips.ipc.test.ts > CLIPS_GET_MIC_DEVICES > returns empty array when devices payload is not an array 1ms
 Γ£ô src/main/ipc/clips.ipc.test.ts > CLIPS_GET_MIC_DEVICES > returns empty array when sendPipeCommand throws 1ms
 Γ£ô src/main/ipc/clips.ipc.test.ts > CLIPS_SET_MIC_DEVICE > rejects non-string deviceId 2ms
 Γ£ô src/main/ipc/clips.ipc.test.ts > CLIPS_SET_MIC_DEVICE > returns success when pipe is not connected 2ms
 Γ£ô src/main/ipc/clips.ipc.test.ts > CLIPS_SET_MIC_DEVICE > updates mic device and syncs to engine when pipe is connected 1ms
 Γ£ô src/main/ipc/clips.ipc.test.ts > CLIPS_SET_MIC_DEVICE > returns error when sendPipeCommand throws 1ms
 Γ£ô src/main/ipc/clips.ipc.test.ts > CLIPS_GET_GPUS > returns empty array when pipe is not connected 1ms
 Γ£ô src/main/ipc/clips.ipc.test.ts > CLIPS_GET_GPUS > returns GPU list when pipe is connected and payload is array 1ms
 Γ£ô src/main/ipc/clips.ipc.test.ts > CLIPS_GET_GPUS > returns empty array when payload is not an array 1ms
 Γ£ô src/main/ipc/clips.ipc.test.ts > CLIPS_GET_GPUS > returns empty array when sendPipeCommand throws 2ms
 Γ£ô src/main/ipc/clips.ipc.test.ts > CLIPS_SET_FAVORITE > rejects non-string clipName 2ms
 Γ£ô src/main/ipc/clips.ipc.test.ts > CLIPS_SET_FAVORITE > rejects empty string clipName 1ms
 Γ£ô src/main/ipc/clips.ipc.test.ts > CLIPS_SET_FAVORITE > rejects non-boolean favorite value 1ms
 Γ£ô src/main/ipc/clips.ipc.test.ts > CLIPS_SET_FAVORITE > rejects when clipPathInOutputDir returns null 2ms
 Γ£ô src/main/ipc/clips.ipc.test.ts > CLIPS_SET_FAVORITE > writes favorite marker when favorite is true 1ms
 Γ£ô src/main/ipc/clips.ipc.test.ts > CLIPS_SET_FAVORITE > removes favorite marker when favorite is false and file exists 1ms
 Γ£ô src/main/ipc/clips.ipc.test.ts > CLIPS_SET_FAVORITE > does nothing when favorite is false and marker file does not exist 1ms
 Γ£ô src/main/ipc/clips.ipc.test.ts > CLIPS_SET_FAVORITE > returns error when writeFileSync fails 1ms
 Γ£ô src/main/ipc/clips.ipc.test.ts > CLIPS_SET_FAVORITE > handles non-Error exception from writeFileSync 1ms
 Γ£ô src/main/ipc/clips.ipc.test.ts > CLIPS_TRIM_CLIP > rejects non-string clipPath 1ms
 Γ£ô src/main/ipc/clips.ipc.test.ts > CLIPS_TRIM_CLIP > rejects when clipPathInOutputDir returns null 1ms
 Γ£ô src/main/ipc/clips.ipc.test.ts > CLIPS_TRIM_CLIP > rejects invalid trim range when endSeconds <= startSeconds 1ms
 Γ£ô src/main/ipc/clips.ipc.test.ts > CLIPS_TRIM_CLIP > rejects startSeconds < 0 2ms
 Γ£ô src/main/ipc/clips.ipc.test.ts > CLIPS_TRIM_CLIP > returns success when ffmpeg trim succeeds 3ms
 Γ£ô src/main/ipc/clips.ipc.test.ts > CLIPS_TRIM_CLIP > creates output directory when trimmed dir does not exist 2ms
 Γ£ô src/main/ipc/clips.ipc.test.ts > CLIPS_TRIM_CLIP > returns error when ffmpeg trim fails 2ms
 Γ£ô src/main/ipc/clips.ipc.test.ts > CLIPS_TRIM_CLIP > handles process spawn error 13ms
 Γ£ô src/main/ipc/clips.ipc.test.ts > CLIPS_MERGE_CLIPS > rejects non-array or less than 2 clips 1ms
 Γ£ô src/main/ipc/clips.ipc.test.ts > CLIPS_MERGE_CLIPS > rejects non-string path in array 1ms
 Γ£ô src/main/ipc/clips.ipc.test.ts > CLIPS_MERGE_CLIPS > rejects when a clip path is not found 1ms
 Γ£ô src/main/ipc/clips.ipc.test.ts > CLIPS_MERGE_CLIPS > returns success when ffmpeg merge succeeds 1ms
 Γ£ô src/main/ipc/clips.ipc.test.ts > CLIPS_MERGE_CLIPS > returns error when ffmpeg merge fails 1ms
 Γ£ô src/main/ipc/clips.ipc.test.ts > CLIPS_MERGE_CLIPS > handles process spawn error during merge 13ms
 Γ£ô src/main/ipc/clips.ipc.test.ts > CLIPS_MERGE_CLIPS > handles writeFileSync failure for concat file 1ms
 Γ£ô src/main/ipc/clips.ipc.test.ts > CLIPS_MERGE_CLIPS > creates output directory when merged dir does not exist 2ms
 Γ£ô src/main/ipc/clips.ipc.test.ts > CLIPS_MERGE_CLIPS > handles non-Error exception during merge 1ms
 Γ£ô src/main/ipc/clips.ipc.test.ts > CLIPS_RENAME_CLIP > rejects non-string clipName 1ms
 Γ£ô src/main/ipc/clips.ipc.test.ts > CLIPS_RENAME_CLIP > rejects non-string newName 1ms
 Γ£ô src/main/ipc/clips.ipc.test.ts > CLIPS_RENAME_CLIP > rejects newName that is just .mp4 extension 1ms
 Γ£ô src/main/ipc/clips.ipc.test.ts > CLIPS_RENAME_CLIP > rejects old name that escapes output directory 1ms
 Γ£ô src/main/ipc/clips.ipc.test.ts > CLIPS_RENAME_CLIP > rejects new name that escapes output directory 1ms
 Γ£ô src/main/ipc/clips.ipc.test.ts > CLIPS_RENAME_CLIP > returns error when old clip does not exist 1ms
 Γ£ô src/main/ipc/clips.ipc.test.ts > CLIPS_RENAME_CLIP > returns error when new clip already exists 1ms
 Γ£ô src/main/ipc/clips.ipc.test.ts > CLIPS_RENAME_CLIP > renames the .mp4 file successfully 1ms
 Γ£ô src/main/ipc/clips.ipc.test.ts > CLIPS_RENAME_CLIP > returns error when renameSync fails (e.g. cross-volume) 1ms
 Γ£ô src/main/ipc/clips.ipc.test.ts > CLIPS_RENAME_CLIP > renames the cached thumbnail when present 1ms
 Γ£ô src/main/ipc/clips.ipc.test.ts > CLIPS_RENAME_CLIP > renames the .favorite marker when present 1ms
 Γ£ô src/main/ipc/clips.ipc.test.ts > CLIPS_RENAME_CLIP > strips .mp4 suffix from newName if user included it 1ms
 Γ£ô src/main/ipc/clips.ipc.test.ts > CLIPS_RENAME_CLIP > invalidates duration cache for old path after successful rename 1ms
 Γ£ô src/main/ipc/clips.ipc.test.ts > CLIPS_GET_DURATIONS > returns duration for valid clip names 2ms
 Γ£ô src/main/ipc/clips.ipc.test.ts > CLIPS_GET_DURATIONS > returns empty object for empty input 1ms
 Γ£ô src/main/services/history-store.test.ts > addHistoryEntry > limits history to 100 entries 54ms
 Γ£ô src/main/services/history-store.test.ts > addHistoryEntry > handles missing window gracefully 53ms
 Γ£ô src/main/services/history-store.test.ts > clearHistory > writes empty array 1ms
 Γ£ô src/main/ipc/clips.ipc.test.ts > CLIPS_GET_DURATIONS > returns empty object for non-array input 1ms
 Γ£ô src/main/ipc/clips.ipc.test.ts > CLIPS_GET_DURATIONS > filters out non-string paths and returns durations for valid ones 1ms
 Γ£ô src/main/ipc/clips.ipc.test.ts > CLIPS_GET_DURATIONS > returns 0 duration for files that fail to stat 1ms
 Γ£ô src/main/services/ipc-validation.test.ts > validateSettingsPartial > accepts valid boolean settings 11ms
 Γ£ô src/main/services/ipc-validation.test.ts > validateSettingsPartial > rejects null 1ms
 Γ£ô src/main/services/ipc-validation.test.ts > validateSettingsPartial > rejects arrays 0ms
 Γ£ô src/main/services/ipc-validation.test.ts > validateSettingsPartial > rejects primitives 0ms
 Γ£ô src/main/services/ipc-validation.test.ts > validateSettingsPartial > ignores unknown top-level keys 0ms
 Γ£ô src/main/services/ipc-validation.test.ts > validateSettingsPartial > rejects wrong types for boolean fields 0ms
 Γ£ô src/main/services/ipc-validation.test.ts > validateSettingsPartial > accepts valid exclusions array 1ms
 Γ£ô src/main/services/ipc-validation.test.ts > validateSettingsPartial > rejects non-array exclusions 0ms
 Γ£ô src/main/services/ipc-validation.test.ts > validateSettingsPartial > rejects exclusions with non-string entries 0ms
 Γ£ô src/main/services/ipc-validation.test.ts > validateSettingsPartial > rejects too many exclusions 0ms
 Γ£ô src/main/services/ipc-validation.test.ts > validateSettingsPartial > rejects empty string exclusions 0ms
 Γ£ô src/main/services/ipc-validation.test.ts > validateSettingsPartial > rejects overly long exclusion strings 0ms
 Γ£ô src/main/services/ipc-validation.test.ts > validateSettingsPartial > accepts valid ignoredSoftwareUpdates array 0ms
 Γ£ô src/main/services/ipc-validation.test.ts > validateSettingsPartial > rejects non-array ignoredSoftwareUpdates 0ms
 Γ£ô src/main/services/ipc-validation.test.ts > validateSettingsPartial > rejects ignoredSoftwareUpdates with non-string entries 0ms
 Γ£ô src/main/services/ipc-validation.test.ts > validateSettingsPartial > rejects empty string in ignoredSoftwareUpdates 0ms
 Γ£ô src/main/services/ipc-validation.test.ts > validateSettingsPartial > accepts valid schedule 0ms
 Γ£ô src/main/services/ipc-validation.test.ts > validateSettingsPartial > rejects invalid schedule frequency 0ms
 Γ£ô src/main/services/ipc-validation.test.ts > validateSettingsPartial > rejects out-of-range schedule hour 0ms
 Γ£ô src/main/services/ipc-validation.test.ts > validateSettingsPartial > rejects out-of-range schedule day 0ms
 Γ£ô src/main/services/ipc-validation.test.ts > validateSettingsPartial > rejects schedule as array 0ms
 Γ£ô src/main/services/ipc-validation.test.ts > validateSettingsPartial > rejects unknown schedule keys 0ms
 Γ£ô src/main/services/ipc-validation.test.ts > validateSettingsPartial > accepts valid cleaner settings 0ms
 Γ£ô src/main/services/ipc-validation.test.ts > validateSettingsPartial > rejects cleaner with invalid skipRecentMinutes 0ms
 Γ£ô src/main/services/ipc-validation.test.ts > validateSettingsPartial > rejects cleaner with wrong boolean types 0ms
 Γ£ô src/main/services/ipc-validation.test.ts > validateSettingsPartial > rejects unknown cleaner keys 0ms
 Γ£ô src/main/services/ipc-validation.test.ts > validateSettingsPartial > accepts a valid backupPath 0ms
 Γ£ô src/main/services/ipc-validation.test.ts > validateSettingsPartial > accepts an empty backupPath (means default) 1ms
 Γ£ô src/main/services/ipc-validation.test.ts > validateSettingsPartial > rejects non-string backupPath 0ms
 Γ£ô src/main/services/ipc-validation.test.ts > validateSettingsPartial > rejects backupPath with path traversal 0ms
 Γ£ô src/main/services/ipc-validation.test.ts > validateSettingsPartial > rejects overly long backupPath 0ms
 Γ£ô src/main/services/ipc-validation.test.ts > validateSettingsPartial > rejects a relative backupPath 0ms
 Γ£ô src/main/services/ipc-validation.test.ts > validateSettingsPartial > accepts valid theme values 1ms
 Γ£ô src/main/services/ipc-validation.test.ts > validateSettingsPartial > rejects invalid theme values 0ms
 Γ£ô src/main/services/ipc-validation.test.ts > validateSettingsPartial > accepts valid windowsPackageManager values 1ms
 Γ£ô src/main/services/ipc-validation.test.ts > validateSettingsPartial > rejects invalid windowsPackageManager values 0ms
 Γ£ô src/main/services/ipc-validation.test.ts > validateSettingsPartial > accepts empty object 0ms
 Γ£ô src/main/services/ipc-validation.test.ts > validateSettingsPartial > accepts valid schedules array 0ms
 Γ£ô src/main/services/ipc-validation.test.ts > validateSettingsPartial > rejects schedules with invalid task types 0ms
 Γ£ô src/main/services/ipc-validation.test.ts > validateSettingsPartial > rejects non-array schedules 0ms
 Γ£ô src/main/services/ipc-validation.test.ts > validateSettingsPartial > rejects too many schedules 0ms
 Γ£ô src/main/services/ipc-validation.test.ts > validateSettingsPartial > rejects schedule entry with missing fields 0ms
 Γ£ô src/main/services/ipc-validation.test.ts > validateSettingsPartial > accepts valid gameMode settings 1ms
 Γ£ô src/main/services/ipc-validation.test.ts > validateSettingsPartial > accepts gameMode with empty arrays 0ms
 Γ£ô src/main/services/ipc-validation.test.ts > validateSettingsPartial > rejects gameMode with invalid optimization IDs 0ms
 Γ£ô src/main/services/ipc-validation.test.ts > validateSettingsPartial > rejects gameMode with non-array enabledOptimizations 0ms
 Γ£ô src/main/services/ipc-validation.test.ts > validateSettingsPartial > rejects gameMode with too many optimizations 0ms
 Γ£ô src/main/services/ipc-validation.test.ts > validateSettingsPartial > rejects gameMode with non-string process names 0ms
 Γ£ô src/main/services/ipc-validation.test.ts > validateSettingsPartial > rejects gameMode with empty process name strings 0ms
 Γ£ô src/main/services/ipc-validation.test.ts > validateSettingsPartial > rejects gameMode with path traversal in process names 0ms
 Γ£ô src/main/services/ipc-validation.test.ts > validateSettingsPartial > rejects gameMode with special characters in process names 0ms
 Γ£ô src/main/services/ipc-validation.test.ts > validateSettingsPartial > rejects gameMode with too many custom processes 0ms
 Γ£ô src/main/services/ipc-validation.test.ts > validateSettingsPartial > rejects gameMode with overly long process names 0ms
 Γ£ô src/main/services/ipc-validation.test.ts > validateSettingsPartial > rejects gameMode with unknown keys 0ms
 Γ£ô src/main/services/ipc-validation.test.ts > validateSettingsPartial > rejects gameMode as non-object 0ms
 Γ£ô src/main/services/ipc-validation.test.ts > validateSettingsPartial > accepts all valid optimization IDs 0ms
 Γ£ô src/main/services/ipc-validation.test.ts > validateSettingsPartial > accepts process names with dots, hyphens, underscores, and spaces 0ms
 Γ£ô src/main/services/ipc-validation.test.ts > validateSettingsPartial > accepts a registryIgnoredTweaks array of signature strings 0ms
 Γ£ô src/main/services/ipc-validation.test.ts > validateSettingsPartial > accepts an empty registryIgnoredTweaks array 0ms
 Γ£ô src/main/services/ipc-validation.test.ts > validateSettingsPartial > rejects registryIgnoredTweaks that is not an array 0ms
 Γ£ô src/main/services/ipc-validation.test.ts > validateSettingsPartial > rejects non-string or empty entries in registryIgnoredTweaks 0ms
 Γ£ô src/main/services/ipc-validation.test.ts > validateSettingsPartial > rejects an oversized registryIgnoredTweaks list 0ms
 Γ£ô src/main/services/ipc-validation.test.ts > validateSettingsPartial > accepts valid language codes 0ms
 Γ£ô src/main/services/ipc-validation.test.ts > validateSettingsPartial > rejects invalid language codes 0ms
 Γ£ô src/main/services/ipc-validation.test.ts > validateSettingsPartial > accepts valid updateCheckIntervalHours 0ms
 Γ£ô src/main/services/ipc-validation.test.ts > validateSettingsPartial > rejects invalid updateCheckIntervalHours 0ms
 Γ£ô src/main/services/ipc-validation.test.ts > validateSettingsPartial > rejects gameMode customGameProcesses with non-array 0ms
 Γ£ô src/main/services/ipc-validation.test.ts > validateSettingsPartial > rejects gameMode customGameProcesses with empty string 0ms
 Γ£ô src/main/services/ipc-validation.test.ts > validateSettingsPartial > rejects gameMode customGameProcesses with special characters 0ms
 Γ£ô src/main/services/ipc-validation.test.ts > validateSettingsPartial > rejects gameMode customGameProcesses with overly long name 0ms
 Γ£ô src/main/services/ipc-validation.test.ts > validateSettingsPartial > rejects gameMode customGameProcesses that exceeds max count 0ms
 Γ£ô src/main/services/ipc-validation.test.ts > validateSettingsPartial > accepts valid gameMode customGameProcesses 0ms
 Γ£ô src/main/services/ipc-validation.test.ts > validateSettingsPartial > accepts gameMode gameProfiles 0ms
 Γ£ô src/main/services/ipc-validation.test.ts > validateSettingsPartial > accepts gameMode gameProfiles with multiple profiles under 30 limit 1ms
 Γ£ô src/main/services/ipc-validation.test.ts > validateSettingsPartial > rejects gameMode gameProfiles as non-object 0ms
 Γ£ô src/main/services/ipc-validation.test.ts > validateSettingsPartial > rejects gameMode gameProfiles with too many profiles 0ms
 Γ£ô src/main/services/ipc-validation.test.ts > validateSettingsPartial > rejects gameMode gameProfiles with invalid process name key 0ms
 Γ£ô src/main/services/ipc-validation.test.ts > validateSettingsPartial > rejects gameMode gameProfiles with null profile value 0ms
 Γ£ô src/main/services/ipc-validation.test.ts > validateSettingsPartial > rejects gameMode gameProfiles with missing gameName 0ms
 Γ£ô src/main/services/ipc-validation.test.ts > validateSettingsPartial > rejects gameMode gameProfiles with gameName too long 0ms
 Γ£ô src/main/services/ipc-validation.test.ts > validateSettingsPartial > rejects gameMode gameProfiles with non-array enabledOptimizations 0ms
 Γ£ô src/main/services/ipc-validation.test.ts > validateSettingsPartial > rejects gameMode gameProfiles with too many optimizations 0ms
 Γ£ô src/main/services/ipc-validation.test.ts > validateSettingsPartial > rejects gameMode gameProfiles with invalid optimization ID 0ms
 Γ£ô src/main/services/ipc-validation.test.ts > validateSettingsPartial > rejects exclusions with path traversal 0ms
 Γ£ô src/main/services/ipc-validation.test.ts > validateSettingsPartial > rejects exclusions with UNC prefix 0ms
 Γ£ô src/main/services/ipc-validation.test.ts > validateSettingsPartial > rejects too many ignoredSoftwareUpdates 1ms
 Γ£ô src/main/services/ipc-validation.test.ts > validateSettingsPartial > rejects overly long ignoredSoftwareUpdate entry 0ms
 Γ£ô src/main/services/ipc-validation.test.ts > validateSettingsPartial > rejects schedule as null 0ms
 Γ£ô src/main/services/ipc-validation.test.ts > validateSettingsPartial > rejects schedule as primitive 0ms
 Γ£ô src/main/services/ipc-validation.test.ts > validateSettingsPartial > rejects schedule with non-boolean enabled 0ms
 Γ£ô src/main/services/ipc-validation.test.ts > validateSettingsPartial > rejects schedule entry as null 0ms
 Γ£ô src/main/services/ipc-validation.test.ts > validateSettingsPartial > rejects schedule entry as primitive 0ms
 Γ£ô src/main/services/ipc-validation.test.ts > validateSettingsPartial > rejects schedule entry as array 0ms
 Γ£ô src/main/services/ipc-validation.test.ts > validateSettingsPartial > rejects schedule entry with invalid id 0ms
 Γ£ô src/main/services/ipc-validation.test.ts > validateSettingsPartial > rejects schedule entry with invalid name 0ms
 Γ£ô src/main/services/ipc-validation.test.ts > validateSettingsPartial > rejects schedule entry with non-boolean enabled 0ms
 Γ£ô src/main/services/ipc-validation.test.ts > validateSettingsPartial > rejects schedule entry with invalid frequency 0ms
 Γ£ô src/main/services/ipc-validation.test.ts > validateSettingsPartial > rejects schedule entry with out-of-range day 0ms
 Γ£ô src/main/services/ipc-validation.test.ts > validateSettingsPartial > rejects schedule entry with out-of-range hour 0ms
 Γ£ô src/main/services/ipc-validation.test.ts > validateSettingsPartial > rejects schedule entry with invalid minute 0ms
 Γ£ô src/main/services/ipc-validation.test.ts > validateSettingsPartial > rejects schedule entry with non-array tasks 0ms
 Γ£ô src/main/services/ipc-validation.test.ts > validateSettingsPartial > rejects schedule entry with non-boolean autoApply 0ms
 Γ£ô src/main/services/ipc-validation.test.ts > validateSettingsPartial > rejects schedule entry with invalid lastRunAt 0ms
 Γ£ô src/main/services/ipc-validation.test.ts > validateSettingsPartial > rejects schedule entry with invalid lastRunStatus 0ms
 Γ£ô src/main/services/ipc-validation.test.ts > validateSettingsPartial > rejects schedule entry with invalid createdAt 0ms
 Γ£ô src/main/services/ipc-validation.test.ts > validateSettingsPartial > rejects cleaner as non-object 0ms
 Γ£ô src/main/services/ipc-validation.test.ts > validateSettingsPartial > rejects cleaner with non-boolean closeBrowsersBeforeClean 0ms
 Γ£ô src/main/services/ipc-validation.test.ts > validateSettingsPartial > rejects overly long registryIgnoredTweak 0ms
 Γ£ô src/main/services/ipc-validation.test.ts > validateSettingsPartial > rejects gameMode with non-boolean autoDetect 0ms
 Γ£ô src/main/services/ipc-validation.test.ts > validateSettingsPartial > rejects gameMode with non-boolean autoDeactivate 0ms
 Γ£ô src/main/services/ipc-validation.test.ts > validateHistoryEntry > accepts a valid history entry 0ms
 Γ£ô src/main/services/ipc-validation.test.ts > validateHistoryEntry > rejects null 0ms
 Γ£ô src/main/services/ipc-validation.test.ts > validateHistoryEntry > rejects non-object 0ms
 Γ£ô src/main/services/ipc-validation.test.ts > validateHistoryEntry > rejects invalid type values 0ms
 Γ£ô src/main/services/ipc-validation.test.ts > validateHistoryEntry > accepts all valid type values 0ms
 Γ£ô src/main/services/ipc-validation.test.ts > validateHistoryEntry > rejects negative duration 0ms
 Γ£ô src/main/services/ipc-validation.test.ts > validateHistoryEntry > rejects overly long id 0ms
 Γ£ô src/main/services/ipc-validation.test.ts > validateHistoryEntry > rejects non-array categories 0ms
 Γ£ô src/main/services/ipc-validation.test.ts > validateHistoryEntry > rejects too many categories 0ms
 Γ£ô src/main/services/ipc-validation.test.ts > validateHistoryEntry > rejects missing required fields 0ms
 Γ£ô src/main/services/ipc-validation.test.ts > validateHistoryEntry > rejects array input 0ms
 Γ£ô src/main/services/ipc-validation.test.ts > validateHistoryEntry > rejects non-string timestamp 0ms
 Γ£ô src/main/services/ipc-validation.test.ts > validateHistoryEntry > rejects overly long timestamp 0ms
 Γ£ô src/main/services/ipc-validation.test.ts > validateHistoryEntry > rejects non-number duration 0ms
 Γ£ô src/main/services/ipc-validation.test.ts > validateHistoryEntry > rejects non-number totalItemsFound 0ms
 Γ£ô src/main/services/ipc-validation.test.ts > validateHistoryEntry > rejects non-number totalItemsCleaned 0ms
 Γ£ô src/main/services/ipc-validation.test.ts > validateHistoryEntry > rejects non-number totalItemsSkipped 0ms
 Γ£ô src/main/services/ipc-validation.test.ts > validateHistoryEntry > rejects non-number totalSpaceSaved 0ms
 Γ£ô src/main/services/ipc-validation.test.ts > validateHistoryEntry > rejects non-number errorCount 0ms
 Γ£ô src/main/services/ipc-validation.test.ts > validateHistoryEntry > accepts all remaining valid type values beyond the initial five 1ms
 Γ£ô src/main/services/ipc-validation.test.ts > validateStringArray > accepts a valid string array 0ms
 Γ£ô src/main/services/ipc-validation.test.ts > validateStringArray > rejects non-array input 0ms
 Γ£ô src/main/services/ipc-validation.test.ts > validateStringArray > rejects arrays exceeding maxItems 4ms
 Γ£ô src/main/services/ipc-validation.test.ts > validateStringArray > rejects arrays with non-string elements 0ms
 Γ£ô src/main/services/ipc-validation.test.ts > validateStringArray > rejects arrays with elements exceeding maxItemLength 0ms
 Γ£ô src/main/services/ipc-validation.test.ts > validateStringArray > accepts custom maxItems and maxItemLength parameters 0ms
 Γ£ô src/main/services/ipc-validation.test.ts > validateStringArray > rejects based on custom maxItems 0ms
 Γ£ô src/main/services/ipc-validation.test.ts > validateStringArray > accepts empty array 0ms
 Γ£ô src/main/services/ipc-validation.test.ts > validateStringArray > accepts array at the maxItems boundary 10ms
 Γ£ô src/main/services/ipc-validation.test.ts > validateStringArray > accepts elements at the maxItemLength boundary 0ms
 Γ£ô src/main/cli.test.ts > utility: formatBytes > handles units index clamping for very large input 6ms
 Γ£ô src/main/cli.test.ts > utility: cliLog > writes message in normal mode 9ms
 Γ£ô src/main/cli.test.ts > utility: cliLog > writes message in verbose mode 9ms
 Γ£ô src/main/cli.test.ts > utility: cliLog > does nothing in quiet mode 8ms
 Γ£ô src/main/cli.test.ts > utility: cliVerbose > writes with prefix in verbose mode 9ms
 Γ£ô src/main/cli.test.ts > utility: cliVerbose > does nothing in normal mode 9ms
 Γ£ô src/main/cli.test.ts > utility: cliVerbose > does nothing in quiet mode 12ms
 Γ£ô src/main/cli.test.ts > utility: cliOut > outputs JSON for object in json mode 8ms
 Γ£ô src/main/cli.test.ts > utility: cliOut > outputs JSON for array in json mode 10ms
 Γ£ô src/main/cli.test.ts > utility: cliOut > outputs JSON for string in json mode 9ms
 Γ£ô src/main/cli.test.ts > utility: cliOut > does nothing in quiet text mode 8ms
 Γ£ô src/main/cli.test.ts > utility: cliOut > does nothing for empty data in quiet text mode 5ms
 Γ£ô src/main/cli.test.ts > utility: cliOut > iterates array of strings in text mode 5ms
 Γ£ô src/main/cli.test.ts > utility: cliOut > iterates array of objects in text mode 9ms
 Γ£ô src/main/cli.test.ts > utility: cliOut > iterates object entries in text mode 7ms
 Γ£ô src/main/cli.test.ts > utility: cliOut > handles nested object values in text mode 5ms
 Γ£ô src/main/cli.test.ts > utility: cliOut > converts primitive number to string in text mode 7ms
 Γ£ô src/main/cli.test.ts > utility: cliOut > converts null to string in text mode 6ms
 Γ£ô src/main/cli.test.ts > utility: cliOut > converts boolean to string in text mode 5ms
 Γ£ô src/main/cli.test.ts > utility: cliUsage > shows JSON error in json mode 8ms
 Γ£ô src/main/cli.test.ts > utility: cliUsage > shows usage text in text mode 8ms
 Γ£ô src/main/cli.test.ts > utility: cliUsage > shows usage text even in quiet mode 8ms
 Γ£ô src/main/cli.test.ts > utility: cliNotFound > shows JSON error in json mode 8ms
 Γ£ô src/main/cli.test.ts > utility: cliNotFound > shows not-found text in text mode 8ms
 Γ£ô src/main/cli.test.ts > utility: cliNotFound > shows not-found text even in quiet mode 8ms
 Γ£ô src/main/cli.test.ts > utility: showProgress > returns true for normal mode without json 8ms
 Γ£ô src/main/services/malware-scanner-script.test.ts > normalizeScriptContent > joins continuation lines 6ms
 Γ£ô src/main/services/malware-scanner-script.test.ts > normalizeScriptContent > strips backtick escapes 1ms
 Γ£ô src/main/services/malware-scanner-script.test.ts > normalizeScriptContent > removes single-line PowerShell comments 0ms
 Γ£ô src/main/services/malware-scanner-script.test.ts > normalizeScriptContent > decodes URL-encoded characters 0ms
 Γ£ô src/main/services/malware-scanner-script.test.ts > normalizeScriptContent > collapses multiple spaces 0ms
 Γ£ô src/main/services/malware-scanner-script.test.ts > analyzeScriptContent > PowerShell (.ps1) > detects download cradle + exec with backtick obfuscation 4ms
 Γ£ô src/main/services/malware-scanner-script.test.ts > analyzeScriptContent > PowerShell (.ps1) > detects encoded command combined with cradle 2ms
 Γ£ô src/main/services/malware-scanner-script.test.ts > analyzeScriptContent > PowerShell (.ps1) > detects AMSI bypass combined with download cradle 1ms
 Γ£ô src/main/services/malware-scanner-script.test.ts > analyzeScriptContent > PowerShell (.ps1) > detects reflective assembly loading 1ms
 Γ£ô src/main/services/malware-scanner-script.test.ts > analyzeScriptContent > PowerShell (.ps1) > detects credential dumping tool reference 1ms
 Γ£ô src/main/services/malware-scanner-script.test.ts > analyzeScriptContent > Batch (.bat / .cmd) > detects certutil decode abuse 1ms
 Γ£ô src/main/services/malware-scanner-script.test.ts > analyzeScriptContent > Batch (.bat / .cmd) > detects certutil urlcache download 1ms
 Γ£ô src/main/services/malware-scanner-script.test.ts > analyzeScriptContent > Batch (.bat / .cmd) > detects bitsadmin download 1ms
 Γ£ô src/main/services/malware-scanner-script.test.ts > analyzeScriptContent > Batch (.bat / .cmd) > detects mshta script execution 1ms
 Γ£ô src/main/services/malware-scanner-script.test.ts > analyzeScriptContent > Batch (.bat / .cmd) > detects registry persistence to temp path 1ms
 Γ£ô src/main/services/malware-scanner-script.test.ts > analyzeScriptContent > VBS/JS > detects shell execution with network access 1ms
 Γ£ô src/main/services/malware-scanner-script.test.ts > analyzeScriptContent > VBS/JS > detects dropping executable to disk 1ms
 Γ£ô src/main/services/malware-scanner-script.test.ts > analyzeScriptContent > VBS/JS > detects heavy character-code obfuscation 0ms
 Γ£ô src/main/services/malware-scanner-script.test.ts > analyzeScriptContent > VBS/JS > detects fromCharCode obfuscation 0ms
 Γ£ô src/main/services/malware-scanner-script.test.ts > analyzeScriptContent > HTA > detects HTA with download and execution 0ms
 Γ£ô src/main/services/malware-scanner-script.test.ts > analyzeScriptContent > base64-encoded executable > detects base64 executable embedded in script 0ms
 Γ£ô src/main/services/malware-scanner-script.test.ts > analyzeScriptContent > base64-encoded executable > detects single indicator if base64 PE present 1ms
 Γ£ô src/main/services/malware-scanner-script.test.ts > analyzeScriptContent > Multi-line handling > correctly analyzes multi-line script with continuation 1ms
 Γ£ô src/main/services/malware-scanner-script.test.ts > analyzeScriptContent > New extensions > handles .psm1 extension 0ms
 Γ£ô src/main/services/malware-scanner-script.test.ts > analyzeScriptContent > New extensions > handles .psd1 extension 1ms
 Γ£ô src/main/services/malware-scanner-script.test.ts > analyzeScriptContent > New extensions > handles .html extension gracefully 0ms
 Γ£ô src/main/services/malware-scanner-script.test.ts > analyzeScriptContent > Edge cases > returns null for empty string 1ms
 Γ£ô src/main/services/malware-scanner-script.test.ts > analyzeScriptContent > Edge cases > handles very long script (>100KB) 3ms
 Γ£ô src/main/services/malware-scanner-script.test.ts > analyzeScriptContent > Edge cases > returns null for script with only comments 0ms
 Γ£ô src/main/services/malware-scanner-script.test.ts > analyzeScriptContent > Edge cases > does not throw on script with null bytes 2ms
 Γ£ô src/main/services/malware-scanner-script.test.ts > analyzeLnkContent > returns empty for buffer < 76 bytes 2ms
 Γ£ô src/main/services/malware-scanner-script.test.ts > analyzeLnkContent > returns empty for non-LNK signature 0ms
 Γ£ô src/main/services/malware-scanner-script.test.ts > analyzeLnkContent > detects PowerShell with encoded command 1ms
 Γ£ô src/main/services/malware-scanner-script.test.ts > analyzeLnkContent > detects PowerShell download cradle 1ms
 Γ£ô src/main/services/malware-scanner-script.test.ts > analyzeLnkContent > detects hidden PowerShell window 0ms
 Γ£ô src/main/services/malware-scanner-script.test.ts > analyzeLnkContent > detects LOLBin via cmd.exe 0ms
 Γ£ô src/main/services/malware-scanner-script.test.ts > analyzeLnkContent > detects mshta with URL 0ms
 Γ£ô src/main/services/malware-scanner-script.test.ts > analyzeLnkContent > returns multiple indicators when applicable 0ms
 Γ£ô src/main/services/logger.service.test.ts > LoggerService > getLogger singleton > returns a LoggerService instance 9ms
 Γ£ô src/main/services/logger.service.test.ts > LoggerService > getLogger singleton > returns the same instance on subsequent calls 1ms
 Γ£ô src/main/services/logger.service.test.ts > LoggerService > resetLoggerForTest > creates a new instance on the next getLogger call 3ms
 Γ£ô src/main/services/logger.service.test.ts > LoggerService > resetLoggerForTest > does not throw when called before any getLogger 1ms
 Γ£ô src/main/services/logger.service.test.ts > LoggerService > initialization (ready) > creates the log directory on first access 6ms
 Γ£ô src/main/services/logger.service.test.ts > LoggerService > initialization (ready) > calls app.getPath to resolve the log directory 1ms
 Γ£ô src/main/services/logger.service.test.ts > LoggerService > initialization (ready) > proceeds when mkdir throws (directory already exists) 3ms
 Γ£ô src/main/services/logger.service.test.ts > LoggerService > initialization (ready) > runs cleanup after creating the directory 1ms
 Γ£ô src/main/services/logger.service.test.ts > LoggerService > log > writes a JSON line to the current date log file 3ms
 Γ£ô src/main/services/logger.service.test.ts > LoggerService > log > includes details when provided 1ms
 Γ£ô src/main/services/logger.service.test.ts > LoggerService > log > retries with mkdir when appendFile fails 1ms
 Γ£ô src/main/services/logger.service.test.ts > LoggerService > log > handles double failure (appendFile + mkdir) gracefully 1ms
 Γ£ô src/main/services/logger.service.test.ts > LoggerService > log > handles single failure gracefully when only appendFile fails 1ms
 Γ£ô src/main/services/logger.service.test.ts > LoggerService > convenience log methods > info delegates to log with info level 1ms
 Γ£ô src/main/services/logger.service.test.ts > LoggerService > convenience log methods > success delegates to log with success level 1ms
 Γ£ô src/main/services/logger.service.test.ts > LoggerService > convenience log methods > warning delegates to log with warning level 1ms
 Γ£ô src/main/services/logger.service.test.ts > LoggerService > convenience log methods > error delegates to log with error level 2ms
 Γ£ô src/main/services/logger.service.test.ts > LoggerService > convenience log methods > convenience methods forward details 1ms
 Γ£ô src/main/services/logger.service.test.ts > LoggerService > list > returns empty result when no log files exist 1ms
 Γ£ô src/main/services/logger.service.test.ts > LoggerService > list > returns entries from log files sorted by timestamp descending 1ms
 Γ£ô src/main/services/logger.service.test.ts > LoggerService > list > filters entries by level 1ms
 Γ£ô src/main/services/logger.service.test.ts > LoggerService > list > filters entries by module 1ms
 Γ£ô src/main/services/logger.service.test.ts > LoggerService > list > filters entries by search text in message 1ms
 Γ£ô src/main/services/logger.service.test.ts > LoggerService > list > filters entries by search text in module 1ms
 Γ£ô src/main/services/logger.service.test.ts > LoggerService > list > filters entries by search text in details 1ms
 Γ£ô src/main/services/logger.service.test.ts > LoggerService > list > search is case-insensitive 1ms
 Γ£ô src/main/services/logger.service.test.ts > LoggerService > list > paginates results 2ms
 Γ£ô src/main/services/logger.service.test.ts > LoggerService > list > skips malformed JSON lines 1ms
 Γ£ô src/main/services/logger.service.test.ts > LoggerService > list > skips files that cannot be read 1ms
 Γ£ô src/main/services/logger.service.test.ts > LoggerService > list > returns empty when readdir fails 1ms
 Γ£ô src/main/services/logger.service.test.ts > LoggerService > list > reads multiple log files 1ms
 Γ£ô src/main/services/logger.service.test.ts > LoggerService > list > combines level, module, and search filters 1ms
 Γ£ô src/main/services/logger.service.test.ts > LoggerService > exportAsText > formats entries as human-readable text 1ms
 Γ£ô src/main/services/logger.service.test.ts > LoggerService > exportAsText > returns empty string when no entries exist 0ms
 Γ£ô src/main/services/logger.service.test.ts > LoggerService > exportAsText > accepts a filter 0ms
 Γ£ô src/main/services/logger.service.test.ts > LoggerService > clear > deletes all .jsonl files in the log directory 1ms
 Γ£ô src/main/services/logger.service.test.ts > LoggerService > clear > handles unlink errors gracefully 1ms
 Γ£ô src/main/services/logger.service.test.ts > LoggerService > clear > does nothing when no log files exist 1ms
 Γ£ô src/main/services/logger.service.test.ts > LoggerService > getConfig > returns default retention days 1ms
 Γ£ô src/main/services/logger.service.test.ts > LoggerService > setConfig > updates retention days and triggers cleanup 1ms
 Γ£ô src/main/services/logger.service.test.ts > LoggerService > setConfig > clamps retentionDays to minimum of 1 0ms
 Γ£ô src/main/services/logger.service.test.ts > LoggerService > setConfig > clamps retentionDays to maximum of 365 1ms
 Γ£ô src/main/services/logger.service.test.ts > LoggerService > setConfig > removes old files after reducing retention 1ms
 Γ£ô src/main/services/logger.service.test.ts > LoggerService > cleanup (internal) > removes files older than retention days during init 1ms
 Γ£ô src/main/services/logger.service.test.ts > LoggerService > cleanup (internal) > keeps files within the retention period 0ms
 Γ£ô src/main/services/logger.service.test.ts > LoggerService > cleanup (internal) > handles unlink errors during cleanup gracefully 1ms
 Γ£ô src/main/services/logger.service.test.ts > LoggerService > cleanup (internal) > does nothing when readdir fails during cleanup 1ms
 Γ£ô src/main/services/logger.service.test.ts > LoggerService > edge cases > handles multiple sequential log calls correctly 1ms
 Γ£ô src/main/services/logger.service.test.ts > LoggerService > edge cases > handles app.getPath throwing (fallback to cwd) 1ms
 Γ£ô src/main/services/logger.service.test.ts > LoggerService > edge cases > list returns correct page count for edge pages 1ms
 Γ£ô src/main/cli.test.ts > utility: showProgress > returns true for verbose mode without json 9ms
 Γ£ô src/main/cli.test.ts > utility: showProgress > returns false for quiet mode without json 6ms
 Γ£ô src/main/cli.test.ts > utility: showProgress > returns false for normal mode with json 8ms
 Γ£ô src/main/cli.test.ts > utility: showProgress > returns false for verbose mode with json 8ms
 Γ£ô src/main/cli.test.ts > utility: printHelp > prints output containing DiNho CLI heading 8ms
 Γ£ô src/main/cli.test.ts > utility: printHelp > prints output containing Usage section 9ms
 Γ£ô src/main/cli.test.ts > utility: printHelp > prints output containing Global Options 9ms
 Γ£ô src/main/cli.test.ts > utility: printHelp > prints output containing Exit Codes 8ms
 Γ£ô src/main/services/pe-parser.test.ts > parsePeImports > returns empty array for non-PE buffer (plain text) 8ms
 Γ£ô src/main/services/pe-parser.test.ts > parsePeImports > returns empty array for truncated/invalid buffer 1ms
 Γ£ô src/main/services/pe-parser.test.ts > parsePeImports > returns empty array for MZ header with invalid e_lfanew pointing past buffer 0ms
 Γ£ô src/main/services/pe-parser.test.ts > parsePeImports > returns empty array when PE signature is invalid 0ms
 Γ£ô src/main/services/pe-parser.test.ts > parsePeImports > returns empty array when buffer is too small for PE headers 0ms
 Γ£ô src/main/services/pe-parser.test.ts > parsePeImports > successfully parses basic PE32 import table 5ms
 Γ£ô src/main/services/pe-parser.test.ts > parsePeImports > successfully parses PE32+ (64-bit) import table 1ms
 Γ£ô src/main/services/pe-parser.test.ts > parsePeImports > handles imports by ordinal 1ms
 Γ£ô src/main/services/pe-parser.test.ts > parsePeImports > handles mixed import by name and ordinal 1ms
 Γ£ô src/main/services/pe-parser.test.ts > parsePeImports > parses multiple DLLs from import table 1ms
 Γ£ô src/main/services/pe-parser.test.ts > parsePeImports > handles empty import table (no import directory) 0ms
 Γ£ô src/main/services/pe-parser.test.ts > parsePeImports > handles empty import table when import size is zero 0ms
 Γ£ô src/main/services/pe-parser.test.ts > parsePeImports > does not crash on bound import directory (index 11) 0ms
 Γ£ô src/main/services/pe-parser.test.ts > parsePeImports > handles null bytes in DLL name gracefully 0ms
 Γ£ô src/main/services/pe-parser.test.ts > parsePeImports > handles very large import table (many DLLs) 2ms
 Γ£ô src/main/services/pe-parser.test.ts > parsePeImports > finds kernel32.CreateFileW in a synthetic PE 1ms
 Γ£ô src/main/services/pe-parser.test.ts > parsePeImports > handles PE32+ imports by ordinal (64-bit ordinal flag) 1ms
 Γ£ô src/main/services/pe-parser.test.ts > parsePeImports > handles PE32+ mixed imports (name + ordinal) 1ms
 Γ£ô src/main/services/pe-parser.test.ts > parsePeImports > parses 100 PE files under 1 second (performance) 4ms
 Γ£ô src/main/services/pe-parser.test.ts > parsePeImports > returns empty array for PE with NumberOfSections = 0 0ms
 Γ£ô src/main/services/pe-parser.test.ts > parsePeImports > returns empty array when file header extends past buffer 0ms
 Γ£ô src/main/services/pe-parser.test.ts > parsePeImports > returns empty array when NumberOfSections exceeds MAX_SECTIONS 0ms
 Γ£ô src/main/services/pe-parser.test.ts > parsePeImports > returns empty array when optional header extends past buffer 0ms
 Γ£ô src/main/services/pe-parser.test.ts > parsePeImports > returns empty array when optional header magic is invalid 0ms
 Γ£ô src/main/services/pe-parser.test.ts > parsePeImports > returns empty array when data directory area is truncated 0ms
 Γ£ô src/main/services/pe-parser.test.ts > parsePeImports > returns empty array when section headers extend past buffer 0ms
 Γ£ô src/main/services/pe-parser.test.ts > parsePeImports > breaks section loop when a section header is truncated 0ms
 Γ£ô src/main/services/pe-parser.test.ts > parsePeImports > skips section with rawPtr or rawSize zero in rvaToRawOffset 0ms
 Γ£ô src/main/services/pe-parser.test.ts > parsePeImports > returns empty string when readCString has no null terminator 1ms
 Γ£ô src/main/services/pe-parser.test.ts > parsePeImports > handles empty function name (null at offset) in IMAGE_IMPORT_BY_NAME 1ms
 Γ£ô src/main/services/pe-parser.test.ts > parsePeImports > returns empty array when import raw offset extends past buffer 0ms
 Γ£ô src/main/services/pe-parser.test.ts > parsePeImports > breaks descriptor loop when descriptor extends past buffer 1ms
 Γ£ô src/main/services/pe-parser.test.ts > parsePeImports > skips descriptor when DLL name RVA resolves past buffer 0ms
 Γ£ô src/main/services/pe-parser.test.ts > parsePeImports > skips descriptor when OriginalFirstThunk and FirstThunk are both zero 0ms
 Γ£ô src/main/services/pe-parser.test.ts > parsePeImports > skips descriptor when thunk RVA cannot be resolved 0ms
 Γ£ô src/main/services/pe-parser.test.ts > parsePeImports > breaks thunk loop when thunk offset extends past buffer 1ms
 Γ£ô src/main/services/pe-parser.test.ts > parsePeImports > skips by-name import when name RVA cannot be resolved 0ms
 Γ£ô src/main/services/metrics.test.ts > collectMetrics > returns an array of metric lines 9ms
 Γ£ô src/main/services/metrics.test.ts > collectMetrics > includes dinho_info metric 2ms
 Γ£ô src/main/services/metrics.test.ts > collectMetrics > includes system uptime metric 1ms
 Γ£ô src/main/services/metrics.test.ts > collectMetrics > includes CPU usage metric 1ms
 Γ£ô src/main/services/metrics.test.ts > collectMetrics > includes memory metrics 1ms
 Γ£ô src/main/services/metrics.test.ts > collectMetrics > includes history-based counters 1ms
 Γ£ô src/main/services/metrics.test.ts > collectMetrics > includes last scan metrics 1ms
 Γ£ô src/main/services/metrics.test.ts > collectMetrics > omits last scan metrics when history is empty 1ms
 Γ£ô src/main/services/metrics.test.ts > formatPrometheus > formats a simple gauge metric 1ms
 Γ£ô src/main/services/metrics.test.ts > formatPrometheus > formats a gauge metric with large value 0ms
 Γ£ô src/main/services/metrics.test.ts > formatPrometheus > formats labels correctly 0ms
 Γ£ô src/main/services/metrics.test.ts > formatPrometheus > escapes label values 0ms
 Γ£ô src/main/services/metrics.test.ts > formatPrometheus > handles metrics without labels 0ms
 Γ£ô src/main/services/metrics.test.ts > formatPrometheus > separates multiple metrics with blank lines 0ms
 Γ£ô src/main/services/memory-scanner.test.ts > MemoryScanner > scanMemory returns a MemoryScanResult 8ms
 Γ£ô src/main/services/memory-scanner.test.ts > MemoryScanner > returns processes from system (at least 1 process) 1ms
 Γ£ô src/main/services/memory-scanner.test.ts > MemoryScanner > suspiciousCount is a number 0ms
 Γ£ô src/main/services/memory-scanner.test.ts > MemoryScanner > suspicious patterns detect svchost from temp 0ms
 Γ£ô src/main/services/memory-scanner.test.ts > MemoryScanner > suspicious patterns detect run from temp paths 0ms
 Γ£ô src/main/services/memory-scanner.test.ts > MemoryScanner > HIGH memory apps classified correctly ΓÇö known browsers excluded 0ms
 Γ£ô src/main/services/memory-scanner.test.ts > MemoryScanner > empty process list returns empty result 2ms
 Γ£ô src/main/services/memory-scanner.test.ts > MemoryScanner > tasklist parsing handles malformed lines gracefully 0ms
 Γ£ô src/main/services/memory-optimizer.test.ts > getMemoryInfo > returns formatted memory info 8ms
 Γ£ô src/main/services/memory-optimizer.test.ts > getMemoryInfo > handles null/undefined cachedBytes fallback 1ms
 Γ£ô src/main/services/memory-optimizer.test.ts > getMemoryProcesses > returns top processes sorted by memory 3ms
 Γ£ô src/main/services/memory-optimizer.test.ts > getMemoryProcesses > returns empty array when no processes 2ms
 Γ£ô src/main/services/memory-optimizer.test.ts > optimizeMemory > returns 2 steps (gc + workingset) 2ms
 Γ£ô src/main/services/memory-optimizer.test.ts > optimizeMemory > calls progress callback twice 2ms
 Γ£ô src/main/services/memory-optimizer.test.ts > optimizeMemory > step 1 uses .NET GC 1ms
 Γ£ô src/main/services/memory-optimizer.test.ts > optimizeMemory > handles execFile error in both steps gracefully 2ms
 Γ£ô src/main/services/memory-optimizer.test.ts > optimizeMemory > includes stderr in step 2 error message 1ms
 Γ£ô src/main/services/memory-optimizer.test.ts > optimizeMemory > step 2 uses reflection or Add-Type fallback 0ms
 Γ£ô src/main/services/license-store.test.ts > license-store > encrypt produces binary blob; decrypt recovers same plaintext 119ms
 Γ£ô src/main/services/power-plans.test.ts > listPowerPlans > returns parsed power plans from powercfg 12ms
 Γ£ô src/main/services/power-plans.test.ts > listPowerPlans > returns empty array when output is empty 1ms
 Γ£ô src/main/services/power-plans.test.ts > listPowerPlans > returns empty array when output is [] 1ms
 Γ£ô src/main/services/power-plans.test.ts > listPowerPlans > handles single object (not array) JSON 1ms
 Γ£ô src/main/services/power-plans.test.ts > listPowerPlans > throws when execFileAsync rejects 7ms
 Γ£ô src/main/services/power-plans.test.ts > listPowerPlans > calls powershell with correct args 1ms
 Γ£ô src/main/services/power-plans.test.ts > activatePowerPlan > activates a power plan by GUID 1ms
 Γ£ô src/main/services/power-plans.test.ts > activatePowerPlan > returns error for invalid GUID 1ms
 Γ£ô src/main/services/power-plans.test.ts > activatePowerPlan > returns error for non-string input 0ms
 Γ£ô src/main/services/power-plans.test.ts > activatePowerPlan > catches powercfg failure and returns error 0ms
 Γ£ô src/main/services/power-plans.test.ts > createPowerPlan > creates a plan from high-performance template 1ms
 Γ£ô src/main/services/power-plans.test.ts > createPowerPlan > uses default name when name is empty string 0ms
 Γ£ô src/main/services/power-plans.test.ts > createPowerPlan > returns error for name with only special chars (everything stripped) 0ms
 Γ£ô src/main/services/power-plans.test.ts > createPowerPlan > sanitizes name and slices to 100 chars 1ms
 Γ£ô src/main/services/power-plans.test.ts > createPowerPlan > returns error when output has no GUID match 0ms
 Γ£ô src/main/services/power-plans.test.ts > createPowerPlan > catches error from execFileAsync 0ms
 Γ£ô src/main/services/power-plans.test.ts > deletePowerPlan > deletes a plan by GUID 1ms
 Γ£ô src/main/services/power-plans.test.ts > deletePowerPlan > requires valid GUID 0ms
 Γ£ô src/main/services/power-plans.test.ts > deletePowerPlan > catches powercfg error 1ms
 Γ£ô src/main/services/power-plans.test.ts > getActivePowerPlanGuid > returns the GUID from powercfg output 1ms
 Γ£ô src/main/services/power-plans.test.ts > getActivePowerPlanGuid > returns null when no GUID found 0ms
 Γ£ô src/main/services/power-plans.test.ts > getActivePowerPlanGuid > returns null on execFileAsync error 1ms
 Γ£ô src/main/services/malware-scanner-persistence.test.ts > PERSISTENCE_KEYS > contains 18 persistence keys 6ms
 Γ£ô src/main/services/malware-scanner-persistence.test.ts > PERSISTENCE_KEYS > includes original Run keys 2ms
 Γ£ô src/main/services/malware-scanner-persistence.test.ts > PERSISTENCE_KEYS > includes RunOnceEx 0ms
 Γ£ô src/main/services/malware-scanner-persistence.test.ts > PERSISTENCE_KEYS > includes Wow6432Node keys 1ms
 Γ£ô src/main/services/malware-scanner-persistence.test.ts > PERSISTENCE_KEYS > includes Active Setup keys 1ms
 Γ£ô src/main/services/malware-scanner-persistence.test.ts > PERSISTENCE_KEYS > includes BootExecute key 0ms
 Γ£ô src/main/services/malware-scanner-persistence.test.ts > PERSISTENCE_KEYS > includes Windows Load/Run keys 1ms
 Γ£ô src/main/services/malware-scanner-persistence.test.ts > PERSISTENCE_KEYS > includes Image File Execution Options keys 1ms
 Γ£ô src/main/services/malware-scanner-persistence.test.ts > PERSISTENCE_KEYS > includes SilentProcessExit key 0ms
 Γ£ô src/main/services/malware-scanner-persistence.test.ts > PERSISTENCE_KEYS > includes AppInit_DLLs keys 0ms
 Γ£ô src/main/services/malware-scanner-persistence.test.ts > LOLBIN_PATTERNS > contains 15 LOLBin patterns 1ms
 Γ£ô src/main/services/malware-scanner-persistence.test.ts > LOLBIN_PATTERNS > includes all expected LOLBins 2ms
 Γ£ô src/main/services/malware-scanner-persistence.test.ts > LOLBIN_PATTERNS > each pattern has name, pattern, and description properties 3ms
 Γ£ô src/main/services/malware-scanner-persistence.test.ts > LOLBIN_PATTERNS > pattern matching > MsBuild matches msbuild.exe 1ms
 Γ£ô src/main/services/malware-scanner-persistence.test.ts > LOLBIN_PATTERNS > pattern matching > InstallUtil matches installutil.exe 0ms
 Γ£ô src/main/services/malware-scanner-persistence.test.ts > LOLBIN_PATTERNS > pattern matching > PowerShell matches powershell.exe paths 0ms
 Γ£ô src/main/services/malware-scanner-persistence.test.ts > LOLBIN_PATTERNS > pattern matching > Regsvr32 matches regsvr32.exe paths 0ms
 Γ£ô src/main/services/malware-scanner-persistence.test.ts > LOLBIN_PATTERNS > pattern matching > rundll32 matches rundll32.exe paths 0ms
 Γ£ô src/main/services/malware-scanner-persistence.test.ts > LOLBIN_PATTERNS > pattern matching > CertUtil matches certutil.exe 0ms
 Γ£ô src/main/services/malware-scanner-persistence.test.ts > LOLBIN_PATTERNS > pattern matching > Mshta matches mshta.exe paths 0ms
 Γ£ô src/main/services/malware-scanner-persistence.test.ts > LOLBIN_PATTERNS > pattern matching > does not match dissimilar strings 0ms
 Γ£ô src/main/services/malware-scanner-persistence.test.ts > scanRegistryPersistence > returns threats for temp directory entries 2ms
 Γ£ô src/main/services/malware-scanner-persistence.test.ts > scanRegistryPersistence > returns empty for no registry entries 1ms
 Γ£ô src/main/services/malware-scanner-persistence.test.ts > scanRegistryPersistence > handles reg query failure gracefully 1ms
 Γ£ô src/main/services/malware-scanner-persistence.test.ts > scanRegistryPersistence > detects encoded PowerShell commands 1ms
 Γ£ô src/main/services/malware-scanner-persistence.test.ts > scanRegistryPersistence > detects LOLBin usage in autostart entries 1ms
 Γ£ô src/main/services/malware-scanner-persistence.test.ts > scanRegistryPersistence > calls reg query with /reg:64 for standard keys 0ms
 Γ£ô src/main/services/malware-scanner-persistence.test.ts > scanRegistryPersistence > calls reg query with /reg:32 for Wow6432Node keys 0ms
 Γ£ô src/main/services/malware-scanner-persistence.test.ts > scanRegistryPersistence > parses localized reg query output with different spacing 1ms
 Γ£ô src/main/services/malware-scanner-persistence.test.ts > scanRegistryPersistence > handles very long registry values 1ms
 Γ£ô src/main/services/malware-scanner-persistence.test.ts > scanRegistryPersistence > handles Unicode characters in registry values 1ms
 Γ£ô src/main/services/malware-scanner-persistence.test.ts > scanRegistryPersistence > skips trusted paths 1ms
 Γ£ô src/main/services/malware-scanner-persistence.test.ts > scanRegistryPersistence > returns empty array when not on win32 0ms
 Γ£ô src/main/services/malware-scanner-persistence.test.ts > scanRegistryPersistence > detects hidden directory entries 1ms
 Γ£ô src/main/services/malware-scanner.service.test.ts > PERSISTENCE_KEYS > has 18 entries 7ms
 Γ£ô src/main/services/malware-scanner.service.test.ts > PERSISTENCE_KEYS > includes common autostart keys 1ms
 Γ£ô src/main/services/malware-scanner.service.test.ts > LOLBIN_PATTERNS > has 15 entries 1ms
 Γ£ô src/main/services/malware-scanner.service.test.ts > LOLBIN_PATTERNS > includes PowerShell 1ms
 Γ£ô src/main/services/malware-scanner.service.test.ts > SKIP_DIRS_SET > excludes system and known directories 1ms
 Γ£ô src/main/services/malware-scanner.service.test.ts > cancelScan > returns false for unknown scan id 1ms
 Γ£ô src/main/services/malware-scanner.service.test.ts > cancelAllScans > does not throw when no scans active 1ms
 Γ£ô src/main/services/malware-scanner.service.test.ts > getYaraRulesInfo > returns object with expected shape 1ms
 Γ£ô src/main/services/malware-scanner.service.test.ts > resetYaraEngine > clears engine state without throwing 1ms
 Γ£ô src/main/services/malware-scanner.service.test.ts > computeSha256 > returns sha256 hex digest of file contents 3ms
 Γ£ô src/main/services/malware-scanner.service.test.ts > computeSha256 > propagates read errors 1ms
 Γ£ô src/main/services/malware-scanner.service.test.ts > verifyQuarantinedFile > returns true when hashes match 0ms
 Γ£ô src/main/services/malware-scanner.service.test.ts > verifyQuarantinedFile > is case-insensitive 0ms
 Γ£ô src/main/services/malware-scanner.service.test.ts > verifyQuarantinedFile > returns false on mismatch 0ms
 Γ£ô src/main/services/malware-scanner.service.test.ts > verifyQuarantinedFile > returns false when file cannot be read 0ms
 Γ£ô src/main/services/malware-scanner.service.test.ts > normalizePath > prefixes paths > 240 chars 0ms
 Γ£ô src/main/services/malware-scanner.service.test.ts > normalizePath > does not prefix short paths 0ms
 Γ£ô src/main/services/malware-scanner.service.test.ts > normalizePath > does not double-prefix 0ms
 Γ£ô src/main/services/malware-scanner.service.test.ts > shouldSkipDir > skips Windows dir 0ms
 Γ£ô src/main/services/malware-scanner.service.test.ts > shouldSkipDir > skips Program Files 0ms
 Γ£ô src/main/services/malware-scanner.service.test.ts > shouldSkipDir > skips Program Files (x86) 0ms
 Γ£ô src/main/services/malware-scanner.service.test.ts > shouldSkipDir > skips known directories 0ms
 Γ£ô src/main/services/malware-scanner.service.test.ts > shouldSkipDir > does not skip user directories 0ms
 Γ£ô src/main/services/malware-scanner.service.test.ts > moveFileToQuarantine > renames file on same device 1ms
 Γ£ô src/main/services/malware-scanner.service.test.ts > moveFileToQuarantine > copies+deletes on EXDEV 1ms
 Γ£ô src/main/services/malware-scanner.service.test.ts > moveFileToQuarantine > fails when EXDEV copy verification mismatches 0ms
 Γ£ô src/main/services/malware-scanner.service.test.ts > moveFileToQuarantine > returns false on non-EXDEV error 2ms
 Γ£ô src/main/services/malware-scanner.service.test.ts > appendQuarantineEntry > appends to existing manifest 1ms
 Γ£ô src/main/services/malware-scanner.service.test.ts > appendQuarantineEntry > starts fresh on ENOENT 0ms
 Γ£ô src/main/services/malware-scanner.service.test.ts > appendQuarantineEntry > starts fresh on invalid JSON 0ms
 Γ£ô src/main/services/malware-scanner.service.test.ts > isThreatAllowlisted > matches by sha256 0ms
 Γ£ô src/main/services/malware-scanner.service.test.ts > isThreatAllowlisted > matches by path 0ms
 Γ£ô src/main/services/malware-scanner.service.test.ts > isThreatAllowlisted > matches by filename 0ms
 Γ£ô src/main/services/malware-scanner.service.test.ts > isThreatAllowlisted > matches by name 0ms
 Γ£ô src/main/services/malware-scanner.service.test.ts > isThreatAllowlisted > false on no match 0ms
 Γ£ô src/main/services/malware-scanner.service.test.ts > isThreatAllowlisted > false on unknown type 0ms
 Γ£ô src/main/services/malware-scanner.service.test.ts > isThreatAllowlisted > case-insensitive sha256 0ms
 Γ£ô src/main/services/malware-scanner.service.test.ts > isThreatAllowlisted > graceful missing sha256 0ms
 Γ£ô src/main/services/malware-scanner.service.test.ts > ignoreMalware > returns null when path not in allowed dirs 1ms
 Γ£ô src/main/services/malware-scanner.service.test.ts > ignoreMalware > returns null for ADS detection 0ms
 Γ£ô src/main/services/malware-scanner.service.test.ts > ignoreMalware > adds allowlist entry for valid file 1ms
 Γ£ô src/main/services/malware-scanner.service.test.ts > quarantineMalware > quarantines valid path 2ms
 Γ£ô src/main/services/malware-scanner.service.test.ts > quarantineMalware > filters out-of-scope paths 0ms
 Γ£ô src/main/services/malware-scanner.service.test.ts > quarantineMalware > handles non-array input 0ms
 Γ£ô src/main/services/malware-scanner.service.test.ts > quarantineMalware > reports move failure 1ms
 Γ£ô src/main/services/malware-scanner.service.test.ts > deleteMalware > deletes valid paths 1ms
 Γ£ô src/main/services/malware-scanner.service.test.ts > deleteMalware > filters out-of-scope paths 1ms
 Γ£ô src/main/services/malware-scanner.service.test.ts > deleteMalware > handles rm rejection 1ms
 Γ£ô src/main/services/malware-scanner.service.test.ts > listQuarantinedFiles > returns empty when dir inaccessible 1ms
 Γ£ô src/main/services/malware-scanner.service.test.ts > listQuarantinedFiles > returns items from manifest 1ms
 Γ£ô src/main/services/malware-scanner.service.test.ts > listQuarantinedFiles > sorts by quarantinedAt desc 1ms
 Γ£ô src/main/services/malware-scanner.service.test.ts > listQuarantinedFiles > handles missing manifest entries 1ms
 Γ£ô src/main/services/malware-scanner.service.test.ts > restoreMalware > returns false for non-string 1ms
 Γ£ô src/main/services/malware-scanner.service.test.ts > restoreMalware > rejects path outside quarantine 0ms
 Γ£ô src/main/services/malware-scanner.service.test.ts > restoreMalware > restores file when hash matches 1ms
 Γ£ô src/main/services/malware-scanner.service.test.ts > restoreMalware > rejects on sha256 mismatch in manifest 1ms
 Γ£ô src/main/services/malware-scanner.service.test.ts > scanRegistryPersistence > returns empty on non-Windows 1ms
 Γ£ô src/main/services/malware-scanner.service.test.ts > scanRegistryPersistence > detects temp directory entries 2ms
 Γ£ô src/main/services/malware-scanner.service.test.ts > scanRegistryPersistence > returns empty for empty reg output 1ms
 Γ£ô src/main/services/malware-scanner.service.test.ts > scanRegistryPersistence > handles reg query failure 1ms
 Γ£ô src/main/services/malware-scanner.service.test.ts > scanRegistryPersistence > detects LOLBin in autostart 2ms
 Γ£ô src/main/services/malware-scanner.service.test.ts > scanRegistryPersistence > skips trusted paths 1ms
 Γ£ô src/main/services/malware-scanner.service.test.ts > scanRegistryPersistence > detects hidden directories 2ms
 Γ£ô src/main/services/malware-scanner.service.test.ts > scanMalware > returns result shape on empty scan 27ms
 Γ£ô src/main/services/malware-scanner.service.test.ts > scanMalware > uses provided scanId 2ms
 Γ£ô src/main/services/malware-scanner.service.test.ts > scanMalware > detects suspicious filenames 4ms
 Γ£ô src/main/services/malware-scanner.service.test.ts > scanMalware > detects double extensions 3ms
 Γ£ô src/main/services/malware-scanner.service.test.ts > scanMalware > detects LNK threats 3ms
 Γ£ô src/main/services/malware-scanner.service.test.ts > scanMalware > detects exploit patterns 2ms
 Γ£ô src/main/services/malware-scanner.service.test.ts > scanMalware > detects behavioral threats 2ms
 Γ£ô src/main/services/license-store.test.ts > license-store > decrypt returns null on tampered payload 200ms
 Γ£ô src/main/services/license-store.test.ts > license-store > legacy plaintext key file is still readable 5ms
 Γ£ô src/main/services/registry-utils.test.ts > REGISTRY_UNINSTALL_PATHS > has three standard paths 8ms
 Γ£ô src/main/services/registry-utils.test.ts > REGISTRY_UNINSTALL_PATHS > includes HKLM Uninstall path 1ms
 Γ£ô src/main/services/registry-utils.test.ts > REGISTRY_UNINSTALL_PATHS > includes WOW6432Node path 0ms
 Γ£ô src/main/services/registry-utils.test.ts > REGISTRY_UNINSTALL_PATHS > includes HKCU Uninstall path 0ms
 Γ£ô src/main/services/registry-utils.test.ts > parseRegValue > parses a REG_SZ value from output 1ms
 Γ£ô src/main/services/registry-utils.test.ts > parseRegValue > parses a REG_SZ value with spaces in name 1ms
 Γ£ô src/main/services/registry-utils.test.ts > parseRegValue > returns null for REG_EXPAND_SZ values 1ms
 Γ£ô src/main/services/registry-utils.test.ts > parseRegValue > returns null when value name not found 0ms
 Γ£ô src/main/services/registry-utils.test.ts > parseRegValue > returns null for empty output 0ms
 Γ£ô src/main/services/registry-utils.test.ts > parseRegValue > handles value with special regex characters in name 0ms
 Γ£ô src/main/services/registry-utils.test.ts > parseRegDword > parses a REG_DWORD value of 1 1ms
 Γ£ô src/main/services/registry-utils.test.ts > parseRegDword > parses a REG_DWORD value of 0 0ms
 Γ£ô src/main/services/registry-utils.test.ts > parseRegDword > parses a larger REG_DWORD value 1ms
 Γ£ô src/main/services/registry-utils.test.ts > parseRegDword > returns null for REG_SZ values 0ms
 Γ£ô src/main/services/registry-utils.test.ts > parseRegDword > returns null when value name not found 0ms
 Γ£ô src/main/services/registry-utils.test.ts > parseRegDword > returns null for empty output 0ms
 Γ£ô src/main/services/registry-utils.test.ts > extractRegistryKey > extracts a REG_SZ value 1ms
 Γ£ô src/main/services/registry-utils.test.ts > extractRegistryKey > extracts a REG_EXPAND_SZ value 0ms
 Γ£ô src/main/services/registry-utils.test.ts > extractRegistryKey > returns null when display name not found 1ms
 Γ£ô src/main/services/registry-utils.test.ts > extractRegistryKey > returns null for empty output 0ms
 Γ£ô src/main/services/registry-utils.test.ts > extractRegistryKey > handles special characters in display name 0ms
 Γ£ô src/main/services/registry-utils.test.ts > execReg > calls execNativeUtf8 with reg command 5ms
 Γ£ô src/main/services/registry-utils.test.ts > execReg > passes options through 2ms
 Γ£ô src/main/services/protected-domains.test.ts > PROTECTED_DOMAINS > has 106 entries 7ms
 Γ£ô src/main/services/protected-domains.test.ts > PROTECTED_DOMAINS > all domains are unique (no duplicates) 1ms
 Γ£ô src/main/services/protected-domains.test.ts > PROTECTED_DOMAINS > all domains have valid format (no protocol prefix) 26ms
 Γ£ô src/main/services/protected-domains.test.ts > PROTECTED_DOMAINS > all categories are represented 1ms
 Γ£ô src/main/services/protected-domains.test.ts > isProtectedDomain > returns true for a known domain 1ms
 Γ£ô src/main/services/protected-domains.test.ts > isProtectedDomain > returns true for subdomain of wildcard domain 0ms
 Γ£ô src/main/services/protected-domains.test.ts > isProtectedDomain > returns true for exact match of non-wildcard domain 0ms
 Γ£ô src/main/services/protected-domains.test.ts > isProtectedDomain > returns false for subdomain of non-wildcard domain 0ms
 Γ£ô src/main/services/protected-domains.test.ts > isProtectedDomain > returns false for unknown domain 0ms
 Γ£ô src/main/services/protected-domains.test.ts > isProtectedDomain > is case insensitive 0ms
 Γ£ô src/main/services/protected-domains.test.ts > isProtectedDomain > returns false for empty string 0ms
 Γ£ô src/main/services/protected-domains.test.ts > isProtectedDomain > handles domain with port number 0ms
 Γ£ô src/main/services/protected-domains.test.ts > searchProtectedDomains > finds results by domain name 1ms
 Γ£ô src/main/services/protected-domains.test.ts > searchProtectedDomains > finds results by category 0ms
 Γ£ô src/main/services/protected-domains.test.ts > searchProtectedDomains > finds results by description 0ms
 Γ£ô src/main/services/protected-domains.test.ts > searchProtectedDomains > returns empty array for no match 2ms
 Γ£ô src/main/services/protected-domains.test.ts > searchProtectedDomains > is case insensitive 0ms
 Γ£ô src/main/services/protected-domains.test.ts > isHighImpactDomain > returns true for microsoft-update domains 0ms
 Γ£ô src/main/services/protected-domains.test.ts > isHighImpactDomain > returns true for wildcard subdomain of high-impact 0ms
 Γ£ô src/main/services/protected-domains.test.ts > isHighImpactDomain > returns true for microsoft-identity domains 0ms
 Γ£ô src/main/services/protected-domains.test.ts > isHighImpactDomain > returns true for microsoft-office domains 0ms
 Γ£ô src/main/services/protected-domains.test.ts > isHighImpactDomain > returns true for microsoft-azure domains 0ms
 Γ£ô src/main/services/protected-domains.test.ts > isHighImpactDomain > returns false for C2-common domains 0ms
 Γ£ô src/main/services/protected-domains.test.ts > isHighImpactDomain > returns false for financial domains 0ms
 Γ£ô src/main/services/protected-domains.test.ts > isHighImpactDomain > returns false for unknown domain 0ms
 Γ£ô src/main/services/protected-domains.test.ts > getDomainSeverity > returns critical for domain not in the list 1ms
 Γ£ô src/main/services/protected-domains.test.ts > getDomainSeverity > returns critical for financial domains (exact match) 0ms
 Γ£ô src/main/services/protected-domains.test.ts > getDomainSeverity > returns critical for government domains (exact match) 0ms
 Γ£ô src/main/services/protected-domains.test.ts > getDomainSeverity > returns critical for financial wildcard subdomains 0ms
 Γ£ô src/main/services/protected-domains.test.ts > getDomainSeverity > returns high for microsoft-update domains 0ms
 Γ£ô src/main/services/protected-domains.test.ts > getDomainSeverity > returns high for microsoft-update wildcard subdomains 0ms
 Γ£ô src/main/services/protected-domains.test.ts > getDomainSeverity > returns medium for c2-common domains 0ms
 Γ£ô src/main/services/protected-domains.test.ts > getDomainSeverity > returns critical for other matched categories (e.g. telemetry) 0ms
 Γ£ô src/main/services/protected-domains.test.ts > getDomainSeverity > returns critical for antivirus category 0ms
 Γ£ô src/main/services/protected-domains.test.ts > getDomainSeverity > is case insensitive 0ms
 Γ£ô src/main/services/protected-domains.test.ts > getDomainSeverity > does not match subdomain for non-wildcard domain 0ms
 Γ£ô src/main/ipc/clips-engine-connection.test.ts > sendPipeCommand > rejects on write error 504ms
 Γ£ô src/main/services/scan-profiles.test.ts > ScanProfiles > all 4 profiles exist with correct structure 10ms
 Γ£ô src/main/services/scan-profiles.test.ts > ScanProfiles > quick profile has minimal scan types 2ms
 Γ£ô src/main/services/scan-profiles.test.ts > ScanProfiles > full profile scans all users 1ms
 Γ£ô src/main/services/scan-profiles.test.ts > ScanProfiles > custom profile has empty dirs 1ms
 Γ£ô src/main/services/scan-profiles.test.ts > ScanProfiles > profile IDs match expected values 0ms
 Γ£ô src/main/services/scan-profiles.test.ts > ScanProfiles > normal profile has all scan types 1ms
 Γ£ô src/main/services/scan-profiles.test.ts > ScanProfiles > profile can be used to configure scan options 1ms
 Γ£ô src/main/services/malware-scanner.service.test.ts > scanMalware > detects script threats 8ms
 Γ£ô src/main/services/malware-scanner.service.test.ts > scanMalware > detects hosts tampering 2ms
 Γ£ô src/main/services/malware-scanner.service.test.ts > scanMalware > filters allowlisted threats 5ms
 Γ£ô src/main/services/malware-scanner.service.test.ts > scanMalware > handles abort signal 2ms
 Γ£ô src/main/services/malware-scanner.service.test.ts > scanMalware > calls onProgress 2ms
 Γ£ô src/main/services/malware-scanner.service.test.ts > calculateEntropy > returns 0 for empty buffer 1ms
 Γ£ô src/main/services/malware-scanner.service.test.ts > calculateEntropy > returns 0 for single-byte buffer 1ms
 Γ£ô src/main/services/malware-scanner.service.test.ts > calculateEntropy > returns high entropy for random-like buffer 1ms
 Γ£ô src/main/services/malware-scanner.service.test.ts > hasDoubleExtension > returns false when parts < 3 1ms
 Γ£ô src/main/services/malware-scanner.service.test.ts > hasDoubleExtension > returns true for exec extension with bait second-to-last 1ms
 Γ£ô src/main/services/malware-scanner.service.test.ts > hasDoubleExtension > returns false when last extension is not exec 0ms
 Γ£ô src/main/services/malware-scanner.service.test.ts > hasDoubleExtension > returns false when second-to-last extension is not bait 0ms
 Γ£ô src/main/services/malware-scanner.service.test.ts > hasDoubleExtension > is case-insensitive 0ms
 Γ£ô src/main/services/malware-scanner.service.test.ts > isPEFile > returns false for buffer smaller than 64 bytes 1ms
 Γ£ô src/main/services/malware-scanner.service.test.ts > isPEFile > returns true for buffer starting with MZ 0ms
 Γ£ô src/main/services/malware-scanner.service.test.ts > isPEFile > returns false for buffer without MZ header 1ms
 Γ£ô src/main/services/malware-scanner.service.test.ts > findSuspiciousImports > returns empty array when parsePeImports returns none 1ms
 Γ£ô src/main/services/malware-scanner.service.test.ts > findSuspiciousImports > finds matching SUSPICIOUS_IMPORTS 1ms
 Γ£ô src/main/services/malware-scanner.service.test.ts > findSuspiciousImports > deduplicates repeated suspicious imports 1ms
 Γ£ô src/main/services/malware-scanner.service.test.ts > findSuspiciousImports > handles multiple import descriptors 1ms
 Γ£ô src/main/services/malware-scanner.service.test.ts > analyzePE > returns null for non-PE buffer 1ms
 Γ£ô src/main/services/malware-scanner.service.test.ts > analyzePE > returns default result when PE offset is beyond buffer 1ms
 Γ£ô src/main/services/malware-scanner.service.test.ts > analyzePE > returns default result when PE signature is missing 1ms
 Γ£ô src/main/services/malware-scanner.service.test.ts > analyzePE > detects writable+executable section 2ms
 Γ£ô src/main/services/malware-scanner.service.test.ts > analyzePE > detects packed section via entropy 1ms
 Γ£ô src/main/services/malware-scanner.service.test.ts > analyzePE > detects packed section via virtualSize > rawSize * 10 1ms
 Γ£ô src/main/services/malware-scanner.service.test.ts > analyzePE > includes suspicious imports in result 1ms
 Γ£ô src/main/services/malware-scanner.service.test.ts > normalizeScriptContent > removes line continuation (backslash + newline) 1ms
 Γ£ô src/main/services/malware-scanner.service.test.ts > normalizeScriptContent > removes backtick before word character 0ms
 Γ£ô src/main/services/malware-scanner.service.test.ts > normalizeScriptContent > removes comments starting with # 1ms
 Γ£ô src/main/services/malware-scanner.service.test.ts > normalizeScriptContent > decodes hex encoded characters (%XX) 1ms
 Γ£ô src/main/services/malware-scanner.service.test.ts > normalizeScriptContent > normalizes whitespace (tabs and multiple spaces) 1ms
 Γ£ô src/main/services/malware-scanner.service.test.ts > analyzeScriptContent > returns null with fewer than 2 indicators 2ms
 Γ£ô src/main/services/malware-scanner.service.test.ts > analyzeScriptContent > detects backtick obfuscation and download-execute in .ps1 1ms
 Γ£ô src/main/services/malware-scanner.service.test.ts > analyzeScriptContent > detects AMSI bypass with another indicator in .ps1 1ms
 Γ£ô src/main/services/malware-scanner.service.test.ts > analyzeScriptContent > detects reflective assembly loading in .ps1 1ms
 Γ£ô src/main/services/malware-scanner.service.test.ts > analyzeScriptContent > detects credential dumping in .ps1 1ms
 Γ£ô src/main/services/malware-scanner.service.test.ts > analyzeScriptContent > detects certutil abuse and bitsadmin download in .bat 1ms
 Γ£ô src/main/services/malware-scanner.service.test.ts > analyzeScriptContent > detects mshta and registry persistence in .cmd 1ms
 Γ£ô src/main/services/malware-scanner.service.test.ts > analyzeScriptContent > detects shell+network and drops executable in .vbs 2ms
 Γ£ô src/main/services/malware-scanner.service.test.ts > analyzeScriptContent > detects heavy chr obfuscation in .js 1ms
 Γ£ô src/main/services/malware-scanner.service.test.ts > analyzeScriptContent > detects HTA with download and execution 1ms
 Γ£ô src/main/services/malware-scanner.service.test.ts > analyzeScriptContent > detects base64-encoded PE in any script type 1ms
 Γ£ô src/main/services/malware-scanner.service.test.ts > analyzeScriptContent > returns null for unknown extension 2ms
 Γ£ô src/main/services/malware-scanner.service.test.ts > analyzeLnkContent > returns empty for buffer < 76 bytes 1ms
 Γ£ô src/main/services/malware-scanner.service.test.ts > analyzeLnkContent > returns empty for buffer without LNK magic 1ms
 Γ£ô src/main/services/malware-scanner.service.test.ts > analyzeLnkContent > detects PowerShell encoded command 1ms
 Γ£ô src/main/services/malware-scanner.service.test.ts > analyzeLnkContent > detects PowerShell download cradle 1ms
 Γ£ô src/main/services/malware-scanner.service.test.ts > analyzeLnkContent > detects hidden PowerShell window 1ms
 Γ£ô src/main/services/malware-scanner.service.test.ts > analyzeLnkContent > detects LOLBin via cmd.exe 1ms
 Γ£ô src/main/services/malware-scanner.service.test.ts > analyzeLnkContent > detects mshta with script/URL 1ms
 Γ£ô src/main/services/malware-scanner.service.test.ts > analyzeLnkContent > returns multiple indicators for a complex LNK 1ms
 Γ£ô src/main/services/malware-scanner.service.test.ts > checkHostsFile > returns empty when read fails 1ms
 Γ£ô src/main/services/malware-scanner.service.test.ts > checkHostsFile > skips safe IPs 1ms
 Γ£ô src/main/services/malware-scanner.service.test.ts > checkHostsFile > skips empty and comment lines 1ms
 Γ£ô src/main/services/malware-scanner.service.test.ts > checkHostsFile > skips single-word lines 1ms
 Γ£ô src/main/services/malware-scanner.service.test.ts > checkHostsFile > detects protected domain redirection 1ms
 Γ£ô src/main/services/malware-scanner.service.test.ts > checkHostsFile > handles inline comments in hosts file 1ms
 Γ£ô src/main/services/malware-scanner.service.test.ts > isPathInAllowedDirs > returns true when path starts with allowed dir 1ms
 Γ£ô src/main/services/malware-scanner.service.test.ts > isPathInAllowedDirs > returns true when path equals allowed dir 1ms
 Γ£ô src/main/services/malware-scanner.service.test.ts > isPathInAllowedDirs > returns false when path does not match 1ms
 Γ£ô src/main/services/malware-scanner.service.test.ts > isPathInAllowedDirs > is case-insensitive 1ms
 Γ£ô src/main/services/malware-scanner.service.test.ts > hashFileSha256 > computes sha256 from stream 1ms
 Γ£ô src/main/services/malware-scanner.service.test.ts > hashFileSha256 > rejects on stream error 4ms
 Γ£ô src/main/services/malware-scanner.service.test.ts > filterAllowlistedThreats > returns all threats when allowlist is empty 2ms
 Γ£ô src/main/services/malware-scanner.service.test.ts > filterAllowlistedThreats > suppresses threat matching sha256 allowlist 2ms
 Γ£ô src/main/services/malware-scanner.service.test.ts > filterAllowlistedThreats > keeps threat when sha256 does not match 2ms
 Γ£ô src/main/services/malware-scanner.service.test.ts > filterAllowlistedThreats > handles hash computation failure gracefully 2ms
 Γ£ô src/main/services/malware-scanner.service.test.ts > filterAllowlistedThreats > skips hash computation for ADS detection 1ms
 Γ£ô src/main/services/malware-scanner.service.test.ts > collectFiles > returns immediately when maxDepth <= 0 1ms
 Γ£ô src/main/services/malware-scanner.service.test.ts > collectFiles > returns immediately when files.length >= maxFiles 1ms
 Γ£ô src/main/services/malware-scanner.service.test.ts > collectFiles > collects files with scannable extensions 1ms
 Γ£ô src/main/services/malware-scanner.service.test.ts > collectFiles > collects files with double extensions 1ms
 Γ£ô src/main/services/malware-scanner.service.test.ts > collectFiles > skips excluded paths 1ms
 Γ£ô src/main/services/malware-scanner.service.test.ts > collectFiles > handles inaccessible directories gracefully 1ms
 Γ£ô src/main/services/malware-scanner.service.test.ts > collectFiles > recurses into subdirectories 1ms
 Γ£ô src/main/services/malware-scanner.service.test.ts > scanScheduledTasks > returns empty on non-Windows 1ms
 Γ£ô src/main/services/malware-scanner.service.test.ts > scanScheduledTasks > detects temp directory execution in scheduled task 1ms
 Γ£ô src/main/services/malware-scanner.service.test.ts > scanScheduledTasks > detects encoded PowerShell in scheduled task 1ms
 Γ£ô src/main/services/malware-scanner.service.test.ts > scanScheduledTasks > detects mshta in scheduled task 1ms
 Γ£ô src/main/services/malware-scanner.service.test.ts > scanScheduledTasks > detects certutil download in scheduled task 1ms
 Γ£ô src/main/services/malware-scanner.service.test.ts > scanScheduledTasks > skips trusted paths in scheduled task 1ms
 Γ£ô src/main/services/malware-scanner.service.test.ts > scanScheduledTasks > skips Microsoft and MicrosoftEdge subdirectories 1ms
 Γ£ô src/main/services/malware-scanner.service.test.ts > scanScheduledTasks > handles inaccessible task directory 1ms
 Γ£ô src/main/services/malware-scanner.service.test.ts > scanScheduledTasks > skips task file without Command tag 1ms
 Γ£ô src/main/services/malware-scanner.service.test.ts > scanAlternateDataStreamsBatch > returns empty on non-Windows 1ms
 Γ£ô src/main/services/malware-scanner.service.test.ts > scanAlternateDataStreamsBatch > returns empty for empty file list 1ms
 Γ£ô src/main/services/malware-scanner.service.test.ts > scanAlternateDataStreamsBatch > parses PowerShell output with ||| separator 1ms
 Γ£ô src/main/services/malware-scanner.service.test.ts > scanAlternateDataStreamsBatch > handles exec failure gracefully 1ms
 Γ£ô src/main/services/malware-scanner.service.test.ts > moveFileToQuarantine edge cases > handles EXDEV with copy failure and cleanup 1ms
 Γ£ô src/main/services/malware-scanner.service.test.ts > moveFileToQuarantine edge cases > handles EXDEV with copy failure and cleanup failure 1ms
 Γ£ô src/main/services/renderer-diagnostics.test.ts > attachRendererDiagnostics > attaches event listeners to webContents 18ms
 Γ£ô src/main/services/renderer-diagnostics.test.ts > attachRendererDiagnostics > attaches unresponsive handlers to the window 1ms
 Γ£ô src/main/services/renderer-diagnostics.test.ts > attachRendererDiagnostics > logs render-process-gone event 2ms
 Γ£ô src/main/services/renderer-diagnostics.test.ts > attachRendererDiagnostics > ignores did-fail-load with error code -3 (ABORTED) 1ms
 Γ£ô src/main/services/renderer-diagnostics.test.ts > attachRendererDiagnostics > logs non-aborted did-fail-load errors 1ms
 Γ£ô src/main/services/renderer-diagnostics.test.ts > attachRendererDiagnostics > opens DevTools on renderer crash in packaged build 2ms
 Γ£ô src/main/services/renderer-diagnostics.test.ts > attachRendererDiagnostics > does not open DevTools if already opened 1ms
 Γ£ô src/main/services/renderer-diagnostics.test.ts > attachRendererDiagnostics > does not open DevTools if webContents is destroyed 1ms
 Γ£ô src/main/services/renderer-diagnostics.test.ts > attachRendererDiagnostics > silently catches openDevTools exceptions 3ms
 Γ£ô src/main/services/renderer-diagnostics.test.ts > attachRendererDiagnostics > does not open DevTools when app is not packaged 1ms
 Γ£ô src/main/services/renderer-diagnostics.test.ts > attachRendererDiagnostics > logs preload-error event 1ms
 Γ£ô src/main/services/renderer-diagnostics.test.ts > attachRendererDiagnostics > logs did-finish-load event 1ms
 Γ£ô src/main/services/renderer-diagnostics.test.ts > attachRendererDiagnostics > logs unresponsive event 1ms
 Γ£ô src/main/services/renderer-diagnostics.test.ts > attachRendererDiagnostics > logs responsive event 2ms
 Γ£ô src/main/services/renderer-diagnostics.test.ts > attachRendererDiagnostics > logs renderer console errors (level 3) 1ms
 Γ£ô src/main/services/renderer-diagnostics.test.ts > attachRendererDiagnostics > logs renderer console warnings (level 2) 1ms
 Γ£ô src/main/services/renderer-diagnostics.test.ts > attachRendererDiagnostics > ignores console-message with level < 2 1ms
 Γ£ô src/main/services/privacy-shield.service.test.ts > PRIVACY_SETTINGS > has all required properties on every setting 33ms
 Γ£ô src/main/services/privacy-shield.service.test.ts > PRIVACY_SETTINGS > has unique IDs 1ms
 Γ£ô src/main/services/privacy-shield.service.test.ts > PRIVACY_SETTINGS > all categories are valid 4ms
 Γ£ô src/main/services/privacy-shield.service.test.ts > PRIVACY_SETTINGS > dependsOn references exist if specified 1ms
 Γ£ô src/main/services/privacy-shield.service.test.ts > PRIVACY_SETTINGS > service-category direct-service settings have applicable() 1ms
 Γ£ô src/main/services/privacy-shield.service.test.ts > PRIVACY_SETTINGS > task-category settings have applicable() 2ms
 Γ£ô src/main/services/privacy-shield.service.test.ts > scanPrivacy > handles check with applicable returning false (service not found) 16ms
 Γ£ô src/main/services/privacy-shield.service.test.ts > scanPrivacy > catches check() reject and treats as not enabled 4ms
 Γ£ô src/main/services/privacy-shield.service.test.ts > scanPrivacy > includes dependsOn in settings when defined 4ms
 Γ£ô src/main/services/privacy-shield.service.test.ts > scanPrivacy > computes correct score with all checks failing 3ms
 Γ£ô src/main/services/privacy-shield.service.test.ts > scanPrivacy > returns reversible=true for settings with revert and applicable returning true 9ms
 Γ£ô src/main/services/privacy-shield.service.test.ts > isTaskActive ΓÇö XML parsing edge cases > returns true when XML has no <Settings><Enabled> element (default true) 1ms
 Γ£ô src/main/services/privacy-shield.service.test.ts > isTaskActive ΓÇö XML parsing edge cases > taskExists returns true on successful schtasks query 1ms
 Γ£ô src/main/services/privacy-shield.service.test.ts > isTaskActive ΓÇö XML parsing edge cases > taskExists returns false on failed schtasks query 0ms
 Γ£ô src/main/services/privacy-shield.service.test.ts > regQueryDword ΓÇö edge cases > returns null when stdout has no regex match 1ms
 Γ£ô src/main/services/privacy-shield.service.test.ts > regQueryDword ΓÇö edge cases > returns null when exec throws 1ms
 Γ£ô src/main/services/privacy-shield.service.test.ts > regQueryDword ΓÇö edge cases > handles uppercase hex in registry output 0ms
 Γ£ô src/main/services/privacy-shield.service.test.ts > isServiceEnabled ΓÇö edge cases > returns false when Start value is 4 (disabled) 1ms
 Γ£ô src/main/services/privacy-shield.service.test.ts > isServiceEnabled ΓÇö edge cases > returns false when registry query fails (service not found) 0ms
 Γ£ô src/main/services/privacy-shield.service.test.ts > disableService edge cases > saves original start value on first call, skips query on second call 3ms
 Γ£ô src/main/services/privacy-shield.service.test.ts > disableService edge cases > skips saving to cache when startVal is null 1ms
 Γ£ô src/main/services/privacy-shield.service.test.ts > disableService edge cases > skips saving to cache when startVal is 4 (already disabled) 1ms
 Γ£ô src/main/services/privacy-shield.service.test.ts > enableService edge cases > uses KNOWN_SERVICE_DEFAULTS when no cache and current value is 4 1ms
 Γ£ô src/main/services/privacy-shield.service.test.ts > enableService edge cases > uses fallback 3 for unknown service when no cache and current is 4 1ms
 Γ£ô src/main/services/privacy-shield.service.test.ts > enableService edge cases > restores cached value when cache has the service 3ms
 Γ£ô src/main/services/privacy-shield.service.test.ts > enableService edge cases > deletes from cache and saves after enable 1ms
 Γ£ô src/main/services/privacy-shield.service.test.ts > regDeleteValue error paths > throws when delete fails and value still exists (query succeeds) 4ms
 Γ£ô src/main/ipc/clips-engine-connection.test.ts > sendPipeCommand > rejects on write error with non-Error throw 503ms
 Γ£ô src/main/services/remote-license.test.ts > remote-license > checkLicense > blocks when no key is saved 13ms
 Γ£ô src/main/services/remote-license.test.ts > remote-license > checkLicense > returns expired when API reports expired 9ms
 Γ£ô src/main/services/remote-license.test.ts > remote-license > checkLicense > returns valid when API confirms license 8ms
 Γ£ô src/main/services/remote-license.test.ts > remote-license > checkLicense > returns valid with subscription type and expiry date 7ms
 Γ£ô src/main/services/report-export.test.ts > report export service > JSON export produces valid JSON 13ms
 Γ£ô src/main/services/report-export.test.ts > report export service > CSV export has headers 7ms
 Γ£ô src/main/services/report-export.test.ts > report export service > CSV export has correct row count 8ms
 Γ£ô src/main/services/report-export.test.ts > report export service > TXT export includes scan summary 5ms
 Γ£ô src/main/services/report-export.test.ts > report export service > TXT export has correct sections 5ms
 Γ£ô src/main/services/report-export.test.ts > report export service > Empty threats list still produces valid output 5ms
 Γ£ô src/main/services/report-export.test.ts > report export service > Invalid format returns false 2ms
 Γ£ô src/main/services/report-export.test.ts > report export service > Unwritable path returns false 2ms
 Γ£ô src/main/services/report-export.test.ts > report export service > All formats include scan date 6ms
 Γ£ô src/main/services/report-export.test.ts > report export service > Edge case: very long threat names are properly quoted in CSV 3ms
 Γ£ô src/main/services/license-store.test.ts > license-store > round-trip via disk with encrypted key 145ms
 Γ£ô src/main/services/program-uninstaller.test.ts > parseRegValue > extracts a REG_SZ value 7ms
 Γ£ô src/main/services/program-uninstaller.test.ts > parseRegValue > returns empty for missing key 1ms
 Γ£ô src/main/services/program-uninstaller.test.ts > parseRegValue > does not match substrings (UninstallString vs QuietUninstallString) 0ms
 Γ£ô src/main/services/program-uninstaller.test.ts > parseRegDword > extracts a DWORD value 1ms
 Γ£ô src/main/services/program-uninstaller.test.ts > parseRegDword > returns 0 for missing key 0ms
 Γ£ô src/main/services/program-uninstaller.test.ts > parseRegDword > handles large hex values 0ms
 Γ£ô src/main/services/program-uninstaller.test.ts > extractRegistryKey > extracts the registry key from a block 6ms
 Γ£ô src/main/services/program-uninstaller.test.ts > extractRegistryKey > returns empty for no HK line 0ms
 Γ£ô src/main/services/program-uninstaller.test.ts > splitArgs > splits simple whitespace-separated args 3ms
 Γ£ô src/main/services/program-uninstaller.test.ts > splitArgs > preserves quoted strings with spaces 1ms
 Γ£ô src/main/services/program-uninstaller.test.ts > splitArgs > handles empty string 1ms
 Γ£ô src/main/services/program-uninstaller.test.ts > splitArgs > handles multiple spaces between args 1ms
 Γ£ô src/main/services/program-uninstaller.test.ts > parseUninstallCommand > parses MSI uninstall with GUID 1ms
 Γ£ô src/main/services/program-uninstaller.test.ts > parseUninstallCommand > parses quoted path uninstaller 1ms
 Γ£ô src/main/services/program-uninstaller.test.ts > parseUninstallCommand > parses unquoted exe path 1ms
 Γ£ô src/main/services/program-uninstaller.test.ts > parseUninstallCommand > falls back to whole string for no exe 1ms
 Γ£ô src/main/services/program-uninstaller.test.ts > isSafeFolder > returns true for known safe folder names 1ms
 Γ£ô src/main/services/program-uninstaller.test.ts > isSafeFolder > returns true for safe prefixes 0ms
 Γ£ô src/main/services/program-uninstaller.test.ts > isSafeFolder > returns true for dot-prefixed (hidden) folders 0ms
 Γ£ô src/main/services/program-uninstaller.test.ts > isSafeFolder > returns true for GUID folders 1ms
 Γ£ô src/main/services/program-uninstaller.test.ts > isSafeFolder > returns false for a regular app folder 0ms
 Γ£ô src/main/services/program-uninstaller.test.ts > folderMatchesProgram > matches folder containing program name 1ms
 Γ£ô src/main/services/program-uninstaller.test.ts > folderMatchesProgram > matches folder that is a substring of program name 1ms
 Γ£ô src/main/services/program-uninstaller.test.ts > folderMatchesProgram > matches by publisher name 0ms
 Γ£ô src/main/services/program-uninstaller.test.ts > folderMatchesProgram > matches by install location basename 0ms
 Γ£ô src/main/services/program-uninstaller.test.ts > folderMatchesProgram > does not match unrelated folder 0ms
 Γ£ô src/main/services/program-uninstaller.test.ts > folderMatchesProgram > does not match very short tokens (< 4 chars) 0ms
 Γ£ô src/main/services/program-uninstaller.test.ts > parseRegValue (extended) > handles case-insensitive matching 0ms
 Γ£ô src/main/services/program-uninstaller.test.ts > parseRegValue (extended) > trims whitespace from extracted value 0ms
 Γ£ô src/main/services/program-uninstaller.test.ts > parseRegValue (extended) > handles values with special characters 1ms
 Γ£ô src/main/services/program-uninstaller.test.ts > parseRegValue (extended) > returns empty for empty block 0ms
 Γ£ô src/main/services/program-uninstaller.test.ts > parseRegDword (extended) > handles zero value 0ms
 Γ£ô src/main/services/program-uninstaller.test.ts > parseRegDword (extended) > handles case-insensitive hex digits 0ms
 Γ£ô src/main/services/program-uninstaller.test.ts > parseRegDword (extended) > returns 0 for empty block 0ms
 Γ£ô src/main/services/program-uninstaller.test.ts > extractRegistryKey (extended) > extracts HKCU key 0ms
 Γ£ô src/main/services/program-uninstaller.test.ts > extractRegistryKey (extended) > handles leading whitespace before HK line 0ms
 Γ£ô src/main/services/program-uninstaller.test.ts > extractRegistryKey (extended) > returns empty for block with no lines 0ms
 Γ£ô src/main/services/program-uninstaller.test.ts > extractRegistryKey (extended) > returns first HK line when multiple exist 1ms
 Γ£ô src/main/services/program-uninstaller.test.ts > splitArgs (extended) > handles tab characters as whitespace 1ms
 Γ£ô src/main/services/program-uninstaller.test.ts > splitArgs (extended) > handles quoted string without trailing args 1ms
 Γ£ô src/main/services/program-uninstaller.test.ts > splitArgs (extended) > handles nested-looking quotes 0ms
 Γ£ô src/main/services/program-uninstaller.test.ts > splitArgs (extended) > handles single arg with no spaces 0ms
 Γ£ô src/main/services/program-uninstaller.test.ts > splitArgs (extended) > handles leading and trailing whitespace 0ms
 Γ£ô src/main/services/program-uninstaller.test.ts > parseUninstallCommand (extended) > detects msiexec in string even without isWindowsInstaller flag 0ms
 Γ£ô src/main/services/program-uninstaller.test.ts > parseUninstallCommand (extended) > handles MsiExec.exe with /I flag (converts to /x) 0ms
 Γ£ô src/main/services/program-uninstaller.test.ts > parseUninstallCommand (extended) > handles quoted path with no args 0ms
 Γ£ô src/main/services/program-uninstaller.test.ts > parseUninstallCommand (extended) > handles quoted path with multiple args 0ms
 Γ£ô src/main/services/program-uninstaller.test.ts > parseUninstallCommand (extended) > handles unquoted exe path with no args 0ms
 Γ£ô src/main/services/program-uninstaller.test.ts > parseUninstallCommand (extended) > trims whitespace from uninstall string 0ms
 Γ£ô src/main/services/program-uninstaller.test.ts > parseUninstallCommand (extended) > handles special characters in paths 1ms
 Γ£ô src/main/services/program-uninstaller.test.ts > parseUninstallCommand (extended) > falls back for MSI without valid GUID 0ms
 Γ£ô src/main/services/program-uninstaller.test.ts > runUninstaller > resolves with exit code 0 on successful uninstall 9ms
 Γ£ô src/main/services/program-uninstaller.test.ts > runUninstaller > resolves with non-zero exit code on failure 1ms
 Γ£ô src/main/services/program-uninstaller.test.ts > runUninstaller > resolves with null on spawn error (e.g. command not found) 1ms
 Γ£ô src/main/services/program-uninstaller.test.ts > runUninstaller > resolves with null if spawn itself throws 1ms
 Γ£ô src/main/services/program-uninstaller.test.ts > runUninstaller > resolves with null on timeout (10 minutes) 3ms
 Γ£ô src/main/services/program-uninstaller.test.ts > runUninstaller > clears timeout when process closes before timeout 1ms
 Γ£ô src/main/services/program-uninstaller.test.ts > runUninstaller > passes correct spawn options 6ms
 Γ£ô src/main/services/program-uninstaller.test.ts > runUninstaller > handles MSI uninstaller command correctly 2ms
 Γ£ô src/main/services/program-uninstaller.test.ts > runUninstaller > handles kill failure gracefully on timeout 2ms
 Γ£ô src/main/services/program-uninstaller.test.ts > parseUninstallCommand (unclosed quote) > handles opening quote without closing quote (endQuote <= 1) 0ms
 Γ£ô src/main/services/program-uninstaller.test.ts > parseUninstallCommand (unclosed quote) > handles empty quoted string (endQuote === 1) 0ms
 Γ£ô src/main/services/program-uninstaller.test.ts > verifyUninstall > returns true when registry key no longer exists 1ms
 Γ£ô src/main/services/program-uninstaller.test.ts > verifyUninstall > returns false when registry key still exists 0ms
 Γ£ô src/main/services/program-uninstaller.test.ts > verifyUninstall > calls reg query with correct arguments 1ms
 Γ£ô src/main/services/program-uninstaller.test.ts > verifyUninstall > returns true on timeout (treats as uninstalled) 0ms
 Γ£ô src/main/services/program-uninstaller.test.ts > scanLeftoversForProgram > returns empty array when no install location and no leftover dirs 1ms
 Γ£ô src/main/services/program-uninstaller.test.ts > scanLeftoversForProgram > detects leftover install location that still exists 3ms
 Γ£ô src/main/services/program-uninstaller.test.ts > scanLeftoversForProgram > skips install location that no longer exists 1ms
 Γ£ô src/main/services/program-uninstaller.test.ts > scanLeftoversForProgram > skips install location if it is a safe folder 1ms
 Γ£ô src/main/services/program-uninstaller.test.ts > scanLeftoversForProgram > skips install location if directory size is below 1024 1ms
 Γ£ô src/main/services/program-uninstaller.test.ts > scanLeftoversForProgram > skips install location that is not a directory 1ms
 Γ£ô src/main/services/program-uninstaller.test.ts > scanLeftoversForProgram > scans leftover directories and finds matching folders 2ms
 Γ£ô src/main/services/program-uninstaller.test.ts > scanLeftoversForProgram > skips folders that do not match the program 1ms
 Γ£ô src/main/services/program-uninstaller.test.ts > scanLeftoversForProgram > skips safe folders in leftover directories 1ms
 Γ£ô src/main/services/program-uninstaller.test.ts > scanLeftoversForProgram > skips entries that fail stat 1ms
 Γ£ô src/main/services/program-uninstaller.test.ts > scanLeftoversForProgram > skips non-directory entries in leftover dirs 1ms
 Γ£ô src/main/services/program-uninstaller.test.ts > scanLeftoversForProgram > continues scanning when readdir fails for a directory 1ms
 Γ£ô src/main/services/program-uninstaller.test.ts > scanLeftoversForProgram > skips candidate when getDirectorySize throws 1ms
 Γ£ô src/main/services/program-uninstaller.test.ts > scanLeftoversForProgram > skips candidates smaller than 1024 bytes 1ms
 Γ£ô src/main/services/program-uninstaller.test.ts > scanLeftoversForProgram > skips duplicate of install location in leftover dirs 1ms
 Γ£ô src/main/services/program-uninstaller.test.ts > isSafeFolder (extended) > is case-insensitive for safe folder names 0ms
 Γ£ô src/main/services/program-uninstaller.test.ts > isSafeFolder (extended) > is case-insensitive for safe prefixes 0ms
 Γ£ô src/main/services/program-uninstaller.test.ts > isSafeFolder (extended) > returns true for hidden folders with various names 0ms
 Γ£ô src/main/services/program-uninstaller.test.ts > isSafeFolder (extended) > returns true for GUID-like folders with varying case 0ms
 Γ£ô src/main/services/program-uninstaller.test.ts > isSafeFolder (extended) > returns false for non-GUID braced strings with invalid chars 0ms
 Γ£ô src/main/services/program-uninstaller.test.ts > isSafeFolder (extended) > returns false for empty string 0ms
 Γ£ô src/main/services/program-uninstaller.test.ts > folderMatchesProgram (extended) > matches when program name contains version suffix 0ms
 Γ£ô src/main/services/program-uninstaller.test.ts > folderMatchesProgram (extended) > matches by first word of publisher 0ms
 Γ£ô src/main/services/program-uninstaller.test.ts > folderMatchesProgram (extended) > does not match when all tokens are too short 0ms
 Γ£ô src/main/services/program-uninstaller.test.ts > folderMatchesProgram (extended) > matches folder that starts with program token 0ms
 Γ£ô src/main/services/program-uninstaller.test.ts > folderMatchesProgram (extended) > matches folder that ends with program token 0ms
 Γ£ô src/main/services/program-uninstaller.test.ts > folderMatchesProgram (extended) > matches when folder name contains full program name 0ms
 Γ£ô src/main/services/program-uninstaller.test.ts > folderMatchesProgram (extended) > matches case-insensitively 0ms
 Γ£ô src/main/services/program-uninstaller.test.ts > folderMatchesProgram (extended) > uses install location basename for matching 0ms
 Γ£ô src/main/services/program-uninstaller.test.ts > getInstalledProgramsFull > queries all three registry keys on win32 2ms
 Γ£ô src/main/services/program-uninstaller.test.ts > getInstalledProgramsFull > parses registry output into InstalledProgram objects 6ms
 Γ£ô src/main/services/program-uninstaller.test.ts > getInstalledProgramsFull > skips entries without DisplayName 1ms
 Γ£ô src/main/services/program-uninstaller.test.ts > getInstalledProgramsFull > skips entries without UninstallString 1ms
 Γ£ô src/main/services/program-uninstaller.test.ts > getInstalledProgramsFull > skips SystemComponent entries 1ms
 Γ£ô src/main/services/program-uninstaller.test.ts > getInstalledProgramsFull > deduplicates by displayName+publisher 1ms
 Γ£ô src/main/services/program-uninstaller.test.ts > getInstalledProgramsFull > continues when a registry key query fails 1ms
 Γ£ô src/main/services/program-uninstaller.test.ts > getInstalledProgramsFull > returns sorted results by displayName 1ms
 Γ£ô src/main/services/program-uninstaller.test.ts > getInstalledProgramsFull > detects WindowsInstaller flag 1ms
 Γ£ô src/main/services/program-uninstaller.test.ts > getInstalledProgramsFull > delegates to platform commands on non-win32 1ms
 Γ£ô src/main/services/program-uninstaller.test.ts > getInstalledProgramsFull > skips entries where registry key cannot be extracted 1ms
 Γ£ô src/main/services/program-uninstaller.test.ts > getInstalledProgramsFull > enriches programs with prefetch exact-match timestamps 1ms
 Γ£ô src/main/services/program-uninstaller.test.ts > getInstalledProgramsFull > enriches programs with prefetch prefix-match timestamps 1ms
 Γ£ô src/main/services/program-uninstaller.test.ts > getInstalledProgramsFull > enriches using exe name from DisplayIcon 1ms
 Γ£ô src/main/services/program-uninstaller.test.ts > getInstalledProgramsFull > enriches using exe name from InstallLocation folder 1ms
 Γ£ô src/main/services/program-uninstaller.test.ts > getInstalledProgramsFull (prefetch edge cases) > skips prefetch files without dash (dashIdx <= 0) 1ms
 Γ£ô src/main/services/program-uninstaller.test.ts > getInstalledProgramsFull (prefetch edge cases) > handles stat failure for a single prefetch entry 1ms
 Γ£ô src/main/services/program-uninstaller.test.ts > getInstalledProgramsFull (prefetch edge cases) > sets lastUsed to -1 when prefetch map is empty (size === 0) 1ms
 Γ£ô src/main/services/program-uninstaller.test.ts > getInstalledProgramsFull (prefetch edge cases) > handles DisplayIcon without .exe extension 1ms
 Γ£ô src/main/services/program-uninstaller.test.ts > getInstalledProgramsFull (prefetch edge cases) > handles DisplayIcon with comma suffix stripped 1ms
 Γ£ô src/main/services/program-uninstaller.test.ts > getInstalledProgramsFull (prefetch edge cases) > handles install location basename too short (< 2 chars) 1ms
 Γ£ô src/main/services/program-uninstaller.test.ts > getInstalledProgramsFull (prefetch edge cases) > extracts exe name from DisplayName first word when >= 3 chars 1ms
 Γ£ô src/main/services/program-uninstaller.test.ts > getInstalledProgramsFull (prefetch edge cases) > hasRunningProcesses catches PowerShell failure silently 1ms
 Γ£ô src/main/services/program-uninstaller.test.ts > deleteRegistryKey > returns true on successful deletion 1ms
 Γ£ô src/main/services/program-uninstaller.test.ts > deleteRegistryKey > returns false when deletion fails 0ms
 Γ£ô src/main/services/program-uninstaller.test.ts > deleteRegistryKey > calls reg delete with correct arguments 0ms
 Γ£ô src/main/services/program-uninstaller.test.ts > scanLeftoversForProgram (extended) > continues scanning other dirs when leftover dir has no matching candidates 1ms
 Γ£ô src/main/services/program-uninstaller.test.ts > scanLeftoversForProgram (extended) > skips folders with running processes 0ms
 Γ£ô src/main/services/program-uninstaller.test.ts > scanLeftoversForProgram (extended) > skips candidate when stat fails after size check 1ms
 Γ£ô src/main/services/privacy-shield.service.test.ts > regDeleteValue error paths > returns silently when delete fails and value is already gone (query fails) 1ms
 Γ£ô src/main/services/privacy-shield.service.test.ts > service start type cache > saveServiceStartTypes writes to file on disable 1ms
 Γ£ô src/main/services/privacy-shield.service.test.ts > service start type cache > saveServiceStartTypes handles write errors gracefully 1ms
 Γ£ô src/main/services/privacy-shield.service.test.ts > service start type cache > loadServiceStartTypes handles corrupt JSON gracefully 1ms
 Γ£ô src/main/services/privacy-shield.service.test.ts > service start type cache > loadServiceStartTypes handles array JSON (not object) 1ms
 Γ£ô src/main/services/privacy-shield.service.test.ts > service start type cache > loadServiceStartTypes filters out non-number values 1ms
 Γ£ô src/main/services/privacy-shield.service.test.ts > service start type cache > readFileSync missing file returns empty map 1ms
 Γ£ô src/main/services/privacy-shield.service.test.ts > getServiceCachePath edge cases > uses app.getPath(userData) without Kudu-Dev suffix when isPackaged 0ms
 Γ£ô src/main/services/privacy-shield.service.test.ts > getServiceCachePath edge cases > creates directory if not exists 1ms
 Γ£ô src/main/services/privacy-shield.service.test.ts > getServiceCachePath edge cases > uses Kudu-Dev subdirectory when not packaged 1ms
 Γ£ô src/main/services/privacy-shield.service.test.ts > applyPrivacySettings edge cases > handles empty IDs array 0ms
 Γ£ô src/main/services/privacy-shield.service.test.ts > applyPrivacySettings edge cases > reports unknown error reason for non-Error throws 1ms
 Γ£ô src/main/services/privacy-shield.service.test.ts > applyPrivacySettings edge cases > processes multiple IDs, some unknown 0ms
 Γ£ô src/main/services/privacy-shield.service.test.ts > applyPrivacySettings edge cases > handles service apply (disableService) with reg add failure 1ms
 Γ£ô src/main/services/privacy-shield.service.test.ts > revertPrivacySettings edge cases > reports failure for known setting without revert function 0ms
 Γ£ô src/main/services/privacy-shield.service.test.ts > revertPrivacySettings edge cases > handles revert with non-Error throw 1ms
 Γ£ô src/main/services/privacy-shield.service.test.ts > revertPrivacySettings edge cases > handles empty IDs array 0ms
 Γ£ô src/main/services/privacy-shield.service.test.ts > revertPrivacySettings edge cases > restores service via enableService on revert 1ms
 Γ£ô src/main/services/privacy-shield.service.test.ts > platform provider (non-Windows) > uses platform provider getSettings() on non-Windows 2ms
 Γ£ô src/main/services/privacy-shield.service.test.ts > platform provider (non-Windows) > platform provider settings are used for apply 1ms
 Γ£ô src/main/services/privacy-shield.service.test.ts > platform provider (non-Windows) > platform provider settings are used for revert 1ms
 Γ£ô src/main/services/privacy-shield.service.test.ts > browser-conditional settings > chrome check returns true when browser not installed 1ms
 Γ£ô src/main/services/privacy-shield.service.test.ts > browser-conditional settings > chrome applicable returns false when browser not installed 0ms
 Γ£ô src/main/services/privacy-shield.service.test.ts > browser-conditional settings > firefox check returns true when browser not installed 1ms
 Γ£ô src/main/services/privacy-shield.service.test.ts > browser-conditional settings > chrome check returns false when installed but policy not set 1ms
 Γ£ô src/main/services/privacy-shield.service.test.ts > browser-conditional settings > chrome check returns true when installed and policy is 0 1ms
 Γ£ô src/main/services/privacy-shield.service.test.ts > browser-conditional settings > chrome applicable returns true when browser installed 0ms
 Γ£ô src/main/services/privacy-shield.service.test.ts > browser-conditional settings > firefox check when installed and policy is 1 (telemetry disabled) 1ms
 Γ£ô src/main/services/privacy-shield.service.test.ts > browser-conditional settings > firefox check when installed and policy not set 1ms
 Γ£ô src/main/services/privacy-shield.service.test.ts > browser-conditional settings > firefox applicable returns true when browser installed 1ms
 Γ£ô src/main/services/privacy-shield.service.test.ts > browser-conditional settings > firefox default agent check when installed and policy is 1 1ms
 Γ£ô src/main/services/privacy-shield.service.test.ts > enableService additional branches > uses current value directly when not 4 and no cache 17ms
 Γ£ô src/main/services/privacy-shield.service.test.ts > enableService additional branches > falls back to 3 when reg query fails and no cache 10ms
 Γ£ô src/main/services/privacy-shield.service.test.ts > isTaskActive XML enabled true > returns true when XML has enabled true 1ms
 Γ£ô src/main/services/privacy-shield.service.test.ts > enableTask / disableTask edge cases > disableTask propagates error when schtasks fails 1ms
 Γ£ô src/main/services/privacy-shield.service.test.ts > enableTask / disableTask edge cases > enableTask propagates error when schtasks fails on revert 1ms
 Γ£ô src/main/services/privacy-shield.service.test.ts > scanPrivacy onProgress > invokes onProgress during scan 4ms
 Γ£ô src/main/services/privacy-shield.service.test.ts > regQueryDword lowercase hex > handles lowercase hex in registry output 1ms
 Γ£ô src/main/services/privacy-shield.service.test.ts > regDeleteValue success path > resolves when delete succeeds 1ms
 Γ£ô src/main/services/privacy-shield.service.test.ts > revertPrivacySettings non-existent ID > handles setting ID that is not found 0ms
 Γ£ô src/main/services/privacy-shield.service.test.ts > applyPrivacySettings non-existent ID > skips setting ID that is not found 0ms
 Γ£ô src/main/services/privacy-shield.service.test.ts > serviceExists edge cases > serviceExists returns true when reg query succeeds 0ms
 Γ£ô src/main/services/privacy-shield.service.test.ts > serviceExists edge cases > serviceExists returns false when reg query fails 0ms
 Γ£ô src/main/services/privacy-shield.service.test.ts > AI settings apply and revert > applies copilot setting 1ms
 Γ£ô src/main/services/privacy-shield.service.test.ts > AI settings apply and revert > reverts copilot setting 0ms
 Γ£ô src/main/services/privacy-shield.service.test.ts > AI settings apply and revert > applies windows-recall setting 0ms
 Γ£ô src/main/services/privacy-shield.service.test.ts > AI settings apply and revert > reverts windows-recall setting 0ms
 Γ£ô src/main/services/privacy-shield.service.test.ts > AI settings apply and revert > applies click-to-do setting 0ms
 Γ£ô src/main/services/privacy-shield.service.test.ts > AI settings apply and revert > reverts click-to-do setting 0ms
 Γ£ô src/main/services/privacy-shield.service.test.ts > AI settings apply and revert > applies edge-ai-features setting 0ms
 Γ£ô src/main/services/privacy-shield.service.test.ts > AI settings apply and revert > reverts edge-ai-features setting 0ms
 Γ£ô src/main/services/privacy-shield.service.test.ts > AI settings apply and revert > applies paint-ai setting 0ms
 Γ£ô src/main/services/privacy-shield.service.test.ts > AI settings apply and revert > reverts paint-ai setting 0ms
 Γ£ô src/main/services/privacy-shield.service.test.ts > AI settings apply and revert > applies notepad-ai setting 0ms
 Γ£ô src/main/services/privacy-shield.service.test.ts > AI settings apply and revert > reverts notepad-ai setting 0ms
 Γ£ô src/main/services/privacy-shield.service.test.ts > AI settings apply and revert > applies find-my-device setting 0ms
 Γ£ô src/main/services/privacy-shield.service.test.ts > AI settings apply and revert > reverts find-my-device setting 0ms
 Γ£ô src/main/services/privacy-shield.service.test.ts > service delivery-optimization apply and revert > applies delivery-optimization 0ms
 Γ£ô src/main/services/privacy-shield.service.test.ts > service delivery-optimization apply and revert > reverts delivery-optimization 0ms
 Γ£ô src/main/services/privacy-shield.service.test.ts > mapsbroker apply and revert > applies mapsbroker (disableService) 1ms
 Γ£ô src/main/services/privacy-shield.service.test.ts > mapsbroker apply and revert > reverts mapsbroker (enableService) 0ms
 Γ£ô src/main/services/privacy-shield.service.test.ts > task settings apply and revert > applies and reverts task-program-data-updater 1ms
 Γ£ô src/main/services/privacy-shield.service.test.ts > task settings apply and revert > applies and reverts task-autochk-proxy 1ms
 Γ£ô src/main/services/privacy-shield.service.test.ts > task settings apply and revert > applies and reverts task-ceip-consolidator 1ms
 Γ£ô src/main/services/privacy-shield.service.test.ts > task settings apply and revert > applies and reverts task-usb-ceip 1ms
 Γ£ô src/main/services/privacy-shield.service.test.ts > task settings apply and revert > applies and reverts task-disk-diagnostic 1ms
 Γ£ô src/main/services/privacy-shield.service.test.ts > task settings apply and revert > applies and reverts task-feedback-dm 1ms
 Γ£ô src/main/services/privacy-shield.service.test.ts > task settings apply and revert > applies and reverts task-maps-update 1ms
 Γ£ô src/main/services/privacy-shield.service.test.ts > task settings apply and revert > applies and reverts task-maps-toast 1ms
 Γ£ô src/main/services/privacy-shield.service.test.ts > browser settings apply and revert > applies and reverts edge-metrics 1ms
 Γ£ô src/main/services/privacy-shield.service.test.ts > browser settings apply and revert > applies and reverts edge-site-info 1ms
 Γ£ô src/main/services/privacy-shield.service.test.ts > browser settings apply and revert > applies and reverts edge-personalization 1ms
 Γ£ô src/main/services/privacy-shield.service.test.ts > browser settings apply and revert > applies and reverts edge-copilot-cdp 1ms
 Γ£ô src/main/services/privacy-shield.service.test.ts > browser settings apply and revert > applies and reverts edge-copilot-page 1ms
 Γ£ô src/main/services/privacy-shield.service.test.ts > browser settings apply and revert > applies and reverts edge-discover 1ms
 Γ£ô src/main/services/privacy-shield.service.test.ts > browser settings apply and revert > applies and reverts edge-sidebar 1ms
 Γ£ô src/main/services/privacy-shield.service.test.ts > browser settings apply and revert > applies and reverts edge-shopping 1ms
 Γ£ô src/main/services/privacy-shield.service.test.ts > browser settings apply and revert > applies and reverts chrome-metrics 1ms
 Γ£ô src/main/services/privacy-shield.service.test.ts > browser settings apply and revert > applies and reverts chrome-feedback 1ms
 Γ£ô src/main/services/privacy-shield.service.test.ts > browser settings apply and revert > applies and reverts chrome-extended-reporting 1ms
 Γ£ô src/main/services/privacy-shield.service.test.ts > browser settings apply and revert > applies and reverts firefox-telemetry 1ms
 Γ£ô src/main/services/privacy-shield.service.test.ts > browser settings apply and revert > applies and reverts firefox-default-agent 1ms
 Γ£ô src/main/services/privacy-shield.service.test.ts > scanPrivacy empty settings > returns score 0 when no settings (total=0) 1ms
 Γ£ô src/main/services/privacy-shield.service.test.ts > enableService uses current value when not null and not 4 > uses current directly (not null, not 4, no cache) 9ms
 Γ£ô src/main/services/privacy-shield.service.test.ts > telemetry settings apply and revert > applies and reverts activity-history 3ms
 Γ£ô src/main/services/privacy-shield.service.test.ts > telemetry settings apply and revert > applies and reverts publish-activity 1ms
 Γ£ô src/main/services/privacy-shield.service.test.ts > telemetry settings apply and revert > applies and reverts feedback-frequency 1ms
 Γ£ô src/main/services/privacy-shield.service.test.ts > telemetry settings apply and revert > applies and reverts handwriting-telemetry 1ms
 Γ£ô src/main/services/privacy-shield.service.test.ts > telemetry settings apply and revert > applies and reverts input-personalization 1ms
 Γ£ô src/main/services/privacy-shield.service.test.ts > telemetry settings apply and revert > applies and reverts tailored-experiences 1ms
 Γ£ô src/main/services/privacy-shield.service.test.ts > telemetry settings apply and revert > applies and reverts app-launch-tracking 1ms
 Γ£ô src/main/services/privacy-shield.service.test.ts > ads settings apply and revert > applies and reverts suggested-content 1ms
 Γ£ô src/main/services/privacy-shield.service.test.ts > ads settings apply and revert > applies and reverts tips-notifications 1ms
 Γ£ô src/main/services/privacy-shield.service.test.ts > ads settings apply and revert > applies and reverts start-suggestions 1ms
 Γ£ô src/main/services/privacy-shield.service.test.ts > ads settings apply and revert > applies and reverts lock-screen-spotlight 1ms
 Γ£ô src/main/services/privacy-shield.service.test.ts > ads settings apply and revert > applies and reverts silently-installed-apps 1ms
 Γ£ô src/main/services/privacy-shield.service.test.ts > ads settings apply and revert > applies and reverts preinstalled-apps 1ms
 Γ£ô src/main/services/privacy-shield.service.test.ts > ads settings apply and revert > reverts advertising-id 1ms
 Γ£ô src/main/services/privacy-shield.service.test.ts > search settings apply and revert > applies and reverts bing-start-menu 1ms
 Γ£ô src/main/services/privacy-shield.service.test.ts > search settings apply and revert > applies and reverts bing-web-search 1ms
 Γ£ô src/main/services/privacy-shield.service.test.ts > search settings apply and revert > applies and reverts cortana 1ms
 Γ£ô src/main/services/privacy-shield.service.test.ts > search settings apply and revert > applies and reverts search-highlights 1ms
 Γ£ô src/main/services/privacy-shield.service.test.ts > search settings apply and revert > applies and reverts store-search-suggestions 1ms
 Γ£ô src/main/services/privacy-shield.service.test.ts > sync settings apply and revert > applies and reverts clipboard-sync 1ms
 Γ£ô src/main/services/privacy-shield.service.test.ts > sync settings apply and revert > applies and reverts clipboard-history 1ms
 Γ£ô src/main/services/privacy-shield.service.test.ts > sync settings apply and revert > applies and reverts settings-sync 1ms
 Γ£ô src/main/services/privacy-shield.service.test.ts > ai-service-autostart apply > applies ai-service-autostart (disableService) 1ms
 Γ£ô src/main/services/privacy-shield.service.test.ts > service-dmwappush apply > applies service-dmwappush (disableService) 1ms
 Γ£ô src/main/services/settings-store.full.test.ts > settings-store readStore migration > migrates old schedule format to new schedule entry format 11ms
 Γ£ô src/main/services/settings-store.full.test.ts > settings-store readStore error > returns defaults when config file is corrupt 3ms
 Γ£ô src/main/services/settings-store.full.test.ts > settings-store onboarding > getOnboardingComplete returns false initially 1ms
 Γ£ô src/main/services/settings-store.full.test.ts > settings-store onboarding > setOnboardingComplete persists true 3ms
 Γ£ô src/main/services/settings-store.full.test.ts > settings-store getMachineId > generates and returns a string ID 3ms
 Γ£ô src/main/services/settings-store.full.test.ts > settings-store getMachineId > returns the same ID on repeated calls 1ms
 Γ£ô src/main/services/settings-store.full.test.ts > settings-store updateScheduleEntry > updates a matching schedule entry 5ms
 Γ£ô src/main/services/settings-store.full.test.ts > settings-store updateScheduleEntry > ignores non-matching schedule id 2ms
 Γ£ô src/main/services/settings-store.full.test.ts > store-base createJsonStore > path getter returns the store file path 1ms
 Γ£ô src/main/services/settings-store.full.test.ts > store-base createJsonStore > update reads, mutates, and saves data 4ms
 Γ£ô src/main/services/scheduler.test.ts > isSameDay > returns true for same date 5ms
 Γ£ô src/main/services/scheduler.test.ts > isSameDay > returns false for different dates 0ms
 Γ£ô src/main/services/scheduler.test.ts > isSameDay > returns false for different months 0ms
 Γ£ô src/main/services/scheduler.test.ts > isSameDay > returns false for different years 0ms
 Γ£ô src/main/services/scheduler.test.ts > getNextRunTime > returns null for disabled schedule 8ms
 Γ£ô src/main/services/scheduler.test.ts > getNextRunTime > returns today if the time is still in the future (daily) 2ms
 Γ£ô src/main/services/scheduler.test.ts > getNextRunTime > returns tomorrow if the time has passed today (daily) 1ms
 Γ£ô src/main/services/scheduler.test.ts > getNextRunTime > calculates weekly schedule correctly 1ms
 Γ£ô src/main/services/scheduler.test.ts > getNextRunTime > wraps to next week if the day has passed 1ms
 Γ£ô src/main/services/scheduler.test.ts > getNextRunTime > calculates monthly schedule correctly 1ms
 Γ£ô src/main/services/scheduler.test.ts > getNextRunTime > advances to next month if the day has passed 1ms
 Γ£ô src/main/services/scheduler.test.ts > getNextRunTime > clamps day to month length (31st on Feb) 1ms
 Γ£ô src/main/services/scheduler.test.ts > getNextScanTime > returns null when no schedules are enabled 1ms
 Γ£ô src/main/services/scheduler.test.ts > getNextScanTime > returns the soonest next run across multiple schedules 1ms
 Γ£ô src/main/services/scheduler.test.ts > getNextScanTime > uses legacy schedule when no multi-schedules exist 1ms
 Γ£ô src/main/services/scheduler.test.ts > getNextScanTime > returns null for legacy schedule if disabled 1ms
 Γ£ô src/main/services/scheduler.test.ts > completeScheduleRun > can be imported and called 3ms
 Γ£ô src/main/services/scheduler.test.ts > stopScheduler > cleans up timers gracefully 1ms
 Γ£ô src/main/services/scheduler.test.ts > stopScheduler > can be called multiple times 1ms
 Γ£ô src/main/services/scheduler.test.ts > notifyScheduledScanComplete > does not throw when called 1ms
 Γ£ô src/main/services/scheduler.test.ts > notifyScheduledScanComplete > handles zero values 0ms
 Γ£ô src/main/services/scheduler.test.ts > notifyScheduledScanComplete > returns early when --daemon flag is present 1ms
 Γ£ô src/main/services/scheduler.test.ts > notifyScheduledScanComplete > returns early when Notification is not supported (default mock) 0ms
 Γ£ô src/main/services/scheduler.test.ts > notifyScheduledScanComplete > returns early when showNotificationOnComplete is false 0ms
 Γ£ô src/main/services/scheduler.test.ts > completeScheduleRun > calls updateScheduleEntry with correct args 7ms
 Γ£ô src/main/services/scheduler.test.ts > completeScheduleRun > calls updateScheduleEntry with failed status 1ms
 Γ£ô src/main/services/scheduler.test.ts > completeScheduleRun > clears inFlight timeout timer 2ms
 Γ£ô src/main/services/scheduler.test.ts > completeScheduleRun > does not throw when called with unknown scheduleId 1ms
 Γ£ô src/main/services/scheduler.test.ts > completeScheduleRun > handles multiple completions 1ms
 Γ£ô src/main/services/scheduler.test.ts > startScheduler > creates an interval and runs check on startup 1ms
 Γ£ô src/main/services/scheduler.test.ts > startScheduler > does not start twice 1ms
 Γ£ô src/main/services/scheduler.test.ts > startScheduler > runs initial check after 5 seconds 2ms
 Γ£ô src/main/services/scheduler.test.ts > startScheduler > triggers due schedule entry through the main window 3ms
 Γ£ô src/main/services/scheduler.test.ts > startScheduler > handles error in checkSchedules gracefully 1ms
 Γ£ô src/main/services/scheduler.test.ts > startScheduler > skips schedule when window is destroyed 2ms
 Γ£ô src/main/services/scheduler.test.ts > startScheduler > skips schedule when getMainWindow returns null 1ms
 Γ£ô src/main/services/scheduler.test.ts > startScheduler > handles interval check error gracefully 1ms
 Γ£ô src/main/services/scheduler.test.ts > startScheduler > does not re-trigger in-flight schedule 1ms
 Γ£ô src/main/services/scheduler.test.ts > stopScheduler > stops scheduler and cleans up timers 1ms
 Γ£ô src/main/services/scheduler.test.ts > stopScheduler > can be called without starting first 1ms
 Γ£ô src/main/services/scheduler.test.ts > stopScheduler > can be called multiple times safely 1ms
 Γ£ô src/main/services/scheduler.test.ts > isDueEntry weekly schedule > triggers weekly schedule on correct day within window 2ms
 Γ£ô src/main/services/scheduler.test.ts > isDueEntry weekly schedule > does not trigger weekly schedule on wrong day 1ms
 Γ£ô src/main/services/scheduler.test.ts > isDueEntry weekly schedule > does not trigger weekly schedule outside 2-min window 1ms
 Γ£ô src/main/services/scheduler.test.ts > isDueEntry weekly schedule > does not trigger weekly schedule if already run today 1ms
 Γ£ô src/main/services/scheduler.test.ts > isDueEntry monthly schedule > triggers monthly schedule on correct date within window 2ms
 Γ£ô src/main/services/scheduler.test.ts > isDueEntry monthly schedule > does not trigger monthly schedule on wrong date 1ms
 Γ£ô src/main/services/scheduler.test.ts > isDueEntry monthly schedule > does not trigger monthly schedule outside 2-min window 1ms
 Γ£ô src/main/services/scheduler.test.ts > isDueEntry monthly schedule > does not trigger monthly schedule if already run today 1ms
 Γ£ô src/main/services/scheduler.test.ts > isDueEntry monthly schedule > triggers monthly schedule with clamped day (31 on Feb 28) 1ms
 Γ£ô src/main/services/scheduler.test.ts > triggerScheduleEntry notification > shows desktop notification when supported and not daemon 3ms
 Γ£ô src/main/services/scheduler.test.ts > safety timeout > clears in-flight schedule after 10-minute safety timeout 2ms
 Γ£ô src/main/services/scheduler.test.ts > notifyScheduledScanComplete notification path > shows notification when supported and showNotificationOnComplete is true 1ms
 Γ£ô src/main/services/scheduler.test.ts > completeScheduleRun timer cleanup > clears in-flight timer on completion 4ms
 Γ£ô src/main/services/settings-store.persistence.test.ts > settings persistence ΓÇö game mode toggle round-trip (issue #172) > keeps a game mode optimization disabled across a simulated restart 10ms
 Γ£ô src/main/services/settings-store.persistence.test.ts > settings persistence ΓÇö game mode toggle round-trip (issue #172) > keeps an empty enabledOptimizations array empty across a simulated restart 2ms
 Γ£ô src/main/services/settings-store.persistence.test.ts > settings persistence ΓÇö game mode toggle round-trip (issue #172) > defaults registryIgnoredTweaks to an empty array 1ms
 Γ£ô src/main/services/settings-store.persistence.test.ts > settings persistence ΓÇö game mode toggle round-trip (issue #172) > remembers an ignored registry tweak across a simulated restart (issue #172) 4ms
 Γ£ô src/main/services/settings-store.persistence.test.ts > settings persistence ΓÇö game mode toggle round-trip (issue #172) > merges ignore deltas atomically without dropping earlier signatures 5ms
 Γ£ô src/main/services/settings-store.persistence.test.ts > malware allowlist (false positives) > defaults the allowlist to an empty array 1ms
 Γ£ô src/main/services/settings-store.persistence.test.ts > malware allowlist (false positives) > adds an entry that survives a simulated restart 4ms
 Γ£ô src/main/services/settings-store.persistence.test.ts > malware allowlist (false positives) > de-dupes by content hash, refreshing the existing entry 2ms
 Γ£ô src/main/services/settings-store.persistence.test.ts > malware allowlist (false positives) > removes an entry by hash 3ms
 Γ£ô src/main/services/settings-store.persistence.test.ts > malware allowlist (false positives) > merges concurrent adds without dropping earlier entries 3ms
 Γ£ô src/main/services/scan-cache.test.ts > scan-cache > caches and retrieves a single item by id 7ms
 Γ£ô src/main/services/scan-cache.test.ts > scan-cache > returns undefined for unknown id 1ms
 Γ£ô src/main/services/scan-cache.test.ts > scan-cache > caches multiple items and retrieves a subset 4ms
 Γ£ô src/main/services/scan-cache.test.ts > scan-cache > skips unknown ids in getCachedItems 1ms
 Γ£ô src/main/services/scan-cache.test.ts > scan-cache > clearCache removes all items 0ms
 Γ£ô src/main/services/scan-cache.test.ts > scan-cache > overwrites items with the same id 0ms
 Γ£ô src/main/services/scan-cache.test.ts > scan-cache > setMaxCacheSize reduces the effective cache limit 2ms
 Γ£ô src/main/services/scan-cache.test.ts > scan-cache > setMaxCacheSize with 0 is clamped to 1 1ms
 Γ£ô src/main/services/scan-cache.test.ts > scan-cache > setMaxCacheSize with negative is clamped to 1 1ms
 Γ£ô src/main/services/scan-cache.test.ts > scan-cache > evicts cache when exceeding max size 287ms
 Γ£ô src/main/services/license-store.test.ts > license-store > encrypt/decrypt roundtrip with empty string 152ms
 Γ£ô src/main/services/license-store.test.ts > license-store > readSavedKey returns null for non-existent file 3ms
 Γ£ô src/main/services/license-store.test.ts > license-store > deleteSavedKey does not throw on non-existent file 5ms
 Γ£ô src/main/services/license-store.test.ts > license-store > readSavedKey returns null for binary garbage (non-legacy) 4ms
 Γ£ô src/main/services/store-base.test.ts > createJsonStore > creates a store with the correct path 8ms
 Γ£ô src/main/services/store-base.test.ts > createJsonStore > load > returns defaults when file does not exist 3ms
 Γ£ô src/main/services/store-base.test.ts > createJsonStore > load > returns parsed data when file exists 1ms
 Γ£ô src/main/services/store-base.test.ts > createJsonStore > load > returns defaults on parse error 1ms
 Γ£ô src/main/services/store-base.test.ts > createJsonStore > load > returns defaults on read error 4ms
 Γ£ô src/main/services/store-base.test.ts > createJsonStore > save > writes JSON to file 7ms
 Γ£ô src/main/services/store-base.test.ts > createJsonStore > update > loads, transforms, and saves data 2ms
 Γ£ô src/main/services/store-base.test.ts > createJsonStore > resetCache > recomputes path on next call 1ms
 Γ£ô src/main/services/store-base.test.ts > createJsonStore > devSuffix > uses devSuffix when app is not packaged 1ms
 Γ£ô src/main/services/store-base.test.ts > createJsonStore > devSuffix > uses plain userData path when app is packaged 1ms
 Γ£ô src/main/services/settings-store.test.ts > settings-store > deepMerge > merges flat properties 11ms
 Γ£ô src/main/services/settings-store.test.ts > settings-store > deepMerge > does not mutate target 1ms
 Γ£ô src/main/services/settings-store.test.ts > settings-store > deepMerge > deep merges nested objects 1ms
 Γ£ô src/main/services/settings-store.test.ts > settings-store > deepMerge > replaces arrays instead of merging 1ms
 Γ£ô src/main/services/settings-store.test.ts > settings-store > deepMerge > handles null source values by replacing 1ms
 Γ£ô src/main/services/settings-store.test.ts > settings-store > deepMerge > ignores undefined source values 0ms
 Γ£ô src/main/services/settings-store.test.ts > settings-store > deepMerge > skips prototype pollution keys 1ms
 Γ£ô src/main/services/settings-store.test.ts > settings-store > getSettings > returns merged settings from store 2ms
 Γ£ô src/main/services/settings-store.test.ts > settings-store > getSettings > returns defaults when store.load throws 1ms
 Γ£ô src/main/services/settings-store.test.ts > settings-store > getSettings > returns defaults when store.load returns null 1ms
 Γ£ô src/main/services/settings-store.test.ts > settings-store > getSettings > migrates old schedule format to schedules array 4ms
 Γ£ô src/main/services/settings-store.test.ts > settings-store > getSettings > does not migrate when schedules already exist 1ms
 Γ£ô src/main/services/settings-store.test.ts > settings-store > getSettings > does not migrate when schedule is not enabled 1ms
 Γ£ô src/main/services/settings-store.test.ts > settings-store > getSettings > save migration silently on save error 3ms
 Γ£ô src/main/services/settings-store.test.ts > settings-store > setSettings > deep merges partial and saves 2ms
 Γ£ô src/main/services/settings-store.test.ts > settings-store > updateRegistryIgnoredTweaks > adds signatures to ignored set 4ms
 Γ£ô src/main/services/settings-store.test.ts > settings-store > updateRegistryIgnoredTweaks > removes signatures from ignored set 1ms
 Γ£ô src/main/services/settings-store.test.ts > settings-store > updateRegistryIgnoredTweaks > skips empty signatures 1ms
 Γ£ô src/main/services/settings-store.test.ts > settings-store > updateRegistryIgnoredTweaks > caps ignored tweaks at 200 entries 2ms
 Γ£ô src/main/services/settings-store.test.ts > settings-store > malware allowlist > getMalwareAllowlist returns list from store 1ms
 Γ£ô src/main/services/settings-store.test.ts > settings-store > malware allowlist > getMalwareAllowlist returns empty array when null 1ms
 Γ£ô src/main/services/settings-store.test.ts > settings-store > malware allowlist > addMalwareAllowlistEntry adds entry and deduplicates by sha256 1ms
 Γ£ô src/main/services/settings-store.test.ts > settings-store > malware allowlist > addMalwareAllowlistEntry caps at 500 entries 1ms
 Γ£ô src/main/services/settings-store.test.ts > settings-store > malware allowlist > removeMalwareAllowlistEntry removes by sha256 1ms
 Γ£ô src/main/services/settings-store.test.ts > settings-store > flushSettings > returns a promise that resolves when writes complete 3ms
 Γ£ô src/main/services/settings-store.test.ts > settings-store > onboarding > getOnboardingComplete returns value from store 1ms
 Γ£ô src/main/services/settings-store.test.ts > settings-store > onboarding > getOnboardingComplete returns false when store has false 0ms
 Γ£ô src/main/services/settings-store.test.ts > settings-store > onboarding > setOnboardingComplete sets value and saves 1ms
 Γ£ô src/main/services/settings-store.test.ts > settings-store > getMachineId > returns existing machineId 1ms
 Γ£ô src/main/services/settings-store.test.ts > settings-store > getMachineId > generates new machineId when empty 1ms
 Γ£ô src/main/services/settings-store.test.ts > settings-store > getMachineId > persists newly generated machineId 1ms
 Γ£ô src/main/services/settings-store.test.ts > settings-store > getMachineId > does not overwrite existing machineId in race condition 1ms
 Γ£ô src/main/services/license-store.test.ts > license-store > writeSavedKey overwrites existing key 223ms
 Γ£ô src/main/services/license-store.test.ts > license-store > legacy plaintext key with leading/trailing whitespace is trimmed 5ms
 Γ£ô src/main/services/license-store.test.ts > license-store > decrypt returns null for empty payload 3ms
 Γ£ô src/main/services/license-store.test.ts > license-store > decrypt returns null for short payload (< 36 bytes) 3ms
 Γ£ô src/main/services/license-store.test.ts > license-store > decrypt falls back to legacy machine ID when current machine ID fails 197ms
 Γ£ô src/main/services/trim-history-store.test.ts > trim-history-store > returns empty object when no file exists 9ms
 Γ£ô src/main/services/trim-history-store.test.ts > trim-history-store > persists and reads back a timestamp 4ms
 Γ£ô src/main/services/trim-history-store.test.ts > trim-history-store > keeps multiple drives independently 5ms
 Γ£ô src/main/services/trim-history-store.test.ts > trim-history-store > recovers from a malformed JSON file by treating it as empty 4ms
 Γ£ô src/main/services/trim-history-store.test.ts > trim-history-store > ignores non-numeric values in the persisted file 3ms
 Γ£ô src/main/services/trim-history-store.test.ts > trim-history-store > isThrottled is true within 24h, false outside 4ms
 Γ£ô src/main/services/trim-history-store.test.ts > trim-history-store > isThrottled is false when there is no history for the drive 2ms
 Γ£ô src/main/services/threat-intel.test.ts > ThreatIntelService > addEntry stores by type:value key 8ms
 Γ£ô src/main/services/threat-intel.test.ts > ThreatIntelService > checkHash finds existing entry 1ms
 Γ£ô src/main/services/threat-intel.test.ts > ThreatIntelService > checkDomain finds exact match 1ms
 Γ£ô src/main/services/threat-intel.test.ts > ThreatIntelService > checkDomain finds wildcard subdomain match 1ms
 Γ£ô src/main/services/threat-intel.test.ts > ThreatIntelService > checkDomain returns null for unknown domain 0ms
 Γ£ô src/main/services/threat-intel.test.ts > ThreatIntelService > checkIp finds exact IP match 1ms
 Γ£ô src/main/services/threat-intel.test.ts > ThreatIntelService > Duplicate hash with higher severity updates 1ms
 Γ£ô src/main/services/threat-intel.test.ts > ThreatIntelService > Duplicate hash with lower severity does NOT update 1ms
 Γ£ô src/main/services/threat-intel.test.ts > ThreatIntelService > getStats returns correct counts 1ms
 Γ£ô src/main/services/threat-intel.test.ts > ThreatIntelService > toggleFeed enables/disables feed 1ms
 Γ£ô src/main/services/threat-intel.test.ts > ThreatIntelService > toggleFeed returns false for unknown feed 0ms
 Γ£ô src/main/services/threat-intel.test.ts > ThreatIntelService > getFeeds returns all configured feeds 0ms
 Γ£ô src/main/services/threat-intel.test.ts > ThreatIntelService > clear removes all entries 0ms
 Γ£ô src/main/services/threat-intel.test.ts > ThreatIntelService > Default feeds are configured 1ms
 Γ£ô src/main/services/threat-intel.test.ts > ThreatIntelService > Parsing methods do not throw 2ms
 Γ£ô src/main/services/threat-intel.test.ts > ThreatIntelService > MAX_ENTRIES is respected 128ms
 Γ£ô src/main/ipc/clips-engine-connection.test.ts > sendPipeCommand > replaces existing pending request for same command 503ms
 Γ£ô src/main/services/thumbnail-generator.test.ts > thumbnail-generator > hasFfmpeg > returns false when ffmpeg is not found 19ms
 Γ£ô src/main/services/thumbnail-generator.test.ts > thumbnail-generator > hasFfmpeg > returns true when ffmpeg is found via PATH 3ms
 Γ£ô src/main/services/thumbnail-generator.test.ts > thumbnail-generator > hasFfmpeg > falls back to dir scan when PATH resolve fails 2ms
 Γ£ô src/main/services/thumbnail-generator.test.ts > thumbnail-generator > getCachedThumbnailPath > returns null when no cached thumbnail exists 1ms
 Γ£ô src/main/services/thumbnail-generator.test.ts > thumbnail-generator > getCachedThumbnailPath > returns path when cached thumbnail exists 1ms
 Γ£ô src/main/services/thumbnail-generator.test.ts > thumbnail-generator > generateThumbnail > returns null when ffmpeg is not available 1ms
 Γ£ô src/main/services/thumbnail-generator.test.ts > thumbnail-generator > generateThumbnail > returns null when video file does not exist 1ms
 Γ£ô src/main/services/thumbnail-generator.test.ts > thumbnail-generator > readThumbnailDataUrl > returns data URL from thumbnail file 1ms
 Γ£ô src/main/services/thumbnail-generator.test.ts > thumbnail-generator > readThumbnailDataUrl > returns null when reading fails 1ms
 Γ£ô src/main/services/thumbnail-generator.test.ts > thumbnail-generator > getThumbnailDataUrl > reads cached thumbnail when available 1ms
 Γ£ô src/main/services/thumbnail-generator.test.ts > generateThumbnail full flow > generates thumbnail when ffmpeg and video exist 7ms
 Γ£ô src/main/services/thumbnail-generator.test.ts > generateThumbnail full flow > uses ffmpeg duration to calculate seek position 3ms
 Γ£ô src/main/services/thumbnail-generator.test.ts > generateThumbnail full flow > caps ffmpeg seek at 60 seconds for long videos 2ms
 Γ£ô src/main/services/thumbnail-generator.test.ts > generateThumbnail full flow > falls back to default seek when ffmpeg output has no Duration 3ms
 Γ£ô src/main/services/thumbnail-generator.test.ts > generateThumbnail full flow > falls back to default seek when ffmpeg returns 0 duration 3ms
 Γ£ô src/main/services/thumbnail-generator.test.ts > generateThumbnail full flow > returns null when thumbnail output file is empty 2ms
 Γ£ô src/main/services/thumbnail-generator.test.ts > generateThumbnail full flow > returns null when ffmpeg execFile fails (catch block) 2ms
 Γ£ô src/main/services/thumbnail-generator.test.ts > getThumbnailDataUrl full flow > generates thumbnail and returns data URL when no cache exists 2ms
 Γ£ô src/main/services/thumbnail-generator.test.ts > engine thumbnail fallback > uses engine .thumb.jpg instead of running ffmpeg 2ms
 Γ£ô src/main/services/thumbnail-generator.test.ts > engine thumbnail fallback > falls back to ffmpeg when engine thumb does not exist 2ms
 Γ£ô src/main/services/thumbnail-generator.test.ts > engine thumbnail fallback > uses engine thumb even when ffmpeg is not available 2ms
 Γ£ô src/main/services/scan-cache.test.ts > scan-cache > truncates input exceeding MAX_CACHE_SIZE to 200000 items 323ms
 Γ£ô src/main/services/registry-cleaner.test.ts > collectBackupTargets > collects keys for delete-value operations 8ms
 Γ£ô src/main/services/registry-cleaner.test.ts > collectBackupTargets > collects keys for set-value operations 1ms
 Γ£ô src/main/services/registry-cleaner.test.ts > collectBackupTargets > collects keys for delete-key operations 1ms
 Γ£ô src/main/services/registry-cleaner.test.ts > collectBackupTargets > collects tasks for disable-task operations 2ms
 Γ£ô src/main/services/registry-cleaner.test.ts > collectBackupTargets > collects tasks for delete-task operations 1ms
 Γ£ô src/main/services/registry-cleaner.test.ts > collectBackupTargets > skips entries without a fix 1ms
 Γ£ô src/main/services/registry-cleaner.test.ts > collectBackupTargets > uses fix.key when provided 0ms
 Γ£ô src/main/services/registry-cleaner.test.ts > collectBackupTargets > deduplicates keys 0ms
 Γ£ô src/main/services/registry-cleaner.test.ts > collectBackupTargets > returns empty for no entries 1ms
 Γ£ô src/main/services/registry-cleaner.test.ts > collectBackupTargets > handles falsy fix.key with empty keyPath (line 90 false) 0ms
 Γ£ô src/main/services/registry-cleaner.test.ts > collectBackupTargets > handles falsy keyPath for task entries (line 94 false) 1ms
 Γ£ô src/main/services/registry-cleaner.test.ts > scanRegistry > returns empty array when no registry issues found 13ms
 Γ£ô src/main/services/registry-cleaner.test.ts > scanRegistry > handles errors from reg queries gracefully 2ms
 Γ£ô src/main/services/registry-cleaner.test.ts > scanRegistry > detects missing App Paths 6ms
 Γ£ô src/main/services/registry-cleaner.test.ts > scanRegistry > marks App Paths pointing to missing files 2ms
 Γ£ô src/main/services/registry-cleaner.test.ts > scanRegistry > respects abort signal 4ms
 Γ£ô src/main/services/registry-cleaner.test.ts > fixRegistryEntries > fixes entries with delete-value operation 6ms
 Γ£ô src/main/services/registry-cleaner.test.ts > fixRegistryEntries > fixes entries with delete-key operation 1ms
 Γ£ô src/main/services/registry-cleaner.test.ts > fixRegistryEntries > fixes entries with set-value operation 1ms
 Γ£ô src/main/services/registry-cleaner.test.ts > fixRegistryEntries > fixes entries with disable-task operation 3ms
 Γ£ô src/main/services/registry-cleaner.test.ts > fixRegistryEntries > fixes entries with delete-task operation 1ms
 Γ£ô src/main/services/registry-cleaner.test.ts > fixRegistryEntries > counts failures when reg delete fails with access denied 1ms
 Γ£ô src/main/services/registry-cleaner.test.ts > fixRegistryEntries > counts failures when key not found 1ms
 Γ£ô src/main/services/registry-cleaner.test.ts > fixRegistryEntries > handles entries without fix data 0ms
 Γ£ô src/main/services/registry-cleaner.test.ts > fixRegistryEntries > calls onProgress during execution 1ms
 Γ£ô src/main/services/registry-cleaner.test.ts > fixRegistryEntries > respects abort signal during fixing 1ms
 Γ£ô src/main/services/registry-cleaner.test.ts > fixRegistryEntries > handles mixed success and failure 1ms
 Γ£ô src/main/services/registry-cleaner.test.ts > fixRegistryEntries > creates backup with targeted mode before fixing 0ms
 Γ£ô src/main/services/registry-cleaner.test.ts > fixRegistryEntries > creates backup with full mode when configured 1ms
 Γ£ô src/main/services/registry-cleaner.test.ts > fixRegistryEntries > classifies network error in fix failures 1ms
 Γ£ô src/main/services/registry-cleaner.test.ts > fixRegistryEntries > handles unknown error message 1ms
 Γ£ô src/main/services/registry-cleaner.test.ts > fixRegistryEntries > handles error with stderr property 1ms
 Γ£ô src/main/services/registry-cleaner.test.ts > fixRegistryEntries > handles set-value without regType or data gracefully 0ms
 Γ£ô src/main/services/registry-cleaner.test.ts > fixRegistryEntries > handles full backup mode with export failures 1ms
 Γ£ô src/main/services/registry-cleaner.test.ts > fixRegistryEntries > handles targeted backup with task entries 0ms
 Γ£ô src/main/services/registry-cleaner.test.ts > fixRegistryEntries > handles targeted backup with task entries backup 1ms
 Γ£ô src/main/services/registry-cleaner.test.ts > fixRegistryEntries > creates full backup with signal present (covers all signal spreads in createFullBackup) 5ms
 Γ£ô src/main/services/registry-cleaner.test.ts > fixRegistryEntries > creates targeted backup with signal aborted during key loop (line 114) 1ms
 Γ£ô src/main/services/registry-cleaner.test.ts > fixRegistryEntries > creates targeted backup with signal aborted during task loop (line 134) 1ms
 Γ£ô src/main/services/registry-cleaner.test.ts > fixRegistryEntries > handles splitTaskPath returning null during targeted backup (line 136) 0ms
 Γ£ô src/main/services/registry-cleaner.test.ts > fixRegistryEntries > handles empty safeName (name falls back to "task") in targeted backup (line 138) 0ms
 Γ£ô src/main/services/registry-cleaner.test.ts > fixRegistryEntries > passes signal to execNativeUtf8 during task backup (line 142) 1ms
 Γ£ô src/main/services/registry-cleaner.test.ts > expandEnvVars (via scanRegistry) > resolves %SystemRoot% paths via AppCompat HKLM scan 2ms
 Γ£ô src/main/services/registry-cleaner.test.ts > expandEnvVars (via scanRegistry) > resolves %ProgramFiles% via AppCompat HKCU scan 1ms
 Γ£ô src/main/services/registry-cleaner.test.ts > extractExePath (via scanRegistry) > handles quoted executable path in Run keys 2ms
 Γ£ô src/main/services/registry-cleaner.test.ts > extractExePath (via scanRegistry) > handles simple executable without spaces in Run keys 1ms
 Γ£ô src/main/services/registry-cleaner.test.ts > scanRegistry additional scan paths > scans SharedDLLs and detects missing DLLs 1ms
 Γ£ô src/main/services/registry-cleaner.test.ts > scanRegistry additional scan paths > scans MuiCache and detects missing programs 1ms
 Γ£ô src/main/services/registry-cleaner.test.ts > scanRegistry additional scan paths > scans FirewallRules and detects missing programs 1ms
 Γ£ô src/main/services/registry-cleaner.test.ts > scanRegistry additional scan paths > scans Fonts and detects missing font files 1ms
 Γ£ô src/main/services/registry-cleaner.test.ts > scanRegistry additional scan paths > scans CLSID InprocServer32 and detects missing DLLs 1ms
 Γ£ô src/main/services/registry-cleaner.test.ts > scanRegistry additional scan paths > scans TypeLib and detects missing files 1ms
 Γ£ô src/main/services/registry-cleaner.test.ts > scanRegistry additional scan paths > scans services and detects missing executables 1ms
 Γ£ô src/main/services/registry-cleaner.test.ts > scanRegistry additional scan paths > detects disabled UAC 1ms
 Γ£ô src/main/services/registry-cleaner.test.ts > scanRegistry additional scan paths > detects disabled Windows Defender realtime monitoring 1ms
 Γ£ô src/main/services/registry-cleaner.test.ts > scanRegistry additional scan paths > detects disabled Windows Defender antispyware 1ms
 Γ£ô src/main/services/registry-cleaner.test.ts > scanRegistry additional scan paths > detects AutoRun not fully disabled 1ms
 Γ£ô src/main/services/registry-cleaner.test.ts > scanRegistry additional scan paths > detects SMB1 enabled 1ms
 Γ£ô src/main/services/registry-cleaner.test.ts > scanRegistry additional scan paths > detects PowerShell unrestricted policy 1ms
 Γ£ô src/main/services/registry-cleaner.test.ts > scanRegistry additional scan paths > detects disabled firewall profiles 1ms
 Γ£ô src/main/services/registry-cleaner.test.ts > scanRegistry additional scan paths > detects Remote Registry service enabled 1ms
 Γ£ô src/main/services/registry-cleaner.test.ts > scanRegistry additional scan paths > detects SysMain on HDD (not selected) 1ms
 Γ£ô src/main/services/registry-cleaner.test.ts > scanRegistry additional scan paths > detects LLMNR enabled 1ms
 Γ£ô src/main/services/registry-cleaner.test.ts > scanRegistry additional scan paths > detects WPAD enabled 1ms
 Γ£ô src/main/services/registry-cleaner.test.ts > scanRegistry additional scan paths > detects Fax service enabled 1ms
 Γ£ô src/main/services/registry-cleaner.test.ts > scanRegistry additional scan paths > handles error path for NoDriveTypeAutoRun (catch branch) 1ms
 Γ£ô src/main/services/registry-cleaner.test.ts > scanRegistry additional scan paths > handles error path for LLMNR (catch branch) 1ms
 Γ£ô src/main/services/software-updater.async.test.ts > checkForUpdates (win32) > returns winget updates when winget is available 350ms
 Γ£ô src/main/services/threat-intel.test.ts > ThreatIntelService > getEntriesByType returns correct entries 3ms
 Γ£ô src/main/services/threat-intel.test.ts > ThreatIntelService > startAutoUpdate and stopAutoUpdate do not throw 2ms
 Γ£ô src/main/services/threat-intel.test.ts > ThreatIntelService > loads entries from cache file when it exists 1ms
 Γ£ô src/main/services/threat-intel.test.ts > ThreatIntelService > loads feeds from cache file 1ms
 Γ£ô src/main/services/threat-intel.test.ts > ThreatIntelService > handles load errors gracefully when JSON.parse fails 1ms
 Γ£ô src/main/services/threat-intel.test.ts > ThreatIntelService > handles save errors gracefully 1ms
 Γ£ô src/main/services/threat-intel.test.ts > ThreatIntelService > updateAllFeeds with CSV feed enabled 1ms
 Γ£ô src/main/services/threat-intel.test.ts > ThreatIntelService > updateAllFeeds with JSON feed enabled 1ms
 Γ£ô src/main/services/threat-intel.test.ts > ThreatIntelService > updateAllFeeds handles feed update error 2ms
 Γ£ô src/main/services/threat-intel.test.ts > ThreatIntelService > updateFeed handles unknown parser type via cache 1ms
 Γ£ô src/main/services/threat-intel.test.ts > ThreatIntelService > getThreatIntelService returns singleton 0ms
 Γ£ô src/main/services/threat-intel.test.ts > ThreatIntelService > addEntry with same severity does not overwrite 0ms
 Γ£ô src/main/services/threat-intel.test.ts > ThreatIntelService > returns empty results when no feeds enabled 1ms
 Γ£ô src/main/services/threat-intel.test.ts > ThreatIntelService > handles non-Error in load catch 0ms
 Γ£ô src/main/services/threat-intel.test.ts > ThreatIntelService > handles non-Error in save catch 1ms
 Γ£ô src/main/services/threat-intel.test.ts > ThreatIntelService > cache file exists but has no feeds property 0ms
 Γ£ô src/main/services/threat-intel.test.ts > ThreatIntelService > startAutoUpdate interval callback fires updateAllFeeds 5ms
 Γ£ô src/main/services/threat-intel.test.ts > ThreatIntelService > updateAllFeeds handles non-Error thrown from feed parser 1ms
 Γ£ô src/main/services/threat-intel.test.ts > ThreatIntelService > checkDomain wildcard skips non-domain entries 0ms
 Γ£ô src/main/services/threat-intel.test.ts > ThreatIntelService > findWildcardMatch returns null when no wildcard matches 0ms
 Γ£ô src/main/services/software-updater.async.test.ts > checkForUpdates (win32) > returns empty when winget not available 5ms
 Γ£ô src/main/services/software-updater.async.test.ts > checkForUpdates (win32) > handles winget non-zero exit with stdout 4ms
 Γ£ô src/main/services/software-updater.async.test.ts > checkForUpdates (win32) > returns empty apps when winget has no stdout on error 3ms
 Γ£ô src/main/services/software-updater.async.test.ts > runUpdates (win32) > upgrades apps via winget 5ms
 Γ£ô src/main/services/software-updater.async.test.ts > runUpdates (win32) > collects errors for failed upgrades 4ms
 Γ£ô src/main/services/software-updater.async.test.ts > runUpdates (win32) > truncates error messages longer than 200 chars 4ms
 Γ£ô src/main/services/software-updater.async.test.ts > runUpdates (win32) > routes to choco when source is specified 4ms
 Γ£ô src/main/services/software-updater.async.test.ts > runUpdates (win32) > routes to winget when source is specified 4ms
 Γ£ô src/main/services/software-updater.async.test.ts > runUpdates (win32) > returns all failed when no manager available 4ms
 Γ£ô src/main/services/software-updater.async.test.ts > checkForUpdates (unknown) > returns empty result 3ms
 Γ£ô src/main/services/software-updater.async.test.ts > runUpdates (unknown) > returns empty result 3ms
 Γ£ô src/main/services/registry-cleaner.test.ts > scanRegistry additional scan paths > handles error path for WPAD (catch branch) 1ms
 Γ£ô src/main/services/registry-cleaner.test.ts > scanRegistry additional scan paths > handles error path for AppCompatLM query 1ms
 Γ£ô src/main/services/registry-cleaner.test.ts > scanRegistry additional scan paths > handles error path for services query 1ms
 Γ£ô src/main/services/registry-cleaner.test.ts > scanRegistry additional scan paths > handles error path for FileExts OpenWithList query 1ms
 Γ£ô src/main/services/registry-cleaner.test.ts > scanRegistry additional scan paths > handles error path for scheduled tasks scan 5ms
 Γ£ô src/main/services/registry-cleaner.test.ts > scanRegistry additional scan paths > scans Browser Helper Objects with missing CLSID 1ms
 Γ£ô src/main/services/registry-cleaner.test.ts > scanRegistry additional scan paths > scans clients with missing executables 1ms
 Γ£ô src/main/services/registry-cleaner.test.ts > scanRegistry additional scan paths > scans FileExts UserChoice for missing ProgID 1ms
 Γ£ô src/main/services/registry-cleaner.test.ts > scanRegistry additional scan paths > scans MIME types for missing CLSID handler 1ms
 Γ£ô src/main/services/registry-cleaner.test.ts > scanRegistry additional scan paths > scans EventLog for missing message files 1ms
 Γ£ô src/main/services/registry-cleaner.test.ts > scanRegistry additional scan paths > scans RDP with NLA check (RDP enabled, NLA disabled) 1ms
 Γ£ô src/main/services/registry-cleaner.test.ts > scanRegistry additional scan paths > scans uninstall entries and detects orphaned programs 1ms
 Γ£ô src/main/services/registry-cleaner.test.ts > scanRegistry additional scan paths > detects SysMain on SSD (selected) 1ms
 Γ£ô src/main/services/registry-cleaner.test.ts > scanRegistry additional scan paths > handles extractExePath with unquoted space path via Run keys 2ms
 Γ£ô src/main/services/registry-cleaner.test.ts > scanRegistry additional scan paths > handles splitTaskPath with forward slashes via fix task 0ms
 Γ£ô src/main/services/registry-cleaner.test.ts > scanRegistry additional scan paths > handles pruneOldBackups via fixRegistryEntries with stale backups 1ms
 Γ£ô src/main/services/registry-cleaner.test.ts > scanRegistry additional scan paths > handles pruneOldBackups with task directory entries 1ms
 Γ£ô src/main/services/registry-cleaner.test.ts > scanRegistry additional scan paths > handles pruneOldBackups with non-matching filenames 0ms
 Γ£ô src/main/services/registry-cleaner.test.ts > scanRegistry additional scan paths > handles error without message property 0ms
 Γ£ô src/main/services/registry-cleaner.test.ts > scanRegistry additional scan paths > handles full backup mode with second export failure (catch branch) 1ms
 Γ£ô src/main/services/registry-cleaner.test.ts > scanRegistry additional scan paths > handles targeted backup with key export failure (catch) 0ms
 Γ£ô src/main/services/registry-cleaner.test.ts > scanRegistry additional scan paths > handles targeted backup with schtasks failure (catch) 1ms
 Γ£ô src/main/services/registry-cleaner.test.ts > scanRegistry additional scan paths > creates targeted backup with fix.key override 0ms
 Γ£ô src/main/services/registry-cleaner.test.ts > scanRegistry additional scan paths > handles backup failure and continues fixing 0ms
 Γ£ô src/main/services/registry-cleaner.test.ts > clsidExists (via shell extensions) > finds CLSID in native view (first query succeeds) 1ms
 Γ£ô src/main/services/registry-cleaner.test.ts > clsidExists (via shell extensions) > finds CLSID in WOW64 view (second query succeeds) 1ms
 Γ£ô src/main/services/registry-cleaner.test.ts > clsidExists (via shell extensions) > passes signal to execReg in both views (lines 70, 76) 1ms
 Γ£ô src/main/services/registry-cleaner.test.ts > clsidExists (via shell extensions) > passes signal to execReg in WOW64 query when native view fails (line 76) 1ms
 Γ£ô src/main/services/registry-cleaner.test.ts > findMissingClsidDll (via shell extensions) > detects missing DLL as broken context menu handler 1ms
 Γ£ô src/main/services/registry-cleaner.test.ts > findMissingClsidDll (via shell extensions) > detects no-inproc (COM object has neither server type) 1ms
 Γ£ô src/main/services/registry-cleaner.test.ts > findMissingClsidDll (via shell extensions) > detects InprocServer32 exists with DLL path starting with % env var 1ms
 Γ£ô src/main/services/registry-cleaner.test.ts > findMissingClsidDll (via shell extensions) > detects InprocServer32 exists with LocalServer32 (returns null) 1ms
 Γ£ô src/main/services/registry-cleaner.test.ts > findMissingClsidDll (via shell extensions) > returns null when InprocServer32 has no (Default) value (lines 96, 103) 0ms
 Γ£ô src/main/services/registry-cleaner.test.ts > findMissingClsidDll (via shell extensions) > passes signal to execReg in findMissingClsidDll (lines 92, 109) 1ms
 Γ£ô src/main/services/registry-cleaner.test.ts > findMissingClsidDll (via shell extensions) > passes signal to execReg on LocalServer32 query when InprocServer32 missing (line 109) 1ms
 Γ£ô src/main/services/registry-cleaner.test.ts > scanRegistry Interface scan (ProxyStubClsid32) > detects interface with missing proxy stub CLSID 1ms
 Γ£ô src/main/services/registry-cleaner.test.ts > scanRegistry Interface scan (ProxyStubClsid32) > detects interface with existing stub but missing DLL 1ms
 Γ£ô src/main/services/registry-cleaner.test.ts > scanRegistry Interface scan (ProxyStubClsid32) > skips known good proxy CLSIDs 1ms
 Γ£ô src/main/services/registry-cleaner.test.ts > scanRegistry AutoPlay handlers > detects AutoPlay handler with missing ProgID 1ms
 Γ£ô src/main/services/registry-cleaner.test.ts > scanRegistry AutoPlay handlers > skips AutoPlay handler when key equals base key 1ms
 Γ£ô src/main/services/registry-cleaner.test.ts > scanRegistry BHO with existing CLSID > detects BHO with existing CLSID but missing DLL (no-inproc) 1ms
 Γ£ô src/main/services/registry-cleaner.test.ts > scanRegistry BHO with existing CLSID > detects BHO with existing CLSID but missing specific DLL 1ms
 Γ£ô src/main/services/registry-cleaner.test.ts > scanRegistry BHO with existing CLSID > skips BHO with existing CLSID and valid DLL 1ms
 Γ£ô src/main/services/registry-cleaner.test.ts > scanRegistry third-party scheduled tasks > detects third-party update task for uninstalled software 1ms
 Γ£ô src/main/services/registry-cleaner.test.ts > extractExePath edge cases (via Run keys) > handles unquoted path with fallback to extension match 1ms
 Γ£ô src/main/services/registry-cleaner.test.ts > extractExePath edge cases (via Run keys) > handles command with no executable extension matching 1ms
 Γ£ô src/main/services/registry-cleaner.test.ts > extractExePath > handles empty trimmed command (returns null) 0ms
 Γ£ô src/main/services/registry-cleaner.test.ts > extractExePath > handles quoted match with [1] undefined (empty quotes) 0ms
 Γ£ô src/main/services/registry-cleaner.test.ts > extractExePath > handles statSync returning directory (isFile false at line 54) 0ms
 Γ£ô src/main/services/registry-cleaner.test.ts > extractExePath > handles statSync returning file at line 54 (isFile true path) 0ms
 Γ£ô src/main/services/registry-cleaner.test.ts > splitTaskPath > handles path without backslash (line 23) 0ms
 Γ£ô src/main/services/registry-cleaner.test.ts > splitTaskPath > handles path with forward slashes converted to backslashes 0ms
 Γ£ô src/main/services/registry-cleaner.test.ts > splitTaskPath > returns null for invalid characters 0ms
 Γ£ô src/main/services/registry-cleaner.test.ts > splitTaskPath > handles root-level task name with leading backslash 0ms
 Γ£ô src/main/services/registry-cleaner.test.ts > expandEnvVars additional variables > resolves %ProgramData% paths via installer scan 1ms
 Γ£ô src/main/services/registry-cleaner.test.ts > expandEnvVars additional variables > resolves %LOCALAPPDATA% paths via shared DLLs scan 1ms
 Γ£ô src/main/services/registry-cleaner.test.ts > expandEnvVars additional variables > resolves %APPDATA% paths via Run keys 1ms
 Γ£ô src/main/services/registry-cleaner.test.ts > expandEnvVars additional variables > resolves %USERPROFILE% paths via MuiCache scan 1ms
 Γ£ô src/main/services/registry-cleaner.test.ts > expandEnvVars additional variables > uses default fallbacks when env vars are undefined 1ms
 Γ£ô src/main/services/registry-cleaner.test.ts > negative vulnerability tests (no entries) > does not flag UAC when enabled 1ms
 Γ£ô src/main/services/registry-cleaner.test.ts > negative vulnerability tests (no entries) > does not flag Defender realtime monitoring when enabled 1ms
 Γ£ô src/main/services/registry-cleaner.test.ts > negative vulnerability tests (no entries) > does not flag Defender antispyware when enabled 1ms
 Γ£ô src/main/services/registry-cleaner.test.ts > negative vulnerability tests (no entries) > does not flag AutoRun when fully disabled (0xff) 2ms
 Γ£ô src/main/services/registry-cleaner.test.ts > negative vulnerability tests (no entries) > does not flag PowerShell when RemoteSigned 1ms
 Γ£ô src/main/services/registry-cleaner.test.ts > negative vulnerability tests (no entries) > does not flag SMB1 when disabled 1ms
 Γ£ô src/main/services/registry-cleaner.test.ts > negative vulnerability tests (no entries) > does not flag firewall when enabled 1ms
 Γ£ô src/main/services/registry-cleaner.test.ts > negative vulnerability tests (no entries) > does not flag RemoteRegistry when disabled (Start=4) 1ms
 Γ£ô src/main/services/registry-cleaner.test.ts > negative vulnerability tests (no entries) > does not flag RDP when disabled 1ms
 Γ£ô src/main/services/registry-cleaner.test.ts > negative vulnerability tests (no entries) > does not flag SysMain when disabled (Start=4) 1ms
 Γ£ô src/main/services/registry-cleaner.test.ts > additional edge cases > handles extractExePath with empty trimmed command 1ms
 Γ£ô src/main/services/registry-cleaner.test.ts > additional edge cases > handles MIME CLSID that exists (no entry) 1ms
 Γ£ô src/main/services/registry-cleaner.test.ts > additional edge cases > handles EventLog with PrimaryModule (no entry) 2ms
 Γ£ô src/main/services/registry-cleaner.test.ts > additional edge cases > handles EventLog with % prefixed paths (skip via startsWith) 1ms
 Γ£ô src/main/services/registry-cleaner.test.ts > additional edge cases > handles Run key with entry that has no exec path (just a DLL) 1ms
 Γ£ô src/main/services/registry-cleaner.test.ts > additional edge cases > handles splitTaskPath with invalid characters (returns null) 0ms
 Γ£ô src/main/services/registry-cleaner.test.ts > additional edge cases > handles AutoPlay handler with empty ProgID (skips) 1ms
 Γ£ô src/main/services/registry-cleaner.test.ts > additional edge cases > handles clients with missing shell command to skip 1ms
 Γ£ô src/main/services/registry-cleaner.test.ts > additional edge cases > handles FileExts OpenWithList with path that does not include \ 1ms
 Γ£ô src/main/services/software-updater.test.ts > cleanOutput > strips ANSI escape sequences 9ms
 Γ£ô src/main/services/software-updater.test.ts > cleanOutput > handles 
 overwrites (spinners) 1ms
 Γ£ô src/main/services/software-updater.test.ts > cleanOutput > handles multiple 
 in same line 0ms
 Γ£ô src/main/services/software-updater.test.ts > cleanOutput > preserves normal strings 0ms
 Γ£ô src/main/services/software-updater.test.ts > cleanOutput > handles empty string 0ms
 Γ£ô src/main/services/software-updater.test.ts > computeSeverity > returns major for major version bump 1ms
 Γ£ô src/main/services/software-updater.test.ts > computeSeverity > returns minor for minor version bump 0ms
 Γ£ô src/main/services/software-updater.test.ts > computeSeverity > returns patch for patch version bump 1ms
 Γ£ô src/main/services/software-updater.test.ts > computeSeverity > returns unknown when versions are equal 0ms
 Γ£ô src/main/services/software-updater.test.ts > computeSeverity > returns unknown when version cannot be parsed 1ms
 Γ£ô src/main/services/software-updater.test.ts > computeSeverity > handles two-part versions (major.minor) 1ms
 Γ£ô src/main/services/software-updater.test.ts > computeSeverity > does not handle leading v (returns unknown) 0ms
 Γ£ô src/main/services/software-updater.test.ts > stripTrailingVersion > strips trailing version from name 1ms
 Γ£ô src/main/services/software-updater.test.ts > stripTrailingVersion > strips v-prefixed version 0ms
 Γ£ô src/main/services/software-updater.test.ts > stripTrailingVersion > preserves name without version 0ms
 Γ£ô src/main/services/software-updater.test.ts > stripTrailingVersion > handles empty string 0ms
 Γ£ô src/main/services/software-updater.test.ts > parseWingetUpgradeOutput > parses winget upgrade output 5ms
 Γ£ô src/main/services/software-updater.test.ts > parseWingetUpgradeOutput > strips > and < prefixes from version 1ms
 Γ£ô src/main/services/software-updater.test.ts > parseWingetUpgradeOutput > skips apps where installed version equals available 1ms
 Γ£ô src/main/services/software-updater.test.ts > parseWingetUpgradeOutput > returns empty array when no header found 2ms
 Γ£ô src/main/services/software-updater.test.ts > parseWingetUpgradeOutput > returns empty array for empty output 0ms
 Γ£ô src/main/services/software-updater.test.ts > parseWingetListOutput > parses winget list output 1ms
 Γ£ô src/main/services/software-updater.test.ts > parseWingetListOutput > skips ARP entries 1ms
 Γ£ô src/main/services/software-updater.test.ts > parseWingetListOutput > skips unknown version 1ms
 Γ£ô src/main/services/software-updater.test.ts > parseChocoOutdatedOutput > parses choco outdated output 1ms
 Γ£ô src/main/services/software-updater.test.ts > parseChocoOutdatedOutput > skips pinned packages 0ms
 Γ£ô src/main/services/software-updater.test.ts > parseChocoOutdatedOutput > skips packages where versions match 0ms
 Γ£ô src/main/services/software-updater.test.ts > parseChocoOutdatedOutput > returns empty array for empty output 0ms
 Γ£ô src/main/services/software-updater.test.ts > parseChocoListOutput > parses choco list output 1ms
 Γ£ô src/main/services/software-updater.test.ts > parseChocoListOutput > returns empty array for empty output 0ms
 Γ£ô src/main/services/software-updater.test.ts > parseScoopStatusOutput > parses scoop status output 1ms
 Γ£ô src/main/services/software-updater.test.ts > parseScoopStatusOutput > returns empty array for empty output 0ms
 Γ£ô src/main/services/software-updater.test.ts > parseScoopListOutput > parses scoop list output 1ms
 Γ£ô src/main/services/software-updater.test.ts > isValidAppId > accepts valid winget-style IDs on win32 1ms
 Γ£ô src/main/services/software-updater.test.ts > isValidAppId > rejects invalid winget-style IDs on win32 1ms
 Γ£ô src/main/services/software-updater.test.ts > checkForUpdates (win32) > returns winget result when winget is available 4ms
 Γ£ô src/main/services/software-updater.test.ts > checkForUpdates (win32) > returns choco result when only choco is available 1ms
 Γ£ô src/main/services/software-updater.test.ts > checkForUpdates (win32) > returns scoop result when only scoop is available 1ms
 Γ£ô src/main/services/software-updater.test.ts > checkForUpdates (win32) > returns no manager when all unavailable 1ms
 Γ£ô src/main/services/software-updater.test.ts > checkForUpdates (win32) > handles winget upgrade non-zero exit with stdout 1ms
 Γ£ô src/main/services/software-updater.test.ts > checkForUpdates (win32) > handles winget upgrade non-zero exit without stdout 1ms
 Γ£ô src/main/services/software-updater.test.ts > checkForUpdates (win32) > handles winget list non-zero exit gracefully 1ms
 Γ£ô src/main/services/software-updater.test.ts > checkForUpdates (win32) > handles choco outdated non-zero exit with stdout 1ms
 Γ£ô src/main/services/software-updater.test.ts > checkForUpdates (win32) > handles choco outdated non-zero exit without stdout 1ms
 Γ£ô src/main/services/software-updater.test.ts > checkForUpdates (win32) > handles scoop status non-zero exit with stdout 1ms
 Γ£ô src/main/services/software-updater.test.ts > checkForUpdates (win32) > handles scoop status non-zero exit without stdout 1ms
 Γ£ô src/main/services/software-updater.test.ts > runUpdates (win32) ΓÇö winget > upgrades app via winget successfully 2ms
 Γ£ô src/main/services/software-updater.test.ts > runUpdates (win32) ΓÇö winget > returns failure when exit code 0 with failure pattern 1ms
 Γ£ô src/main/services/software-updater.test.ts > runUpdates (win32) ΓÇö winget > returns success when exit code 1 with success pattern 1ms
 Γ£ô src/main/services/software-updater.test.ts > runUpdates (win32) ΓÇö winget > returns failure when exit code 1 without success pattern 1ms
 Γ£ô src/main/services/software-updater.test.ts > runUpdates (win32) ΓÇö winget > returns success when other exit code but output shows success 3ms
 Γ£ô src/main/services/software-updater.test.ts > runUpdates (win32) ΓÇö winget > returns failure when other exit code and output shows failure 1ms
 Γ£ô src/main/services/software-updater.test.ts > runUpdates (win32) ΓÇö winget > handles invalid app ID format 1ms
 Γ£ô src/main/services/software-updater.test.ts > runUpdates (win32) ΓÇö winget > handles execFileAsync error without stdout 1ms
 Γ£ô src/main/services/software-updater.test.ts > runUpdates (win32) ΓÇö winget > retries with elevation when output indicates admin needed 1ms
 Γ£ô src/main/services/software-updater.test.ts > runUpdates (win32) ΓÇö winget > handles elevation failure when UAC denied 1ms
 Γ£ô src/main/services/software-updater.test.ts > runUpdates (win32) ΓÇö winget > handles elevation check when app still needs upgrade 1ms
 Γ£ô src/main/services/software-updater.test.ts > runUpdates (win32) ΓÇö winget > returns specific error when install technology changed 1ms
 Γ£ô src/main/services/software-updater.test.ts > runUpdates (win32) ΓÇö winget > retries with --force on second failure 1ms
 Γ£ô src/main/services/software-updater.test.ts > runUpdates (win32) ΓÇö winget > truncates error messages longer than 200 chars 1ms
 Γ£ô src/main/services/software-updater.test.ts > runUpdates (win32) ΓÇö winget > skips elevation when already admin 1ms
 Γ£ô src/main/services/software-updater.test.ts > runUpdates (win32) ΓÇö winget > handles empty appIds array 1ms
 Γ£ô src/main/services/software-updater.test.ts > runUpdates (win32) ΓÇö choco > upgrades app via choco successfully 1ms
 Γ£ô src/main/services/software-updater.test.ts > runUpdates (win32) ΓÇö choco > returns failure when choco output shows failure pattern 1ms
 Γ£ô src/main/services/software-updater.test.ts > runUpdates (win32) ΓÇö choco > handles choco exec error without stdout 1ms
 Γ£ô src/main/services/software-updater.test.ts > runUpdates (win32) ΓÇö choco > handles exec error with choco stdout 1ms
 Γ£ô src/main/services/software-updater.test.ts > runUpdates (win32) ΓÇö choco > rejects invalid choco package ID format 1ms
 Γ£ô src/main/services/software-updater.test.ts > runUpdates (win32) ΓÇö choco > retries with elevation when output indicates admin needed 1ms
 Γ£ô src/main/services/software-updater.test.ts > runUpdates (win32) ΓÇö choco > retries with --force when still failed after elevation 1ms
 Γ£ô src/main/services/software-updater.test.ts > runUpdates (win32) ΓÇö choco > handles failed elevation and force retry 1ms
 Γ£ô src/main/services/software-updater.test.ts > runUpdates (win32) ΓÇö scoop > upgrades app via scoop successfully 1ms
 Γ£ô src/main/services/software-updater.test.ts > runUpdates (win32) ΓÇö scoop > rejects invalid scoop package name format 1ms
 Γ£ô src/main/services/software-updater.test.ts > runUpdates (win32) ΓÇö scoop > retries with --global on first failure 1ms
 Γ£ô src/main/services/software-updater.test.ts > runUpdates (win32) ΓÇö scoop > retries with --force when --global also fails 1ms
 Γ£ô src/main/services/software-updater.test.ts > runUpdates (win32) ΓÇö scoop > returns failure when all retries exhausted 1ms
 Γ£ô src/main/services/software-updater.test.ts > runUpdates (win32) ΓÇö scoop > handles scoop exec error output 1ms
 Γ£ô src/main/services/software-updater.test.ts > runUpdates (win32) ΓÇö fallback > tries winget first when no source specified and winget available 1ms
 Γ£ô src/main/services/software-updater.test.ts > runUpdates (win32) ΓÇö fallback > falls back to choco when winget unavailable 1ms
 Γ£ô src/main/services/software-updater.test.ts > runUpdates (win32) ΓÇö fallback > falls back to scoop when winget and choco unavailable 1ms
 Γ£ô src/main/services/software-updater.test.ts > runUpdates (win32) ΓÇö fallback > returns all failed when no package manager available 1ms
 Γ£ô src/main/services/software-updater.test.ts > runUpdates (win32) ΓÇö fallback > uses choco preferred order when settings specify it 1ms
 Γ£ô src/main/services/software-updater.test.ts > runUpdates (win32) ΓÇö fallback > uses scoop preferred order when settings specify it 0ms
 Γ£ô src/main/services/yara-rules-store.test.ts > validateRuleBundle > accepts a valid bundle 5ms
 Γ£ô src/main/services/yara-rules-store.test.ts > validateRuleBundle > returns correct fields 3ms
 Γ£ô src/main/services/yara-rules-store.test.ts > validateRuleBundle > rejects null 0ms
 Γ£ô src/main/services/yara-rules-store.test.ts > validateRuleBundle > rejects arrays 0ms
 Γ£ô src/main/services/yara-rules-store.test.ts > validateRuleBundle > rejects non-objects 0ms
 Γ£ô src/main/services/yara-rules-store.test.ts > validateRuleBundle > rejects missing version 0ms
 Γ£ô src/main/services/yara-rules-store.test.ts > validateRuleBundle > rejects empty version 0ms
 Γ£ô src/main/services/yara-rules-store.test.ts > validateRuleBundle > rejects missing updatedAt 0ms
 Γ£ô src/main/services/yara-rules-store.test.ts > validateRuleBundle > rejects missing sha256 1ms
 Γ£ô src/main/services/yara-rules-store.test.ts > validateRuleBundle > rejects empty rules array 0ms
 Γ£ô src/main/services/yara-rules-store.test.ts > validateRuleBundle > rejects non-array rules 0ms
 Γ£ô src/main/services/yara-rules-store.test.ts > validateRuleBundle > rejects rules without .yar extension 0ms
 Γ£ô src/main/services/yara-rules-store.test.ts > validateRuleBundle > rejects rules with empty content 0ms
 Γ£ô src/main/services/yara-rules-store.test.ts > validateRuleBundle > rejects path traversal in filename 1ms
 Γ£ô src/main/services/yara-rules-store.test.ts > validateRuleBundle > rejects rules exceeding content size limit 0ms
 Γ£ô src/main/services/yara-rules-store.test.ts > validateRuleBundle > accepts rules at the content size limit 0ms
 Γ£ô src/main/services/yara-rules-store.test.ts > computeBundleHash > produces consistent hashes for the same content 1ms
 Γ£ô src/main/services/yara-rules-store.test.ts > computeBundleHash > sorts by filename before hashing (order-independent) 0ms
 Γ£ô src/main/services/yara-rules-store.test.ts > computeBundleHash > produces different hashes for different content 1ms
 Γ£ô src/main/services/yara-rules-store.test.ts > computeBundleHash > returns a valid SHA-256 hex string 0ms
 Γ£ô src/main/services/yara-rules-store.test.ts > bundle integrity verification > validates correctly when sha256 matches computed hash 0ms
 Γ£ô src/main/services/yara-rules-store.test.ts > bundle integrity verification > detects tampered content via hash mismatch 0ms
 Γ£ô src/main/services/yara-rules-store.test.ts > metadata validation > accepts valid metadata 0ms
 Γ£ô src/main/services/yara-rules-store.test.ts > metadata validation > rejects null 0ms
 Γ£ô src/main/services/yara-rules-store.test.ts > metadata validation > rejects missing version 0ms
 Γ£ô src/main/services/yara-rules-store.test.ts > metadata validation > rejects empty version 0ms
 Γ£ô src/main/services/yara-rules-store.test.ts > metadata validation > rejects negative rulesCount 0ms
 Γ£ô src/main/services/yara-rules-store.test.ts > metadata validation > rejects non-number rulesCount 0ms
 Γ£ô src/main/services/yara-rules-store.test.ts > yara-rules-store integration > cleanupStagingDirs > removes orphaned .staging-* dirs 15ms
 Γ£ô src/main/services/yara-rules-store.test.ts > yara-rules-store integration > cleanupStagingDirs > does not remove non-staging dirs 5ms
 Γ£ô src/main/services/yara-rules-store.test.ts > yara-rules-store integration > rollbackUpdate > restores previous version from backup 24ms
 Γ£ô src/main/services/yara-rules-store.test.ts > yara-rules-store integration > rollbackUpdate > fails when no backup exists 3ms
 Γ£ô src/main/services/yara-rules-store.test.ts > yara-rules-store integration > rollbackUpdate > re-compiles old rules after rollback 14ms
 Γ£ô src/main/services/yara-rules-store.test.ts > yara-rules-store integration > rollbackUpdate > handles rollback when old rules dir does not exist 13ms
 Γ£ô src/main/services/yara-engine.test.ts > ReadWriteLock > allows concurrent readers 56ms
 Γ£ô src/shared/utils/encoding.test.ts > detectEncoding > detects UTF-16LE from BOM 4ms
 Γ£ô src/shared/utils/encoding.test.ts > detectEncoding > detects UTF-16BE from BOM 0ms
 Γ£ô src/shared/utils/encoding.test.ts > detectEncoding > detects UTF-16LE from null-byte heuristic (no BOM) 0ms
 Γ£ô src/shared/utils/encoding.test.ts > detectEncoding > returns utf8 for plain ASCII content 0ms
 Γ£ô src/shared/utils/encoding.test.ts > detectEncoding > returns utf8 for valid UTF-8 content with multi-byte chars 0ms
 Γ£ô src/shared/utils/encoding.test.ts > detectEncoding > returns latin1 for binary data that fails UTF-8 decoding 0ms
 Γ£ô src/shared/utils/encoding.test.ts > detectEncoding > returns utf8 for an empty buffer 0ms
 Γ£ô src/shared/utils/encoding.test.ts > detectEncoding > returns utf8 for a very short buffer (< 2 bytes) 0ms
 Γ£ô src/shared/utils/encoding.test.ts > detectEncoding > returns utf8 for all-null buffer (nulls are valid UTF-8) 0ms
 Γ£ô src/shared/utils/encoding.test.ts > detectEncoding > handles buffer with only BOM (no content) 0ms
 Γ£ô src/shared/utils/encoding.test.ts > detectEncoding > detects UTF-16LE in a large buffer using heuristic 1ms
 Γ£ô src/shared/utils/encoding.test.ts > decodeText > decodes UTF-16LE content with BOM 0ms
 Γ£ô src/shared/utils/encoding.test.ts > decodeText > decodes UTF-16LE content without BOM 0ms
 Γ£ô src/shared/utils/encoding.test.ts > decodeText > decodes ASCII content 0ms
 Γ£ô src/shared/utils/encoding.test.ts > decodeText > decodes UTF-8 content 0ms
 Γ£ô src/shared/utils/encoding.test.ts > decodeText > decodes mixed content with BOM correctly 0ms
 Γ£ô src/shared/utils/encoding.test.ts > decodeText > handles empty buffer 0ms
 Γ£ô src/shared/utils/encoding.test.ts > readTextFile > reads a plain UTF-8 text file 7ms
 Γ£ô src/shared/utils/encoding.test.ts > readTextFile > reads a UTF-16LE file correctly 4ms
 Γ£ô src/shared/utils/encoding.test.ts > readTextFile > reads a UTF-16LE file without BOM 3ms
 Γ£ô src/shared/utils/encoding.test.ts > readTextFile > reads a PowerShell script saved as UTF-16LE 4ms
 Γ£ô src/shared/utils/encoding.test.ts > readTextFile > throws on non-existent file 4ms
 Γ£ô src/shared/utils/encoding.test.ts > readTextFile > reads a UTF-16BE file with BOM 4ms
 Γ£ô src/shared/utils/encoding.test.ts > readTextFile > reads a UTF-16BE file without BOM 3ms
 Γ£ô src/shared/utils/encoding.test.ts > performance > completes 1000 detections under 100ms 1ms
 Γ£ô src/shared/utils/encoding.test.ts > hasBom > returns true when buffer starts with BOM 0ms
 Γ£ô src/shared/utils/encoding.test.ts > hasBom > returns false when buffer is shorter than BOM 0ms
 Γ£ô src/shared/utils/encoding.test.ts > hasBom > returns false when buffer does not start with BOM 0ms
 Γ£ô src/shared/utils/encoding.test.ts > hasBom > returns true when buffer has BOM followed by content 0ms
 Γ£ô src/shared/utils/encoding.test.ts > detectByNullHeuristic > returns null for buffer shorter than 2 bytes 0ms
 Γ£ô src/shared/utils/encoding.test.ts > detectByNullHeuristic > detects UTF-16BE from null-byte pattern (even positions are null) 0ms
 Γ£ô src/shared/utils/encoding.test.ts > detectByNullHeuristic > detects UTF-16LE from null-byte pattern (odd positions are null) 0ms
 Γ£ô src/shared/utils/encoding.test.ts > detectByNullHeuristic > returns null when neither even nor odd null ratio exceeds threshold 0ms
 Γ£ô src/shared/utils/encoding.test.ts > detectByNullHeuristic > limits sample to 2048 bytes 1ms
 Γ£ô src/shared/utils/encoding.test.ts > isValidUtf8 > returns true for valid UTF-8 content 0ms
 Γ£ô src/shared/utils/encoding.test.ts > isValidUtf8 > returns false when decoded string contains replacement character 0ms
 Γ£ô src/shared/utils/encoding.test.ts > isValidUtf8 > returns false for overlong encoding sequences 0ms
 Γ£ô src/shared/utils/encoding.test.ts > swap16 > swaps pairs of bytes 2ms
 Γ£ô src/shared/utils/encoding.test.ts > swap16 > handles odd-length buffer (last byte stays in place) 1ms
 Γ£ô src/shared/utils/encoding.test.ts > swap16 > does not mutate the original buffer 0ms
 Γ£ô src/shared/utils/encoding.test.ts > swap16 > returns empty buffer for empty input 0ms
 Γ£ô src/shared/utils/encoding.test.ts > swap16 > handles single byte 0ms
 Γ£ô src/shared/utils/encoding.test.ts > detectEncoding (extended) > detects UTF-16BE from null-byte heuristic (even nulls) 0ms
 Γ£ô src/shared/utils/encoding.test.ts > detectEncoding (extended) > falls back to latin1 when heuristic returns null and UTF-8 is invalid 0ms
 Γ£ô src/shared/utils/encoding.test.ts > decodeText (extended) > decodes UTF-16BE content with BOM 0ms
 Γ£ô src/shared/utils/encoding.test.ts > decodeText (extended) > decodes UTF-16BE content without BOM 0ms
 Γ£ô src/shared/utils/encoding.test.ts > decodeText (extended) > decodes latin1 content 0ms
 Γ£ô src/main/services/uninstall-leftovers.test.ts > isSafeFolder > protects Windows core folders 5ms
 Γ£ô src/main/services/uninstall-leftovers.test.ts > isSafeFolder > protects user profile folders 1ms
 Γ£ô src/main/services/uninstall-leftovers.test.ts > isSafeFolder > protects runtime/language folders 1ms
 Γ£ô src/main/services/uninstall-leftovers.test.ts > isSafeFolder > protects GPU vendor folders 1ms
 Γ£ô src/main/services/uninstall-leftovers.test.ts > isSafeFolder > protects security software folders 0ms
 Γ£ô src/main/services/uninstall-leftovers.test.ts > isSafeFolder > protects hidden folders (starting with dot) 1ms
 Γ£ô src/main/services/uninstall-leftovers.test.ts > isSafeFolder > protects GUID-style folders 0ms
 Γ£ô src/main/services/uninstall-leftovers.test.ts > isSafeFolder > protects prefix-matched folders 1ms
 Γ£ô src/main/services/uninstall-leftovers.test.ts > isSafeFolder > is case-insensitive 0ms
 Γ£ô src/main/services/uninstall-leftovers.test.ts > isSafeFolder > does NOT protect arbitrary unknown folders 1ms
 Γ£ô src/main/services/uninstall-leftovers.test.ts > buildMatchTokens > extracts display name as a token 0ms
 Γ£ô src/main/services/uninstall-leftovers.test.ts > buildMatchTokens > extracts first word of display name 0ms
 Γ£ô src/main/services/uninstall-leftovers.test.ts > buildMatchTokens > strips trailing version numbers 0ms
 Γ£ô src/main/services/uninstall-leftovers.test.ts > buildMatchTokens > does not add version-stripped token when name unchanged 0ms
 Γ£ô src/main/services/uninstall-leftovers.test.ts > buildMatchTokens > extracts publisher tokens 0ms
 Γ£ô src/main/services/uninstall-leftovers.test.ts > buildMatchTokens > skips short publisher names 0ms
 Γ£ô src/main/services/uninstall-leftovers.test.ts > buildMatchTokens > extracts install folder name 0ms
 Γ£ô src/main/services/uninstall-leftovers.test.ts > buildMatchTokens > handles empty install location 0ms
 Γ£ô src/main/services/uninstall-leftovers.test.ts > buildMatchTokens > handles displayName shorter than 2 characters 0ms
 Γ£ô src/main/services/uninstall-leftovers.test.ts > matchesInstalledProgram > exact matches installed program names 0ms
 Γ£ô src/main/services/uninstall-leftovers.test.ts > matchesInstalledProgram > matches folder name that contains a token 0ms
 Γ£ô src/main/services/uninstall-leftovers.test.ts > matchesInstalledProgram > matches when token is prefix of folder 0ms
 Γ£ô src/main/services/uninstall-leftovers.test.ts > matchesInstalledProgram > does NOT match short unrelated folders 0ms
 Γ£ô src/main/services/uninstall-leftovers.test.ts > matchesInstalledProgram > does NOT match completely unrelated folders 0ms
 Γ£ô src/main/services/uninstall-leftovers.test.ts > matchesInstalledProgram > matches publisher names 0ms
 Γ£ô src/main/services/uninstall-leftovers.test.ts > matchesInstalledProgram > matches folder that ends with a token 0ms
 Γ£ô src/main/services/uninstall-leftovers.test.ts > matchesInstalledProgram > matches when token is short and folder is long 0ms
 Γ£ô src/main/services/uninstall-leftovers.test.ts > matchesInstalledProgram > returns false for empty token set 0ms
 Γ£ô src/main/services/uninstall-leftovers.test.ts > matchesInstalledProgram > case insensitive matching 0ms
 Γ£ô src/main/services/uninstall-leftovers.test.ts > scanForLeftovers > returns leftovers found across multiple directories 6ms
 Γ£ô src/main/services/uninstall-leftovers.test.ts > scanForLeftovers > sets selected=false on all leftover items 1ms
 Γ£ô src/main/services/uninstall-leftovers.test.ts > scanForLeftovers > includes size and lastModified on each item 1ms
 Γ£ô src/main/services/uninstall-leftovers.test.ts > scanForLeftovers > assigns a UUID to each item 1ms
 Γ£ô src/main/services/uninstall-leftovers.test.ts > scanForLeftovers > sends progress events during scan 3ms
 Γ£ô src/main/services/uninstall-leftovers.test.ts > scanForLeftovers > handles window being null (no crash) 2ms
 Γ£ô src/main/services/uninstall-leftovers.test.ts > scanForLeftovers > handles window being destroyed (no send) 1ms
 Γ£ô src/main/services/uninstall-leftovers.test.ts > scanForLeftovers > returns empty when leftover dirs list is empty 1ms
 Γ£ô src/main/services/uninstall-leftovers.test.ts > scanForLeftovers > returns empty when every folder is safe 1ms
 Γ£ô src/main/services/uninstall-leftovers.test.ts > scanForLeftovers > returns empty when every folder matches an installed program 1ms
 Γ£ô src/main/services/uninstall-leftovers.test.ts > scanForLeftovers > skips items that are recently modified 1ms
 Γ£ô src/main/services/uninstall-leftovers.test.ts > scanForLeftovers > skips items with running processes 1ms
 Γ£ô src/main/services/uninstall-leftovers.test.ts > scanForLeftovers > skips items below minimum size threshold (1 KB) 1ms
 Γ£ô src/main/services/uninstall-leftovers.test.ts > scanForLeftovers > skips items when getDirectorySize throws 1ms
 Γ£ô src/main/services/uninstall-leftovers.test.ts > scanForLeftovers > skips items when stat fails after size check 1ms
 Γ£ô src/main/services/uninstall-leftovers.test.ts > scanForLeftovers > skips target directory when readdir fails 1ms
 Γ£ô src/main/services/uninstall-leftovers.test.ts > scanForLeftovers > skips a directory if readdir succeeds but has no directories 1ms
 Γ£ô src/main/services/uninstall-leftovers.test.ts > scanForLeftovers > handles registry query failure gracefully 1ms
 Γ£ô src/main/services/uninstall-leftovers.test.ts > scanForLeftovers > handles PowerShell call failure gracefully 1ms
 Γ£ô src/main/services/uninstall-leftovers.test.ts > scanForLeftovers > assumes recent modification if stat fails during recency check 1ms
 Γ£ô src/main/services/uninstall-leftovers.test.ts > scanForLeftovers > caps results at 100 items per directory 25ms
 Γ£ô src/main/services/uninstall-leftovers.test.ts > scanForLeftovers > applies safety layer 1: safelist 1ms
 Γ£ô src/main/services/uninstall-leftovers.test.ts > scanForLeftovers > applies safety layer 2: registry cross-reference 1ms
 Γ£ô src/main/services/uninstall-leftovers.test.ts > scanForLeftovers > applies safety layer 3: recency check 1ms
 Γ£ô src/main/services/uninstall-leftovers.test.ts > scanForLeftovers > applies safety layer 4: running process check 1ms
 Γ£ô src/main/services/uninstall-leftovers.test.ts > scanForLeftovers > applies safety layer 5: minimum size threshold 1ms
 Γ£ô src/main/services/uninstall-leftovers.test.ts > scanForLeftovers > skips hidden folders (dot prefixed) 1ms
 Γ£ô src/main/services/uninstall-leftovers.test.ts > scanForLeftovers > skips GUID-style folders 1ms
 Γ£ô src/main/services/uninstall-leftovers.test.ts > scanForLeftovers > handles single target directory 1ms
 Γ£ô src/main/services/uninstall-leftovers.test.ts > scanForLeftovers > handles case where all candidates are filtered by multiple layers 1ms
Prometheus metrics server listening on http://0.0.0.0:9100/metrics
Press Ctrl+C to stop.
 Γ£ô src/main/ipc/driver-manager/driverstore-fallback.test.ts > scanDriverStoreForUpdates > returns empty on non-win32 10ms
 Γ£ô src/main/ipc/driver-manager/driverstore-fallback.test.ts > scanDriverStoreForUpdates > returns empty when FileRepository is unreadable 2ms
 Γ£ô src/main/ipc/driver-manager/driverstore-fallback.test.ts > scanDriverStoreForUpdates > returns empty when WMI query fails 3ms
 Γ£ô src/main/ipc/driver-manager/driverstore-fallback.test.ts > scanDriverStoreForUpdates > detects local update when FileRepository has newer version 5ms
 Γ£ô src/main/ipc/driver-manager/driverstore-fallback.test.ts > scanDriverStoreForUpdates > ignores when active driver is already latest 1ms
 Γ£ô src/main/ipc/driver-manager/driverstore-fallback.test.ts > scanDriverStoreForUpdates > skips folders without INF files 1ms
 Γ£ô src/main/ipc/driver-manager/driverstore-fallback.test.ts > scanDriverStoreForUpdates > skips folders where statSync fails (broken symlink) 1ms
 Γ£ô src/main/services/vulnerability-scanner.service.test.ts > scanVulnerabilities > returns 12 findings with correct structure 18ms
 Γ£ô src/main/services/vulnerability-scanner.service.test.ts > scanVulnerabilities > marks all findings as non-vulnerable on a healthy system 1ms
 Γ£ô src/main/services/vulnerability-scanner.service.test.ts > scanVulnerabilities > reports all vulnerabilities on a fully vulnerable system 1ms
 Γ£ô src/main/services/vulnerability-scanner.service.test.ts > scanVulnerabilities > sends progress updates via callback for each check 3ms
 Γ£ô src/main/services/vulnerability-scanner.service.test.ts > scanVulnerabilities > handles missing onProgress callback gracefully 2ms
 Γ£ô src/main/services/vulnerability-scanner.service.test.ts > scanVulnerabilities > OS version detection > detects Windows 11 as not vulnerable 1ms
 Γ£ô src/main/services/vulnerability-scanner.service.test.ts > scanVulnerabilities > OS version detection > detects Windows 10 19H1+ as not vulnerable 1ms
 Γ£ô src/main/services/vulnerability-scanner.service.test.ts > scanVulnerabilities > OS version detection > detects old Windows version as vulnerable 1ms
 Γ£ô src/main/services/vulnerability-scanner.service.test.ts > scanVulnerabilities > OS version detection > handles unknown OS version as vulnerable 1ms
 Γ£ô src/main/services/vulnerability-scanner.service.test.ts > scanVulnerabilities > .NET version detection > detects .NET 4.8 (Release 528040) 1ms
 Γ£ô src/main/services/vulnerability-scanner.service.test.ts > scanVulnerabilities > .NET version detection > detects .NET 4.8.1+ (Release 533325) 1ms
 Γ£ô src/main/services/vulnerability-scanner.service.test.ts > scanVulnerabilities > .NET version detection > detects .NET 4.7.2 (Release 461808) 1ms
 Γ£ô src/main/services/vulnerability-scanner.service.test.ts > scanVulnerabilities > .NET version detection > detects .NET 4.7.1 (Release 461308) 1ms
 Γ£ô src/main/services/vulnerability-scanner.service.test.ts > scanVulnerabilities > .NET version detection > detects .NET 4.7 (Release 460798) 1ms
 Γ£ô src/main/services/vulnerability-scanner.service.test.ts > scanVulnerabilities > .NET version detection > detects .NET 4.6.2 (Release 394802) 1ms
 Γ£ô src/main/services/vulnerability-scanner.service.test.ts > scanVulnerabilities > .NET version detection > detects .NET 4.6.1 (Release 394254) 1ms
 Γ£ô src/main/services/vulnerability-scanner.service.test.ts > scanVulnerabilities > .NET version detection > detects .NET 4.6 (Release 393295) 1ms
 Γ£ô src/main/services/vulnerability-scanner.service.test.ts > scanVulnerabilities > .NET version detection > detects older .NET as 4.x (Release < 393295) 1ms
 Γ£ô src/main/services/vulnerability-scanner.service.test.ts > scanVulnerabilities > .NET version detection > handles missing .NET registry key 2ms
 Γ£ô src/main/services/vulnerability-scanner.service.test.ts > scanVulnerabilities > PowerShell version detection > detects PowerShell 5.x as not vulnerable 1ms
 Γ£ô src/main/services/vulnerability-scanner.service.test.ts > scanVulnerabilities > PowerShell version detection > detects PowerShell 7.x as vulnerable 1ms
 Γ£ô src/main/services/vulnerability-scanner.service.test.ts > scanVulnerabilities > PowerShell version detection > handles missing PowerShell 1ms
 Γ£ô src/main/services/vulnerability-scanner.service.test.ts > scanVulnerabilities > SMBv1 detection > reports SMBv1 enabled as vulnerable 1ms
 Γ£ô src/main/services/vulnerability-scanner.service.test.ts > scanVulnerabilities > SMBv1 detection > reports SMBv1 disabled as safe 1ms
 Γ£ô src/main/services/vulnerability-scanner.service.test.ts > scanVulnerabilities > SMBv1 detection > handles SMBv1 check failure gracefully 1ms
 Γ£ô src/main/services/vulnerability-scanner.service.test.ts > scanVulnerabilities > RDP detection > detects RDP enabled without NLA as vulnerable 1ms
 Γ£ô src/main/services/vulnerability-scanner.service.test.ts > scanVulnerabilities > RDP detection > detects RDP enabled with NLA as safe 1ms
 Γ£ô src/main/services/vulnerability-scanner.service.test.ts > scanVulnerabilities > RDP detection > detects RDP disabled as safe 1ms
 Γ£ô src/main/services/vulnerability-scanner.service.test.ts > scanVulnerabilities > Defender detection > detects Defender disabled as vulnerable 1ms
 Γ£ô src/main/services/vulnerability-scanner.service.test.ts > scanVulnerabilities > Defender detection > detects Defender enabled as safe 1ms
 Γ£ô src/main/services/vulnerability-scanner.service.test.ts > scanVulnerabilities > Defender detection > defaults to safe when Defender check fails 1ms
 Γ£ô src/main/services/vulnerability-scanner.service.test.ts > scanVulnerabilities > Windows Update detection > detects WU disabled as vulnerable 1ms
 Γ£ô src/main/services/vulnerability-scanner.service.test.ts > scanVulnerabilities > Windows Update detection > detects WU enabled as safe 1ms
 Γ£ô src/main/services/vulnerability-scanner.service.test.ts > scanVulnerabilities > Windows Update detection > detects WU paused as vulnerable 1ms
 Γ£ô src/main/services/vulnerability-scanner.service.test.ts > scanVulnerabilities > Windows Update detection > detects WU not paused as safe 1ms
 Γ£ô src/main/services/vulnerability-scanner.service.test.ts > scanVulnerabilities > Windows Update detection > returns not paused when PauseFeatureUpdatesEndTime reg key missing 1ms
 Γ£ô src/main/services/vulnerability-scanner.service.test.ts > scanVulnerabilities > Windows Update detection > returns not paused when Get-WindowsUpdateLog fails 1ms
 Γ£ô src/main/services/vulnerability-scanner.service.test.ts > scanVulnerabilities > TLS detection > detects TLS 1.0 enabled as vulnerable 1ms
 Γ£ô src/main/services/vulnerability-scanner.service.test.ts > scanVulnerabilities > TLS detection > detects TLS 1.0 disabled as safe 1ms
 Γ£ô src/main/services/vulnerability-scanner.service.test.ts > scanVulnerabilities > TLS detection > detects TLS 1.1 enabled as vulnerable 1ms
 Γ£ô src/main/services/vulnerability-scanner.service.test.ts > scanVulnerabilities > LM hash detection > detects LM hash stored (NoLMHash=0) as vulnerable 1ms
 Γ£ô src/main/services/vulnerability-scanner.service.test.ts > scanVulnerabilities > LM hash detection > detects LM hash not stored (NoLMHash=1) as safe 1ms
 Γ£ô src/main/services/vulnerability-scanner.service.test.ts > scanVulnerabilities > LM hash detection > defaults to vulnerable when LM hash key missing 1ms
 Γ£ô src/main/services/vulnerability-scanner.service.test.ts > scanVulnerabilities > .NET TLS 1.2+ detection > detects SchUseStrongCrypto=1 as safe 1ms
 Γ£ô src/main/services/vulnerability-scanner.service.test.ts > scanVulnerabilities > .NET TLS 1.2+ detection > detects SchUseStrongCrypto != 1 as vulnerable 1ms
 Γ£ô src/main/services/vulnerability-scanner.service.test.ts > applyVulnerabilityFix > successfully applies smbv1-enabled fix 7ms
 Γ£ô src/main/services/vulnerability-scanner.service.test.ts > applyVulnerabilityFix > successfully applies rdp-without-nla fix 2ms
 Γ£ô src/main/services/vulnerability-scanner.service.test.ts > applyVulnerabilityFix > successfully applies defender-disabled fix 1ms
 Γ£ô src/main/services/vulnerability-scanner.service.test.ts > applyVulnerabilityFix > successfully applies wu-disabled fix 0ms
 Γ£ô src/main/services/vulnerability-scanner.service.test.ts > applyVulnerabilityFix > successfully applies wu-paused fix (both registry keys) 1ms
 Γ£ô src/main/services/vulnerability-scanner.service.test.ts > applyVulnerabilityFix > successfully applies tls10-enabled fix (both Server and Client keys) 1ms
 Γ£ô src/main/services/vulnerability-scanner.service.test.ts > applyVulnerabilityFix > successfully applies tls11-enabled fix 1ms
 Γ£ô src/main/services/vulnerability-scanner.service.test.ts > applyVulnerabilityFix > successfully applies lm-hash-stored fix 0ms
 Γ£ô src/main/services/vulnerability-scanner.service.test.ts > applyVulnerabilityFix > successfully applies dotnet-tls12 fix 0ms
 Γ£ô src/main/services/vulnerability-scanner.service.test.ts > applyVulnerabilityFix > applies multiple fixes 0ms
 Γ£ô src/main/services/vulnerability-scanner.service.test.ts > applyVulnerabilityFix > reports error for unknown ID 1ms
 Γ£ô src/main/services/vulnerability-scanner.service.test.ts > applyVulnerabilityFix > handles exec failures gracefully 1ms
 Γ£ô src/main/services/vulnerability-scanner.service.test.ts > applyVulnerabilityFix > handles partial failures 1ms
 Γ£ô src/main/services/vulnerability-scanner.service.test.ts > applyVulnerabilityFix > sends progress updates via callback 1ms
 Γ£ô src/main/services/vulnerability-scanner.service.test.ts > applyVulnerabilityFix > handles empty ids array 1ms
 Γ£ô src/main/services/vulnerability-scanner.service.test.ts > revertVulnerabilityFix > successfully reverts smbv1-enabled 2ms
 Γ£ô src/main/services/vulnerability-scanner.service.test.ts > revertVulnerabilityFix > successfully reverts rdp-without-nla 1ms
 Γ£ô src/main/services/vulnerability-scanner.service.test.ts > revertVulnerabilityFix > successfully reverts defender-disabled 1ms
 Γ£ô src/main/services/vulnerability-scanner.service.test.ts > revertVulnerabilityFix > successfully reverts wu-disabled 0ms
 Γ£ô src/main/services/vulnerability-scanner.service.test.ts > revertVulnerabilityFix > successfully reverts wu-paused 0ms
 Γ£ô src/main/services/vulnerability-scanner.service.test.ts > revertVulnerabilityFix > successfully reverts tls10-enabled 0ms
 Γ£ô src/main/services/vulnerability-scanner.service.test.ts > revertVulnerabilityFix > successfully reverts tls11-enabled 0ms
 Γ£ô src/main/services/vulnerability-scanner.service.test.ts > revertVulnerabilityFix > successfully reverts lm-hash-stored 0ms
 Γ£ô src/main/services/vulnerability-scanner.service.test.ts > revertVulnerabilityFix > successfully reverts dotnet-tls12 0ms
 Γ£ô src/main/services/vulnerability-scanner.service.test.ts > revertVulnerabilityFix > reverts multiple fixes 0ms
 Γ£ô src/main/services/vulnerability-scanner.service.test.ts > revertVulnerabilityFix > reports error for unknown ID 1ms
 Γ£ô src/main/services/vulnerability-scanner.service.test.ts > revertVulnerabilityFix > handles exec failures gracefully 1ms
 Γ£ô src/main/services/vulnerability-scanner.service.test.ts > revertVulnerabilityFix > handles exec failure in wu-paused revert 1ms
 Γ£ô src/main/services/vulnerability-scanner.service.test.ts > revertVulnerabilityFix > sends progress updates via callback 1ms
 Γ£ô src/main/services/vulnerability-scanner.service.test.ts > revertVulnerabilityFix > handles empty ids array 1ms
 Γ£ô src/main/services/yara-rules-store.test.ts > yara-rules-store integration > rollbackUpdate > logs warning when rollback re-compilation fails 17ms
 Γ£ô src/main/services/yara-rules-store.test.ts > yara-rules-store integration > rollbackUpdate > handles rollback when compileRuleDir has empty file list 6ms
 Γ£ô src/main/services/yara-rules-store.test.ts > yara-rules-store integration > fetchAndCacheRules ΓÇö 3-phase update > downloads to staging, compiles, then swaps atomically 24ms
 Γ£ô src/main/services/yara-rules-store.test.ts > yara-rules-store integration > fetchAndCacheRules ΓÇö 3-phase update > removes old backup before rotating to new backup 21ms
 Γ£ô src/main/services/yara-rules-store.test.ts > yara-rules-store integration > fetchAndCacheRules ΓÇö 3-phase update > preserves old rules intact if crash during phase 1 8ms
 Γ£ô src/main/services/yara-rules-store.test.ts > yara-rules-store integration > fetchAndCacheRules ΓÇö 3-phase update > rejects corrupt download via SHA-256 mismatch 9ms
 Γ£ô src/main/services/yara-rules-store.test.ts > yara-rules-store integration > fetchAndCacheRules ΓÇö 3-phase update > returns 304 when server responds with 304 6ms
 Γ£ô src/main/services/yara-engine.test.ts > ReadWriteLock > blocks writers during read 53ms
 Γ£ô src/main/services/yara-engine.test.ts > ReadWriteLock > queues writers and ensures exclusive access 53ms
 Γ£ô src/main/services/yara-engine.test.ts > ReadWriteLock > allows readers after writers complete 1ms
Prometheus metrics server listening on http://0.0.0.0:9100/metrics
Press Ctrl+C to stop.
 Γ£ô src/main/ipc/driver-manager/scan.test.ts > resolveLabel > resolves English labels 6ms
 Γ£ô src/main/ipc/driver-manager/scan.test.ts > resolveLabel > resolves Portuguese (PT-BR) labels 2ms
 Γ£ô src/main/ipc/driver-manager/scan.test.ts > resolveLabel > resolves German labels 1ms
 Γ£ô src/main/ipc/driver-manager/scan.test.ts > resolveLabel > resolves French labels 1ms
 Γ£ô src/main/ipc/driver-manager/scan.test.ts > resolveLabel > resolves Spanish labels 1ms
 Γ£ô src/main/ipc/driver-manager/scan.test.ts > resolveLabel > resolves case-insensitively 0ms
 Γ£ô src/main/ipc/driver-manager/scan.test.ts > resolveLabel > returns null for unknown labels 0ms
 Γ£ô src/main/ipc/driver-manager/scan.test.ts > parseEnumDriversPnpUtil (integration) > parses Portuguese pnputil output correctly 10ms
 Γ£ô src/main/ipc/driver-manager/scan.test.ts > parseEnumDriversPnpUtil (integration) > parses English pnputil output correctly 2ms
 Γ£ô src/main/ipc/driver-manager/scan.test.ts > parseEnumDriversPnpUtil (integration) > parses combined date+version field 2ms
 Γ£ô src/main/ipc/driver-manager/scan.test.ts > parseEnumDriversPnpUtil (integration) > skips non-oem entries 2ms
 Γ£ô src/main/ipc/driver-manager/wu-catalog-fallback.test.ts > parseCatalogHtml > extracts updates from valid catalog HTML 12ms
 Γ£ô src/main/ipc/driver-manager/wu-catalog-fallback.test.ts > parseCatalogHtml > returns empty array for HTML with no matching rows 1ms
 Γ£ô src/main/ipc/driver-manager/wu-catalog-fallback.test.ts > parseCatalogHtml > returns empty array for empty HTML 1ms
 Γ£ô src/main/ipc/driver-manager/wu-catalog-fallback.test.ts > parseCatalogHtml > skips rows without updateid 1ms
 Γ£ô src/main/ipc/driver-manager/wu-catalog-fallback.test.ts > parseCatalogHtml > skips header rows (no <a> tag) 1ms
 Γ£ô src/main/ipc/driver-manager/wu-catalog-fallback.test.ts > parseCatalogHtml > handles version extraction from various title formats 1ms
 Γ£ô src/main/ipc/driver-manager/wu-catalog-fallback.test.ts > parseCatalogHtml > uses date as version fallback when no version in title 1ms
 Γ£ô src/main/ipc/driver-manager/wu-catalog-fallback.test.ts > parseCatalogHtml > handles data-updateid with curly braces 1ms
 Γ£ô src/main/ipc/driver-manager/wu-catalog-fallback.test.ts > searchCatalogForDrivers > returns empty array for empty input 2ms
 Γ£ô src/main/ipc/driver-manager/wu-catalog-fallback.test.ts > searchCatalogForDrivers > calls PowerShell and parses HTML response 2ms
 Γ£ô src/main/ipc/driver-manager/wu-catalog-fallback.test.ts > searchCatalogForDrivers > handles PowerShell errors gracefully 1ms
 Γ£ô src/main/ipc/driver-manager/wu-catalog-fallback.test.ts > searchCatalogForDrivers > handles missing HTML markers gracefully 1ms
 Γ£ô src/main/ipc/driver-manager/wu-catalog-fallback.test.ts > searchCatalogForDrivers > deduplicates results by updateId + version 1ms
 Γ£ô src/main/ipc/driver-manager/wu-catalog-fallback.test.ts > searchCatalogForDrivers > skips drivers without hardwareId 1ms
Prometheus metrics server listening on http://0.0.0.0:9100/metrics
Press Ctrl+C to stop.
 Γ£ô src/main/ipc/debloater/handlers.test.ts > debloater/handlers.ts ΓÇö registerDebloaterIpc > DEBLOATER_SCAN > returns empty on non-win32 platform 10ms
 Γ£ô src/main/ipc/debloater/handlers.test.ts > debloater/handlers.ts ΓÇö registerDebloaterIpc > DEBLOATER_SCAN > returns empty array when no bloatware found 3ms
 Γ£ô src/main/ipc/debloater/handlers.test.ts > debloater/handlers.ts ΓÇö registerDebloaterIpc > DEBLOATER_SCAN > returns empty when JSON parse fails in Phase 1 2ms
 Γ£ô src/main/ipc/debloater/handlers.test.ts > debloater/handlers.ts ΓÇö registerDebloaterIpc > DEBLOATER_SCAN > finds installed AppX packages 3ms
 Γ£ô src/main/ipc/debloater/handlers.test.ts > debloater/handlers.ts ΓÇö registerDebloaterIpc > DEBLOATER_SCAN > formats size as GB for large packages 2ms
 Γ£ô src/main/ipc/debloater/handlers.test.ts > debloater/handlers.ts ΓÇö registerDebloaterIpc > DEBLOATER_SCAN > formats size as KB for small packages 1ms
 Γ£ô src/main/ipc/debloater/handlers.test.ts > debloater/handlers.ts ΓÇö registerDebloaterIpc > DEBLOATER_SCAN > formats size as B for tiny packages 1ms
 Γ£ô src/main/ipc/debloater/handlers.test.ts > debloater/handlers.ts ΓÇö registerDebloaterIpc > DEBLOATER_SCAN > shows Unknown for zero-size packages 1ms
 Γ£ô src/main/ipc/debloater/handlers.test.ts > debloater/handlers.ts ΓÇö registerDebloaterIpc > DEBLOATER_SCAN > handles single-object JSON (not array) 1ms
 Γ£ô src/main/ipc/debloater/handlers.test.ts > debloater/handlers.ts ΓÇö registerDebloaterIpc > DEBLOATER_SCAN > finds provisioned packages (Phase 2) 1ms
 Γ£ô src/main/ipc/debloater/handlers.test.ts > debloater/handlers.ts ΓÇö registerDebloaterIpc > DEBLOATER_SCAN > skips already found packages in Phase 2 3ms
 Γ£ô src/main/ipc/debloater/handlers.test.ts > debloater/handlers.ts ΓÇö registerDebloaterIpc > DEBLOATER_SCAN > finds Win32 programs via Phase 3 2ms
 Γ£ô src/main/ipc/debloater/handlers.test.ts > debloater/handlers.ts ΓÇö registerDebloaterIpc > DEBLOATER_SCAN > uses UninstallString when QuietUninstallString is empty 1ms
 Γ£ô src/main/ipc/debloater/handlers.test.ts > debloater/handlers.ts ΓÇö registerDebloaterIpc > DEBLOATER_SCAN > caches msi ProductCode for Win32 apps 2ms
 Γ£ô src/main/ipc/debloater/handlers.test.ts > debloater/handlers.ts ΓÇö registerDebloaterIpc > DEBLOATER_SCAN > formats Win32 GB size correctly 1ms
 Γ£ô src/main/ipc/debloater/handlers.test.ts > debloater/handlers.ts ΓÇö registerDebloaterIpc > DEBLOATER_SCAN > formats Win32 default size as Win32 1ms
 Γ£ô src/main/ipc/debloater/handlers.test.ts > debloater/handlers.ts ΓÇö registerDebloaterIpc > DEBLOATER_SCAN > skips Win32 apps already found in Phase 1 1ms
 Γ£ô src/main/ipc/debloater/handlers.test.ts > debloater/handlers.ts ΓÇö registerDebloaterIpc > DEBLOATER_SCAN > skips Win32 apps not matching any known bloatware 2ms
 Γ£ô src/main/ipc/debloater/handlers.test.ts > debloater/handlers.ts ΓÇö registerDebloaterIpc > DEBLOATER_SCAN > gracefully handles Phase 2 provisioned JSON parse failure 2ms
 Γ£ô src/main/ipc/debloater/handlers.test.ts > debloater/handlers.ts ΓÇö registerDebloaterIpc > DEBLOATER_SCAN > gracefully handles Phase 3 Win32 JSON parse failure 1ms
 Γ£ô src/main/ipc/debloater/handlers.test.ts > debloater/handlers.ts ΓÇö registerDebloaterIpc > DEBLOATER_SCAN > matches provisioned packages by prefix 1ms
 Γ£ô src/main/ipc/debloater/handlers.test.ts > debloater/handlers.ts ΓÇö registerDebloaterIpc > DEBLOATER_SCAN > Win32 matches by package name (lowercase) 1ms
 Γ£ô src/main/ipc/debloater/handlers.test.ts > debloater/handlers.ts ΓÇö registerDebloaterIpc > DEBLOATER_SCAN > Phase 2 single-object JSON parsed as array 3ms
 Γ£ô src/main/ipc/debloater/handlers.test.ts > debloater/handlers.ts ΓÇö registerDebloaterIpc > DEBLOATER_SCAN > Phase 3 single-object JSON parsed as array 2ms
 Γ£ô src/main/ipc/debloater/handlers.test.ts > debloater/handlers.ts ΓÇö registerDebloaterIpc > DEBLOATER_SCAN > Win32 KB size formatting 2ms
 Γ£ô src/main/ipc/debloater/handlers.test.ts > debloater/handlers.ts ΓÇö registerDebloaterIpc > DEBLOATER_SCAN > Win32 B size formatting for tiny EstimatedSize 2ms
 Γ£ô src/main/ipc/debloater/handlers.test.ts > debloater/handlers.ts ΓÇö registerDebloaterIpc > DEBLOATER_REMOVE > returns zero on non-win32 platform 1ms
 Γ£ô src/main/ipc/debloater/handlers.test.ts > debloater/handlers.ts ΓÇö registerDebloaterIpc > DEBLOATER_REMOVE > returns zero when validation fails 1ms
 Γ£ô src/main/ipc/debloater/handlers.test.ts > debloater/handlers.ts ΓÇö registerDebloaterIpc > DEBLOATER_REMOVE > removes known AppX package successfully 1ms
 Γ£ô src/main/ipc/debloater/handlers.test.ts > debloater/handlers.ts ΓÇö registerDebloaterIpc > DEBLOATER_REMOVE > removes unknown package name (not in KNOWN_BLOATWARE) 1ms
 Γ£ô src/main/ipc/debloater/handlers.test.ts > debloater/handlers.ts ΓÇö registerDebloaterIpc > DEBLOATER_REMOVE > handles removal failure 1ms
 Γ£ô src/main/ipc/debloater/handlers.test.ts > debloater/handlers.ts ΓÇö registerDebloaterIpc > DEBLOATER_REMOVE > removes Win32 package with msi uninstaller 1ms
 Γ£ô src/main/ipc/debloater/handlers.test.ts > debloater/handlers.ts ΓÇö registerDebloaterIpc > DEBLOATER_REMOVE > removes Win32 package with exe uninstaller 1ms
 Γ£ô src/main/ipc/debloater/handlers.test.ts > debloater/handlers.ts ΓÇö registerDebloaterIpc > DEBLOATER_REMOVE > handles Win32 msi removal failure 1ms
 Γ£ô src/main/ipc/debloater/handlers.test.ts > debloater/handlers.ts ΓÇö registerDebloaterIpc > DEBLOATER_REMOVE > handles Win32 exe removal failure 3ms
 Γ£ô src/main/ipc/debloater/handlers.test.ts > debloater/handlers.ts ΓÇö registerDebloaterIpc > DEBLOATER_REMOVE > sends progress callback during removal 7ms
 Γ£ô src/main/ipc/debloater/handlers.test.ts > debloater/handlers.ts ΓÇö registerDebloaterIpc > DEBLOATER_REMOVE > skips progress when window is destroyed 1ms
 Γ£ô src/main/ipc/debloater/handlers.test.ts > debloater/handlers.ts ΓÇö registerDebloaterIpc > DEBLOATER_REMOVE > escapes single quotes in package name 1ms
 Γ£ô src/main/ipc/debloater/handlers.test.ts > debloater/handlers.ts ΓÇö registerDebloaterIpc > DEBLOATER_REMOVE > attempts deprovision after AppX removal 1ms
 Γ£ô src/main/ipc/debloater/handlers.test.ts > debloater/handlers.ts ΓÇö registerDebloaterIpc > DEBLOATER_REMOVE > handles deprovision failure silently 1ms
 Γ£ô src/main/ipc/debloater/handlers.test.ts > debloater/handlers.ts ΓÇö registerDebloaterIpc > DEBLOATER_REMOVE > sends failed status in progress on removal error 1ms
 Γ£ô src/main/ipc/debloater/handlers.test.ts > debloater/handlers.ts ΓÇö registerDebloaterIpc > DEBLOATER_REMOVE > sends done status after successful removal 1ms
 Γ£ô src/main/ipc/debloater/handlers.test.ts > debloater/handlers.ts ΓÇö registerDebloaterIpc > DEBLOATER_REMOVE > skips progress when getWindow returns null 1ms
 Γ£ô src/main/ipc/debloater/handlers.test.ts > debloater/handlers.ts ΓÇö registerDebloaterIpc > barrel exports > exports KNOWN_BLOATWARE 1ms
 Γ£ô src/main/ipc/debloater/handlers.test.ts > debloater/handlers.ts ΓÇö registerDebloaterIpc > barrel exports > exports scanBloatware function 1ms
 Γ£ô src/main/ipc/debloater/handlers.test.ts > debloater/handlers.ts ΓÇö registerDebloaterIpc > barrel exports > exports removeBloatware function 1ms
 Γ£ô src/main/ipc/debloater/handlers.test.ts > debloater/handlers.ts ΓÇö registerDebloaterIpc > barrel exports > exports clearWin32Cache 1ms
 Γ£ô src/main/ipc/registry-cleaner/handlers.test.ts > registry-cleaner/handlers.ts ΓÇö registerRegistryCleanerIpc > REGISTRY_SCAN > returns empty on non-win32 11ms
 Γ£ô src/main/ipc/registry-cleaner/handlers.test.ts > registry-cleaner/handlers.ts ΓÇö registerRegistryCleanerIpc > REGISTRY_SCAN > returns entries on successful scan 3ms
 Γ£ô src/main/ipc/registry-cleaner/handlers.test.ts > registry-cleaner/handlers.ts ΓÇö registerRegistryCleanerIpc > REGISTRY_SCAN > applies ignored tweaks after scan 3ms
 Γ£ô src/main/ipc/registry-cleaner/handlers.test.ts > registry-cleaner/handlers.ts ΓÇö registerRegistryCleanerIpc > REGISTRY_SCAN > handles empty registryIgnoredTweaks 1ms
 Γ£ô src/main/ipc/registry-cleaner/handlers.test.ts > registry-cleaner/handlers.ts ΓÇö registerRegistryCleanerIpc > REGISTRY_SCAN > stores scan results in session 1ms
 Γ£ô src/main/ipc/registry-cleaner/handlers.test.ts > registry-cleaner/handlers.ts ΓÇö registerRegistryCleanerIpc > REGISTRY_SCAN > cancels previous scan before starting new one 3ms
 Γ£ô src/main/ipc/registry-cleaner/handlers.test.ts > registry-cleaner/handlers.ts ΓÇö registerRegistryCleanerIpc > REGISTRY_SCAN > returns empty on scan abort 2ms
 Γ£ô src/main/ipc/registry-cleaner/handlers.test.ts > registry-cleaner/handlers.ts ΓÇö registerRegistryCleanerIpc > REGISTRY_SCAN > throws non-abort errors 7ms
 Γ£ô src/main/ipc/registry-cleaner/handlers.test.ts > registry-cleaner/handlers.ts ΓÇö registerRegistryCleanerIpc > REGISTRY_SCAN > handles non-Error thrown values 1ms
 Γ£ô src/main/ipc/registry-cleaner/handlers.test.ts > registry-cleaner/handlers.ts ΓÇö registerRegistryCleanerIpc > REGISTRY_SCAN > clears scanAbort in finally block 1ms
 Γ£ô src/main/ipc/registry-cleaner/handlers.test.ts > registry-cleaner/handlers.ts ΓÇö registerRegistryCleanerIpc > REGISTRY_SCAN > clears scanAbort on error in finally 1ms
 Γ£ô src/main/ipc/registry-cleaner/handlers.test.ts > registry-cleaner/handlers.ts ΓÇö registerRegistryCleanerIpc > REGISTRY_SCAN > limits scan sessions to max 4 1ms
 Γ£ô src/main/ipc/registry-cleaner/handlers.test.ts > registry-cleaner/handlers.ts ΓÇö registerRegistryCleanerIpc > REGISTRY_FIX > returns zeros on non-win32 1ms
 Γ£ô src/main/ipc/registry-cleaner/handlers.test.ts > registry-cleaner/handlers.ts ΓÇö registerRegistryCleanerIpc > REGISTRY_FIX > returns zeros when validation fails 1ms
 Γ£ô src/main/ipc/registry-cleaner/handlers.test.ts > registry-cleaner/handlers.ts ΓÇö registerRegistryCleanerIpc > REGISTRY_FIX > fixes entries successfully 1ms
 Γ£ô src/main/ipc/registry-cleaner/handlers.test.ts > registry-cleaner/handlers.ts ΓÇö registerRegistryCleanerIpc > REGISTRY_FIX > reports fix failures 1ms
 Γ£ô src/main/ipc/registry-cleaner/handlers.test.ts > registry-cleaner/handlers.ts ΓÇö registerRegistryCleanerIpc > REGISTRY_FIX > returns empty results when entry IDs not found in any session 4ms
 Γ£ô src/main/ipc/registry-cleaner/handlers.test.ts > registry-cleaner/handlers.ts ΓÇö registerRegistryCleanerIpc > REGISTRY_FIX > sends progress to window during fix 3ms
 Γ£ô src/main/ipc/registry-cleaner/handlers.test.ts > registry-cleaner/handlers.ts ΓÇö registerRegistryCleanerIpc > REGISTRY_FIX > skips sending progress when window is destroyed 1ms
 Γ£ô src/main/ipc/registry-cleaner/handlers.test.ts > registry-cleaner/handlers.ts ΓÇö registerRegistryCleanerIpc > REGISTRY_FIX > cancels previous fix before starting new one 1ms
 Γ£ô src/main/ipc/registry-cleaner/handlers.test.ts > registry-cleaner/handlers.ts ΓÇö registerRegistryCleanerIpc > REGISTRY_FIX > returns cancelled result on abort during fix 1ms
 Γ£ô src/main/ipc/registry-cleaner/handlers.test.ts > registry-cleaner/handlers.ts ΓÇö registerRegistryCleanerIpc > REGISTRY_FIX > throws non-abort fix errors 1ms
 Γ£ô src/main/ipc/registry-cleaner/handlers.test.ts > registry-cleaner/handlers.ts ΓÇö registerRegistryCleanerIpc > REGISTRY_FIX > handles non-Error thrown values during fix 1ms
 Γ£ô src/main/ipc/registry-cleaner/handlers.test.ts > registry-cleaner/handlers.ts ΓÇö registerRegistryCleanerIpc > REGISTRY_FIX > clears fixAbort in finally block 1ms
 Γ£ô src/main/ipc/registry-cleaner/handlers.test.ts > registry-cleaner/handlers.ts ΓÇö registerRegistryCleanerIpc > REGISTRY_FIX > clears fixAbort on error in finally 1ms
 Γ£ô src/main/ipc/registry-cleaner/handlers.test.ts > registry-cleaner/handlers.ts ΓÇö registerRegistryCleanerIpc > REGISTRY_FIX > finds entries across multiple sessions 2ms
 Γ£ô src/main/ipc/registry-cleaner/handlers.test.ts > registry-cleaner/handlers.ts ΓÇö registerRegistryCleanerIpc > REGISTRY_FIX > skips duplicate entries from different sessions 1ms
 Γ£ô src/main/ipc/registry-cleaner/handlers.test.ts > registry-cleaner/handlers.ts ΓÇö registerRegistryCleanerIpc > REGISTRY_FIX > passes signal to fixRegistryEntries 1ms
 Γ£ô src/main/ipc/registry-cleaner/handlers.test.ts > registry-cleaner/handlers.ts ΓÇö registerRegistryCleanerIpc > REGISTRY_FIX > skips progress when getWindow returns null 1ms
 Γ£ô src/main/ipc/registry-cleaner/handlers.test.ts > registry-cleaner/handlers.ts ΓÇö registerRegistryCleanerIpc > REGISTRY_SET_TWEAK_IGNORED > calls updateRegistryIgnoredTweaks with valid args 1ms
 Γ£ô src/main/ipc/registry-cleaner/handlers.test.ts > registry-cleaner/handlers.ts ΓÇö registerRegistryCleanerIpc > REGISTRY_SET_TWEAK_IGNORED > does nothing when validation fails 1ms
 Γ£ô src/main/ipc/registry-cleaner/handlers.test.ts > registry-cleaner/handlers.ts ΓÇö registerRegistryCleanerIpc > REGISTRY_SET_TWEAK_IGNORED > does nothing when ignored is not boolean 1ms
 Γ£ô src/main/ipc/registry-cleaner/handlers.test.ts > registry-cleaner/handlers.ts ΓÇö registerRegistryCleanerIpc > REGISTRY_SET_TWEAK_IGNORED > passes ignored=false correctly 1ms
 Γ£ô src/main/ipc/registry-cleaner/handlers.test.ts > registry-cleaner/handlers.ts ΓÇö registerRegistryCleanerIpc > REGISTRY_SCAN_CANCEL > aborts the current scan 4ms
 Γ£ô src/main/ipc/registry-cleaner/handlers.test.ts > registry-cleaner/handlers.ts ΓÇö registerRegistryCleanerIpc > REGISTRY_SCAN_CANCEL > handles no active scan gracefully 1ms
 Γ£ô src/main/ipc/registry-cleaner/handlers.test.ts > registry-cleaner/handlers.ts ΓÇö registerRegistryCleanerIpc > REGISTRY_FIX_CANCEL > aborts the current fix 1ms
 Γ£ô src/main/ipc/registry-cleaner/handlers.test.ts > registry-cleaner/handlers.ts ΓÇö registerRegistryCleanerIpc > REGISTRY_FIX_CANCEL > handles no active fix gracefully 1ms
 Γ£ô src/main/ipc/registry-cleaner/handlers.test.ts > registry-cleaner/handlers.ts ΓÇö registerRegistryCleanerIpc > barrel exports > exports scanRegistry 1ms
 Γ£ô src/main/ipc/registry-cleaner/handlers.test.ts > registry-cleaner/handlers.ts ΓÇö registerRegistryCleanerIpc > barrel exports > exports collectBackupTargets 1ms
 Γ£ô src/main/ipc/registry-cleaner/handlers.test.ts > registry-cleaner/handlers.ts ΓÇö registerRegistryCleanerIpc > barrel exports > exports fixRegistryEntries 0ms
 Γ£ô src/main/services/yara-rules-store.test.ts > yara-rules-store integration > fetchAndCacheRules ΓÇö 3-phase update > downloads in chunks and validates SHA-256 22ms
 Γ£ô src/main/services/yara-rules-store.test.ts > yara-rules-store integration > fetchAndCacheRules ΓÇö 3-phase update > rejects download that exceeds size limit mid-stream 6ms
 Γ£ô src/main/services/yara-rules-store.test.ts > yara-rules-store integration > fetchAndCacheRules ΓÇö 3-phase update > cleans up staging dir on compilation failure 13ms
 Γ£ô src/main/services/yara-rules-store.test.ts > yara-rules-store integration > fetchAndCacheRules ΓÇö 3-phase update > returns error on HTTP 500 response 8ms
 Γ£ô src/main/services/yara-rules-store.test.ts > yara-rules-store integration > fetchAndCacheRules ΓÇö 3-phase update > rejects download when content-length exceeds 50 MB 7ms
 Γ£ô src/main/services/yara-rules-store.test.ts > yara-rules-store integration > fetchAndCacheRules ΓÇö 3-phase update > returns error when response body is not readable 9ms
 Γ£ô src/main/services/yara-rules-store.test.ts > yara-rules-store integration > fetchAndCacheRules ΓÇö 3-phase update > returns error on JSON parse failure 9ms
 Γ£ô src/main/services/yara-rules-store.test.ts > yara-rules-store integration > fetchAndCacheRules ΓÇö 3-phase update > returns error on bundle validation failure 15ms
 Γ£ô src/main/services/yara-rules-store.test.ts > yara-rules-store integration > fetchAndCacheRules ΓÇö 3-phase update > rejects bundle with version exceeding 100 chars 8ms
 Γ£ô src/main/services/yara-rules-store.test.ts > yara-rules-store integration > fetchAndCacheRules ΓÇö 3-phase update > rejects bundle with updatedAt exceeding 100 chars 11ms
 Γ£ô src/main/services/yara-engine.test.ts > ReadWriteLock > does not starve writers when readers keep coming 52ms
 Γ£ô src/main/services/yara-engine.test.ts > yaraLock singleton > is a ReadWriteLock instance 1ms
 Γ£ô src/main/services/yara-engine.test.ts > ScanCancelledError > has the correct name 0ms
 Γ£ô src/main/services/yara-engine.test.ts > ScanCancelledError > has the correct message 0ms
 Γ£ô src/main/services/yara-engine.test.ts > ScanCancelledError > is an instance of Error 0ms
 Γ£ô src/main/services/yara-engine.test.ts > checkCancelled > throws ScanCancelledError when signal is aborted 1ms
 Γ£ô src/main/services/yara-engine.test.ts > checkCancelled > does nothing when signal is not aborted 3ms
 Γ£ô src/main/services/yara-engine.test.ts > checkCancelled > does nothing when no signal 1ms
 Γ£ô src/main/services/yara-engine.test.ts > checkCancelled > does nothing when undefined 1ms
 Γ£ô src/main/services/yara-engine.test.ts > yaraMatchToThreatFields > uses metadata fields when available 1ms
 Γ£ô src/main/services/yara-engine.test.ts > yaraMatchToThreatFields > falls back to rule name 1ms
 Γ£ô src/main/services/yara-engine.test.ts > yaraMatchToThreatFields > converts underscores to dots 0ms
 Γ£ô src/main/services/yara-engine.test.ts > yaraMatchToThreatFields > defaults severity to high 0ms
 Γ£ô src/main/services/yara-engine.test.ts > yaraMatchToThreatFields > defaults details 0ms
 Γ£ô src/main/services/yara-engine.test.ts > yaraMatchToThreatFields > handles all severity levels 1ms
 Γ£ô src/main/services/yara-engine.test.ts > yaraMatchToThreatFields > clamps invalid severity 0ms
 Γ£ô src/main/services/yara-engine.test.ts > engine factory and active engine > createYaraEngine returns a YaraEngine instance 1ms
 Γ£ô src/main/services/yara-engine.test.ts > engine factory and active engine > setActiveEngine / getActiveEngine round-trip 0ms
 Γ£ô src/main/services/yara-engine.test.ts > engine factory and active engine > getActiveEngine returns null initially 1ms
 Γ£ô src/main/services/yara-engine.test.ts > engine factory and active engine > setActiveEngine accepts null to clear 1ms
 Γ£ô src/main/services/yara-engine.test.ts > YaraEngine > initialize > creates scanner and sets ready state 12ms
 Γ£ô src/main/services/yara-engine.test.ts > YaraEngine > isReady > returns false before initialize 0ms
 Γ£ô src/main/services/yara-engine.test.ts > YaraEngine > isReady > returns true after initialize 3ms
 Γ£ô src/main/services/yara-engine.test.ts > YaraEngine > isReady > returns false after dispose 3ms
 Γ£ô src/main/services/yara-engine.test.ts > YaraEngine > rulesLoaded > returns 0 by default 0ms
 Γ£ô src/main/services/yara-engine.test.ts > YaraEngine > rulesLoaded > returns count after loadRules 11ms
 Γ£ô src/main/services/yara-engine.test.ts > YaraEngine > loadRules > returns error if not initialized 1ms
 Γ£ô src/main/services/yara-engine.test.ts > YaraEngine > loadRules > loads extra source rules 12ms
 Γ£ô src/main/services/yara-engine.test.ts > YaraEngine > loadRules > reads files and loads rules 9ms
 Γ£ô src/main/services/yara-engine.test.ts > YaraEngine > loadRules > handles file read errors 4ms
 Γ£ô src/main/services/yara-engine.test.ts > YaraEngine > loadRules > skips windows rules on linux 5ms
 Γ£ô src/main/services/yara-engine.test.ts > YaraEngine > loadRules > falls back when bulk compile fails with invalid rule 26ms
 Γ£ô src/main/ipc/clips-engine-connection.test.ts > handlePipeMessage (via pipe data) > updates engine state from engineStatus event with data wrapper 504ms
 Γ£ô src/main/cli/commands/metrics.test.ts > handleMetricsServer > responds to /metrics with prometheus text 138ms
 Γ£ô src/main/cli/commands/metrics.test.ts > handleMetricsServer > responds to /health with ok status 60ms
Prometheus metrics server listening on http://0.0.0.0:9100/metrics
Press Ctrl+C to stop.
 Γ£ô src/main/services/threat-timeline.test.ts > ThreatTimelineService > addEntry creates a new entry 9ms
 Γ£ô src/main/services/threat-timeline.test.ts > ThreatTimelineService > getEntries returns entries newest first 1ms
 Γ£ô src/main/services/threat-timeline.test.ts > ThreatTimelineService > getEntries respects limit 1ms
 Γ£ô src/main/services/threat-timeline.test.ts > ThreatTimelineService > getBySeverity returns filtered results 1ms
 Γ£ô src/main/services/threat-timeline.test.ts > ThreatTimelineService > getByDateRange returns entries in range 1ms
 Γ£ô src/main/services/threat-timeline.test.ts > ThreatTimelineService > getStats returns correct counts 1ms
 Γ£ô src/main/services/threat-timeline.test.ts > ThreatTimelineService > clear removes all entries 1ms
 Γ£ô src/main/services/threat-timeline.test.ts > ThreatTimelineService > MAX_ENTRIES is respected (adding 1001 keeps 1000) 648ms
 Γ£ô src/main/services/scan-cache.test.ts > scan-cache > bulk-clears cache partially when toRemove exceeds three-quarters of MAX_CACHE_SIZE 540ms
Prometheus metrics server listening on http://0.0.0.0:9100/metrics
Press Ctrl+C to stop.
 Γ£ô src/main/services/yara-rules-store.test.ts > yara-rules-store integration > fetchAndCacheRules ΓÇö 3-phase update > rejects bundle with sha256 exceeding 128 chars 11ms
 Γ£ô src/main/services/yara-rules-store.test.ts > yara-rules-store integration > fetchAndCacheRules ΓÇö 3-phase update > skips If-None-Match when stored etag is empty string 6ms
 Γ£ô src/main/services/yara-rules-store.test.ts > yara-rules-store integration > fetchAndCacheRules ΓÇö 3-phase update > handles corrupt etag.json gracefully 20ms
 Γ£ô src/main/services/yara-rules-store.test.ts > yara-rules-store integration > fetchAndCacheRules ΓÇö 3-phase update > sends If-None-Match header when ETag is stored 8ms
 Γ£ô src/main/services/yara-rules-store.test.ts > yara-rules-store integration > getCachedRulePaths > returns .yar files in the cached rules directory 7ms
 Γ£ô src/main/services/yara-rules-store.test.ts > yara-rules-store integration > getCachedRulePaths > returns empty array when dir does not exist 4ms
 Γ£ô src/main/services/yara-rules-store.test.ts > yara-rules-store integration > getCachedRulePaths > returns empty array when no .yar files exist 5ms
 Γ£ô src/main/services/yara-rules-store.test.ts > yara-rules-store integration > getAllRulePaths > returns same as getCachedRulePaths 6ms
 Γ£ô src/main/services/yara-rules-store.test.ts > yara-rules-store integration > getRulesMetadata > returns parsed metadata when metadata.json exists and is valid 4ms
 Γ£ô src/main/services/yara-rules-store.test.ts > yara-rules-store integration > getRulesMetadata > returns null when metadata.json does not exist 4ms
 Γ£ô src/main/services/yara-rules-store.test.ts > yara-rules-store integration > getRulesMetadata > returns null when metadata.json contains invalid JSON 5ms
 Γ£ô src/main/services/yara-rules-store.test.ts > yara-rules-store integration > getRulesMetadata > returns null when metadata has invalid structure (missing version) 5ms
 Γ£ô src/main/services/yara-rules-store.test.ts > yara-rules-store integration > getRulesMetadata > returns null when metadata version is empty string 5ms
 Γ£ô src/main/services/yara-rules-store.test.ts > yara-rules-store integration > getRulesMetadata > returns null when version exceeds max length 3ms
 Γ£ô src/main/services/yara-rules-store.test.ts > yara-rules-store integration > getRulesMetadata > returns null when metadata.json is a JSON array 3ms
 Γ£ô src/main/services/yara-rules-store.test.ts > yara-rules-store integration > getRulesMetadata > returns null when metadata.json is a primitive string 4ms
 Γ£ô src/main/services/yara-engine.test.ts > YaraEngine > loadRules > calls onProgress callback 12ms
 Γ£ô src/main/services/yara-engine.test.ts > YaraEngine > scanBuffer > returns empty if scanner is null 1ms
 Γ£ô src/main/services/yara-engine.test.ts > YaraEngine > scanBuffer > matches strings against loaded rules 12ms
 Γ£ô src/main/services/yara-engine.test.ts > YaraEngine > scanBuffer > returns empty for clean data 12ms
 Γ£ô src/main/services/yara-engine.test.ts > YaraEngine > scanBuffer > matches multiple rules 11ms
 Γ£ô src/main/services/yara-engine.test.ts > YaraEngine > scanFile > returns empty if scanner is null 1ms
 Γ£ô src/main/services/yara-engine.test.ts > YaraEngine > scanFile > scans a real file from disk 12ms
 Γ£ô src/main/services/yara-engine.test.ts > YaraEngine > _convertMatch (via scanBuffer) > populates all metadata fields 12ms
 Γ£ô src/main/services/yara-engine.test.ts > YaraEngine > dispose > clears ready state 3ms
 Γ£ô src/main/services/yara-engine.test.ts > YaraEngine > dispose > resets rulesLoaded 8ms
 Γ£ô src/main/services/yara-engine.test.ts > scanFileWithLock > scans file using active engine with read lock 9ms
 Γ£ô src/main/services/yara-engine.test.ts > scanFileWithLock > returns empty when no active engine 0ms
 Γ£ô src/main/services/yara-engine.test.ts > scanFileWithLock > throws ScanCancelledError when aborted 2ms
 Γ£ô src/main/services/yara-engine.test.ts > scanFileWithLock > releases read lock after scan 6ms
 Γ£ô src/main/services/scan-cache.test.ts > scan-cache > handles undefined keys in incremental removal (defensive guard on line 46) 1ms
 Γ£ô src/main/services/scan-cache.test.ts > scan-cache > caches if originalItems length equals limit exactly 0ms
 Γ£ô src/main/services/scan-cache.test.ts > scan-cache > handles empty items array 1ms
 Γ£ô src/main/services/scan-cache.test.ts > scan-cache > returns all matching items with getCachedItems 1ms
 Γ£ô src/main/services/threat-timeline.test.ts > ThreatTimelineService > Entry has unique ID 2ms
 Γ£ô src/main/services/threat-timeline.test.ts > ThreatTimelineService > empty timeline returns empty array 1ms
 Γ£ô src/main/services/threat-timeline.test.ts > ThreatTimelineService > addEntry with empty name still works 1ms
 Γ£ô src/main/services/threat-timeline.test.ts > ThreatTimelineService > loads entries from file when it exists 1ms
 Γ£ô src/main/services/threat-timeline.test.ts > ThreatTimelineService > creates directory during save when it does not exist 1ms
 Γ£ô src/main/services/threat-timeline.test.ts > ThreatTimelineService > does not create directory during save when it already exists 0ms
 Γ£ô src/main/services/threat-timeline.test.ts > ThreatTimelineService > handles error during save gracefully 1ms
 Γ£ô src/main/services/threat-timeline.test.ts > ThreatTimelineService > handles non-Error throw during save gracefully 1ms
 Γ£ô src/main/services/threat-timeline.test.ts > getThreatTimelineService > creates a new instance on first call and returns same on second 2ms
 Γ£ô src/main/cli/commands/metrics.test.ts > handleMetricsServer > responds with 404 for unknown routes 53ms
 Γ£ô src/main/cli/commands/metrics.test.ts > handleMetricsServer > handles Error thrown in collectMetrics with 500 54ms
 Γ£ô src/main/ipc/system-cleaner/resolve-winapp2-path.test.ts > resolveWinapp2Path > resolves known ${VAR} placeholders 7ms
 Γ£ô src/main/ipc/system-cleaner/resolve-winapp2-path.test.ts > resolveWinapp2Path > returns empty string segment for unknown ${VAR} placeholder 1ms
 Γ£ô src/main/ipc/system-cleaner/resolve-winapp2-path.test.ts > resolveWinapp2Path > resolves known %VAR% placeholders 1ms
 Γ£ô src/main/ipc/system-cleaner/resolve-winapp2-path.test.ts > resolveWinapp2Path > handles path without placeholders 0ms
 Γ£ô src/main/cli/commands/metrics.test.ts > handleMetricsServer > handles non-Error thrown in collectMetrics with 500 54ms
 Γ£ô src/main/ipc/startup-manager/utils.test.ts > makeStableId > produces a 16-character hex string 6ms
 Γ£ô src/main/ipc/startup-manager/utils.test.ts > makeStableId > is deterministic for the same inputs 1ms
 Γ£ô src/main/ipc/startup-manager/utils.test.ts > makeStableId > differs for different names 2ms
 Γ£ô src/main/ipc/startup-manager/utils.test.ts > makeStableId > differs for different sources 1ms
 Γ£ô src/main/ipc/startup-manager/utils.test.ts > friendlyExeName > returns known name for msedge 0ms
 Γ£ô src/main/ipc/startup-manager/utils.test.ts > friendlyExeName > is case-insensitive for known exes 0ms
 Γ£ô src/main/ipc/startup-manager/utils.test.ts > friendlyExeName > returns known name for docker desktop 0ms
 Γ£ô src/main/ipc/startup-manager/utils.test.ts > friendlyExeName > returns known name for lghub_system_tray 0ms
 Γ£ô src/main/ipc/startup-manager/utils.test.ts > friendlyExeName > splits camelCase names 1ms
 Γ£ô src/main/ipc/startup-manager/utils.test.ts > friendlyExeName > replaces underscores and hyphens with spaces 0ms
 Γ£ô src/main/ipc/startup-manager/utils.test.ts > friendlyExeName > normalizes multiple spaces 0ms
 Γ£ô src/main/ipc/startup-manager/utils.test.ts > friendlyExeName > trims whitespace 0ms
 Γ£ô src/main/ipc/startup-manager/utils.test.ts > friendlyExeName > handles empty string 0ms
 Γ£ô src/main/ipc/startup-manager/utils.test.ts > deriveDisplayName > extracts name from electron.app.X pattern 1ms
 Γ£ô src/main/ipc/startup-manager/utils.test.ts > deriveDisplayName > falls back to registryName when electron.app.X capture is null 1ms
 Γ£ô src/main/ipc/startup-manager/utils.test.ts > deriveDisplayName > derives from hex-suffixed names using short prefix 0ms
 Γ£ô src/main/ipc/startup-manager/utils.test.ts > deriveDisplayName > falls back to friendlyExeName for long hex-suffixed prefix with exe 0ms
 Γ£ô src/main/ipc/startup-manager/utils.test.ts > deriveDisplayName > returns prefix for long hex-suffix when exeName is empty 0ms
 Γ£ô src/main/ipc/startup-manager/utils.test.ts > deriveDisplayName > returns readable registry names as-is when they contain a space 0ms
 Γ£ô src/main/ipc/startup-manager/utils.test.ts > deriveDisplayName > returns readable registry names as-is when short and alphanumeric 1ms
 Γ£ô src/main/ipc/startup-manager/utils.test.ts > deriveDisplayName > returns readable registry names with Unicode letters 0ms
 Γ£ô src/main/ipc/startup-manager/utils.test.ts > deriveDisplayName > falls back to friendlyExeName for unreadable registry names with exe 0ms
 Γ£ô src/main/ipc/startup-manager/utils.test.ts > deriveDisplayName > returns registryName when unreadable and no exeName 0ms
 Γ£ô src/main/ipc/startup-manager/utils.test.ts > deriveDisplayName > handles known exe mappings via exe path when registryName is unreadable 0ms
 Γ£ô src/main/ipc/startup-manager/utils.test.ts > deriveDisplayName > camelCase splits for unknown exe names 0ms
 Γ£ô src/main/ipc/startup-manager/utils.test.ts > deriveDisplayName > extracts path from unquoted .exe command 0ms
 Γ£ô src/main/ipc/startup-manager/utils.test.ts > deriveDisplayName > falls back to first token when no .exe in command 0ms
 Γ£ô src/main/ipc/startup-manager/utils.test.ts > deriveDisplayName > returns empty string for completely empty command with unreadable name 0ms
 Γ£ô src/main/ipc/startup-manager/utils.test.ts > deriveDisplayName > strips extension from exe name 0ms
 Γ£ô src/main/ipc/startup-manager/utils.test.ts > deriveDisplayName > handles registryName with special chars that pass the readable test 0ms
 Γ£ô src/main/ipc/startup-manager/utils.test.ts > deriveDisplayName > rejects long registryNames (>30) without spaces as unreadable 0ms
 Γ£ô src/main/ipc/startup-manager/utils.test.ts > deriveDisplayName > properly normalizes backslash to forward slash 0ms
 Γ£ô src/main/ipc/startup-manager/utils.test.ts > stripComment > returns full string when no semicolon 0ms
 Γ£ô src/main/ipc/startup-manager/utils.test.ts > stripComment > strips comment starting at first semicolon outside quotes 0ms
 Γ£ô src/main/ipc/startup-manager/utils.test.ts > stripComment > preserves semicolons inside quoted strings 0ms
 Γ£ô src/main/ipc/startup-manager/utils.test.ts > stripComment > handles multiple quote pairs with semicolon after 0ms
 Γ£ô src/main/ipc/startup-manager/utils.test.ts > stripComment > handles semicolon at the start of string 0ms
 Γ£ô src/main/ipc/startup-manager/utils.test.ts > stripComment > handles empty string 0ms
 Γ£ô src/main/ipc/startup-manager/utils.test.ts > stripComment > handles semicolon inside and outside quotes 0ms
 Γ£ô src/main/ipc/startup-manager/utils.test.ts > stripComment > handles unbalanced quotes ΓÇö semicolon inside quotes is not stripped 0ms
 Γ£ô src/main/ipc/startup-manager/utils.test.ts > stripComment > trims trailing whitespace before comment 0ms
 Γ£ô src/main/ipc/startup-manager/utils.test.ts > stripComment > preserves string with only whitespace 0ms
 Γ£ô src/main/ipc/startup-manager/utils.test.ts > stripComment > handles multiple consecutive semicolons 0ms
 Γ£ô src/main/ipc/startup-manager/utils.test.ts > extractPublisher > returns "Unknown" for undefined 1ms
 Γ£ô src/main/ipc/startup-manager/utils.test.ts > extractPublisher > returns "Unknown" for empty string 0ms
 Γ£ô src/main/ipc/startup-manager/utils.test.ts > extractPublisher > detects Google 0ms
 Γ£ô src/main/ipc/startup-manager/utils.test.ts > extractPublisher > detects Microsoft by backslash path 0ms
 Γ£ô src/main/ipc/startup-manager/utils.test.ts > extractPublisher > detects Microsoft via "microsoft edge" literal string 0ms
 Γ£ô src/main/ipc/startup-manager/utils.test.ts > extractPublisher > detects Microsoft Teams by backslash msteams 0ms
 Γ£ô src/main/ipc/startup-manager/utils.test.ts > extractPublisher > detects OneDrive 0ms
 Γ£ô src/main/ipc/startup-manager/utils.test.ts > extractPublisher > detects Discord 0ms
 Γ£ô src/main/ipc/startup-manager/utils.test.ts > extractPublisher > detects Spotify 0ms
 Γ£ô src/main/ipc/startup-manager/utils.test.ts > extractPublisher > detects Steam 0ms
 Γ£ô src/main/ipc/startup-manager/utils.test.ts > extractPublisher > detects NVIDIA 0ms
 Γ£ô src/main/ipc/startup-manager/utils.test.ts > extractPublisher > detects AMD 0ms
 Γ£ô src/main/ipc/startup-manager/utils.test.ts > extractPublisher > detects Radeon 0ms
 Γ£ô src/main/ipc/startup-manager/utils.test.ts > extractPublisher > detects Intel 0ms
 Γ£ô src/main/ipc/startup-manager/utils.test.ts > extractPublisher > detects Mozilla 0ms
 Γ£ô src/main/ipc/startup-manager/utils.test.ts > extractPublisher > detects Firefox 0ms
 Γ£ô src/main/ipc/startup-manager/utils.test.ts > extractPublisher > detects Notion 0ms
 Γ£ô src/main/ipc/startup-manager/utils.test.ts > extractPublisher > detects Slack 0ms
 Γ£ô src/main/ipc/startup-manager/utils.test.ts > extractPublisher > detects Zoom 0ms
 Γ£ô src/main/ipc/startup-manager/utils.test.ts > extractPublisher > detects Adobe 0ms
 Γ£ô src/main/ipc/startup-manager/utils.test.ts > extractPublisher > detects Logitech 0ms
 Γ£ô src/main/ipc/startup-manager/utils.test.ts > extractPublisher > detects LGHUB 0ms
 Γ£ô src/main/ipc/startup-manager/utils.test.ts > extractPublisher > detects Corsair 0ms
 Γ£ô src/main/ipc/startup-manager/utils.test.ts > extractPublisher > detects iCUE 0ms
 Γ£ô src/main/ipc/startup-manager/utils.test.ts > extractPublisher > detects Razer 0ms
 Γ£ô src/main/ipc/startup-manager/utils.test.ts > extractPublisher > detects Docker 0ms
 Γ£ô src/main/ipc/startup-manager/utils.test.ts > extractPublisher > detects Proton 0ms
 Γ£ô src/main/ipc/startup-manager/utils.test.ts > extractPublisher > detects Dropbox 0ms
 Γ£ô src/main/ipc/startup-manager/utils.test.ts > extractPublisher > detects 1Password 0ms
 Γ£ô src/main/ipc/startup-manager/utils.test.ts > extractPublisher > detects Realtek 0ms
 Γ£ô src/main/ipc/startup-manager/utils.test.ts > extractPublisher > detects HP 0ms
 Γ£ô src/main/ipc/startup-manager/utils.test.ts > extractPublisher > detects Hewlett 0ms
 Γ£ô src/main/ipc/startup-manager/utils.test.ts > extractPublisher > detects Dell 0ms
 Γ£ô src/main/ipc/startup-manager/utils.test.ts > extractPublisher > detects Lenovo 0ms
 Γ£ô src/main/ipc/startup-manager/utils.test.ts > extractPublisher > detects ASUS 0ms
 Γ£ô src/main/ipc/startup-manager/utils.test.ts > extractPublisher > detects Clair 0ms
 Γ£ô src/main/ipc/startup-manager/utils.test.ts > extractPublisher > returns "Unknown" for unrecognized paths 0ms
 Γ£ô src/main/ipc/startup-manager/utils.test.ts > estimateImpact > classifies Windows Defender as none 0ms
 Γ£ô src/main/ipc/startup-manager/utils.test.ts > estimateImpact > classifies Windows Defender by standalone name 0ms
 Γ£ô src/main/ipc/startup-manager/utils.test.ts > estimateImpact > classifies SecurityCenter as none 0ms
 Γ£ô src/main/ipc/startup-manager/utils.test.ts > estimateImpact > detects "windows defender" with space in name 0ms
 Γ£ô src/main/ipc/startup-manager/utils.test.ts > estimateImpact > classifies Chrome as high impact 0ms
 Γ£ô src/main/ipc/startup-manager/utils.test.ts > estimateImpact > classifies Discord as high impact 0ms
 Γ£ô src/main/ipc/startup-manager/utils.test.ts > estimateImpact > classifies Teams as high impact 0ms
 Γ£ô src/main/ipc/startup-manager/utils.test.ts > estimateImpact > classifies ms-teams as high impact 0ms
 Γ£ô src/main/ipc/startup-manager/utils.test.ts > estimateImpact > classifies Slack as high impact 0ms
 Γ£ô src/main/ipc/startup-manager/utils.test.ts > estimateImpact > classifies Steam as high impact 0ms
 Γ£ô src/main/ipc/startup-manager/utils.test.ts > estimateImpact > classifies Edge as high impact 0ms
 Γ£ô src/main/ipc/startup-manager/utils.test.ts > estimateImpact > classifies msedge as high impact 0ms
 Γ£ô src/main/ipc/startup-manager/utils.test.ts > estimateImpact > classifies Docker as high impact 1ms
 Γ£ô src/main/ipc/startup-manager/utils.test.ts > estimateImpact > classifies Spotify as medium impact 1ms
 Γ£ô src/main/ipc/startup-manager/utils.test.ts > estimateImpact > classifies OneDrive as medium impact 0ms
 Γ£ô src/main/ipc/startup-manager/utils.test.ts > estimateImpact > classifies Dropbox as medium impact 0ms
 Γ£ô src/main/ipc/startup-manager/utils.test.ts > estimateImpact > classifies Adobe as medium impact 0ms
 Γ£ô src/main/ipc/startup-manager/utils.test.ts > estimateImpact > classifies Notion as medium impact 0ms
 Γ£ô src/main/ipc/startup-manager/utils.test.ts > estimateImpact > classifies Zoom as medium impact 0ms
 Γ£ô src/main/ipc/startup-manager/utils.test.ts > estimateImpact > classifies Firefox as medium impact 0ms
 Γ£ô src/main/ipc/startup-manager/utils.test.ts > estimateImpact > classifies unknown apps as low impact 0ms
 Γ£ô src/main/ipc/startup-manager/utils.test.ts > estimateImpact > checks both name and command for keywords 0ms
 Γ£ô src/main/ipc/startup-manager/utils.test.ts > estimateImpact > classifies as low when name alone has no match 0ms
 Γ£ô src/main/ipc/startup-manager/utils.test.ts > isSafeTaskName > accepts simple names 2ms
 Γ£ô src/main/ipc/startup-manager/utils.test.ts > isSafeTaskName > accepts names with Unicode letters 0ms
 Γ£ô src/main/ipc/startup-manager/utils.test.ts > isSafeTaskName > accepts names with Unicode numbers 1ms
 Γ£ô src/main/ipc/startup-manager/utils.test.ts > isSafeTaskName > rejects empty string 0ms
 Γ£ô src/main/ipc/startup-manager/utils.test.ts > isSafeTaskName > rejects names with shell metacharacters 1ms
 Γ£ô src/main/ipc/startup-manager/utils.test.ts > isSafeTaskName > rejects names longer than 260 chars 0ms
 Γ£ô src/main/ipc/startup-manager/utils.test.ts > isSafeTaskName > accepts names at exactly 260 chars 0ms
 Γ£ô src/main/ipc/startup-manager/utils.test.ts > isSafeTaskName > rejects non-string input 0ms
 Γ£ô src/main/ipc/startup-manager/utils.test.ts > ALLOWED_STARTUP_LOCATIONS > contains all three known Run key locations 1ms
 Γ£ô src/main/ipc/startup-manager/utils.test.ts > ALLOWED_STARTUP_LOCATIONS > does not contain arbitrary registry paths 1ms
 Γ£ô src/main/ipc/startup-manager/utils.test.ts > ALLOWED_STARTUP_LOCATIONS > has exactly 3 entries 0ms
 Γ£ô src/main/ipc/windows-tweaks/index.test.ts > windows-tweaks/index.ts ΓÇö barrel exports > re-exports DNS_PRESETS from network 41ms
 Γ£ô src/main/ipc/windows-tweaks/index.test.ts > windows-tweaks/index.ts ΓÇö barrel exports > re-exports REG_TYPE_RE from handlers 2ms
 Γ£ô src/main/ipc/windows-tweaks/index.test.ts > windows-tweaks/index.ts ΓÇö barrel exports > re-exports getCatalog from handlers 1ms
 Γ£ô src/main/ipc/windows-tweaks/index.test.ts > windows-tweaks/index.ts ΓÇö barrel exports > re-exports getCatalogByCategory from handlers 1ms
 Γ£ô src/main/ipc/windows-tweaks/index.test.ts > windows-tweaks/index.ts ΓÇö barrel exports > re-exports registerWindowsTweaksIpc from handlers 0ms
 Γ£ô src/main/ipc/windows-tweaks/index.test.ts > windows-tweaks/index.ts ΓÇö registerWindowsTweaksIpc > registers the expected IPC channels 2ms
 Γ£ô src/main/ipc/windows-tweaks/index.test.ts > windows-tweaks/index.ts ΓÇö registerWindowsTweaksIpc > calls all sub-register functions 2ms
 Γ£ô src/main/ipc/windows-tweaks/index.test.ts > windows-tweaks/index.ts ΓÇö registerWindowsTweaksIpc > passes the getWindow callback to sub-registrars 4ms
 Γ£ô src/main/services/yara-rules-store.test.ts > yara-rules-store integration > startPeriodicRuleChecks > sets up interval and calls fetch 22ms
 Γ£ô src/main/services/yara-rules-store.test.ts > yara-rules-store integration > startPeriodicRuleChecks > calls onUpdated when fetch succeeds 17ms
 Γ£ô src/main/services/yara-rules-store.test.ts > yara-rules-store integration > startPeriodicRuleChecks > handles fetch errors gracefully without crashing 7ms
 Γ£ô src/main/services/yara-rules-store.test.ts > yara-rules-store integration > startPeriodicRuleChecks > stops previous checks before starting new ones 7ms
 Γ£ô src/main/services/yara-rules-store.test.ts > yara-rules-store integration > stopPeriodicRuleChecks > stops periodic checks and clears state 5ms
 Γ£ô src/main/services/yara-rules-store.test.ts > yara-rules-store integration > stopPeriodicRuleChecks > can be called multiple times without error 4ms
 Γ£ô src/main/services/yara-engine.test.ts > scanBufferWithLock > scans buffer using active engine with read lock 10ms
 Γ£ô src/main/services/yara-engine.test.ts > scanBufferWithLock > returns empty when no active engine 1ms
 Γ£ô src/main/services/yara-engine.test.ts > scanBufferWithLock > throws ScanCancelledError when aborted 1ms
 Γ£ô src/main/services/yara-engine.test.ts > scanBufferWithLock > releases read lock after scan 4ms
 Γ£ô src/main/services/yara-engine.test.ts > compileRulesWithLock > compiles rules with write lock 8ms
 Γ£ô src/main/services/yara-engine.test.ts > compileRulesWithLock > throws ScanCancelledError when aborted 1ms
 Γ£ô src/main/services/yara-engine.test.ts > compileRulesWithLock > releases write lock after compilation 10ms
 Γ£ô src/main/services/yara-engine.test.ts > compileRulesWithLock > releases write lock on error 9ms
 Γ£ô src/main/services/yara-engine.test.ts > compileRulesWithLock > passes extra sources and progress through 12ms
 Γ£ô src/main/platform/win32/browser.test.ts > win32 browser > closeBrowsers > calls taskkill for each browser process 18ms
 Γ£ô src/main/platform/win32/browser.test.ts > win32 browser > closeBrowsers > ignores errors when a process is not running 6ms
 Γ£ô src/main/platform/win32/browser.test.ts > win32 browser > closeBrowsers > continues killing remaining browsers after one fails 1ms
 Γ£ô src/main/ipc/windows-tweaks/handlers.test.ts > handlers.ts > getCatalog > returns the merged tweak catalog 33ms
 Γ£ô src/main/ipc/windows-tweaks/handlers.test.ts > handlers.ts > getCatalogByCategory > filters by category 1ms
 Γ£ô src/main/ipc/windows-tweaks/handlers.test.ts > handlers.ts > getCatalogByCategory > returns empty for unknown category 1ms
 Γ£ô src/main/ipc/windows-tweaks/handlers.test.ts > handlers.ts > REG_TYPE_RE > matches REG_DWORD lines 3ms
 Γ£ô src/main/ipc/windows-tweaks/handlers.test.ts > handlers.ts > REG_TYPE_RE > matches REG_SZ lines 1ms
 Γ£ô src/main/ipc/windows-tweaks/handlers.test.ts > handlers.ts > registerWindowsTweaksIpc > registers 4 IPC handlers 3ms
 Γ£ô src/main/ipc/windows-tweaks/handlers.test.ts > handlers.ts > registerWindowsTweaksIpc > calls sub-register functions 2ms
 Γ£ô src/main/ipc/windows-tweaks/handlers.test.ts > handlers.ts > WINDOWS_TWEAKS_LIST handler > lists tweak statuses (all false when reg query fails) 6ms
 Γ£ô src/main/ipc/windows-tweaks/handlers.test.ts > handlers.ts > WINDOWS_TWEAKS_APPLY handler > applies HKCU DWord tweak successfully 2ms
 Γ£ô src/main/ipc/windows-tweaks/handlers.test.ts > handlers.ts > WINDOWS_TWEAKS_APPLY handler > applies HKLM DWord tweak successfully 1ms
 Γ£ô src/main/ipc/windows-tweaks/handlers.test.ts > handlers.ts > WINDOWS_TWEAKS_APPLY handler > fails when not admin on HKLM tweak 1ms
 Γ£ô src/main/ipc/windows-tweaks/handlers.test.ts > handlers.ts > WINDOWS_TWEAKS_APPLY handler > handles reg.exe command failure 2ms
 Γ£ô src/main/ipc/windows-tweaks/handlers.test.ts > handlers.ts > WINDOWS_TWEAKS_APPLY handler > handles "system cannot find" reg error 2ms
 Γ£ô src/main/ipc/windows-tweaks/handlers.test.ts > handlers.ts > WINDOWS_TWEAKS_APPLY handler > handles "incorrect function" reg error 1ms
 Γ£ô src/main/ipc/windows-tweaks/handlers.test.ts > handlers.ts > WINDOWS_TWEAKS_APPLY handler > handles unknown error type 1ms
 Γ£ô src/main/ipc/windows-tweaks/handlers.test.ts > handlers.ts > WINDOWS_TWEAKS_APPLY handler > handles Portuguese access denied error 1ms
 Γ£ô src/main/ipc/windows-tweaks/handlers.test.ts > handlers.ts > WINDOWS_TWEAKS_APPLY handler > skips unknown ids 1ms
 Γ£ô src/main/ipc/windows-tweaks/handlers.test.ts > handlers.ts > WINDOWS_TWEAKS_APPLY handler > sends progress to window 7ms
 Γ£ô src/main/ipc/windows-tweaks/handlers.test.ts > handlers.ts > WINDOWS_TWEAKS_APPLY handler > collects needsReboot and needsLogoff 2ms
 Γ£ô src/main/ipc/windows-tweaks/handlers.test.ts > handlers.ts > WINDOWS_TWEAKS_APPLY handler > applies gamedvr-pm via policy tweak path 1ms
 Γ£ô src/main/ipc/windows-tweaks/handlers.test.ts > handlers.ts > WINDOWS_TWEAKS_APPLY handler > applies pcie-aspm-off via powercfg path 2ms
 Γ£ô src/main/ipc/windows-tweaks/handlers.test.ts > handlers.ts > WINDOWS_TWEAKS_APPLY handler > runs fsutil for ntfs-last-access-off 1ms
 Γ£ô src/main/ipc/windows-tweaks/handlers.test.ts > handlers.ts > WINDOWS_TWEAKS_APPLY handler > returns null window gracefully 1ms
 Γ£ô src/main/ipc/windows-tweaks/handlers.test.ts > handlers.ts > WINDOWS_TWEAKS_REVERT handler > reverts HKCU tweak successfully 2ms
 Γ£ô src/main/ipc/windows-tweaks/handlers.test.ts > handlers.ts > WINDOWS_TWEAKS_REVERT handler > reverts HKLM tweak successfully 1ms
 Γ£ô src/main/ipc/windows-tweaks/handlers.test.ts > handlers.ts > WINDOWS_TWEAKS_REVERT handler > fails when not admin on HKLM revert 1ms
 Γ£ô src/main/ipc/windows-tweaks/handlers.test.ts > handlers.ts > WINDOWS_TWEAKS_REVERT handler > handles reg.exe revert failure 1ms
 Γ£ô src/main/ipc/windows-tweaks/handlers.test.ts > handlers.ts > WINDOWS_TWEAKS_REVERT handler > reverts gamedvr-pm via policy path 2ms
 Γ£ô src/main/ipc/windows-tweaks/handlers.test.ts > handlers.ts > WINDOWS_TWEAKS_REVERT handler > reverts pcie-aspm-off via powercfg path 2ms
 Γ£ô src/main/ipc/windows-tweaks/handlers.test.ts > handlers.ts > WINDOWS_TWEAKS_REVERT handler > runs fsutil on ntfs-last-access-off revert 1ms
 Γ£ô src/main/ipc/windows-tweaks/handlers.test.ts > handlers.ts > WINDOWS_TWEAKS_REVERT handler > sends progress to window on revert 2ms
 Γ£ô src/main/ipc/windows-tweaks/handlers.test.ts > handlers.ts > WINDOWS_TWEAKS_REVERT handler > collects needsReboot on revert 1ms
 Γ£ô src/main/ipc/windows-tweaks/handlers.test.ts > handlers.ts > WINDOWS_TWEAKS_REVERT handler > skips unknown ids on revert 3ms
 Γ£ô src/main/ipc/windows-tweaks/handlers.test.ts > handlers.ts > WINDOWS_TWEAKS_REVERT handler > returns null window gracefully on revert 1ms
 Γ£ô src/main/platform/win32/elevation.test.ts > win32 elevation > returns true when whoami /groups contains admin SID 23ms
 Γ£ô src/main/platform/win32/elevation.test.ts > win32 elevation > returns false when whoami /groups lacks admin SID 2ms
 Γ£ô src/main/platform/win32/elevation.test.ts > win32 elevation > returns false when whoami throws (process not admin) 2ms
 Γ£ô src/main/platform/win32/elevation.test.ts > win32 elevation > caches the result within TTL window 2ms
 Γ£ô src/main/platform/win32/commands.test.ts > win32 commands > shutdown > calls shutdown.exe with /s and the given delay 10ms
 Γ£ô src/main/platform/win32/commands.test.ts > win32 commands > restart > calls shutdown.exe with /r and the given delay 1ms
 Γ£ô src/main/platform/win32/commands.test.ts > win32 commands > getDnsServers > parses DNS server entries from powershell output 1ms
 Γ£ô src/main/platform/win32/commands.test.ts > win32 commands > getDnsServers > handles single-object powershell output (not array) 1ms
 Γ£ô src/main/platform/win32/commands.test.ts > win32 commands > getDnsServers > filters out entries with no server addresses 2ms
 Γ£ô src/main/platform/win32/commands.test.ts > win32 commands > getDnsServers > returns empty array on error 1ms
 Γ£ô src/main/platform/win32/commands.test.ts > win32 commands > getEventLog > parses event log entries 1ms
 Γ£ô src/main/platform/win32/commands.test.ts > win32 commands > getEventLog > sanitizes unknown log names to System 1ms
 Γ£ô src/main/platform/win32/commands.test.ts > win32 commands > getEventLog > clamps maxEntries between 1 and 200 0ms
 Γ£ô src/main/platform/win32/commands.test.ts > win32 commands > getEventLog > defaults to 50 when maxEntries is NaN 0ms
 Γ£ô src/main/platform/win32/commands.test.ts > win32 commands > getEventLog > defaults missing fields to sensible values 1ms
 Γ£ô src/main/platform/win32/commands.test.ts > win32 commands > getInstalledApps > parses installed apps from powershell output 1ms
 Γ£ô src/main/platform/win32/commands.test.ts > win32 commands > getInstalledApps > returns empty array for empty output 0ms
 Γ£ô src/main/platform/win32/commands.test.ts > win32 commands > getInstalledApps > handles single-object output 1ms
 Γ£ô src/main/platform/win32/commands.test.ts > win32 commands > checkOsUpdates > parses available updates 1ms
 Γ£ô src/main/platform/win32/commands.test.ts > win32 commands > checkOsUpdates > returns empty array on error 1ms
 Γ£ô src/main/platform/win32/commands.test.ts > win32 commands > checkOsUpdates > returns empty array for empty output 1ms
 Γ£ô src/main/platform/win32/commands.test.ts > win32 commands > installOsUpdates > parses successful install result 1ms
 Γ£ô src/main/platform/win32/commands.test.ts > win32 commands > installOsUpdates > returns failure result on error 0ms
 Γ£ô src/main/platform/win32/commands.test.ts > win32 commands > runSystemFileCheck > returns clean status when no violations found 1ms
 Γ£ô src/main/platform/win32/commands.test.ts > win32 commands > runSystemFileCheck > returns repaired status 0ms
 Γ£ô src/main/platform/win32/commands.test.ts > win32 commands > runSystemFileCheck > returns corrupt_unrepairable status 0ms
 Γ£ô src/main/platform/win32/commands.test.ts > win32 commands > runSystemFileCheck > returns failed status when could not perform 0ms
 Γ£ô src/main/platform/win32/commands.test.ts > win32 commands > runSystemFileCheck > returns unknown for unrecognized output 0ms
 Γ£ô src/main/platform/win32/commands.test.ts > win32 commands > runSystemFileCheck > returns failed on error 0ms
 Γ£ô src/main/platform/win32/commands.test.ts > win32 commands > runSystemImageRepair > returns success when restore completed successfully 1ms
 Γ£ô src/main/platform/win32/commands.test.ts > win32 commands > runSystemImageRepair > returns corrupt when component store corruption detected 0ms
 Γ£ô src/main/platform/win32/commands.test.ts > win32 commands > runSystemImageRepair > returns clean when no component store corruption detected 0ms
 Γ£ô src/main/platform/win32/commands.test.ts > win32 commands > runSystemImageRepair > returns success for exit code 0 with unrecognized output 0ms
 Γ£ô src/main/platform/win32/commands.test.ts > win32 commands > runSystemImageRepair > returns unknown for non-zero exit with unrecognized output 0ms
 Γ£ô src/main/platform/win32/commands.test.ts > win32 commands > runSystemImageRepair > returns failed on error 0ms
 Γ£ô src/main/platform/win32/index.test.ts > createWin32Provider > returns a provider with all expected properties 7ms
 Γ£ô src/main/ipc/windows-tweaks/handlers.test.ts > handlers.ts > WINDOWS_TWEAKS_STATUS handler > returns same structure as LIST 2ms
 Γ£ô src/main/ipc/windows-tweaks/handlers.test.ts > handlers.ts > checkTweakApplied ΓÇö DWord query > returns true when registry value matches (hex) 2ms
 Γ£ô src/main/ipc/windows-tweaks/handlers.test.ts > handlers.ts > checkTweakApplied ΓÇö DWord query > returns true when registry value matches (decimal) 2ms
 Γ£ô src/main/ipc/windows-tweaks/handlers.test.ts > handlers.ts > checkTweakApplied ΓÇö DWord query > returns false when value does not match 2ms
 Γ£ô src/main/ipc/windows-tweaks/handlers.test.ts > handlers.ts > checkTweakApplied ΓÇö DWord query > returns false when key not found in stdout 2ms
 Γ£ô src/main/ipc/windows-tweaks/handlers.test.ts > handlers.ts > checkTweakApplied ΓÇö DWord query > returns false when no REG match in data line 2ms
 Γ£ô src/main/ipc/windows-tweaks/handlers.test.ts > handlers.ts > checkTweakApplied ΓÇö DWord query > returns false on command error 2ms
 Γ£ô src/main/ipc/windows-tweaks/handlers.test.ts > handlers.ts > checkPowerCfgTweak (via LIST) > returns true when powercfg query matches 3ms
 Γ£ô src/main/ipc/windows-tweaks/handlers.test.ts > handlers.ts > checkPowerCfgTweak (via LIST) > returns false when powercfg query fails and registry also fails 2ms
 Γ£ô src/main/ipc/windows-tweaks/handlers.test.ts > handlers.ts > checkPowerCfgTweak (via LIST) > falls back to registry when powercfg query returns no GUID 2ms
 Γ£ô src/main/ipc/windows-tweaks/handlers.test.ts > handlers.ts > checkPowerCfgTweak (via LIST) > returns false when registry fallback value does not match 2ms
 Γ£ô src/main/ipc/windows-tweaks/handlers.test.ts > handlers.ts > applyPowerCfgTweak (via APPLY) > handles powercfg setacvalueindex failure gracefully 2ms
 Γ£ô src/main/ipc/windows-tweaks/handlers.test.ts > handlers.ts > applyPowerCfgTweak (via APPLY) > handles powercfg setdcvalueindex failure gracefully 2ms
 Γ£ô src/main/ipc/windows-tweaks/handlers.test.ts > handlers.ts > applyPowerCfgTweak (via APPLY) > handles reg.exe add Default failure gracefully 2ms
 Γ£ô src/main/ipc/windows-tweaks/handlers.test.ts > handlers.ts > applyPowerCfgTweak (via APPLY) > skips SETACTIVE when no active GUID found 2ms
 Γ£ô src/main/ipc/windows-tweaks/handlers.test.ts > handlers.ts > applyPowerCfgTweak (via APPLY) > applies processor-min-max with 2 settings 2ms
 Γ£ô src/main/ipc/windows-tweaks/handlers.test.ts > handlers.ts > applyRegistryTweak ΓÇö Interface path > delegates to applyInterfaceTweak for Interface paths 2ms
 Γ£ô src/main/ipc/windows-tweaks/handlers.test.ts > handlers.ts > applyRegistryTweak ΓÇö Interface path > reverts Interface path via applyInterfaceTweak defaultValue 1ms
 Γ£ô src/main/ipc/windows-tweaks/handlers.test.ts > handlers.ts > checkInterfaceTweakApplied (via LIST) > returns true when all subkeys have OK 5ms
 Γ£ô src/main/ipc/windows-tweaks/handlers.test.ts > handlers.ts > checkInterfaceTweakApplied (via LIST) > returns false when PS output does not contain OK 3ms
 Γ£ô src/main/platform/win32/malware-paths.test.ts > allows paths in Downloads folder 8ms
 Γ£ô src/main/platform/win32/malware-paths.test.ts > allows paths in Desktop folder 1ms
 Γ£ô src/main/platform/win32/malware-paths.test.ts > allows paths in Documents folder 0ms
 Γ£ô src/main/platform/win32/malware-paths.test.ts > allows paths in AppData folder 0ms
 Γ£ô src/main/platform/win32/malware-paths.test.ts > allows paths in TEMP folder 0ms
 Γ£ô src/main/platform/win32/malware-paths.test.ts > allows paths in ProgramData folder 0ms
 Γ£ô src/main/platform/win32/malware-paths.test.ts > rejects paths outside allowed prefixes 0ms
 Γ£ô src/main/platform/win32/malware-paths.test.ts > rejects paths in Program Files 0ms
 Γ£ô src/main/platform/win32/malware-paths.test.ts > rejects paths in Windows root 1ms
 Γ£ô src/main/platform/win32/malware-paths.test.ts > is case-insensitive 1ms
 Γ£ô src/main/platform/win32/malware-paths.test.ts > handles different USERPROFILE values 1ms
 Γ£ô src/main/platform/win32/malware-paths.test.ts > falls back to homedir when USERPROFILE is not set 1ms
 Γ£ô src/main/platform/win32/malware-paths.test.ts > uses TEMP env var when available 1ms
 Γ£ô src/main/platform/win32/malware-paths.test.ts > falls back to default temp path when TEMP is not set 0ms
 Γ£ô src/main/platform/win32/malware.test.ts > win32 malware > shouldAnalyzePE > returns true on Windows 6ms
 Γ£ô src/main/platform/win32/malware.test.ts > win32 malware > scannableExtensions > returns a non-empty array of extensions 1ms
 Γ£ô src/main/platform/win32/malware.test.ts > win32 malware > scannableExtensions > all extensions start with a dot 5ms
 Γ£ô src/main/platform/win32/malware.test.ts > win32 malware > scannableExtensions > includes common executable extensions 3ms
 Γ£ô src/main/platform/win32/malware.test.ts > win32 malware > scannableExtensions > includes script extensions 1ms
 Γ£ô src/main/platform/win32/malware.test.ts > win32 malware > scannableExtensions > includes link and registry extensions 0ms
 Γ£ô src/main/platform/win32/malware.test.ts > win32 malware > scannableExtensions > returns unique extensions 0ms
 Γ£ô src/main/services/remote-license.test.ts > remote-license > checkLicense > falls back to offline cache when server is unreachable and cache is valid 1509ms
 Γ£ô src/main/platform/win32/privacy.test.ts > win32 privacy > getSettings > returns the PRIVACY_SETTINGS array from the IPC module 7ms
 Γ£ô src/main/platform/win32/privacy.test.ts > win32 privacy > getSettings > returns the expected settings entries 3ms
 Γ£ô src/main/platform/win32/privacy.test.ts > win32 privacy > getSettings > each setting has id and label properties 1ms
 Γ£ô src/main/ipc/clips-engine-connection.test.ts > handlePipeMessage (via pipe data) > updates engine state from engineStatus without data wrapper 508ms
 Γ£ô src/main/platform/win32/services.test.ts > win32 services > scan > delegates to scanServices from the IPC module 8ms
 Γ£ô src/main/platform/win32/services.test.ts > win32 services > scan > passes onProgress callback to scanServices 4ms
 Γ£ô src/main/platform/win32/services.test.ts > win32 services > scan > propagates errors from scanServices 4ms
 Γ£ô src/main/platform/win32/services.test.ts > win32 services > applyChanges > delegates to applyServiceChanges from the IPC module 2ms
 Γ£ô src/main/platform/win32/services.test.ts > win32 services > applyChanges > propagates errors from applyServiceChanges 1ms
 Γ£ô src/main/platform/win32/network.test.ts > win32 network > getEstablishedConnections > parses IPv4 established connections from netstat output 14ms
 Γ£ô src/main/platform/win32/network.test.ts > win32 network > getEstablishedConnections > skips loopback addresses 1ms
 Γ£ô src/main/platform/win32/network.test.ts > win32 network > getEstablishedConnections > skips non-ESTABLISHED lines 1ms
 Γ£ô src/main/platform/win32/network.test.ts > win32 network > getEstablishedConnections > handles IPv6 bracket notation 1ms
 Γ£ô src/main/platform/win32/network.test.ts > win32 network > getEstablishedConnections > skips IPv6 loopback addresses 1ms
 Γ£ô src/main/platform/win32/network.test.ts > win32 network > getEstablishedConnections > sets pid to null when PID is not numeric 1ms
 Γ£ô src/main/platform/win32/network.test.ts > win32 network > getEstablishedConnections > returns empty array on error 1ms
 Γ£ô src/main/platform/win32/network.test.ts > win32 network > getEstablishedConnections > skips lines with insufficient columns 0ms
 Γ£ô src/main/platform/win32/network.test.ts > win32 network > getListeningPorts > parses listening ports from netstat output 1ms
 Γ£ô src/main/platform/win32/network.test.ts > win32 network > getListeningPorts > handles IPv6 bracket notation for listening ports 0ms
 Γ£ô src/main/platform/win32/network.test.ts > win32 network > getListeningPorts > returns empty array on error 0ms
 Γ£ô src/main/platform/win32/network.test.ts > win32 network > getListeningPorts > skips non-LISTENING lines 0ms
 Γ£ô src/main/platform/win32/network.test.ts > win32 network > getDnsCacheEntries > parses DNS cache entries 1ms
 Γ£ô src/main/platform/win32/network.test.ts > win32 network > getDnsCacheEntries > handles null Data fields 0ms
 Γ£ô src/main/platform/win32/network.test.ts > win32 network > getDnsCacheEntries > returns empty array for empty output 0ms
 Γ£ô src/main/platform/win32/network.test.ts > win32 network > getDnsCacheEntries > returns empty array on error 0ms
 Γ£ô src/main/platform/win32/network.test.ts > win32 network > flushDnsCache > returns true on success 3ms
 Γ£ô src/main/platform/win32/network.test.ts > win32 network > flushDnsCache > returns false on error 0ms
 Γ£ô src/main/platform/win32/network.test.ts > win32 network > getWifiProfiles > parses wifi profiles and fetches security details 6ms
 Γ£ô src/main/platform/win32/network.test.ts > win32 network > getWifiProfiles > skips profiles with suspicious characters in name 2ms
 Γ£ô src/main/platform/win32/network.test.ts > win32 network > getWifiProfiles > returns empty array on error 1ms
 Γ£ô src/main/platform/win32/network.test.ts > win32 network > getWifiProfiles > uses Unknown security when detail fetch fails 2ms
 Γ£ô src/main/platform/win32/network.test.ts > win32 network > deleteWifiProfile > returns true on successful deletion 1ms
 Γ£ô src/main/platform/win32/network.test.ts > win32 network > deleteWifiProfile > returns false when name contains quotes 0ms
 Γ£ô src/main/platform/win32/network.test.ts > win32 network > deleteWifiProfile > returns false when name contains control characters 0ms
 Γ£ô src/main/platform/win32/network.test.ts > win32 network > deleteWifiProfile > returns false on error 1ms
 Γ£ô src/main/platform/win32/network.test.ts > win32 network > clearArpCache > returns true on success 0ms
 Γ£ô src/main/platform/win32/network.test.ts > win32 network > clearArpCache > returns false on error 1ms
 Γ£ô src/main/platform/win32/security.test.ts > win32 security > isServer > returns false for Windows desktop 9ms
 Γ£ô src/main/platform/win32/security.test.ts > win32 security > collectAntivirusStatus > parses antivirus products from WMI output 4ms
 Γ£ô src/main/platform/win32/security.test.ts > win32 security > collectAntivirusStatus > handles single-object output 1ms
 Γ£ô src/main/platform/win32/security.test.ts > win32 security > collectAntivirusStatus > identifies third-party AV as primary over Windows Defender 1ms
 Γ£ô src/main/platform/win32/security.test.ts > win32 security > collectAntivirusStatus > falls back to Windows Defender as primary when no third-party AV 1ms
 Γ£ô src/main/platform/win32/security.test.ts > win32 security > collectAntivirusStatus > defaults displayName to Unknown when missing 1ms
 Γ£ô src/main/platform/win32/security.test.ts > win32 security > collectFirewallStatus > parses firewall products and Windows profiles 3ms
 Γ£ô src/main/platform/win32/security.test.ts > win32 security > collectFirewallStatus > handles failure of both firewall queries gracefully 1ms
 Γ£ô src/main/platform/win32/security.test.ts > win32 security > collectFirewallStatus > detects enabled when only Windows profiles are all on 1ms
 Γ£ô src/main/platform/win32/security.test.ts > win32 security > collectFirewallStatus > reports disabled when only some Windows profiles are on 1ms
 Γ£ô src/main/platform/win32/security.test.ts > win32 security > collectDiskEncryptionStatus > parses BitLocker volume statuses 1ms
 Γ£ô src/main/platform/win32/security.test.ts > win32 security > collectDiskEncryptionStatus > handles unknown volume status codes 0ms
 Γ£ô src/main/platform/win32/security.test.ts > win32 security > collectDiskEncryptionStatus > returns empty volumes array on error 1ms
 Γ£ô src/main/platform/win32/security.test.ts > win32 security > collectUpdateStatus > parses hotfix data and calculates days since last patch 4ms
 Γ£ô src/main/platform/win32/security.test.ts > win32 security > collectUpdateStatus > filters out patches without HotFixID or InstalledOn 1ms
 Γ£ô src/main/platform/win32/security.test.ts > win32 security > collectUpdateStatus > handles InstalledOn as array (PowerShell DateTime[]) 0ms
 Γ£ô src/main/platform/win32/security.test.ts > win32 security > collectUpdateStatus > returns null values when no patches exist 2ms
 Γ£ô src/main/platform/win32/security.test.ts > win32 security > collectScreenLockStatus > parses screen lock settings from registry data 1ms
 Γ£ô src/main/platform/win32/security.test.ts > win32 security > collectScreenLockStatus > handles numeric ssActive and ssSecure values 1ms
 Γ£ô src/main/platform/win32/security.test.ts > win32 security > collectScreenLockStatus > handles disabled screen saver 1ms
 Γ£ô src/main/platform/win32/security.test.ts > win32 security > collectPasswordPolicy > parses password policy from net accounts output 1ms
 Γ£ô src/main/platform/win32/security.test.ts > win32 security > collectPasswordPolicy > defaults non-numeric fields to 0 and booleans to false 1ms
 Γ£ô src/main/platform/win32/security.test.ts > win32 security > stub methods returning null > collectSshHardening returns null 1ms
 Γ£ô src/main/platform/win32/security.test.ts > win32 security > stub methods returning null > collectFail2ban returns null 0ms
 Γ£ô src/main/platform/win32/security.test.ts > win32 security > stub methods returning null > collectListeningPorts returns null 0ms
 Γ£ô src/main/platform/win32/security.test.ts > win32 security > stub methods returning null > collectAuditd returns null 0ms
 Γ£ô src/main/platform/win32/security.test.ts > win32 security > stub methods returning null > collectSuidSgidBinaries returns null 0ms
 Γ£ô src/main/platform/win32/security.test.ts > win32 security > stub methods returning null > collectLinuxFirewallStatus returns null 0ms
 Γ£ô src/main/platform/win32/paths.test.ts > win32 paths > systemCleanTargets > returns an array of clean targets 6ms
 Γ£ô src/main/platform/win32/paths.test.ts > win32 paths > systemCleanTargets > includes user temp files under LOCALAPPDATA\Temp 1ms
 Γ£ô src/main/platform/win32/paths.test.ts > win32 paths > systemCleanTargets > includes system temp files under WINDIR\Temp 1ms
 Γ£ô src/main/platform/win32/paths.test.ts > win32 paths > systemCleanTargets > marks system-level targets as needsAdmin 1ms
 Γ£ô src/main/platform/win32/paths.test.ts > win32 paths > systemCleanTargets > does not mark user-level targets as needsAdmin 1ms
 Γ£ô src/main/platform/win32/paths.test.ts > win32 paths > systemCleanTargets > includes Windows Update Cache and Delivery Optimization 1ms
 Γ£ô src/main/platform/win32/paths.test.ts > win32 paths > systemCleanTargets > includes Previous Windows Installation (Windows.old) 1ms
 Γ£ô src/main/platform/win32/paths.test.ts > win32 paths > systemCleanTargets > every target has a non-empty path and subcategory 6ms
 Γ£ô src/main/platform/win32/paths.test.ts > win32 paths > singleFileCleanTargets > includes the full memory dump file 1ms
 Γ£ô src/main/platform/win32/paths.test.ts > win32 paths > protectedEventLogs > returns a non-empty array 0ms
 Γ£ô src/main/platform/win32/paths.test.ts > win32 paths > protectedEventLogs > includes the Security event log 2ms
 Γ£ô src/main/platform/win32/paths.test.ts > win32 paths > protectedEventLogs > includes System and Application logs 1ms
 Γ£ô src/main/platform/win32/paths.test.ts > win32 paths > protectedEventLogs > includes Sysmon operational log 0ms
 Γ£ô src/main/platform/win32/paths.test.ts > win32 paths > protectedEventLogs > all entries are .evtx files 1ms
 Γ£ô src/main/platform/win32/paths.test.ts > win32 paths > browserPaths > has paths for Chrome, Edge, Brave, Firefox, and others 1ms
 Γ£ô src/main/platform/win32/paths.test.ts > win32 paths > browserPaths > Chromium browsers have consistent cache dir names 1ms
 Γ£ô src/main/platform/win32/paths.test.ts > win32 paths > browserPaths > Safari is null on Windows 0ms
 Γ£ô src/main/platform/win32/paths.test.ts > win32 paths > browserPaths > Firefox has separate base and cache paths 0ms
 Γ£ô src/main/platform/win32/paths.test.ts > win32 paths > appPaths > returns multiple app definitions 0ms
 Γ£ô src/main/platform/win32/paths.test.ts > win32 paths > appPaths > each app has a unique id 0ms
 Γ£ô src/main/platform/win32/paths.test.ts > win32 paths > appPaths > each app has at least one path 4ms
 Γ£ô src/main/platform/win32/paths.test.ts > win32 paths > appPaths > includes common apps (Discord, VS Code, npm) 1ms
 Γ£ô src/main/platform/win32/paths.test.ts > win32 paths > gamingPaths > includes Steam, Epic, EA, and others 1ms
 Γ£ô src/main/platform/win32/paths.test.ts > win32 paths > gpuCachePaths > includes NVIDIA, AMD, and Intel 1ms
 Γ£ô src/main/platform/win32/paths.test.ts > win32 paths > malwareScanDirs > includes user Downloads and Desktop 0ms
 Γ£ô src/main/platform/win32/paths.test.ts > win32 paths > malwareScanDirs > includes Temp and AppData 0ms
 Γ£ô src/main/platform/win32/paths.test.ts > win32 paths > malwareSystemDirs > includes system32 and syswow64 0ms
 Γ£ô src/main/platform/win32/paths.test.ts > win32 paths > malwareSystemDirs > all paths are lowercase 1ms
 Γ£ô src/main/platform/win32/paths.test.ts > win32 paths > uninstallLeftoverDirs > includes major Windows directories 1ms
 Γ£ô src/main/platform/win32/paths.test.ts > win32 paths > uninstallLeftoverDirs > each entry has an id, name, and path 1ms
 Γ£ô src/main/platform/win32/paths.test.ts > win32 paths > steamLibraries > includes the default x86 Steam path 0ms
 Γ£ô src/main/platform/win32/paths.test.ts > win32 paths > steamRedistPatterns > includes _CommonRedist and vcredist 0ms
 Γ£ô src/main/platform/win32/paths.test.ts > win32 paths > trashPath > returns null on Windows (managed via COM) 0ms
 Γ£ô src/main/platform/win32/startup.test.ts > win32 startup > listItems > delegates to listStartupItems from the IPC module 10ms
 Γ£ô src/main/platform/win32/startup.test.ts > win32 startup > listItems > propagates errors from listStartupItems 8ms
 Γ£ô src/main/platform/win32/startup.test.ts > win32 startup > toggleItem > delegates to toggleStartupItem with all parameters 4ms
 Γ£ô src/main/platform/win32/startup.test.ts > win32 startup > toggleItem > returns false when toggle fails 1ms
 Γ£ô src/main/platform/win32/startup.test.ts > win32 startup > toggleItem > propagates errors from toggleStartupItem 1ms
 Γ£ô src/main/platform/win32/startup.test.ts > win32 startup > getBootTrace > delegates to getBootTrace from the IPC module 1ms
 Γ£ô src/main/platform/win32/startup.test.ts > win32 startup > getBootTrace > propagates errors from getBootTrace 1ms
 Γ£ô src/main/services/malware-scanner/quarantine.test.ts > asSeverity > returns severity for valid values 6ms
 Γ£ô src/main/services/malware-scanner/quarantine.test.ts > asSeverity > returns undefined for invalid string 1ms
 Γ£ô src/main/services/malware-scanner/quarantine.test.ts > asSeverity > returns undefined for non-string 0ms
 Γ£ô src/main/services/malware-scanner/quarantine.test.ts > asSource > returns source for valid values 1ms
 Γ£ô src/main/services/malware-scanner/quarantine.test.ts > asSource > returns undefined for invalid string 0ms
 Γ£ô src/main/services/malware-scanner/quarantine.test.ts > asSource > returns undefined for non-string 0ms
 Γ£ô src/main/services/malware-scanner/quarantine.test.ts > getQuarantinePath > returns joined path from userData 1ms
 Γ£ô src/main/services/malware-scanner/quarantine.test.ts > getManifestPath > returns manifest path inside quarantine dir 1ms
 Γ£ô src/main/services/malware-scanner/quarantine.test.ts > readManifest > parses array-format manifest 3ms
 Γ£ô src/main/services/malware-scanner/quarantine.test.ts > readManifest > parses object-format manifest 0ms
 Γ£ô src/main/services/malware-scanner/quarantine.test.ts > readManifest > returns empty object for ENOENT error 2ms
 Γ£ô src/main/services/malware-scanner/quarantine.test.ts > readManifest > returns empty object for non-ENOENT error but logs warning 1ms
 Γ£ô src/main/services/malware-scanner/quarantine.test.ts > readManifest > returns empty object when JSON is malformed 1ms
 Γ£ô src/main/services/malware-scanner/quarantine.test.ts > readManifest > skips non-object entries in array manifest 0ms
 Γ£ô src/main/services/malware-scanner/quarantine.test.ts > readManifest > uses quarantinedAt fallback when timestamp is missing 1ms
 Γ£ô src/main/services/malware-scanner/quarantine.test.ts > writeManifest > creates quarantine dir and writes manifest 4ms
 Γ£ô src/main/services/malware-scanner/quarantine.test.ts > computeSha256 > computes sha256 hash of file content 2ms
 Γ£ô src/main/services/malware-scanner/quarantine.test.ts > verifyQuarantinedFile > returns true when hashes match 1ms
 Γ£ô src/main/services/malware-scanner/quarantine.test.ts > verifyQuarantinedFile > returns true case-insensitively 0ms
 Γ£ô src/main/services/malware-scanner/quarantine.test.ts > verifyQuarantinedFile > returns false when hashes differ 0ms
 Γ£ô src/main/services/malware-scanner/quarantine.test.ts > verifyQuarantinedFile > returns false when file cannot be read 0ms
 Γ£ô src/main/services/malware-scanner/quarantine.test.ts > moveFileToQuarantine > returns true on successful rename 1ms
 Γ£ô src/main/services/malware-scanner/quarantine.test.ts > moveFileToQuarantine > handles EXDEV by copy+delete 1ms
 Γ£ô src/main/services/malware-scanner/quarantine.test.ts > moveFileToQuarantine > handles EXDEV when copy content does not match 1ms
 Γ£ô src/main/services/malware-scanner/quarantine.test.ts > moveFileToQuarantine > handles copy failure during EXDEV fallback 1ms
 Γ£ô src/main/services/malware-scanner/quarantine.test.ts > moveFileToQuarantine > handles cleanup failure in copy error path 1ms
 Γ£ô src/main/services/malware-scanner/quarantine.test.ts > moveFileToQuarantine > returns false for non-EXDEV error 1ms
 Γ£ô src/main/services/malware-scanner/quarantine.test.ts > appendQuarantineEntry > appends to existing manifest array 1ms
 Γ£ô src/main/services/malware-scanner/quarantine.test.ts > appendQuarantineEntry > creates new manifest when file does not exist 1ms
 Γ£ô src/main/services/malware-scanner/quarantine.test.ts > appendQuarantineEntry > starts fresh when file contains non-array JSON 1ms
 Γ£ô src/main/services/privacy-shield/settings.test.ts > privacy-shield/settings.ts > exports SETTINGS as a non-empty array 30ms
 Γ£ô src/main/services/privacy-shield/settings.test.ts > privacy-shield/settings.ts > every setting has required string fields 24ms
 Γ£ô src/main/services/privacy-shield/settings.test.ts > privacy-shield/settings.ts > every setting has check/apply functions 6ms
 Γ£ô src/main/services/privacy-shield/settings.test.ts > privacy-shield/settings.ts > every setting has a unique id 1ms
 Γ£ô src/main/services/privacy-shield/settings.test.ts > privacy-shield/settings.ts > all required categories are present 1ms
 Γ£ô src/main/services/privacy-shield/settings.test.ts > privacy-shield/settings.ts > telemetry settings are all requiresAdmin=true or false 1ms
 Γ£ô src/main/services/privacy-shield/settings.test.ts > privacy-shield/settings.ts > ads settings exist 0ms
 Γ£ô src/main/services/privacy-shield/settings.test.ts > privacy-shield/settings.ts > search settings exist 0ms
 Γ£ô src/main/services/privacy-shield/settings.test.ts > privacy-shield/settings.ts > sync settings exist 1ms
 Γ£ô src/main/services/privacy-shield/settings.test.ts > privacy-shield/settings.ts > ai settings exist 0ms
 Γ£ô src/main/services/privacy-shield/settings.test.ts > privacy-shield/settings.ts > services settings exist 0ms
 Γ£ô src/main/services/privacy-shield/settings.test.ts > privacy-shield/settings.ts > tasks settings exist 0ms
 Γ£ô src/main/services/privacy-shield/settings.test.ts > privacy-shield/settings.ts > browser settings are included from BROWSER_SETTINGS 1ms
 Γ£ô src/main/services/privacy-shield/settings.test.ts > privacy-shield/settings.ts > settings with applicable function have it as optional 2ms
 Γ£ô src/main/services/privacy-shield/settings.test.ts > privacy-shield/settings.ts > specific known telemetry settings exist 4ms
 Γ£ô src/main/services/privacy-shield/settings.test.ts > privacy-shield/settings.ts > specific known AI settings exist 2ms
 Γ£ô src/main/services/privacy-shield/settings.test.ts > privacy-shield/settings.ts > specific known task settings exist 2ms
 Γ£ô src/main/services/privacy-shield/settings.test.ts > privacy-shield/settings.ts > specific known service settings exist 1ms
 Γ£ô src/main/services/privacy-shield/settings.test.ts > privacy-shield/settings.ts > specific known sync settings exist 1ms
 Γ£ô src/main/services/privacy-shield/settings.test.ts > privacy-shield/settings.ts > specific known ads settings exist 1ms
 Γ£ô src/main/services/privacy-shield/settings.test.ts > privacy-shield/settings.ts > specific known search settings exist 2ms
 Γ£ô src/main/services/privacy-shield/settings.test.ts > privacy-shield/settings.ts > every setting check function is callable 3ms
 Γ£ô src/main/services/privacy-shield/settings.test.ts > privacy-shield/settings.ts > every setting with applicable function can be called 1ms
 Γ£ô src/main/services/privacy-shield/settings.test.ts > privacy-shield/settings.ts > every setting apply function is callable 10ms
 Γ£ô src/main/services/privacy-shield/settings.test.ts > privacy-shield/settings.ts > every setting with revert function is callable 6ms
 Γ£ô src/main/services/privacy-shield/handlers.test.ts > handlers.ts uncovered branches > handles check() rejection via .catch(() => false) 149ms
 Γ£ô src/main/services/privacy-shield/handlers.test.ts > handlers.ts uncovered branches > handles applicable() rejection via .catch(() => true) 1ms
 Γ£ô src/main/services/privacy-shield/handlers.test.ts > handlers.ts uncovered branches > includes dependsOn in result when defined 2ms
 Γ£ô src/main/services/privacy-shield/settings.test.ts > privacy-shield/settings.ts > total count is at least 45 settings 1ms
 Γ£ô src/main/services/privacy-shield/settings.test.ts > privacy-shield/settings.ts > no setting has duplicate id with another 3ms
 Γ£ô src/main/services/privacy-shield/settings.test.ts > privacy-shield/settings.ts > revert function is optional but all settings have it 7ms
 Γ£ô src/renderer/src/lib/utils.test.ts > formatBytes > returns "0 B" for zero 5ms
 Γ£ô src/renderer/src/lib/utils.test.ts > formatBytes > formats bytes 0ms
 Γ£ô src/renderer/src/lib/utils.test.ts > formatBytes > formats kilobytes 0ms
 Γ£ô src/renderer/src/lib/utils.test.ts > formatBytes > formats megabytes 0ms
 Γ£ô src/renderer/src/lib/utils.test.ts > formatBytes > formats gigabytes 0ms
 Γ£ô src/renderer/src/lib/utils.test.ts > formatBytes > formats terabytes 0ms
 Γ£ô src/renderer/src/lib/utils.test.ts > formatBytes > respects custom decimal places 0ms
 Γ£ô src/renderer/src/lib/utils.test.ts > formatNumber > formats numbers with locale separators 1ms
 Γ£ô src/renderer/src/lib/utils.test.ts > formatSpeed > returns "0 B/s" for zero or negative 1ms
 Γ£ô src/renderer/src/lib/utils.test.ts > formatSpeed > formats bytes per second 0ms
 Γ£ô src/renderer/src/lib/utils.test.ts > formatSpeed > formats kilobytes per second 2ms
 Γ£ô src/renderer/src/lib/utils.test.ts > formatSpeed > formats megabytes per second 0ms
 Γ£ô src/renderer/src/lib/utils.test.ts > formatSpeed > formats gigabytes per second 0ms
 Γ£ô src/renderer/src/lib/utils.test.ts > formatDate > returns "Just now" for very recent timestamps 13ms
 Γ£ô src/renderer/src/lib/utils.test.ts > formatDate > returns minutes ago 6ms
 Γ£ô src/renderer/src/lib/utils.test.ts > formatDate > returns hours ago 1ms
 Γ£ô src/renderer/src/lib/utils.test.ts > formatDate > returns days ago 1ms
 Γ£ô src/renderer/src/lib/utils.test.ts > formatDate > returns locale date string for old dates 13ms
 Γ£ô src/renderer/src/lib/utils.test.ts > formatDate > accepts string dates 1ms
 Γ£ô src/renderer/src/lib/utils.test.ts > cn > merges Tailwind class names 19ms
 Γ£ô src/renderer/src/lib/utils.test.ts > cn > filters falsy values 1ms
 Γ£ô src/renderer/src/lib/utils.test.ts > formatDuration > returns milliseconds for < 1s 0ms
 Γ£ô src/renderer/src/lib/utils.test.ts > formatDuration > returns seconds for < 60s 0ms
 Γ£ô src/renderer/src/lib/utils.test.ts > formatDuration > returns minutes and seconds for >= 60s 0ms
 Γ£ô src/main/ipc/clips-engine-connection.test.ts > handlePipeMessage (via pipe data) > updates all field types from engineStatus 516ms
 Γ£ô src/renderer/src/stores/app-update-store.test.ts > app-update-store > starts with idle status 11ms
 Γ£ô src/renderer/src/stores/app-update-store.test.ts > app-update-store > setStatus updates status 1ms
 Γ£ô src/renderer/src/stores/app-update-store.test.ts > app-update-store > setStatus sets error state 1ms
 Γ£ô src/renderer/src/stores/app-update-store.test.ts > app-update-store > init fetches current status and listens for updates 3ms
 Γ£ô src/renderer/src/stores/app-update-store.test.ts > app-update-store > init handles missing window.dinho gracefully 3ms
 Γ£ô src/renderer/src/stores/app-update-store.test.ts > app-update-store > init handles missing updaterGetStatus gracefully 2ms
 Γ£ô src/renderer/src/stores/benchmark-store.test.ts > benchmark-store > starts with idle status 8ms
 Γ£ô src/renderer/src/stores/benchmark-store.test.ts > benchmark-store > run sets status to running and calls API 6ms
 Γ£ô src/renderer/src/stores/benchmark-store.test.ts > benchmark-store > run sets idle on failure 1ms
 Γ£ô src/renderer/src/stores/benchmark-store.test.ts > benchmark-store > run registers progress listener and cleans up 1ms
 Γ£ô src/renderer/src/stores/benchmark-store.test.ts > benchmark-store > cancel calls API and sets idle 1ms
 Γ£ô src/renderer/src/stores/benchmark-store.test.ts > benchmark-store > reset restores initial state 1ms
 Γ£ô src/renderer/src/stores/compliance-store.test.ts > compliance-store > starts idle with null state 8ms
 Γ£ô src/renderer/src/stores/compliance-store.test.ts > compliance-store > setStatus updates status 1ms
 Γ£ô src/renderer/src/stores/compliance-store.test.ts > compliance-store > setState stores ComplianceState 1ms
 Γ£ô src/renderer/src/stores/compliance-store.test.ts > compliance-store > toggleCategory adds and removes from set 1ms
 Γ£ô src/renderer/src/stores/compliance-store.test.ts > compliance-store > reset clears all state 1ms
 Γ£ô src/renderer/src/stores/compliance-store.test.ts > compliance-store > scan calls complianceScan and updates state 2ms
 Γ£ô src/renderer/src/stores/compliance-store.test.ts > compliance-store > scan sets idle on failure 1ms
 Γ£ô src/renderer/src/stores/compliance-store.test.ts > compliance-store > apply calls complianceApply and rescans 3ms
 Γ£ô src/renderer/src/stores/compliance-store.test.ts > compliance-store > revert calls complianceRevert and rescans 1ms
 Γ£ô src/renderer/src/stores/context-menu-store.test.ts > context-menu-store > starts with default state 8ms
 Γ£ô src/renderer/src/stores/context-menu-store.test.ts > context-menu-store > setEntries updates entries 1ms
 Γ£ô src/renderer/src/stores/context-menu-store.test.ts > context-menu-store > setScanning updates scanning 0ms
 Γ£ô src/renderer/src/stores/context-menu-store.test.ts > context-menu-store > setScanned updates scanned 1ms
 Γ£ô src/renderer/src/stores/context-menu-store.test.ts > context-menu-store > setApplying updates applying 1ms
 Γ£ô src/renderer/src/stores/context-menu-store.test.ts > context-menu-store > setApplyProgress updates applyProgress 1ms
 Γ£ô src/renderer/src/stores/context-menu-store.test.ts > context-menu-store > setApplyResult updates applyResult 1ms
 Γ£ô src/renderer/src/stores/context-menu-store.test.ts > context-menu-store > setShowErrors toggles showErrors 0ms
 Γ£ô src/renderer/src/stores/context-menu-store.test.ts > context-menu-store > setError updates error 1ms
 Γ£ô src/renderer/src/stores/context-menu-store.test.ts > context-menu-store > setFilter updates a single filter key 1ms
 Γ£ô src/renderer/src/stores/context-menu-store.test.ts > context-menu-store > toggleGroup adds and removes group keys 1ms
 Γ£ô src/renderer/src/stores/context-menu-store.test.ts > context-menu-store > toggleEntry toggles selected on an entry 1ms
 Γ£ô src/renderer/src/stores/context-menu-store.test.ts > context-menu-store > toggleEntry preserves non-matching entries 0ms
 Γ£ô src/renderer/src/stores/context-menu-store.test.ts > context-menu-store > toggleAllVisible selects visible unprotected entries 1ms
 Γ£ô src/renderer/src/stores/context-menu-store.test.ts > context-menu-store > toggleAllVisible deselects visible unprotected entries 1ms
 Γ£ô src/renderer/src/stores/context-menu-store.test.ts > context-menu-store > toggleAllVisible ignores entries not in visibleIds 1ms
 Γ£ô src/renderer/src/stores/context-menu-store.test.ts > context-menu-store > applyUpdates updates entry status and clears selected 1ms
 Γ£ô src/renderer/src/stores/context-menu-store.test.ts > context-menu-store > applyUpdates preserves entries not in updates 1ms
 Γ£ô src/renderer/src/stores/context-menu-store.test.ts > context-menu-store > removeEntries removes entries by ids 5ms
 Γ£ô src/renderer/src/stores/context-menu-store.test.ts > context-menu-store > reset restores initial state 1ms
 Γ£ô src/renderer/src/stores/disk-maintenance-store.test.ts > disk-maintenance-store > starts with default state 9ms
 Γ£ô src/renderer/src/stores/disk-maintenance-store.test.ts > disk-maintenance-store > setDrives replaces drives 1ms
 Γ£ô src/renderer/src/stores/disk-maintenance-store.test.ts > disk-maintenance-store > setLoading updates loading 1ms
 Γ£ô src/renderer/src/stores/disk-maintenance-store.test.ts > disk-maintenance-store > setError updates error 1ms
 Γ£ô src/renderer/src/stores/disk-maintenance-store.test.ts > disk-maintenance-store > setFilter updates filter 1ms
 Γ£ô src/renderer/src/stores/disk-maintenance-store.test.ts > disk-maintenance-store > toggleSelect adds and removes drive id from selected 1ms
 Γ£ô src/renderer/src/stores/disk-maintenance-store.test.ts > disk-maintenance-store > setSelected replaces selected set 1ms
 Γ£ô src/renderer/src/stores/disk-maintenance-store.test.ts > disk-maintenance-store > clearSelection empties selected 1ms
 Γ£ô src/renderer/src/stores/disk-maintenance-store.test.ts > disk-maintenance-store > setRunState stores state per drive 1ms
 Γ£ô src/renderer/src/stores/disk-maintenance-store.test.ts > disk-maintenance-store > setResult stores result per drive 1ms
 Γ£ô src/renderer/src/stores/disk-maintenance-store.test.ts > disk-maintenance-store > setProgress stores progress by driveId 1ms
 Γ£ô src/renderer/src/stores/disk-maintenance-store.test.ts > disk-maintenance-store > clearProgress empties progress 1ms
 Γ£ô src/renderer/src/stores/disk-maintenance-store.test.ts > disk-maintenance-store > setBatchRunning updates batchRunning 0ms
 Γ£ô src/renderer/src/stores/disk-maintenance-store.test.ts > disk-maintenance-store > reset restores initial state 1ms
 Γ£ô src/renderer/src/stores/disk-maintenance-store.test.ts > isSelectable > returns false for HDD 1ms
 Γ£ô src/renderer/src/stores/disk-maintenance-store.test.ts > isSelectable > returns false for macos-managed trim 0ms
 Γ£ô src/renderer/src/stores/disk-maintenance-store.test.ts > isSelectable > returns false for unsupported trim 0ms
 Γ£ô src/renderer/src/stores/disk-maintenance-store.test.ts > isSelectable > returns false for disabled trim 0ms
 Γ£ô src/renderer/src/stores/disk-maintenance-store.test.ts > isSelectable > returns false for removable drives 0ms
 Γ£ô src/renderer/src/stores/disk-maintenance-store.test.ts > isSelectable > returns true for supported SSD 0ms
 Γ£ô src/renderer/src/stores/disk-maintenance-store.test.ts > isSelectable > returns true for NVMe 0ms
 Γ£ô src/renderer/src/stores/disk-maintenance-store.test.ts > applyFilter > returns all drives for all filter 2ms
 Γ£ô src/renderer/src/stores/disk-maintenance-store.test.ts > applyFilter > returns only SSD/NVMe for ssd filter 1ms
 Γ£ô src/renderer/src/stores/disk-maintenance-store.test.ts > applyFilter > returns needs-trim drives 1ms
 Γ£ô src/renderer/src/stores/debloater-store.test.ts > debloater-store > starts in clean state 14ms
 Γ£ô src/renderer/src/stores/debloater-store.test.ts > debloater-store > setApps stores bloatware list 3ms
 Γ£ô src/renderer/src/stores/debloater-store.test.ts > debloater-store > toggleApp flips selection on specific app 1ms
 Γ£ô src/renderer/src/stores/debloater-store.test.ts > debloater-store > selectAll selects every app 1ms
 Γ£ô src/renderer/src/stores/debloater-store.test.ts > debloater-store > deselectAll deselects every app 1ms
 Γ£ô src/renderer/src/stores/debloater-store.test.ts > debloater-store > selectFiltered selects only apps matching the filter 1ms
 Γ£ô src/renderer/src/stores/debloater-store.test.ts > debloater-store > selectFiltered with "all" selects/deselects everything 1ms
 Γ£ô src/renderer/src/stores/debloater-store.test.ts > debloater-store > setScanning updates scanning flag 1ms
 Γ£ô src/renderer/src/stores/debloater-store.test.ts > debloater-store > setRemoving updates removing flag 1ms
 Γ£ô src/renderer/src/stores/debloater-store.test.ts > debloater-store > setFilter changes the active filter 1ms
 Γ£ô src/renderer/src/stores/debloater-store.test.ts > debloater-store > setRemoveProgress tracks removal progress 1ms
 Γ£ô src/renderer/src/stores/debloater-store.test.ts > debloater-store > setRemoveResult stores final result 1ms
 Γ£ô src/renderer/src/stores/debloater-store.test.ts > debloater-store > reset clears everything 1ms
 Γ£ô src/renderer/src/stores/disk-store.test.ts > disk-store > starts with default state 8ms
 Γ£ô src/renderer/src/stores/disk-store.test.ts > disk-store > setDrives replaces drives 1ms
 Γ£ô src/renderer/src/stores/disk-store.test.ts > disk-store > setSelectedDrive updates selectedDrive 1ms
 Γ£ô src/renderer/src/stores/disk-store.test.ts > disk-store > setData updates data 1ms
 Γ£ô src/renderer/src/stores/disk-store.test.ts > disk-store > setAnalyzing updates analyzing 1ms
 Γ£ô src/renderer/src/stores/disk-store.test.ts > disk-store > setBreadcrumb replaces breadcrumb 2ms
 Γ£ô src/renderer/src/stores/disk-store.test.ts > disk-store > pushBreadcrumb appends node 1ms
 Γ£ô src/renderer/src/stores/disk-store.test.ts > disk-store > sliceBreadcrumb truncates to index 1ms
 Γ£ô src/renderer/src/stores/disk-store.test.ts > disk-store > setError updates error 1ms
 Γ£ô src/renderer/src/stores/disk-store.test.ts > disk-store > setFileTypes updates fileTypes 1ms
 Γ£ô src/renderer/src/stores/disk-store.test.ts > disk-store > setFileTypesLoading updates loading 1ms
 Γ£ô src/renderer/src/stores/disk-store.test.ts > disk-store > setRepairRunning updates repairRunning 0ms
 Γ£ô src/renderer/src/stores/disk-store.test.ts > disk-store > setRepairProgress updates repairProgress 1ms
 Γ£ô src/renderer/src/stores/disk-store.test.ts > disk-store > setSfcResult updates sfcResult 1ms
 Γ£ô src/renderer/src/stores/disk-store.test.ts > disk-store > setDismResult updates dismResult 1ms
 Γ£ô src/renderer/src/stores/disk-store.test.ts > disk-store > setChkdskResult updates chkdskResult 1ms
 Γ£ô src/renderer/src/stores/disk-store.test.ts > disk-store > reset restores initial state except drives and selectedDrive 1ms
 Γ£ô src/main/ipc/clips-engine-connection.test.ts > handlePipeMessage (via pipe data) > clamps volume values to [0, 4] 502ms
 Γ£ô src/renderer/src/stores/driver-store.test.ts > driver-store > cleanup > togglePackage only toggles stale drivers (not current) 8ms
 Γ£ô src/renderer/src/stores/driver-store.test.ts > driver-store > cleanup > selectAllStale selects only non-current packages 4ms
 Γ£ô src/renderer/src/stores/driver-store.test.ts > driver-store > cleanup > deselectAllStale deselects stale packages 1ms
 Γ£ô src/renderer/src/stores/driver-store.test.ts > driver-store > state setters > setScanning updates scanning flag 1ms
 Γ£ô src/renderer/src/stores/driver-store.test.ts > driver-store > state setters > setScanProgress stores progress 2ms
 Γ£ô src/renderer/src/stores/driver-store.test.ts > driver-store > state setters > setCleaning updates cleaning flag 1ms
 Γ£ô src/renderer/src/stores/driver-store.test.ts > driver-store > state setters > setCleanResult stores clean result 1ms
 Γ£ô src/renderer/src/stores/driver-store.test.ts > driver-store > state setters > setError stores error message 1ms
 Γ£ô src/renderer/src/stores/driver-store.test.ts > driver-store > state setters > setTotalStaleSize stores size 1ms
 Γ£ô src/renderer/src/stores/driver-store.test.ts > driver-store > state setters > setUpdateScanning updates update scanning flag 1ms
 Γ£ô src/renderer/src/stores/driver-store.test.ts > driver-store > state setters > setUpdateProgress stores update progress 1ms
 Γ£ô src/renderer/src/stores/driver-store.test.ts > driver-store > state setters > setInstalling updates installing flag 1ms
 Γ£ô src/renderer/src/stores/driver-store.test.ts > driver-store > state setters > setInstallResult stores install result 1ms
 Γ£ô src/renderer/src/stores/driver-store.test.ts > driver-store > state setters > setUpdateError stores update error 1ms
 Γ£ô src/renderer/src/stores/driver-store.test.ts > driver-store > state setters > setApplying updates applying flag 1ms
 Γ£ô src/renderer/src/stores/driver-store.test.ts > driver-store > state setters > setHasScanned updates hasScanned flag 1ms
 Γ£ô src/renderer/src/stores/driver-store.test.ts > driver-store > updates > toggleUpdate toggles selection 1ms
 Γ£ô src/renderer/src/stores/driver-store.test.ts > driver-store > updates > selectAllUpdates selects all 1ms
 Γ£ô src/renderer/src/stores/driver-store.test.ts > driver-store > updates > deselectAllUpdates deselects all 1ms
 Γ£ô src/renderer/src/stores/driver-store.test.ts > driver-store > reset clears all state 1ms
 Γ£ô src/renderer/src/stores/driver-store.test.ts > driver-store > async actions > scan calls kudu.driverScan and stores packages 8ms
 Γ£ô src/renderer/src/stores/driver-store.test.ts > driver-store > async actions > scan progress callback updates scanProgress state 3ms
 Γ£ô src/renderer/src/stores/driver-store.test.ts > driver-store > async actions > scan sets scanning false on error 3ms
 Γ£ô src/renderer/src/stores/driver-store.test.ts > driver-store > async actions > clean skips when no selected stale packages 3ms
 Γ£ô src/renderer/src/stores/driver-store.test.ts > driver-store > async actions > clean calls kudu.driverClean with selected names 4ms
 Γ£ô src/renderer/src/stores/driver-store.test.ts > driver-store > async actions > clean sets cleaning false on error 4ms
 Γ£ô src/renderer/src/stores/driver-store.test.ts > driver-store > async actions > updateScan calls kudu.driverUpdateScan 5ms
 Γ£ô src/renderer/src/stores/driver-store.test.ts > driver-store > async actions > updateScan progress callback updates updateProgress state 4ms
 Γ£ô src/renderer/src/stores/driver-store.test.ts > driver-store > async actions > updateScan sets updateScanning false on error 3ms
 Γ£ô src/renderer/src/stores/driver-store.test.ts > driver-store > async actions > updateInstall skips when no selected updates 3ms
 Γ£ô src/renderer/src/stores/driver-store.test.ts > driver-store > async actions > updateInstall calls kudu.driverUpdateInstall 4ms
 Γ£ô src/renderer/src/stores/driver-store.test.ts > driver-store > async actions > updateInstall sets installing false on error 3ms
 Γ£ô src/renderer/src/stores/duplicate-store.test.ts > duplicate-store > starts in idle state with sensible defaults 10ms
 Γ£ô src/renderer/src/stores/duplicate-store.test.ts > duplicate-store > setDirectory updates the directory 1ms
 Γ£ô src/renderer/src/stores/duplicate-store.test.ts > duplicate-store > config setters update their values 3ms
 Γ£ô src/renderer/src/stores/duplicate-store.test.ts > duplicate-store > togglePath adds and removes paths from selection 1ms
 Γ£ô src/renderer/src/stores/duplicate-store.test.ts > duplicate-store > selectAllDuplicates keeps shortest path per group and selects the rest 2ms
 Γ£ô src/renderer/src/stores/duplicate-store.test.ts > duplicate-store > selectAllDuplicates works with multiple groups 1ms
 Γ£ô src/renderer/src/stores/duplicate-store.test.ts > duplicate-store > deselectAll clears all selections 1ms
 Γ£ô src/renderer/src/stores/duplicate-store.test.ts > duplicate-store > selectAllDuplicates does nothing without a result 1ms
 Γ£ô src/renderer/src/stores/duplicate-store.test.ts > duplicate-store > removeDeletedFiles strips deleted paths from groups and recalculates totals 3ms
 Γ£ô src/renderer/src/stores/duplicate-store.test.ts > duplicate-store > removeDeletedFiles drops groups with fewer than 2 files remaining 1ms
 Γ£ô src/renderer/src/stores/duplicate-store.test.ts > duplicate-store > removeDeletedFiles handles deleting all duplicates from all groups 1ms
 Γ£ô src/renderer/src/stores/duplicate-store.test.ts > duplicate-store > reset clears scan state but preserves config 2ms
 Γ£ô src/renderer/src/stores/duplicate-store.test.ts > duplicate-store > setStatus transitions correctly 1ms
 Γ£ô src/renderer/src/stores/duplicate-store.test.ts > duplicate-store > setProgress stores progress 1ms
 Γ£ô src/renderer/src/stores/duplicate-store.test.ts > duplicate-store > setDeleteResult stores delete result 1ms
 Γ£ô src/renderer/src/stores/duplicate-store.test.ts > duplicate-store > removeDeletedFiles returns early when result is null 1ms
 Γ£ô src/renderer/src/stores/empty-folder-store.test.ts > empty-folder-store > starts with default values 10ms
 Γ£ô src/renderer/src/stores/empty-folder-store.test.ts > empty-folder-store > setDirectory updates directory 1ms
 Γ£ô src/renderer/src/stores/empty-folder-store.test.ts > empty-folder-store > setMaxDepth updates maxDepth 1ms
 Γ£ô src/renderer/src/stores/empty-folder-store.test.ts > empty-folder-store > setExcludePatterns updates excludePatterns 1ms
 Γ£ô src/renderer/src/stores/empty-folder-store.test.ts > empty-folder-store > setStatus updates status 1ms
 Γ£ô src/renderer/src/stores/empty-folder-store.test.ts > empty-folder-store > setProgress updates progress 1ms
 Γ£ô src/renderer/src/stores/empty-folder-store.test.ts > empty-folder-store > setResult updates result 1ms
 Γ£ô src/renderer/src/stores/empty-folder-store.test.ts > empty-folder-store > setDeleteMode updates deleteMode 1ms
 Γ£ô src/renderer/src/stores/empty-folder-store.test.ts > empty-folder-store > setDeleteResult updates deleteResult 1ms
 Γ£ô src/renderer/src/stores/empty-folder-store.test.ts > empty-folder-store > togglePath adds path that was not selected 1ms
 Γ£ô src/renderer/src/stores/empty-folder-store.test.ts > empty-folder-store > togglePath removes path that was already selected 1ms
 Γ£ô src/renderer/src/stores/empty-folder-store.test.ts > empty-folder-store > selectAll selects all folder paths from result 1ms
 Γ£ô src/renderer/src/stores/empty-folder-store.test.ts > empty-folder-store > selectAll does nothing when result is null 0ms
 Γ£ô src/renderer/src/stores/empty-folder-store.test.ts > empty-folder-store > deselectAll clears all selected paths 1ms
 Γ£ô src/renderer/src/stores/empty-folder-store.test.ts > empty-folder-store > removeDeletedFolders removes folders and updates selectedPaths 2ms
 Γ£ô src/renderer/src/stores/empty-folder-store.test.ts > empty-folder-store > removeDeletedFolders does nothing when result is null 0ms
 Γ£ô src/renderer/src/stores/empty-folder-store.test.ts > empty-folder-store > reset restores initial state 1ms
 Γ£ô src/renderer/src/stores/file-shredder-store.test.ts > file-shredder-store > starts with default values 7ms
 Γ£ô src/renderer/src/stores/file-shredder-store.test.ts > file-shredder-store > addEntries adds unique entries 3ms
 Γ£ô src/renderer/src/stores/file-shredder-store.test.ts > file-shredder-store > addEntries does not add duplicates by path 1ms
 Γ£ô src/renderer/src/stores/file-shredder-store.test.ts > file-shredder-store > addEntries with empty array does nothing 1ms
 Γ£ô src/renderer/src/stores/file-shredder-store.test.ts > file-shredder-store > removeEntry removes entry by path 1ms
 Γ£ô src/renderer/src/stores/file-shredder-store.test.ts > file-shredder-store > removeEntry does nothing for non-existent path 1ms
 Γ£ô src/renderer/src/stores/file-shredder-store.test.ts > file-shredder-store > clearEntries removes all entries 1ms
 Γ£ô src/renderer/src/stores/file-shredder-store.test.ts > file-shredder-store > setStatus updates status 0ms
 Γ£ô src/renderer/src/stores/file-shredder-store.test.ts > file-shredder-store > setProgress updates progress 1ms
 Γ£ô src/renderer/src/stores/file-shredder-store.test.ts > file-shredder-store > setProgress with null clears progress 0ms
 Γ£ô src/renderer/src/stores/file-shredder-store.test.ts > file-shredder-store > setResult updates result 1ms
 Γ£ô src/renderer/src/stores/file-shredder-store.test.ts > file-shredder-store > setResult with null clears result 0ms
 Γ£ô src/renderer/src/stores/file-shredder-store.test.ts > file-shredder-store > reset restores initial state 1ms
 Γ£ô src/renderer/src/stores/firewall-store.test.ts > firewall-store > starts with default state 10ms
 Γ£ô src/renderer/src/stores/firewall-store.test.ts > firewall-store > setRules replaces rules 1ms
 Γ£ô src/renderer/src/stores/firewall-store.test.ts > firewall-store > setScanning updates scanning 1ms
 Γ£ô src/renderer/src/stores/firewall-store.test.ts > firewall-store > setApplying updates applying 1ms
 Γ£ô src/renderer/src/stores/firewall-store.test.ts > firewall-store > setScanProgress updates progress 1ms
 Γ£ô src/renderer/src/stores/firewall-store.test.ts > firewall-store > setApplyResult updates result 1ms
 Γ£ô src/renderer/src/stores/firewall-store.test.ts > firewall-store > setError updates error 0ms
 Γ£ô src/renderer/src/stores/firewall-store.test.ts > firewall-store > setHasScanned updates hasScanned 0ms
 Γ£ô src/renderer/src/stores/firewall-store.test.ts > firewall-store > setSearchQuery updates searchQuery 1ms
 Γ£ô src/renderer/src/stores/firewall-store.test.ts > firewall-store > setRiskFilter updates riskFilter 0ms
 Γ£ô src/renderer/src/stores/firewall-store.test.ts > firewall-store > setProgramFilter updates programFilter 0ms
 Γ£ô src/renderer/src/stores/firewall-store.test.ts > firewall-store > setShowBuiltin updates showBuiltin 1ms
 Γ£ô src/renderer/src/stores/firewall-store.test.ts > firewall-store > toggleRule toggles selected on a rule 1ms
 Γ£ô src/renderer/src/stores/firewall-store.test.ts > firewall-store > toggleRule only toggles the matching rule 1ms
 Γ£ô src/renderer/src/stores/firewall-store.test.ts > firewall-store > selectRecommended selects only stale rules 1ms
 Γ£ô src/renderer/src/stores/firewall-store.test.ts > firewall-store > selectAll selects all rules 1ms
 Γ£ô src/renderer/src/stores/firewall-store.test.ts > firewall-store > deselectAll deselects all rules 1ms
 Γ£ô src/renderer/src/stores/firewall-store.test.ts > firewall-store > reset restores initial state 1ms
 Γ£ô src/renderer/src/stores/history-store.test.ts > history-store > starts with default values 9ms
 Γ£ô src/renderer/src/stores/history-store.test.ts > history-store > load fetches entries and sets loaded 2ms
 Γ£ô src/renderer/src/stores/history-store.test.ts > history-store > load handles failure gracefully 1ms
 Γ£ô src/renderer/src/stores/history-store.test.ts > history-store > addEntry prepends entry and caps at 100 3ms
 Γ£ô src/renderer/src/stores/history-store.test.ts > history-store > addEntry caps entries at 100 2ms
 Γ£ô src/renderer/src/stores/history-store.test.ts > history-store > addEntry handles failure silently 2ms
 Γ£ô src/renderer/src/stores/history-store.test.ts > history-store > clear empties entries 3ms
 Γ£ô src/renderer/src/stores/history-store.test.ts > history-store > clear handles failure silently 1ms
 Γ£ô src/renderer/src/stores/driver-agent-store.test.ts > driver-agent-store > starts with default state 8ms
 Γ£ô src/renderer/src/stores/driver-agent-store.test.ts > driver-agent-store > evaluate calls API and stores result 3ms
 Γ£ô src/renderer/src/stores/driver-agent-store.test.ts > driver-agent-store > evaluate sets error on failure 1ms
 Γ£ô src/renderer/src/stores/driver-agent-store.test.ts > driver-agent-store > approveSelected does nothing when no candidates selected 2ms
 Γ£ô src/renderer/src/stores/driver-agent-store.test.ts > driver-agent-store > approveSelected calls API with selected ids and removes approved 5ms
 Γ£ô src/renderer/src/stores/driver-agent-store.test.ts > driver-agent-store > approveSelected sets installResult on API failure 1ms
 Γ£ô src/renderer/src/stores/driver-agent-store.test.ts > driver-agent-store > approveSelected sets error on exception 1ms
 Γ£ô src/renderer/src/stores/driver-agent-store.test.ts > driver-agent-store > toggleCandidate toggles approved field 1ms
 Γ£ô src/renderer/src/stores/driver-agent-store.test.ts > driver-agent-store > approveAll sets approved for non-skip candidates 1ms
 Γ£ô src/renderer/src/stores/driver-agent-store.test.ts > driver-agent-store > clearAll sets all approved to false 1ms
 Γ£ô src/renderer/src/stores/driver-agent-store.test.ts > driver-agent-store > getSelectedIds returns approved candidate ids 1ms
 Γ£ô src/renderer/src/stores/driver-agent-store.test.ts > driver-agent-store > getSelectedIds returns empty array when result is null 1ms
 Γ£ô src/renderer/src/stores/driver-agent-store.test.ts > driver-agent-store > reset restores initial state 1ms
 Γ£ô src/renderer/src/stores/hosts-editor-store.test.ts > hosts-editor-store > starts with default values 10ms
 Γ£ô src/renderer/src/stores/hosts-editor-store.test.ts > hosts-editor-store > setEntries replaces entries 1ms
 Γ£ô src/renderer/src/stores/hosts-editor-store.test.ts > hosts-editor-store > setHeaderComment updates header comment 1ms
 Γ£ô src/renderer/src/stores/hosts-editor-store.test.ts > hosts-editor-store > setStatus updates status 2ms
 Γ£ô src/renderer/src/stores/hosts-editor-store.test.ts > hosts-editor-store > setError updates error 1ms
 Γ£ô src/renderer/src/stores/hosts-editor-store.test.ts > hosts-editor-store > setError with null clears error 1ms
 Γ£ô src/renderer/src/stores/hosts-editor-store.test.ts > hosts-editor-store > setReadResult updates readResult 1ms
 Γ£ô src/renderer/src/stores/hosts-editor-store.test.ts > hosts-editor-store > setWriteResult updates writeResult 1ms
 Γ£ô src/renderer/src/stores/hosts-editor-store.test.ts > hosts-editor-store > setFlushResult updates flushResult 2ms
 Γ£ô src/renderer/src/stores/hosts-editor-store.test.ts > hosts-editor-store > setOriginal stores original entries and header comment 1ms
 Γ£ô src/renderer/src/stores/hosts-editor-store.test.ts > hosts-editor-store > revert restores entries and header from originals 1ms
 Γ£ô src/renderer/src/stores/hosts-editor-store.test.ts > hosts-editor-store > toggleEntry toggles enabled state 1ms
 Γ£ô src/renderer/src/stores/hosts-editor-store.test.ts > hosts-editor-store > toggleEntry preserves non-matching entries 1ms
 Γ£ô src/renderer/src/stores/hosts-editor-store.test.ts > hosts-editor-store > updateEntry updates specific fields 1ms
 Γ£ô src/renderer/src/stores/hosts-editor-store.test.ts > hosts-editor-store > updateEntry preserves non-matching entries 1ms
 Γ£ô src/renderer/src/stores/hosts-editor-store.test.ts > hosts-editor-store > addEntry appends a new blank entry 5ms
 Γ£ô src/renderer/src/stores/hosts-editor-store.test.ts > hosts-editor-store > setBulkEntries adds unique entries by hostname 2ms
 Γ£ô src/renderer/src/stores/hosts-editor-store.test.ts > hosts-editor-store > setBulkEntries does nothing when all are duplicates 1ms
 Γ£ô src/renderer/src/stores/hosts-editor-store.test.ts > hosts-editor-store > removeEntry removes entry by id 1ms
 Γ£ô src/renderer/src/stores/hosts-editor-store.test.ts > hosts-editor-store > reset restores initial state 1ms
 Γ£ô src/main/services/remote-license.test.ts > remote-license > checkLicense > returns offline message when server is unreachable and no cache 1506ms
 Γ£ô src/renderer/src/stores/large-file-store.test.ts > large-file-store > starts with default values 9ms
 Γ£ô src/renderer/src/stores/large-file-store.test.ts > large-file-store > setDirectory updates directory 1ms
 Γ£ô src/renderer/src/stores/large-file-store.test.ts > large-file-store > setMinFileSize updates minFileSize 1ms
 Γ£ô src/renderer/src/stores/large-file-store.test.ts > large-file-store > setMaxDepth updates maxDepth 1ms
 Γ£ô src/renderer/src/stores/large-file-store.test.ts > large-file-store > setExcludePatterns updates excludePatterns 1ms
 Γ£ô src/renderer/src/stores/large-file-store.test.ts > large-file-store > setStatus updates status 0ms
 Γ£ô src/renderer/src/stores/large-file-store.test.ts > large-file-store > setProgress updates progress 1ms
 Γ£ô src/renderer/src/stores/large-file-store.test.ts > large-file-store > setResult updates result 1ms
 Γ£ô src/renderer/src/stores/large-file-store.test.ts > large-file-store > setDeleteMode updates deleteMode 1ms
 Γ£ô src/renderer/src/stores/large-file-store.test.ts > large-file-store > setDeleteResult updates deleteResult 1ms
 Γ£ô src/renderer/src/stores/large-file-store.test.ts > large-file-store > togglePath adds new path 1ms
 Γ£ô src/renderer/src/stores/large-file-store.test.ts > large-file-store > togglePath removes existing path 0ms
 Γ£ô src/renderer/src/stores/large-file-store.test.ts > large-file-store > selectAll selects all file paths from result 1ms
 Γ£ô src/renderer/src/stores/large-file-store.test.ts > large-file-store > selectAll does nothing when result is null 0ms
 Γ£ô src/renderer/src/stores/large-file-store.test.ts > large-file-store > deselectAll clears selected paths 1ms
 Γ£ô src/renderer/src/stores/large-file-store.test.ts > large-file-store > removeDeletedFiles removes files and updates selection 3ms
 Γ£ô src/renderer/src/stores/large-file-store.test.ts > large-file-store > removeDeletedFiles does nothing when result is null 0ms
 Γ£ô src/renderer/src/stores/large-file-store.test.ts > large-file-store > reset restores initial state 1ms
 Γ£ô src/main/ipc/clips-engine-connection.test.ts > handlePipeMessage (via pipe data) > ignores non-matching types for number fields 503ms
 Γ£ô src/main/services/remote-license.test.ts > remote-license > checkLicense > returns generic invalid when API returns invalid without reason 17ms
 Γ£ô src/main/services/remote-license.test.ts > remote-license > activateLicense > saves key and returns valid on successful activation 173ms
 Γ£ô src/renderer/src/stores/logger-store.test.ts > logger-store > starts with default state 7ms
 Γ£ô src/renderer/src/stores/logger-store.test.ts > logger-store > setFilter updates filter and resets page 4ms
 Γ£ô src/renderer/src/stores/logger-store.test.ts > logger-store > setPage updates page and fetches logs 1ms
 Γ£ô src/renderer/src/stores/logger-store.test.ts > logger-store > fetchLogs calls kudu.logsList and stores result 1ms
 Γ£ô src/renderer/src/stores/logger-store.test.ts > logger-store > fetchLogs handles error gracefully 1ms
 Γ£ô src/renderer/src/stores/logger-store.test.ts > logger-store > fetchLogs does not update entries when result is null 1ms
 Γ£ô src/renderer/src/stores/logger-store.test.ts > logger-store > clearLogs calls kudu.logsClear and resets entries 1ms
 Γ£ô src/renderer/src/stores/logger-store.test.ts > logger-store > clearLogs handles error gracefully 1ms
 Γ£ô src/renderer/src/stores/logger-store.test.ts > logger-store > exportLogs calls kudu.logsExport and returns string 1ms
 Γ£ô src/renderer/src/stores/logger-store.test.ts > logger-store > exportLogs returns empty string on error 1ms
 Γ£ô src/renderer/src/stores/logger-store.test.ts > logger-store > exportLogs returns empty string when result is null 1ms
 Γ£ô src/renderer/src/stores/logger-store.test.ts > logger-store > fetchConfig calls kudu.logsConfigGet and stores config 1ms
 Γ£ô src/renderer/src/stores/logger-store.test.ts > logger-store > fetchConfig handles error gracefully 1ms
 Γ£ô src/renderer/src/stores/logger-store.test.ts > logger-store > fetchConfig does not update config when result is null 1ms
 Γ£ô src/renderer/src/stores/logger-store.test.ts > logger-store > setConfig calls kudu.logsConfigSet and stores config 5ms
 Γ£ô src/renderer/src/stores/logger-store.test.ts > logger-store > setConfig handles error gracefully 1ms
 Γ£ô src/renderer/src/stores/network-store.test.ts > network-store > starts idle with empty items 11ms
 Γ£ô src/renderer/src/stores/network-store.test.ts > network-store > toggleItem adds and removes from selection 1ms
 Γ£ô src/renderer/src/stores/network-store.test.ts > network-store > toggleCategory selects all items of type when some unselected 1ms
 Γ£ô src/renderer/src/stores/network-store.test.ts > network-store > toggleCategory deselects all items of type when all selected 0ms
 Γ£ô src/renderer/src/stores/network-store.test.ts > network-store > reset clears state 1ms
 Γ£ô src/renderer/src/stores/network-store.test.ts > network-store > setSelectedIds replaces selection 0ms
 Γ£ô src/renderer/src/stores/network-store.test.ts > network-store > setCleanResult stores result 1ms
 Γ£ô src/renderer/src/stores/network-store.test.ts > network-store > setStatus updates status 0ms
 Γ£ô src/renderer/src/stores/memory-store.test.ts > memory-store > starts with default state 11ms
 Γ£ô src/renderer/src/stores/memory-store.test.ts > memory-store > load sets info and processes on success 2ms
 Γ£ô src/renderer/src/stores/memory-store.test.ts > memory-store > load sets error on failure 1ms
 Γ£ô src/renderer/src/stores/memory-store.test.ts > memory-store > optimize calls memoryOptimize and subscribes to progress 2ms
 Γ£ô src/renderer/src/stores/memory-store.test.ts > memory-store > optimize sets error on failure 1ms
 Γ£ô src/renderer/src/stores/memory-store.test.ts > memory-store > optimize no-ops if already optimizing 1ms
 Γ£ô src/renderer/src/stores/memory-store.test.ts > memory-store > optimize res.success = false with error field 2ms
 Γ£ô src/renderer/src/stores/memory-store.test.ts > memory-store > optimize res.success = false without error field (fallback msg) 1ms
 Γ£ô src/renderer/src/stores/memory-store.test.ts > memory-store > reset returns to initial state 1ms
 Γ£ô src/main/services/remote-license.test.ts > remote-license > activateLicense > uppercases and trims the key before saving 159ms
 Γ£ô src/renderer/src/stores/perf-store.test.ts > perf-store > starts with empty state 11ms
 Γ£ô src/renderer/src/stores/perf-store.test.ts > perf-store > pushSnapshot sets currentSnapshot immediately 1ms
 Γ£ô src/renderer/src/stores/perf-store.test.ts > perf-store > pushSnapshot flushes history to React after throttle window 1ms
 Γ£ô src/renderer/src/stores/perf-store.test.ts > perf-store > pushSnapshot caps ring buffer at MAX_HISTORY (900) 21ms
 Γ£ô src/renderer/src/stores/perf-store.test.ts > perf-store > setProcessSort toggles direction on same column 1ms
 Γ£ô src/renderer/src/stores/perf-store.test.ts > perf-store > setProcessSort resets to desc on new column 1ms
 Γ£ô src/renderer/src/stores/perf-store.test.ts > perf-store > setTimeRange updates time range 1ms
 Γ£ô src/renderer/src/stores/perf-store.test.ts > perf-store > setProcessFilter updates filter 1ms
 Γ£ô src/renderer/src/stores/perf-store.test.ts > perf-store > reset preserves systemInfo but clears monitoring data 1ms
 Γ£ô src/main/services/remote-license.test.ts > remote-license > activateLicense > deletes saved key when activation fails 4ms
 Γ£ô src/renderer/src/stores/power-plans-store.test.ts > power-plans-store > starts with default values 9ms
 Γ£ô src/renderer/src/stores/power-plans-store.test.ts > power-plans-store > loadPlans fetches plans and sets activeGuid 2ms
 Γ£ô src/renderer/src/stores/power-plans-store.test.ts > power-plans-store > loadPlans handles no active plan 1ms
 Γ£ô src/renderer/src/stores/power-plans-store.test.ts > power-plans-store > loadPlans sets error on failure 1ms
 Γ£ô src/renderer/src/stores/power-plans-store.test.ts > power-plans-store > activatePlan calls API and updates state on success 2ms
 Γ£ô src/renderer/src/stores/power-plans-store.test.ts > power-plans-store > activatePlan sets error on API failure 1ms
 Γ£ô src/renderer/src/stores/power-plans-store.test.ts > power-plans-store > activatePlan sets error on exception 1ms
 Γ£ô src/renderer/src/stores/power-plans-store.test.ts > power-plans-store > createPlan calls API and reloads plans on success 4ms
 Γ£ô src/renderer/src/stores/power-plans-store.test.ts > power-plans-store > createPlan sets error on API failure 1ms
 Γ£ô src/renderer/src/stores/power-plans-store.test.ts > power-plans-store > createPlan sets error on exception 1ms
 Γ£ô src/renderer/src/stores/power-plans-store.test.ts > power-plans-store > deletePlan removes plan and clears activeGuid if deleted was active 2ms
 Γ£ô src/renderer/src/stores/power-plans-store.test.ts > power-plans-store > deletePlan keeps activeGuid when deleting inactive plan 1ms
 Γ£ô src/renderer/src/stores/power-plans-store.test.ts > power-plans-store > deletePlan sets error on failure 1ms
 Γ£ô src/renderer/src/stores/power-plans-store.test.ts > power-plans-store > deletePlan sets error on exception 1ms
 Γ£ô src/renderer/src/stores/power-plans-store.test.ts > power-plans-store > clearError clears error 1ms
 Γ£ô src/renderer/src/stores/power-plans-store.test.ts > power-plans-store > activatePlan uses default error when result.error is undefined 1ms
 Γ£ô src/renderer/src/stores/power-plans-store.test.ts > power-plans-store > createPlan uses default error when result.error is undefined 0ms
 Γ£ô src/renderer/src/stores/power-plans-store.test.ts > power-plans-store > deletePlan uses default error when result.error is undefined 0ms
 Γ£ô src/renderer/src/stores/malware-store.test.ts > malware-store > starts idle with no threats 8ms
 Γ£ô src/renderer/src/stores/malware-store.test.ts > malware-store > toggleItem selects and deselects 1ms
 Γ£ô src/renderer/src/stores/malware-store.test.ts > malware-store > selectAll selects all threats when none selected 1ms
 Γ£ô src/renderer/src/stores/malware-store.test.ts > malware-store > selectAll deselects all when all are already selected 1ms
 Γ£ô src/renderer/src/stores/malware-store.test.ts > malware-store > selectAll selects all when only some are selected 1ms
 Γ£ô src/renderer/src/stores/malware-store.test.ts > malware-store > setActionMode switches between quarantine and delete 1ms
 Γ£ô src/renderer/src/stores/malware-store.test.ts > malware-store > reset clears everything 1ms
 Γ£ô src/renderer/src/stores/malware-store.test.ts > malware-store > removeThreat removes threat and cleans up selectedIds 3ms
 Γ£ô src/renderer/src/stores/malware-store.test.ts > malware-store > removeThreat clears expandedId when removing expanded item 1ms
 Γ£ô src/renderer/src/stores/malware-store.test.ts > malware-store > removeThreat preserves expandedId when removing different item 1ms
 Γ£ô src/renderer/src/stores/malware-store.test.ts > malware-store > setProgress stores progress 1ms
 Γ£ô src/renderer/src/stores/malware-store.test.ts > malware-store > setScanResult stores scan result 1ms
 Γ£ô src/renderer/src/stores/malware-store.test.ts > malware-store > setActionResult stores action result 1ms
 Γ£ô src/renderer/src/stores/malware-store.test.ts > malware-store > setExpandedId stores expanded item id 1ms
 Γ£ô src/renderer/src/stores/malware-store.test.ts > malware-store > quarantine: setQuarantineItems and setQuarantineSelectedIds 1ms
 Γ£ô src/renderer/src/stores/malware-store.test.ts > malware-store > quarantine: setQuarantineStatus updates status 1ms
 Γ£ô src/renderer/src/stores/malware-store.test.ts > malware-store > quarantine: toggleQuarantineItem selects and deselects 1ms
 Γ£ô src/renderer/src/stores/malware-store.test.ts > malware-store > quarantine: selectAllQuarantine selects all when none selected 1ms
 Γ£ô src/renderer/src/stores/malware-store.test.ts > malware-store > quarantine: selectAllQuarantine deselects all when all selected 1ms
 Γ£ô src/renderer/src/stores/malware-store.test.ts > malware-store > allowlist: setAllowlist and setAllowlistStatus 1ms
 Γ£ô src/renderer/src/stores/malware-store.test.ts > malware-store > async actions > scan sets scanning status and calls kudu.malwareScan 6ms
 Γ£ô src/renderer/src/stores/malware-store.test.ts > malware-store > async actions > scan resets to idle on error 1ms
 Γ£ô src/renderer/src/stores/malware-store.test.ts > malware-store > async actions > scan guards against double invocation 1ms
 Γ£ô src/renderer/src/stores/malware-store.test.ts > malware-store > async actions > cancelScan calls malwareCancelScan with stored scanId 5ms
 Γ£ô src/renderer/src/stores/malware-store.test.ts > malware-store > async actions > cancelScan does nothing when cancelScanId is null 1ms
 Γ£ô src/renderer/src/stores/malware-store.test.ts > malware-store > async actions > cancelScan sets isCancelling during cancellation 11ms
 Γ£ô src/renderer/src/stores/malware-store.test.ts > malware-store > async actions > act with quarantine mode calls kudu.malwareQuarantine 2ms
 Γ£ô src/renderer/src/stores/malware-store.test.ts > malware-store > async actions > act with delete mode calls kudu.malwareDelete 1ms
 Γ£ô src/renderer/src/stores/malware-store.test.ts > malware-store > async actions > act returns early when no threats selected 1ms
 Γ£ô src/renderer/src/stores/malware-store.test.ts > malware-store > async actions > act sets status complete on error 1ms
 Γ£ô src/renderer/src/stores/malware-store.test.ts > malware-store > async actions > loadQuarantine loads quarantine items 1ms
 Γ£ô src/renderer/src/stores/malware-store.test.ts > malware-store > async actions > loadQuarantine handles error 1ms
 Γ£ô src/renderer/src/stores/malware-store.test.ts > malware-store > async actions > loadAllowlist loads allowlist entries 1ms
 Γ£ô src/renderer/src/stores/malware-store.test.ts > malware-store > async actions > loadAllowlist handles error 1ms
 Γ£ô src/renderer/src/stores/malware-store.test.ts > malware-store > async actions > loadCustomRules loads rules 2ms
 Γ£ô src/renderer/src/stores/malware-store.test.ts > malware-store > async actions > loadCustomRules handles error 1ms
 Γ£ô src/renderer/src/stores/malware-store.test.ts > malware-store > async actions > addCustomRule adds rule and refreshes list 1ms
 Γ£ô src/renderer/src/stores/malware-store.test.ts > malware-store > async actions > addCustomRule returns false when add fails 1ms
 Γ£ô src/renderer/src/stores/malware-store.test.ts > malware-store > async actions > addCustomRule returns false on error 1ms
 Γ£ô src/renderer/src/stores/malware-store.test.ts > malware-store > async actions > removeCustomRule removes rule and refreshes list 1ms
 Γ£ô src/renderer/src/stores/malware-store.test.ts > malware-store > async actions > removeCustomRule returns false when remove fails 1ms
 Γ£ô src/renderer/src/stores/malware-store.test.ts > malware-store > async actions > removeCustomRule returns false on error 1ms
 Γ£ô src/renderer/src/stores/malware-store.test.ts > malware-store > async actions > setProfile sets active profile 1ms
 Γ£ô src/renderer/src/stores/malware-store.test.ts > malware-store > async actions > loadProfiles loads scan profiles 1ms
 Γ£ô src/renderer/src/stores/malware-store.test.ts > malware-store > async actions > loadProfiles handles error silently 1ms
 Γ£ô src/renderer/src/stores/malware-store.test.ts > malware-store > async actions > startWatcher starts watching directories 1ms
 Γ£ô src/renderer/src/stores/malware-store.test.ts > malware-store > async actions > startWatcher does not set watching when watcherStart returns false 1ms
 Γ£ô src/renderer/src/stores/malware-store.test.ts > malware-store > async actions > startWatcher uses fallback dirs when profile not found 1ms
 Γ£ô src/renderer/src/stores/malware-store.test.ts > malware-store > async actions > startWatcher handles error gracefully 1ms
 Γ£ô src/renderer/src/stores/malware-store.test.ts > malware-store > async actions > stopWatcher stops watching 3ms
 Γ£ô src/renderer/src/stores/malware-store.test.ts > malware-store > async actions > stopWatcher handles error silently 1ms
 Γ£ô src/renderer/src/stores/malware-store.test.ts > malware-store > async actions > loadWatcherStatus loads real watcher status 1ms
 Γ£ô src/renderer/src/stores/malware-store.test.ts > malware-store > async actions > loadWatcherStatus handles error silently 1ms
 Γ£ô src/renderer/src/stores/malware-store.test.ts > malware-store > async actions > runMemoryScan runs memory scan 1ms
 Γ£ô src/renderer/src/stores/malware-store.test.ts > malware-store > async actions > runMemoryScan handles error 1ms
 Γ£ô src/renderer/src/stores/malware-store.test.ts > malware-store > async actions > setMemoryResult stores memory result 1ms
 Γ£ô src/renderer/src/stores/malware-store.test.ts > malware-store > async actions > setIsMemoryScanning updates scanning state 1ms
 Γ£ô src/renderer/src/stores/malware-store.test.ts > malware-store > async actions > loadTimeline loads timeline data 1ms
 Γ£ô src/renderer/src/stores/malware-store.test.ts > malware-store > async actions > loadTimeline handles error silently 1ms
 Γ£ô src/renderer/src/stores/malware-store.test.ts > malware-store > async actions > clearTimelineStore clears timeline 1ms
 Γ£ô src/renderer/src/stores/license-store.test.ts > license-store > starts with default state 9ms
 Γ£ô src/renderer/src/stores/license-store.test.ts > license-store > getHwid returns and stores hwid 3ms
 Γ£ô src/renderer/src/stores/license-store.test.ts > license-store > getHwid returns empty string on error 1ms
 Γ£ô src/renderer/src/stores/license-store.test.ts > license-store > getHwid falls back when method is undefined 1ms
 Γ£ô src/renderer/src/stores/license-store.test.ts > license-store > activate sets isActivating and calls kudu.licenseActivate 9ms
 Γ£ô src/renderer/src/stores/license-store.test.ts > license-store > activate sets error on invalid result 1ms
 Γ£ô src/renderer/src/stores/license-store.test.ts > license-store > activate sets error to reason even when reason is null 0ms
 Γ£ô src/renderer/src/stores/license-store.test.ts > license-store > activate falls back when method is undefined 9ms
 Γ£ô src/renderer/src/stores/license-store.test.ts > license-store > activate handles non-Error thrown to exercise ?. fallback 1ms
 Γ£ô src/renderer/src/stores/license-store.test.ts > license-store > activate handles error gracefully 1ms
 Γ£ô src/renderer/src/stores/license-store.test.ts > license-store > checkStatus sets loading and calls kudu.licenseStatus 1ms
 Γ£ô src/renderer/src/stores/license-store.test.ts > license-store > checkStatus handles error gracefully 1ms
 Γ£ô src/renderer/src/stores/privacy-store.test.ts > privacy-store > starts in idle state 10ms
 Γ£ô src/renderer/src/stores/privacy-store.test.ts > privacy-store > setStatus transitions status 1ms
 Γ£ô src/renderer/src/stores/privacy-store.test.ts > privacy-store > setState stores privacy shield state 2ms
 Γ£ô src/renderer/src/stores/privacy-store.test.ts > privacy-store > toggleCategory adds category to expanded set 1ms
 Γ£ô src/renderer/src/stores/privacy-store.test.ts > privacy-store > toggleCategory removes category when already expanded 0ms
 Γ£ô src/renderer/src/stores/privacy-store.test.ts > privacy-store > toggleCategory can track multiple categories 1ms
 Γ£ô src/renderer/src/stores/privacy-store.test.ts > privacy-store > setApplyResult stores the apply result 0ms
 Γ£ô src/renderer/src/stores/privacy-store.test.ts > privacy-store > setProgress tracks scan progress 0ms
 Γ£ô src/renderer/src/stores/privacy-store.test.ts > privacy-store > setExpandedCategories replaces the set 1ms
 Γ£ô src/renderer/src/stores/privacy-store.test.ts > privacy-store > reset clears all state back to defaults 1ms
 Γ£ô src/renderer/src/stores/privacy-store.test.ts > privacy-store > async actions > scan sets scanning status and calls kudu.privacyScan 7ms
 Γ£ô src/renderer/src/stores/privacy-store.test.ts > privacy-store > async actions > scan resets to idle on error 4ms
 Γ£ô src/renderer/src/stores/privacy-store.test.ts > privacy-store > async actions > apply calls kudu.privacyApply and re-scans 5ms
 Γ£ô src/renderer/src/stores/privacy-store.test.ts > privacy-store > async actions > apply sets status done on error 3ms
 Γ£ô src/renderer/src/stores/privacy-store.test.ts > privacy-store > async actions > revert calls kudu.privacyRevert and re-scans 5ms
 Γ£ô src/renderer/src/stores/privacy-store.test.ts > privacy-store > async actions > revert sets status done on error 3ms
 Γ£ô src/main/ipc/clips-engine-connection.test.ts > handlePipeMessage (via pipe data) > ignores non-matching types for boolean fields 504ms
 Γ£ô src/renderer/src/stores/malware-store.test.ts > malware-store > async actions > clearTimelineStore handles error silently 1ms
 Γ£ô src/renderer/src/stores/malware-store.test.ts > malware-store > async actions > setTimeline replaces timeline 1ms
 Γ£ô src/renderer/src/stores/malware-store.test.ts > malware-store > async actions > setTimelineStats replaces stats 1ms
 Γ£ô src/renderer/src/stores/malware-store.test.ts > malware-store > async actions > loadIntelStats loads intel data 1ms
 Γ£ô src/renderer/src/stores/malware-store.test.ts > malware-store > async actions > loadIntelStats handles error silently 1ms
 Γ£ô src/renderer/src/stores/malware-store.test.ts > malware-store > async actions > checkIntelHash checks hash 1ms
 Γ£ô src/renderer/src/stores/malware-store.test.ts > malware-store > async actions > checkIntelHash handles error 1ms
 Γ£ô src/renderer/src/stores/malware-store.test.ts > malware-store > async actions > checkIntelDomain checks domain 1ms
 Γ£ô src/renderer/src/stores/malware-store.test.ts > malware-store > async actions > checkIntelDomain handles error 1ms
 Γ£ô src/renderer/src/stores/malware-store.test.ts > malware-store > async actions > checkIntelIp checks IP 1ms
 Γ£ô src/renderer/src/stores/malware-store.test.ts > malware-store > async actions > checkIntelIp handles error 1ms
 Γ£ô src/renderer/src/stores/malware-store.test.ts > malware-store > async actions > toggleFeed toggles feed and refreshes 1ms
 Γ£ô src/renderer/src/stores/malware-store.test.ts > malware-store > async actions > toggleFeed handles error silently 1ms
 Γ£ô src/renderer/src/stores/malware-store.test.ts > malware-store > async actions > clearIntel clears intel data 1ms
 Γ£ô src/renderer/src/stores/malware-store.test.ts > malware-store > async actions > clearIntel handles error silently 1ms
 Γ£ô src/renderer/src/stores/malware-store.test.ts > malware-store > async actions > setExploitEnabled toggles exploit detection 1ms
 Γ£ô src/renderer/src/stores/malware-store.test.ts > malware-store > async actions > exportReport exports scan report 2ms
 Γ£ô src/renderer/src/stores/malware-store.test.ts > malware-store > async actions > exportReport handles error 1ms
 Γ£ô src/renderer/src/stores/malware-store.test.ts > malware-store > async actions > loadBackupConfig loads backup config, list, and storage 2ms
 Γ£ô src/renderer/src/stores/malware-store.test.ts > malware-store > async actions > loadBackupConfig handles error silently 1ms
 Γ£ô src/renderer/src/stores/malware-store.test.ts > malware-store > async actions > setBackupConfig updates config and refreshes 1ms
 Γ£ô src/renderer/src/stores/malware-store.test.ts > malware-store > async actions > setBackupConfig handles error silently 1ms
 Γ£ô src/renderer/src/stores/malware-store.test.ts > malware-store > async actions > runBackup runs backup and refreshes if successful 1ms
 Γ£ô src/renderer/src/stores/malware-store.test.ts > malware-store > async actions > runBackup does not refresh if backup fails 1ms
 Γ£ô src/renderer/src/stores/malware-store.test.ts > malware-store > async actions > runBackup handles error silently 1ms
 Γ£ô src/renderer/src/stores/malware-store.test.ts > malware-store > async actions > restoreBackupItem restores backup 1ms
 Γ£ô src/renderer/src/stores/malware-store.test.ts > malware-store > async actions > restoreBackupItem returns false on error 1ms
 Γ£ô src/renderer/src/stores/malware-store.test.ts > malware-store > async actions > runSandbox analyzes file 1ms
 Γ£ô src/renderer/src/stores/malware-store.test.ts > malware-store > async actions > runSandbox handles error 1ms
 Γ£ô src/renderer/src/stores/registry-store.test.ts > registry-store > starts in clean state 8ms
 Γ£ô src/renderer/src/stores/registry-store.test.ts > registry-store > setEntries stores entries 3ms
 Γ£ô src/renderer/src/stores/registry-store.test.ts > registry-store > toggleEntry flips selected on specific entry 1ms
 Γ£ô src/renderer/src/stores/registry-store.test.ts > registry-store > toggleEntry can toggle back off 1ms
 Γ£ô src/renderer/src/stores/registry-store.test.ts > registry-store > toggleCardAll selects all entries of given types when not all selected 1ms
 Γ£ô src/renderer/src/stores/registry-store.test.ts > registry-store > toggleCardAll deselects all when all are already selected 1ms
 Γ£ô src/renderer/src/stores/registry-store.test.ts > registry-store > toggleCardAll works with multiple types 1ms
 Γ£ô src/renderer/src/stores/registry-store.test.ts > registry-store > toggleCardExpand toggles card expansion 1ms
 Γ£ô src/renderer/src/stores/registry-store.test.ts > registry-store > setFixResult stores fix result 1ms
 Γ£ô src/renderer/src/stores/registry-store.test.ts > registry-store > setFixProgress tracks fix progress 1ms
 Γ£ô src/renderer/src/stores/registry-store.test.ts > registry-store > reset clears all state 2ms
 Γ£ô src/renderer/src/stores/registry-store.test.ts > registry-store > setFixing updates fixing flag 1ms
 Γ£ô src/renderer/src/stores/registry-store.test.ts > registry-store > setScanned updates scanned flag 1ms
 Γ£ô src/renderer/src/stores/registry-store.test.ts > registry-store > setShowFailures updates showFailures flag 1ms
 Γ£ô src/renderer/src/stores/registry-store.test.ts > registry-store > toggleEntry does nothing for unknown id 0ms
 Γ£ô src/renderer/src/stores/registry-store.test.ts > registry-store > toggleEntry calls registrySetTweakIgnored for persistent tweak types 4ms
 Γ£ô src/renderer/src/stores/registry-store.test.ts > registry-store > toggleEntry registrySetTweakIgnored error is silently caught 1ms
 Γ£ô src/renderer/src/stores/registry-store.test.ts > registry-store > toggleCardAll calls registrySetTweakIgnored for persistent tweak types 1ms
 Γ£ô src/renderer/src/stores/registry-store.test.ts > registry-store > async actions > scan calls kudu.registryScan and stores entries 1ms
 Γ£ô src/renderer/src/stores/registry-store.test.ts > registry-store > async actions > scan handles non-array result 1ms
 Γ£ô src/renderer/src/stores/registry-store.test.ts > registry-store > async actions > scan sets scanning false on error 1ms
 Γ£ô src/renderer/src/stores/registry-store.test.ts > registry-store > async actions > fix skips when entryIds is empty 1ms
 Γ£ô src/renderer/src/stores/registry-store.test.ts > registry-store > async actions > fix calls kudu.registryFix and removes fixed entries 2ms
 Γ£ô src/renderer/src/stores/registry-store.test.ts > registry-store > async actions > fix sets fixing false on error 1ms
 Γ£ô src/renderer/src/stores/registry-store.test.ts > registry-store > async actions > cancelScan calls kudu.registryScanCancel and sets scanning false 1ms
 Γ£ô src/renderer/src/stores/registry-store.test.ts > registry-store > async actions > cancelScan ignores error 1ms
 Γ£ô src/renderer/src/stores/registry-store.test.ts > registry-store > async actions > cancelFix calls kudu.registryFixCancel and sets fixing false 1ms
 Γ£ô src/renderer/src/stores/registry-store.test.ts > registry-store > async actions > cancelFix ignores error 1ms
 Γ£ô src/renderer/src/lib/renderer-logger.test.ts > renderer-logger > error logs message with Error detail 19ms
 Γ£ô src/renderer/src/lib/renderer-logger.test.ts > renderer-logger > error logs message with string detail 1ms
 Γ£ô src/renderer/src/lib/renderer-logger.test.ts > renderer-logger > error logs message without detail when err is undefined 1ms
 Γ£ô src/renderer/src/lib/renderer-logger.test.ts > renderer-logger > warn sends warn level 1ms
 Γ£ô src/renderer/src/lib/renderer-logger.test.ts > renderer-logger > info sends info level 1ms
 Γ£ô src/renderer/src/lib/renderer-logger.test.ts > renderer-logger > does not throw when window.dinho is undefined 3ms
 Γ£ô src/renderer/src/lib/renderer-logger.test.ts > renderer-logger > does not throw when window.dinho.log is undefined 1ms
 Γ£ô src/renderer/src/stores/service-store.test.ts > service-store > toggleService > toggles a safe service 6ms
 Γ£ô src/renderer/src/stores/service-store.test.ts > service-store > toggleService > toggles a caution service 1ms
 Γ£ô src/renderer/src/stores/service-store.test.ts > service-store > toggleService > does NOT toggle an unsafe service 1ms
 Γ£ô src/renderer/src/stores/service-store.test.ts > service-store > selectRecommended > selects only safe, non-disabled services 1ms
 Γ£ô src/renderer/src/stores/service-store.test.ts > service-store > deselectAll > deselects all services 1ms
 Γ£ô src/renderer/src/stores/service-store.test.ts > service-store > state setters > setApplying updates applying flag 1ms
 Γ£ô src/renderer/src/stores/service-store.test.ts > service-store > state setters > setScanProgress stores progress 2ms
 Γ£ô src/renderer/src/stores/service-store.test.ts > service-store > state setters > setApplyResult stores apply result 2ms
 Γ£ô src/renderer/src/stores/service-store.test.ts > service-store > state setters > setError stores error and clears on null 1ms
 Γ£ô src/renderer/src/stores/service-store.test.ts > service-store > state setters > setHasScanned updates hasScanned flag 1ms
 Γ£ô src/renderer/src/stores/service-store.test.ts > service-store > filters > sets search query 1ms
 Γ£ô src/renderer/src/stores/service-store.test.ts > service-store > filters > sets safety filter 1ms
 Γ£ô src/renderer/src/stores/service-store.test.ts > service-store > filters > sets category filter 1ms
 Γ£ô src/renderer/src/stores/service-store.test.ts > service-store > filters > sets status filter 1ms
 Γ£ô src/renderer/src/stores/service-store.test.ts > service-store > reset clears all state 2ms
 Γ£ô src/renderer/src/stores/service-store.test.ts > service-store > async actions > scan calls kudu.serviceScan and stores services 7ms
 Γ£ô src/renderer/src/stores/service-store.test.ts > service-store > async actions > scan sets scanning false on error 1ms
 Γ£ô src/renderer/src/stores/service-store.test.ts > service-store > async actions > apply skips when no changes 1ms
 Γ£ô src/renderer/src/stores/service-store.test.ts > service-store > async actions > apply calls kudu.serviceApply with changes 3ms
 Γ£ô src/renderer/src/stores/service-store.test.ts > service-store > async actions > apply sets applying false on error 1ms
 Γ£ô src/renderer/src/stores/settings-store.test.ts > settings-store > starts with loaded = false 6ms
 Γ£ô src/renderer/src/stores/settings-store.test.ts > settings-store > setSettings replaces all settings and sets loaded 1ms
 Γ£ô src/renderer/src/stores/settings-store.test.ts > settings-store > updateSettings merges top-level properties 1ms
 Γ£ô src/renderer/src/stores/settings-store.test.ts > settings-store > updateSettings deep-merges cleaner settings 1ms
 Γ£ô src/renderer/src/stores/settings-store.test.ts > settings-store > updateSettings deep-merges schedule settings 1ms
 Γ£ô src/renderer/src/stores/settings-store.test.ts > settings-store > updateSettings does not clobber nested objects when only top-level changes 1ms
 Γ£ô src/renderer/src/stores/settings-store.test.ts > settings-store > default settings have sensible values 2ms
 Γ£ô src/renderer/src/stores/settings-store.test.ts > refreshSettings > fetches settings from main process via window.dinho 7ms
 Γ£ô src/renderer/src/stores/settings-store.test.ts > refreshSettings > handles settingsGet rejection gracefully 4ms
 Γ£ô src/renderer/src/stores/settings-store.test.ts > refreshSettings > handles missing kudu gracefully 1ms
 Γ£ô src/renderer/src/stores/settings-store.test.ts > eager hydration > calls refreshSettings when window.dinho is defined 4ms
 Γ£ô src/renderer/src/pages/schedules-utils.test.ts > getNextRunTime > returns null when entry is disabled 10ms
 Γ£ô src/renderer/src/pages/schedules-utils.test.ts > getNextRunTime > daily > returns same day when run time is in the future 2ms
 Γ£ô src/renderer/src/pages/schedules-utils.test.ts > getNextRunTime > daily > returns next day when run time has already passed 1ms
 Γ£ô src/renderer/src/pages/schedules-utils.test.ts > getNextRunTime > daily > defaults minute to 0 when minute is not provided 1ms
 Γ£ô src/renderer/src/pages/schedules-utils.test.ts > getNextRunTime > weekly > advances to the correct day of the week 1ms
 Γ£ô src/renderer/src/pages/schedules-utils.test.ts > getNextRunTime > weekly > wraps to next week when the scheduled day has already passed 1ms
 Γ£ô src/renderer/src/pages/schedules-utils.test.ts > getNextRunTime > monthly > returns same month when run time is still in the future 1ms
 Γ£ô src/renderer/src/pages/schedules-utils.test.ts > getNextRunTime > monthly > advances to next month when run time has already passed 1ms
 Γ£ô src/renderer/src/pages/schedules-utils.test.ts > getNextRunTime > monthly > clamps day to the last day of the month (e.g., day 31 on Feb 28) 1ms
 Γ£ô src/renderer/src/pages/schedules-utils.test.ts > getNextRunTime > monthly > handles day 31 on a 30-day month without advancing unnecessarily 1ms
 Γ£ô src/renderer/src/stores/scan-store.test.ts > scan-store > starts in idle state with empty results 11ms
 Γ£ô src/renderer/src/stores/scan-store.test.ts > scan-store > setResults populates results and auto-selects items 3ms
 Γ£ô src/renderer/src/stores/scan-store.test.ts > scan-store > addResults appends without replacing 2ms
 Γ£ô src/renderer/src/stores/scan-store.test.ts > scan-store > toggleItem deselects and reselects 1ms
 Γ£ô src/renderer/src/stores/scan-store.test.ts > scan-store > toggleSubcategory deselects all when all selected, selects all when some deselected 1ms
 Γ£ô src/renderer/src/stores/scan-store.test.ts > scan-store > selectAll / deselectAll works per category 1ms
 Γ£ô src/renderer/src/stores/scan-store.test.ts > scan-store > toggleCategory toggles all items in a category 1ms
 Γ£ô src/renderer/src/stores/scan-store.test.ts > scan-store > getTotalSize sums all result sizes 1ms
 Γ£ô src/renderer/src/stores/scan-store.test.ts > scan-store > getSelectedSize sums only selected item sizes 1ms
 Γ£ô src/renderer/src/stores/scan-store.test.ts > scan-store > getSelectedIds returns array of selected IDs 1ms
 Γ£ô src/renderer/src/stores/scan-store.test.ts > scan-store > excluded subcategories persist to localStorage 2ms
 Γ£ô src/renderer/src/stores/scan-store.test.ts > scan-store > reset clears state back to defaults 1ms
 Γ£ô src/renderer/src/stores/scan-store.test.ts > scan-store > setProgress stores progress data 1ms
 Γ£ô src/renderer/src/stores/scan-store.test.ts > scan-store > setCleanSummary stores clean summary data 1ms
 Γ£ô src/renderer/src/stores/scan-store.test.ts > scan-store > setActiveCategory stores active category 1ms
 Γ£ô src/renderer/src/stores/scan-store.test.ts > scan-store > addResults does not auto-select items from excluded subcategories 1ms
 Γ£ô src/renderer/src/stores/scan-store.test.ts > scan-store > toggleItem handles unknown id not in any result 1ms
 Γ£ô src/main/ipc/clips-engine-connection.test.ts > handlePipeMessage (via pipe data) > logs warning on outputDirectory mismatch 506ms
 Γ£ô src/renderer/src/stores/startup-store.test.ts > startup-store > starts with empty state 9ms
 Γ£ô src/renderer/src/stores/startup-store.test.ts > startup-store > setItems replaces all items 2ms
 Γ£ô src/renderer/src/stores/startup-store.test.ts > startup-store > updateItem updates a specific item by id 1ms
 Γ£ô src/renderer/src/stores/startup-store.test.ts > startup-store > removeItem removes the item with given id 1ms
 Γ£ô src/renderer/src/stores/startup-store.test.ts > startup-store > setSortBy updates sort preference 1ms
 Γ£ô src/renderer/src/stores/startup-store.test.ts > startup-store > initial sort is by impact 0ms
 Γ£ô src/renderer/src/stores/startup-store.test.ts > startup-store > setFilterBy updates filter 0ms
 Γ£ô src/renderer/src/stores/startup-store.test.ts > startup-store > setError stores error message 0ms
 Γ£ô src/renderer/src/stores/startup-store.test.ts > startup-store > setDeleteTarget stores item for confirmation 1ms
 Γ£ô src/renderer/src/stores/startup-store.test.ts > startup-store > setBootTrace stores trace data 0ms
 Γ£ô src/renderer/src/stores/startup-store.test.ts > startup-store > reset clears items/error/loading/bootTrace but preserves sort/filter 1ms
 Γ£ô src/renderer/src/stores/startup-store.test.ts > startup-store > setLoading updates loading flag 1ms
 Γ£ô src/renderer/src/stores/startup-store.test.ts > startup-store > setTraceLoading updates trace loading flag 0ms
 Γ£ô src/renderer/src/stores/startup-store.test.ts > startup-store > setSafetyRatings converts array to record 1ms
 Γ£ô src/renderer/src/stores/startup-store.test.ts > startup-store > setSafetyLoading updates safety loading flag 0ms
 Γ£ô src/renderer/src/stores/startup-store.test.ts > startup-store > setExpandedItemId stores expanded item id 1ms
 Γ£ô src/renderer/src/stores/startup-store.test.ts > fetchSafetyRatings > fetches and stores safety ratings 3ms
 Γ£ô src/renderer/src/stores/startup-store.test.ts > fetchSafetyRatings > handles fetch error gracefully 1ms
 Γ£ô src/renderer/src/hooks/useAnimatedCounter.test.ts > useAnimatedCounter > starts at 0 50ms
 Γ£ô src/renderer/src/hooks/useAnimatedCounter.test.ts > useAnimatedCounter > animates toward target value 8ms
 Γ£ô src/renderer/src/hooks/useAnimatedCounter.test.ts > useAnimatedCounter > interpolates mid-animation 5ms
 Γ£ô src/renderer/src/hooks/useAnimatedCounter.test.ts > useAnimatedCounter > cancels animation frame on unmount 6ms
 Γ£ô src/renderer/src/stores/stats-store.test.ts > stats-store > starts with default stats and loaded=false 9ms
 Γ£ô src/renderer/src/stores/stats-store.test.ts > stats-store > recompute with empty history returns defaults 1ms
 Γ£ô src/renderer/src/stores/stats-store.test.ts > stats-store > recompute aggregates totals from history entries 1ms
 Γ£ô src/renderer/src/stores/stats-store.test.ts > stats-store > recompute sets lastScanDate from most recent entry 1ms
 Γ£ô src/renderer/src/stores/stats-store.test.ts > stats-store > recompute creates recentActivity with mapped types 3ms
 Γ£ô src/renderer/src/stores/stats-store.test.ts > stats-store > recompute caps recentActivity at 20 entries 1ms
 Γ£ô src/renderer/src/hooks/useIpcAction.test.tsx > useIpcAction > starts with loading false 46ms
 Γ£ô src/renderer/src/hooks/useIpcAction.test.tsx > useIpcAction > sets loading true during execution 8ms
 Γ£ô src/renderer/src/hooks/useIpcAction.test.tsx > useIpcAction > sets loading false after success 5ms
 Γ£ô src/renderer/src/hooks/useIpcAction.test.tsx > useIpcAction > calls onResult with the action result 7ms
 Γ£ô src/renderer/src/hooks/useIpcAction.test.tsx > useIpcAction > calls onStart before execution 4ms
 Γ£ô src/renderer/src/hooks/useIpcAction.test.tsx > useIpcAction > shows success toast when onSuccessToast is set 5ms
 Γ£ô src/renderer/src/hooks/useIpcAction.test.tsx > useIpcAction > shows error toast when action fails with errorKey 8ms
 Γ£ô src/renderer/src/hooks/useIpcAction.test.tsx > useIpcAction > calls onError when action fails 4ms
 Γ£ô src/renderer/src/stores/uninstaller-store.test.ts > uninstaller-store > starts with default values 8ms
 Γ£ô src/renderer/src/stores/uninstaller-store.test.ts > uninstaller-store > setPrograms replaces programs and clears selection 3ms
 Γ£ô src/renderer/src/stores/uninstaller-store.test.ts > uninstaller-store > setLoading updates loading 1ms
 Γ£ô src/renderer/src/stores/uninstaller-store.test.ts > uninstaller-store > setUninstalling updates uninstalling 1ms
 Γ£ô src/renderer/src/stores/uninstaller-store.test.ts > uninstaller-store > setProgress updates progress 1ms
 Γ£ô src/renderer/src/stores/uninstaller-store.test.ts > uninstaller-store > setProgress with null clears progress 0ms
 Γ£ô src/renderer/src/stores/uninstaller-store.test.ts > uninstaller-store > setUninstallResult updates result 1ms
 Γ£ô src/renderer/src/stores/uninstaller-store.test.ts > uninstaller-store > setError updates error 1ms
 Γ£ô src/renderer/src/stores/uninstaller-store.test.ts > uninstaller-store > setHasLoaded updates hasLoaded 1ms
 Γ£ô src/renderer/src/stores/uninstaller-store.test.ts > uninstaller-store > setSearchQuery updates searchQuery 1ms
 Γ£ô src/renderer/src/stores/uninstaller-store.test.ts > uninstaller-store > setSortField updates sortField 0ms
 Γ£ô src/renderer/src/stores/uninstaller-store.test.ts > uninstaller-store > setSortDirection updates sortDirection 1ms
 Γ£ô src/renderer/src/stores/uninstaller-store.test.ts > uninstaller-store > setFilterMode updates filterMode 0ms
 Γ£ô src/renderer/src/stores/uninstaller-store.test.ts > uninstaller-store > removeProgram removes by id and cleans selection 1ms
 Γ£ô src/renderer/src/stores/uninstaller-store.test.ts > uninstaller-store > toggleSelected adds and removes from selection 1ms
 Γ£ô src/renderer/src/stores/uninstaller-store.test.ts > uninstaller-store > selectAll sets selectedIds 1ms
 Γ£ô src/renderer/src/stores/uninstaller-store.test.ts > uninstaller-store > clearSelected empties selection 1ms
 Γ£ô src/renderer/src/stores/uninstaller-store.test.ts > uninstaller-store > setSafetyRatings converts array to record 1ms
 Γ£ô src/renderer/src/stores/uninstaller-store.test.ts > uninstaller-store > setSafetyLoading updates safetyLoading 1ms
 Γ£ô src/renderer/src/stores/uninstaller-store.test.ts > uninstaller-store > setExpandedItemId updates expandedItemId 2ms
 Γ£ô src/renderer/src/stores/uninstaller-store.test.ts > uninstaller-store > fetchSafetyRatings calls API and stores ratings 5ms
 Γ£ô src/renderer/src/stores/uninstaller-store.test.ts > uninstaller-store > fetchSafetyRatings handles API failure gracefully 1ms
 Γ£ô src/renderer/src/stores/uninstaller-store.test.ts > uninstaller-store > reset restores initial state 1ms
 Γ£ô src/renderer/src/stores/uninstaller-store.test.ts > uninstaller-store > UNUSED_THRESHOLD_DAYS is 90 0ms
 Γ£ô src/renderer/src/stores/updater-store.test.ts > updater-store > starts with default state 9ms
 Γ£ô src/renderer/src/stores/updater-store.test.ts > updater-store > setApps filters out ignored ids 4ms
 Γ£ô src/renderer/src/stores/updater-store.test.ts > updater-store > setApps with no ignored ids includes all 1ms
 Γ£ô src/renderer/src/stores/updater-store.test.ts > updater-store > setLoading updates loading 1ms
 Γ£ô src/renderer/src/stores/updater-store.test.ts > updater-store > setUpdating updates updating 1ms
 Γ£ô src/renderer/src/stores/updater-store.test.ts > updater-store > setProgress updates progress 1ms
 Γ£ô src/renderer/src/stores/updater-store.test.ts > updater-store > setUpdateResult updates updateResult 1ms
 Γ£ô src/renderer/src/stores/updater-store.test.ts > updater-store > setError updates error 1ms
 Γ£ô src/renderer/src/stores/updater-store.test.ts > updater-store > setHasChecked updates hasChecked 1ms
 Γ£ô src/renderer/src/stores/updater-store.test.ts > updater-store > setSearchQuery updates searchQuery 1ms
 Γ£ô src/renderer/src/stores/updater-store.test.ts > updater-store > setSortField resets sortDirection to asc for severity 1ms
 Γ£ô src/renderer/src/stores/updater-store.test.ts > updater-store > setSortField keeps sortDirection for non-severity fields 1ms
 Γ£ô src/renderer/src/stores/updater-store.test.ts > updater-store > setSeverityFilter updates severityFilter 1ms
 Γ£ô src/renderer/src/stores/updater-store.test.ts > updater-store > toggleAppSelected toggles selected on app 1ms
 Γ£ô src/renderer/src/stores/updater-store.test.ts > updater-store > toggleAppSelected preserves non-target apps 1ms
 Γ£ô src/renderer/src/stores/updater-store.test.ts > updater-store > selectAll selects all apps 1ms
 Γ£ô src/renderer/src/stores/updater-store.test.ts > updater-store > deselectAll deselects all apps 1ms
 Γ£ô src/renderer/src/stores/updater-store.test.ts > updater-store > removeApps removes apps by ids 1ms
 Γ£ô src/renderer/src/stores/updater-store.test.ts > updater-store > loadIgnoredIds rebuilds apps and ignoredApps lists 1ms
 Γ£ô src/renderer/src/stores/updater-store.test.ts > updater-store > ignoreApp moves app to ignored list and persists 4ms
 Γ£ô src/renderer/src/stores/updater-store.test.ts > updater-store > ignoreApp does nothing when app not found 1ms
 Γ£ô src/renderer/src/stores/updater-store.test.ts > updater-store > unignoreApp moves app back from ignored list 1ms
 Γ£ô src/renderer/src/stores/updater-store.test.ts > updater-store > unignoreApp does nothing when app not in ignored list 2ms
 Γ£ô src/renderer/src/stores/updater-store.test.ts > updater-store > reset restores initial state 1ms
 Γ£ô src/renderer/src/stores/updater-store.test.ts > severityOrder > orders major before minor 1ms
 Γ£ô src/renderer/src/stores/updater-store.test.ts > severityOrder > orders minor before patch 1ms
 Γ£ô src/renderer/src/stores/updater-store.test.ts > severityOrder > orders patch before unknown 0ms
 Γ£ô src/renderer/src/hooks/useIpcScan.test.tsx > useIpcScan > starts with loading false 55ms
 Γ£ô src/renderer/src/hooks/useIpcScan.test.tsx > useIpcScan > sets loading true during scan 10ms
 Γ£ô src/renderer/src/hooks/useIpcScan.test.tsx > useIpcScan > sets loading false after success 4ms
 Γ£ô src/renderer/src/hooks/useIpcScan.test.tsx > useIpcScan > calls onResult with scan result 7ms
 Γ£ô src/renderer/src/hooks/useIpcScan.test.tsx > useIpcScan > calls resetState before scan 4ms
 Γ£ô src/renderer/src/hooks/useIpcScan.test.tsx > useIpcScan > shows success toast when onSuccessToast is set 3ms
 Γ£ô src/renderer/src/hooks/useIpcScan.test.tsx > useIpcScan > shows error toast when scan fails with errorKey 5ms
 Γ£ô src/renderer/src/hooks/useIpcScan.test.tsx > useIpcScan > calls onError when scan fails 3ms
 Γ£ô src/renderer/src/stores/vulnerability-store.test.ts > vulnerability-store > starts with default state 12ms
 Γ£ô src/renderer/src/stores/vulnerability-store.test.ts > vulnerability-store > setFindings updates findings 1ms
 Γ£ô src/renderer/src/stores/vulnerability-store.test.ts > vulnerability-store > setStatus updates status 1ms
 Γ£ô src/renderer/src/stores/vulnerability-store.test.ts > vulnerability-store > setProgress updates progress 1ms
 Γ£ô src/renderer/src/stores/vulnerability-store.test.ts > vulnerability-store > setScanResult updates scanResult 1ms
 Γ£ô src/renderer/src/stores/vulnerability-store.test.ts > vulnerability-store > setActionResult updates actionResult 0ms
 Γ£ô src/renderer/src/stores/vulnerability-store.test.ts > vulnerability-store > toggleCategory toggles expandedCategories 1ms
 Γ£ô src/renderer/src/stores/vulnerability-store.test.ts > vulnerability-store > scan calls API and stores result 1ms
 Γ£ô src/renderer/src/stores/vulnerability-store.test.ts > vulnerability-store > scan sets idle on failure 1ms
 Γ£ô src/renderer/src/stores/vulnerability-store.test.ts > vulnerability-store > scan registers progress listener and cleans up 2ms
 Γ£ô src/renderer/src/stores/vulnerability-store.test.ts > vulnerability-store > apply calls API and rescans 3ms
 Γ£ô src/renderer/src/stores/vulnerability-store.test.ts > vulnerability-store > apply sets done on failure 1ms
 Γ£ô src/renderer/src/stores/vulnerability-store.test.ts > vulnerability-store > revert calls API and rescans 1ms
 Γ£ô src/renderer/src/stores/vulnerability-store.test.ts > vulnerability-store > revert sets done on failure 1ms
 Γ£ô src/renderer/src/stores/vulnerability-store.test.ts > vulnerability-store > reset restores initial state 1ms
 Γ£ô src/renderer/src/hooks/useIpcAction.test.tsx > useIpcAction > uses external setLoading when provided 9ms
 Γ£ô src/renderer/src/hooks/useIpcAction.test.tsx > useIpcAction > returns undefined from execute on error 3ms
 Γ£ô src/renderer/src/hooks/useIpcScan.test.tsx > useIpcScan > uses external setLoading when provided 3ms
 Γ£ô src/renderer/src/hooks/useProgressListener.test.ts > useProgressListener > calls subscribe on mount 53ms
 Γ£ô src/renderer/src/hooks/useProgressListener.test.ts > useProgressListener > calls cleanup function on unmount 4ms
 Γ£ô src/renderer/src/hooks/useProgressListener.test.ts > useProgressListener > re-subscribes when subscribe or handler changes 5ms
 Γ£ô src/renderer/src/stores/windows-tweaks-store.test.ts > windows-tweaks-store > starts with default state 6ms
 Γ£ô src/renderer/src/stores/windows-tweaks-store.test.ts > windows-tweaks-store > load fetches tweaks status 4ms
 Γ£ô src/renderer/src/stores/windows-tweaks-store.test.ts > windows-tweaks-store > load handles error 1ms
 Γ£ô src/renderer/src/stores/windows-tweaks-store.test.ts > windows-tweaks-store > loadDnsPresets fetches DNS presets 1ms
 Γ£ô src/renderer/src/stores/windows-tweaks-store.test.ts > windows-tweaks-store > loadDnsPresets handles error 1ms
 Γ£ô src/renderer/src/stores/windows-tweaks-store.test.ts > windows-tweaks-store > apply does nothing when no selections 1ms
 Γ£ô src/renderer/src/stores/windows-tweaks-store.test.ts > windows-tweaks-store > apply calls kudu and reloads 4ms
 Γ£ô src/renderer/src/stores/windows-tweaks-store.test.ts > windows-tweaks-store > apply handles error 1ms
 Γ£ô src/renderer/src/stores/windows-tweaks-store.test.ts > windows-tweaks-store > revert does nothing when no selections 1ms
 Γ£ô src/renderer/src/stores/windows-tweaks-store.test.ts > windows-tweaks-store > revert calls kudu and reloads 1ms
 Γ£ô src/renderer/src/stores/windows-tweaks-store.test.ts > windows-tweaks-store > revert handles error 1ms
 Γ£ô src/renderer/src/stores/windows-tweaks-store.test.ts > windows-tweaks-store > toggle adds and removes from selectedIds 0ms
 Γ£ô src/renderer/src/stores/windows-tweaks-store.test.ts > windows-tweaks-store > selectAll selects only non-applied tweaks 0ms
 Γ£ô src/renderer/src/stores/windows-tweaks-store.test.ts > windows-tweaks-store > deselectAll clears selectedIds 0ms
 Γ£ô src/renderer/src/stores/windows-tweaks-store.test.ts > windows-tweaks-store > toggleCategory toggles expanded categories 0ms
 Γ£ô src/renderer/src/stores/windows-tweaks-store.test.ts > windows-tweaks-store > setDns calls kudu and returns result 1ms
 Γ£ô src/renderer/src/stores/windows-tweaks-store.test.ts > windows-tweaks-store > setDns handles error 0ms
 Γ£ô src/renderer/src/stores/windows-tweaks-store.test.ts > windows-tweaks-store > netshTcpApply calls netsh TCP apply 0ms
 Γ£ô src/renderer/src/stores/windows-tweaks-store.test.ts > windows-tweaks-store > netshTcpApply handles error 0ms
 Γ£ô src/renderer/src/stores/windows-tweaks-store.test.ts > windows-tweaks-store > netshTcpRevert calls netsh TCP revert 0ms
 Γ£ô src/renderer/src/stores/windows-tweaks-store.test.ts > windows-tweaks-store > netshTcpRevert handles error 0ms
stderr | src/renderer/src/hooks/usePolling.test.ts > usePolling > fetches data on mount
An update to TestComponent inside a test was not wrapped in act(...).

When testing, code that causes React state updates should be wrapped into act(...):

act(() => {
  /* fire events that update state */
});
/* assert on the output */

This ensures that you're testing the behavior the user would see in the browser. Learn more at https://react.dev/link/wrap-tests-with-act
An update to TestComponent inside a test was not wrapped in act(...).

When testing, code that causes React state updates should be wrapped into act(...):

act(() => {
  /* fire events that update state */
});
/* assert on the output */

This ensures that you're testing the behavior the user would see in the browser. Learn more at https://react.dev/link/wrap-tests-with-act

stderr | src/renderer/src/hooks/usePolling.test.ts > usePolling > fetches data on mount
An update to TestComponent inside a test was not wrapped in act(...).

When testing, code that causes React state updates should be wrapped into act(...):

act(() => {
  /* fire events that update state */
});
/* assert on the output */

This ensures that you're testing the behavior the user would see in the browser. Learn more at https://react.dev/link/wrap-tests-with-act

stderr | src/renderer/src/hooks/usePlatform.test.tsx > usePlatformLoader > returns default info initially before promise resolves
An update to TestComponent inside a test was not wrapped in act(...).

When testing, code that causes React state updates should be wrapped into act(...):

act(() => {
  /* fire events that update state */
});
/* assert on the output */

This ensures that you're testing the behavior the user would see in the browser. Learn more at https://react.dev/link/wrap-tests-with-act

stderr | src/renderer/src/hooks/usePlatform.test.tsx > usePlatformLoader > calls platformInfo on mount and updates info
An update to TestComponent inside a test was not wrapped in act(...).

When testing, code that causes React state updates should be wrapped into act(...):

act(() => {
  /* fire events that update state */
});
/* assert on the output */

This ensures that you're testing the behavior the user would see in the browser. Learn more at https://react.dev/link/wrap-tests-with-act

stderr | src/renderer/src/hooks/usePolling.test.ts > usePolling > sets error when fetcher rejects
An update to TestComponent inside a test was not wrapped in act(...).

When testing, code that causes React state updates should be wrapped into act(...):

act(() => {
  /* fire events that update state */
});
/* assert on the output */

This ensures that you're testing the behavior the user would see in the browser. Learn more at https://react.dev/link/wrap-tests-with-act

stderr | src/renderer/src/hooks/usePolling.test.ts > usePolling > sets error when fetcher rejects
An update to TestComponent inside a test was not wrapped in act(...).

When testing, code that causes React state updates should be wrapped into act(...):

act(() => {
  /* fire events that update state */
});
/* assert on the output */

This ensures that you're testing the behavior the user would see in the browser. Learn more at https://react.dev/link/wrap-tests-with-act

 Γ£ô src/renderer/src/hooks/usePolling.test.ts > usePolling > fetches data on mount 90ms
 Γ£ô src/renderer/src/hooks/usePlatform.test.tsx > usePlatform > returns context value from provider 32ms
 Γ£ô src/renderer/src/hooks/usePlatform.test.tsx > usePlatform > returns default info outside provider 3ms
 Γ£ô src/renderer/src/hooks/usePlatform.test.tsx > usePlatformLoader > returns default info initially before promise resolves 9ms
stderr | src/renderer/src/hooks/usePolling.test.ts > usePolling > polls at the given interval
An update to TestComponent inside a test was not wrapped in act(...).

When testing, code that causes React state updates should be wrapped into act(...):

act(() => {
  /* fire events that update state */
});
/* assert on the output */

This ensures that you're testing the behavior the user would see in the browser. Learn more at https://react.dev/link/wrap-tests-with-act
An update to TestComponent inside a test was not wrapped in act(...).

When testing, code that causes React state updates should be wrapped into act(...):

act(() => {
  /* fire events that update state */
});
/* assert on the output */

This ensures that you're testing the behavior the user would see in the browser. Learn more at https://react.dev/link/wrap-tests-with-act

 Γ£ô src/renderer/src/hooks/useScheduledScan.test.tsx > useScheduledScan > subscribes to onScheduleRunTrigger on mount 33ms
 Γ£ô src/renderer/src/hooks/useScheduledScan.test.tsx > useScheduledScan > returns unsubscribe function from onScheduleRunTrigger 3ms
 Γ£ô src/renderer/src/hooks/useScheduledScan.test.tsx > useScheduledScan > processes queued trigger and runs cleaner tasks 11ms
 Γ£ô src/renderer/src/hooks/useScheduledScan.test.tsx > useScheduledScan > auto-applies when autoApply is true 4ms
 Γ£ô src/renderer/src/hooks/useScheduledScan.test.tsx > useScheduledScan > skips recycle bin when protectRecycleBin is true 4ms
 Γ£ô src/renderer/src/hooks/useScheduledScan.test.tsx > useScheduledScan > handles registry tasks 3ms
 Γ£ô src/renderer/src/hooks/useScheduledScan.test.tsx > useScheduledScan > handles driver update tasks 3ms
 Γ£ô src/renderer/src/hooks/useScheduledScan.test.tsx > useScheduledScan > queues multiple triggers and processes sequentially 3ms
 Γ£ô src/renderer/src/hooks/useScheduledScan.test.tsx > useScheduledScan > runs recycle bin scan when protectRecycleBin is false 3ms
 Γ£ô src/renderer/src/hooks/useScheduledScan.test.tsx > useScheduledScan > sets status to partial when cleaner scan throws 4ms
 Γ£ô src/renderer/src/hooks/useScheduledScan.test.tsx > useScheduledScan > sets status to partial when cleaner clean throws with autoApply 3ms
 Γ£ô src/renderer/src/hooks/useScheduledScan.test.tsx > useScheduledScan > sets status to partial when registry scan throws 2ms
 Γ£ô src/renderer/src/hooks/useScheduledScan.test.tsx > useScheduledScan > sets status to partial when registry fix throws with autoApply 3ms
 Γ£ô src/renderer/src/hooks/useScheduledScan.test.tsx > useScheduledScan > sets status to partial when driver update scan throws 3ms
 Γ£ô src/renderer/src/hooks/useScheduledScan.test.tsx > useScheduledScan > sets status to partial when driver install throws with autoApply 2ms
 Γ£ô src/renderer/src/hooks/useScheduledScan.test.tsx > useScheduledScan > sets status to partial when software update check throws 3ms
 Γ£ô src/renderer/src/hooks/useScheduledScan.test.tsx > useScheduledScan > sets status to partial when software update run throws with autoApply 3ms
 Γ£ô src/renderer/src/hooks/useScheduledScan.test.tsx > useScheduledScan > handles software update tasks with autoApply 3ms
 Γ£ô src/renderer/src/hooks/useScheduledScan.test.tsx > useScheduledScan > does not call clean functions when autoApply is false 5ms
 Γ£ô src/renderer/src/hooks/usePlatform.test.tsx > usePlatformLoader > calls platformInfo on mount and updates info 57ms
stderr | src/renderer/src/hooks/usePolling.test.ts > usePolling > pauses polling when page is hidden
An update to TestComponent inside a test was not wrapped in act(...).

When testing, code that causes React state updates should be wrapped into act(...):

act(() => {
  /* fire events that update state */
});
/* assert on the output */

This ensures that you're testing the behavior the user would see in the browser. Learn more at https://react.dev/link/wrap-tests-with-act
An update to TestComponent inside a test was not wrapped in act(...).

When testing, code that causes React state updates should be wrapped into act(...):

act(() => {
  /* fire events that update state */
});
/* assert on the output */

This ensures that you're testing the behavior the user would see in the browser. Learn more at https://react.dev/link/wrap-tests-with-act

stderr | src/renderer/src/hooks/usePolling.test.ts > usePolling > refresh forces a new fetch
An update to TestComponent inside a test was not wrapped in act(...).

When testing, code that causes React state updates should be wrapped into act(...):

act(() => {
  /* fire events that update state */
});
/* assert on the output */

This ensures that you're testing the behavior the user would see in the browser. Learn more at https://react.dev/link/wrap-tests-with-act
An update to TestComponent inside a test was not wrapped in act(...).

When testing, code that causes React state updates should be wrapped into act(...):

act(() => {
  /* fire events that update state */
});
/* assert on the output */

This ensures that you're testing the behavior the user would see in the browser. Learn more at https://react.dev/link/wrap-tests-with-act

stderr | src/renderer/src/hooks/usePolling.test.ts > usePolling > refresh forces a new fetch
An update to TestComponent inside a test was not wrapped in act(...).

When testing, code that causes React state updates should be wrapped into act(...):

act(() => {
  /* fire events that update state */
});
/* assert on the output */

This ensures that you're testing the behavior the user would see in the browser. Learn more at https://react.dev/link/wrap-tests-with-act

 Γ£ô src/main/services/software-updater/checkers/winget.test.ts > parseWingetUpgradeOutput > parses normal output 7ms
 Γ£ô src/main/services/software-updater/checkers/winget.test.ts > parseWingetUpgradeOutput > returns empty when no separator after header 1ms
 Γ£ô src/main/services/software-updater/checkers/winget.test.ts > parseWingetUpgradeOutput > returns empty when separator does not match (===) 0ms
 Γ£ô src/main/services/software-updater/checkers/winget.test.ts > parseWingetUpgradeOutput > handles header without Source column (localized output) 1ms
 Γ£ô src/main/services/software-updater/checkers/winget.test.ts > parseWingetUpgradeOutput > returns empty when Id column is missing from header 0ms
 Γ£ô src/main/services/software-updater/checkers/winget.test.ts > parseWingetUpgradeOutput > skips whitespace-only data lines 0ms
 Γ£ô src/main/services/software-updater/checkers/winget.test.ts > parseWingetUpgradeOutput > strips < prefix from version 0ms
 Γ£ô src/main/services/software-updater/checkers/winget.test.ts > parseWingetUpgradeOutput > strips > prefix from available 0ms
 Γ£ô src/main/services/software-updater/checkers/winget.test.ts > parseWingetUpgradeOutput > skips entries with empty id 0ms
 Γ£ô src/main/services/software-updater/checkers/winget.test.ts > parseWingetUpgradeOutput > skips entries with empty version 0ms
 Γ£ô src/main/services/software-updater/checkers/winget.test.ts > parseWingetUpgradeOutput > skips entries with empty available 0ms
 Γ£ô src/main/services/software-updater/checkers/winget.test.ts > parseWingetUpgradeOutput > uses "winget" as source when source column is empty 0ms
 Γ£ô src/main/services/software-updater/checkers/winget.test.ts > parseWingetUpgradeOutput > uses id as name when stripTrailingVersion returns empty 0ms
 Γ£ô src/main/services/software-updater/checkers/winget.test.ts > parseWingetUpgradeOutput > parses Portuguese (PT-BR) localized header 1ms
 Γ£ô src/main/services/software-updater/checkers/winget.test.ts > parseWingetUpgradeOutput > parses Portuguese header with uppercase ID (real winget output) 1ms
 Γ£ô src/main/services/software-updater/checkers/winget.test.ts > parseWingetUpgradeOutput > parses Spanish (ES) localized header 1ms
 Γ£ô src/main/services/software-updater/checkers/winget.test.ts > parseWingetListOutput > parses normal list output 1ms
 Γ£ô src/main/services/software-updater/checkers/winget.test.ts > parseWingetListOutput > handles empty lines before header 1ms
 Γ£ô src/main/services/software-updater/checkers/winget.test.ts > parseWingetListOutput > returns empty when header regex does not match 0ms
 Γ£ô src/main/services/software-updater/checkers/winget.test.ts > parseWingetListOutput > returns empty when no header found 0ms
 Γ£ô src/main/services/software-updater/checkers/winget.test.ts > parseWingetListOutput > returns empty for empty output 0ms
 Γ£ô src/main/services/software-updater/checkers/winget.test.ts > parseWingetListOutput > returns empty when no separator after header 0ms
 Γ£ô src/main/services/software-updater/checkers/winget.test.ts > parseWingetListOutput > returns empty when separator does not match 0ms
 Γ£ô src/main/services/software-updater/checkers/winget.test.ts > parseWingetListOutput > returns empty when id column is missing from header 0ms
 Γ£ô src/main/services/software-updater/checkers/winget.test.ts > parseWingetListOutput > returns empty when version column is missing from header 0ms
 Γ£ô src/main/services/software-updater/checkers/winget.test.ts > parseWingetListOutput > handles both availableStart and sourceStart <= 0 (versionEnd = -1) 1ms
 Γ£ô src/main/services/software-updater/checkers/winget.test.ts > parseWingetListOutput > skips whitespace-only data lines 0ms
 Γ£ô src/main/services/software-updater/checkers/winget.test.ts > parseWingetListOutput > strips > prefix from version 0ms
 Γ£ô src/main/services/software-updater/checkers/winget.test.ts > parseWingetListOutput > strips < prefix from version 0ms
 Γ£ô src/main/services/software-updater/checkers/winget.test.ts > parseWingetListOutput > uses winget as source when source column is absent 0ms
 Γ£ô src/main/services/software-updater/checkers/winget.test.ts > parseWingetListOutput > uses id as name when stripTrailingVersion returns empty 0ms
 Γ£ô src/main/services/software-updater/checkers/winget.test.ts > parseWingetListOutput > parses Portuguese (PT-BR) localized list header 1ms
 Γ£ô src/main/services/software-updater/checkers/winget.test.ts > parseWingetListOutput > parses Portuguese list header with uppercase ID (real winget output) 1ms
 Γ£ô src/main/services/software-updater/checkers/winget.test.ts > parseWingetListOutput > parses header without Available or Source columns 1ms
 Γ£ô src/main/services/software-updater/checkers/winget.test.ts > checkForUpdatesWinget > returns empty when winget not available 1ms
 Γ£ô src/main/services/software-updater/checkers/winget.test.ts > checkForUpdatesWinget > returns parsed updates when winget succeeds 1ms
 Γ£ô src/main/services/software-updater/checkers/winget.test.ts > checkForUpdatesWinget > handles winget upgrade non-zero exit with stdout 1ms
 Γ£ô src/main/services/software-updater/checkers/winget.test.ts > checkForUpdatesWinget > handles winget upgrade error without stdout 0ms
 Γ£ô src/main/services/software-updater/checkers/winget.test.ts > checkForUpdatesWinget > handles winget list failure gracefully 1ms
 Γ£ô src/main/services/software-updater/checkers/winget.test.ts > runUpdatesWinget > upgrades app successfully 2ms
 Γ£ô src/main/services/software-updater/checkers/winget.test.ts > runUpdatesWinget > handles empty appIds array 0ms
 Γ£ô src/main/services/software-updater/checkers/winget.test.ts > runUpdatesWinget > handles execFileAsync error with empty message (e?.message is "") 1ms
 Γ£ô src/main/services/software-updater/checkers/winget.test.ts > runUpdatesWinget > handles execFileAsync error without stdout (else branch) 1ms
 Γ£ô src/main/services/software-updater/checkers/winget.test.ts > runUpdatesWinget > retries with elevation and handles empty message from powershell 1ms
 Γ£ô src/main/services/software-updater/checkers/winget.test.ts > runUpdatesWinget > produces "Upgrade failed" when result output is whitespace-only 1ms
 Γ£ô src/main/services/software-updater/checkers/winget.test.ts > runUpdatesWinget > handles exit code 0 with failure pattern 1ms
 Γ£ô src/main/services/software-updater/checkers/winget.test.ts > runUpdatesWinget > returns success when exit code 1 with success pattern 1ms
 Γ£ô src/main/services/software-updater/checkers/winget.test.ts > runUpdatesWinget > returns success when other exit code with success pattern 1ms
 Γ£ô src/main/services/software-updater/checkers/winget.test.ts > runUpdatesWinget > returns failure when other exit code with failure pattern 1ms
 Γ£ô src/main/services/software-updater/checkers/winget.test.ts > runUpdatesWinget > returns specific error for install technology changed 1ms
 Γ£ô src/main/services/software-updater/checkers/winget.test.ts > runUpdatesWinget > truncates error messages longer than 200 chars 1ms
 Γ£ô src/main/services/software-updater/checkers/winget.test.ts > runUpdatesWinget > invalid app ID returns failure 0ms
 Γ£ô src/main/services/software-updater/checkers/winget.test.ts > runUpdatesWinget > handles elevation and still needs upgrade 1ms
 Γ£ô src/main/services/software-updater/checkers/winget.test.ts > runUpdatesWinget > handles elevation failure when UAC denied 1ms
 Γ£ô src/main/services/software-updater/checkers/winget.test.ts > runUpdatesWinget > skips elevation when already admin 0ms
 Γ£ô src/main/services/software-updater/checkers/winget.test.ts > runUpdatesWinget > retries with --force on second failure 0ms
 Γ£ô src/main/services/software-updater/checkers/winget.test.ts > parseWingetUpgradeOutput (edge cases) > returns empty when header line is empty/falsy 0ms
 Γ£ô src/main/services/software-updater/checkers/winget.test.ts > parseWingetUpgradeOutput (edge cases) > skips entries where version equals available version 0ms
 Γ£ô src/main/services/software-updater/checkers/winget.test.ts > parseWingetListOutput (edge cases) > returns empty when header line is empty/falsy 0ms
 Γ£ô src/main/services/software-updater/checkers/winget.test.ts > parseWingetListOutput (edge cases) > skips entries with version "Unknown" 1ms
 Γ£ô src/main/services/software-updater/checkers/winget.test.ts > parseWingetListOutput (edge cases) > skips ARP prefixed IDs 1ms
 Γ£ô src/main/services/software-updater/checkers/winget.test.ts > parseWingetListOutput (edge cases) > stops at summary line with packages count 1ms
 Γ£ô src/main/services/software-updater/checkers/winget.test.ts > attemptElevatedUpgrade (edge cases) > returns failure for invalid app ID format 1ms
 Γ£ô src/main/services/software-updater/checkers/winget.test.ts > checkForUpdatesWinget (edge cases) > handles list stdout being empty after error 1ms
 Γ£ô src/main/services/software-updater/checkers/winget.test.ts > checkForUpdatesWinget (edge cases) > handles list stdout being set from error 1ms
stderr | src/renderer/src/hooks/usePolling.test.ts > usePolling > refresh forces a new fetch
An update to TestComponent inside a test was not wrapped in act(...).

When testing, code that causes React state updates should be wrapped into act(...):

act(() => {
  /* fire events that update state */
});
/* assert on the output */

This ensures that you're testing the behavior the user would see in the browser. Learn more at https://react.dev/link/wrap-tests-with-act
An update to TestComponent inside a test was not wrapped in act(...).

When testing, code that causes React state updates should be wrapped into act(...):

act(() => {
  /* fire events that update state */
});
/* assert on the output */

This ensures that you're testing the behavior the user would see in the browser. Learn more at https://react.dev/link/wrap-tests-with-act

 Γ£ô src/renderer/src/hooks/usePolling.test.ts > usePolling > sets error when fetcher rejects 54ms
 Γ£ô src/renderer/src/hooks/usePolling.test.ts > usePolling > polls at the given interval 7ms
 Γ£ô src/renderer/src/hooks/usePolling.test.ts > usePolling > pauses polling when page is hidden 6ms
stderr | src/renderer/src/hooks/usePolling.test.ts > usePolling > cleans up interval on unmount
An update to TestComponent inside a test was not wrapped in act(...).

When testing, code that causes React state updates should be wrapped into act(...):

act(() => {
  /* fire events that update state */
});
/* assert on the output */

This ensures that you're testing the behavior the user would see in the browser. Learn more at https://react.dev/link/wrap-tests-with-act
An update to TestComponent inside a test was not wrapped in act(...).

When testing, code that causes React state updates should be wrapped into act(...):

act(() => {
  /* fire events that update state */
});
/* assert on the output */

This ensures that you're testing the behavior the user would see in the browser. Learn more at https://react.dev/link/wrap-tests-with-act

 Γ£ô src/renderer/src/hooks/useScheduledScan.test.tsx > useScheduledScan > skips schedule when manual scan is still running (waitForIdle timeout) 6ms
 Γ£ô src/renderer/src/hooks/useScheduledScan.test.tsx > useScheduledScan > handles empty tasks gracefully 3ms
 Γ£ô src/renderer/src/hooks/useScheduledScan.test.tsx > useScheduledScan > creates history entry with correct data after success 5ms
 Γ£ô src/renderer/src/hooks/useScheduledScan.test.tsx > useScheduledScan > calls success toast after completing a scheduled run 4ms
 Γ£ô src/renderer/src/hooks/useScheduledScan.test.tsx > useScheduledScan > calls notifyScheduledScanComplete with correct totals 5ms
 Γ£ô src/renderer/src/hooks/usePolling.test.ts > usePolling > refresh forces a new fetch 55ms
 Γ£ô src/renderer/src/hooks/usePolling.test.ts > usePolling > cleans up interval on unmount 3ms
 Γ£ô src/renderer/src/hooks/usePolling.test.ts > usePolling > skips .then update when unmounted before fetch resolves 2ms
 Γ£ô src/renderer/src/hooks/usePolling.test.ts > usePolling > skips .catch update when unmounted before fetch rejects 2ms
 Γ£ô src/renderer/src/pages/WindowsTweaksPage.test.tsx > WindowsTweaksPage > renders empty state when no tweaks 63ms
 Γ£ô src/renderer/src/pages/WindowsTweaksPage.test.tsx > WindowsTweaksPage > renders scanning spinner when scanning 6ms
 Γ£ô src/renderer/src/pages/WindowsTweaksPage.test.tsx > WindowsTweaksPage > renders tweaks when available 122ms
stderr | src/renderer/src/pages/ClipsPage.test.tsx > ClipsPage > renders page header and engine status section
React does not recognize the `whileTap` prop on a DOM element. If you intentionally want it to appear in the DOM as a custom attribute, spell it as lowercase `whiletap` instead. If you accidentally passed it from a parent component, remove it from the DOM element.

 Γ£ô src/renderer/src/pages/ClipsPage.test.tsx > ClipsPage > renders page header and engine status section 181ms
 Γ£ô src/renderer/src/pages/ClipsPage.test.tsx > ClipsPage > displays stopped state when engine is not running 39ms
 Γ£ô src/renderer/src/pages/ClipsPage.test.tsx > ClipsPage > displays idle state when engine is running but not capturing 40ms
 Γ£ô src/main/services/remote-license.test.ts > remote-license > activateLicense > deletes saved key on network error during activation 1506ms
 Γ£ô src/renderer/src/pages/ClipsPage.test.tsx > ClipsPage > displays recording state when capturing 43ms
 Γ£ô src/renderer/src/pages/ClipsPage.test.tsx > ClipsPage > shows start recording button when not running 34ms
 Γ£ô src/renderer/src/pages/ClipsPage.test.tsx > ClipsPage > shows start recording button when engine is idle 32ms
stderr | src/renderer/src/pages/ClipsPage.test.tsx > ClipsPage > handles missing window.dinho gracefully
An update to ClipsPage inside a test was not wrapped in act(...).

When testing, code that causes React state updates should be wrapped into act(...):

act(() => {
  /* fire events that update state */
});
/* assert on the output */

This ensures that you're testing the behavior the user would see in the browser. Learn more at https://react.dev/link/wrap-tests-with-act
An update to ClipsPage inside a test was not wrapped in act(...).

When testing, code that causes React state updates should be wrapped into act(...):

act(() => {
  /* fire events that update state */
});
/* assert on the output */

This ensures that you're testing the behavior the user would see in the browser. Learn more at https://react.dev/link/wrap-tests-with-act

stderr | src/renderer/src/pages/ClipsPage.test.tsx > ClipsPage > handles missing window.dinho gracefully
An update to ClipsPage inside a test was not wrapped in act(...).

When testing, code that causes React state updates should be wrapped into act(...):

act(() => {
  /* fire events that update state */
});
/* assert on the output */

This ensures that you're testing the behavior the user would see in the browser. Learn more at https://react.dev/link/wrap-tests-with-act
An update to ClipsPage inside a test was not wrapped in act(...).

When testing, code that causes React state updates should be wrapped into act(...):

act(() => {
  /* fire events that update state */
});
/* assert on the output */

This ensures that you're testing the behavior the user would see in the browser. Learn more at https://react.dev/link/wrap-tests-with-act
An update to ClipsPage inside a test was not wrapped in act(...).

When testing, code that causes React state updates should be wrapped into act(...):

act(() => {
  /* fire events that update state */
});
/* assert on the output */

This ensures that you're testing the behavior the user would see in the browser. Learn more at https://react.dev/link/wrap-tests-with-act

stderr | src/renderer/src/pages/ClipsPage.test.tsx > ClipsPage > handles missing window.dinho gracefully
An update to ClipsPage inside a test was not wrapped in act(...).

When testing, code that causes React state updates should be wrapped into act(...):

act(() => {
  /* fire events that update state */
});
/* assert on the output */

This ensures that you're testing the behavior the user would see in the browser. Learn more at https://react.dev/link/wrap-tests-with-act

 Γ£ô src/main/ipc/clips-engine-connection.test.ts > handlePipeMessage (via pipe data) > adopts engine outputDirectory when frontend is empty 503ms
 Γ£ô src/renderer/src/pages/ClipsPage.test.tsx > ClipsPage > shows no clips message when list is empty 41ms
 Γ£ô src/renderer/src/pages/ClipsPage.test.tsx > ClipsPage > renders clip list when clips exist 49ms
 Γ£ô src/renderer/src/pages/ClipsPage.test.tsx > ClipsPage > calls clipsGetStatus and clipsList on mount 20ms
 Γ£ô src/renderer/src/pages/ClipsPage.test.tsx > ClipsPage > handles missing window.dinho gracefully 14ms
stderr | src/renderer/src/pages/ClipsPage.test.tsx > ClipsPage > does not show low disk warning in status badges
An update to ClipsPage inside a test was not wrapped in act(...).

When testing, code that causes React state updates should be wrapped into act(...):

act(() => {
  /* fire events that update state */
});
/* assert on the output */

This ensures that you're testing the behavior the user would see in the browser. Learn more at https://react.dev/link/wrap-tests-with-act
An update to ClipsPage inside a test was not wrapped in act(...).

When testing, code that causes React state updates should be wrapped into act(...):

act(() => {
  /* fire events that update state */
});
/* assert on the output */

This ensures that you're testing the behavior the user would see in the browser. Learn more at https://react.dev/link/wrap-tests-with-act

stderr | src/renderer/src/pages/ClipsPage.test.tsx > ClipsPage > does not show low disk warning in status badges
An update to ClipsPage inside a test was not wrapped in act(...).

When testing, code that causes React state updates should be wrapped into act(...):

act(() => {
  /* fire events that update state */
});
/* assert on the output */

This ensures that you're testing the behavior the user would see in the browser. Learn more at https://react.dev/link/wrap-tests-with-act
An update to ClipsPage inside a test was not wrapped in act(...).

When testing, code that causes React state updates should be wrapped into act(...):

act(() => {
  /* fire events that update state */
});
/* assert on the output */

This ensures that you're testing the behavior the user would see in the browser. Learn more at https://react.dev/link/wrap-tests-with-act

stderr | src/renderer/src/pages/ClipsPage.test.tsx > ClipsPage > does not show low disk warning in status badges
An update to ClipsPage inside a test was not wrapped in act(...).

When testing, code that causes React state updates should be wrapped into act(...):

act(() => {
  /* fire events that update state */
});
/* assert on the output */

This ensures that you're testing the behavior the user would see in the browser. Learn more at https://react.dev/link/wrap-tests-with-act
An update to ClipsPage inside a test was not wrapped in act(...).

When testing, code that causes React state updates should be wrapped into act(...):

act(() => {
  /* fire events that update state */
});
/* assert on the output */

This ensures that you're testing the behavior the user would see in the browser. Learn more at https://react.dev/link/wrap-tests-with-act
An update to ClipsPage inside a test was not wrapped in act(...).

When testing, code that causes React state updates should be wrapped into act(...):

act(() => {
  /* fire events that update state */
});
/* assert on the output */

This ensures that you're testing the behavior the user would see in the browser. Learn more at https://react.dev/link/wrap-tests-with-act

stderr | src/renderer/src/pages/ClipsPage.test.tsx > ClipsPage > does not show low disk warning in status badges
An update to ClipsPage inside a test was not wrapped in act(...).

When testing, code that causes React state updates should be wrapped into act(...):

act(() => {
  /* fire events that update state */
});
/* assert on the output */

This ensures that you're testing the behavior the user would see in the browser. Learn more at https://react.dev/link/wrap-tests-with-act

stderr | src/renderer/src/pages/ClipsPage.test.tsx > ClipsPage > renders push-to-talk mode selector
An update to ClipsPage inside a test was not wrapped in act(...).

When testing, code that causes React state updates should be wrapped into act(...):

act(() => {
  /* fire events that update state */
});
/* assert on the output */

This ensures that you're testing the behavior the user would see in the browser. Learn more at https://react.dev/link/wrap-tests-with-act

 Γ£ô src/main/services/remote-license.test.ts > remote-license > activateLicense > trims key down to 49 chars max 90ms
 Γ£ô src/main/ipc/clips-engine-connection.test.ts > handlePipeMessage (via pipe data) > sends status to BrowserWindow 505ms
 Γ£ô src/renderer/src/pages/ClipsPage.test.tsx > ClipsPage > shows expanded engine status fields when provided 41ms
 Γ£ô src/renderer/src/pages/ClipsPage.test.tsx > ClipsPage > does not show low disk warning in status badges 15ms
stderr | src/renderer/src/pages/ClipsPage.test.tsx > ClipsPage > renders push-to-talk mode selector
An update to CollapsibleMini inside a test was not wrapped in act(...).

When testing, code that causes React state updates should be wrapped into act(...):

act(() => {
  /* fire events that update state */
});
/* assert on the output */

This ensures that you're testing the behavior the user would see in the browser. Learn more at https://react.dev/link/wrap-tests-with-act

 Γ£ô src/main/services/remote-license.test.ts > remote-license > license renewal flow > expired license can be renewed with a new key 128ms
 Γ£ô src/main/services/remote-license.test.ts > remote-license > getHwid > returns the hwid from generateHwid 1ms
 Γ£ô src/main/services/remote-license.test.ts > remote-license > API payload > sends key, hwid and action in the request body 46ms
 Γ£ô src/main/services/remote-license.test.ts > remote-license > getLicenseConfig (via config file) > reads custom url and token from license-config.json 47ms
 Γ£ô src/main/services/remote-license.test.ts > remote-license > getLicenseConfig (via config file) > falls through when license-config.json has no token field 48ms
stderr | src/renderer/src/pages/ClipsPage.test.tsx > ClipsPage > calls setConfig when PTT mode button is clicked
An update to ClipsPage inside a test was not wrapped in act(...).

When testing, code that causes React state updates should be wrapped into act(...):

act(() => {
  /* fire events that update state */
});
/* assert on the output */

This ensures that you're testing the behavior the user would see in the browser. Learn more at https://react.dev/link/wrap-tests-with-act

 Γ£ô src/main/services/remote-license.test.ts > remote-license > getLicenseConfig (via config file) > falls through when license-config.json has invalid JSON 45ms
stderr | src/renderer/src/pages/ClipsPage.test.tsx > ClipsPage > calls setConfig when PTT mode button is clicked
An update to CollapsibleMini inside a test was not wrapped in act(...).

When testing, code that causes React state updates should be wrapped into act(...):

act(() => {
  /* fire events that update state */
});
/* assert on the output */

This ensures that you're testing the behavior the user would see in the browser. Learn more at https://react.dev/link/wrap-tests-with-act

 Γ£ô src/renderer/src/pages/ClipsPage.test.tsx > ClipsPage > renders push-to-talk mode selector 194ms
stderr | src/renderer/src/pages/ClipsPage.test.tsx > ClipsPage > calls setConfig when PTT mode button is clicked
An update to ClipsPage inside a test was not wrapped in act(...).

When testing, code that causes React state updates should be wrapped into act(...):

act(() => {
  /* fire events that update state */
});
/* assert on the output */

This ensures that you're testing the behavior the user would see in the browser. Learn more at https://react.dev/link/wrap-tests-with-act

stderr | src/renderer/src/pages/ClipsPage.test.tsx > ClipsPage > calls setConfig when PTT mode button is clicked
An update to ClipsPage inside a test was not wrapped in act(...).

When testing, code that causes React state updates should be wrapped into act(...):

act(() => {
  /* fire events that update state */
});
/* assert on the output */

This ensures that you're testing the behavior the user would see in the browser. Learn more at https://react.dev/link/wrap-tests-with-act

stderr | src/renderer/src/pages/ClipsPage.test.tsx > ClipsPage > calls setConfig when game detection toggle is clicked
An update to ClipsPage inside a test was not wrapped in act(...).

When testing, code that causes React state updates should be wrapped into act(...):

act(() => {
  /* fire events that update state */
});
/* assert on the output */

This ensures that you're testing the behavior the user would see in the browser. Learn more at https://react.dev/link/wrap-tests-with-act

 Γ£ô src/renderer/src/pages/ClipsPage.test.tsx > ClipsPage > calls setConfig when PTT mode button is clicked 200ms
stderr | src/renderer/src/pages/ClipsPage.test.tsx > ClipsPage > calls setConfig when game detection toggle is clicked
An update to ClipsPage inside a test was not wrapped in act(...).

When testing, code that causes React state updates should be wrapped into act(...):

act(() => {
  /* fire events that update state */
});
/* assert on the output */

This ensures that you're testing the behavior the user would see in the browser. Learn more at https://react.dev/link/wrap-tests-with-act

stderr | src/renderer/src/pages/ClipsPage.test.tsx > ClipsPage > calls setConfig when game detection toggle is clicked
An update to ClipsPage inside a test was not wrapped in act(...).

When testing, code that causes React state updates should be wrapped into act(...):

act(() => {
  /* fire events that update state */
});
/* assert on the output */

This ensures that you're testing the behavior the user would see in the browser. Learn more at https://react.dev/link/wrap-tests-with-act

stderr | src/renderer/src/pages/ClipsPage.test.tsx > ClipsPage > renders audio loopback toggle
An update to ClipsPage inside a test was not wrapped in act(...).

When testing, code that causes React state updates should be wrapped into act(...):

act(() => {
  /* fire events that update state */
});
/* assert on the output */

This ensures that you're testing the behavior the user would see in the browser. Learn more at https://react.dev/link/wrap-tests-with-act

 Γ£ô src/renderer/src/pages/ClipsPage.test.tsx > ClipsPage > calls setConfig when game detection toggle is clicked 172ms
stderr | src/renderer/src/pages/ClipsPage.test.tsx > ClipsPage > calls setConfig when audio loopback toggle is clicked
An update to ClipsPage inside a test was not wrapped in act(...).

When testing, code that causes React state updates should be wrapped into act(...):

act(() => {
  /* fire events that update state */
});
/* assert on the output */

This ensures that you're testing the behavior the user would see in the browser. Learn more at https://react.dev/link/wrap-tests-with-act

 Γ£ô src/renderer/src/components/history/useTypeConfig.test.tsx > useTypeConfig > returns config with translated labels 25ms
 Γ£ô src/renderer/src/components/history/useTypeConfig.test.tsx > useTypeConfig > replaces labelKey with translated value 2ms
 Γ£ô src/renderer/src/components/history/useTypeConfig.test.tsx > useTypeConfig > preserves icon, color, bg from base config 2ms
 Γ£ô src/renderer/src/pages/software-updater/useUpdaterProgress.test.tsx > useUpdaterProgress > subscribes to onSoftwareUpdateProgress on mount 25ms
 Γ£ô src/renderer/src/pages/software-updater/useUpdaterProgress.test.tsx > useUpdaterProgress > calls setProgress when progress data arrives 5ms
 Γ£ô src/renderer/src/pages/software-updater/useUpdaterProgress.test.tsx > useUpdaterProgress > calls cleanup on unmount 2ms
 Γ£ô src/renderer/src/pages/software-updater/useFilteredAndSortedApps.test.tsx > useFilteredAndSortedApps > returns empty arrays for no apps 25ms
 Γ£ô src/renderer/src/pages/software-updater/useFilteredAndSortedApps.test.tsx > useFilteredAndSortedApps > filters by severity 3ms
 Γ£ô src/renderer/src/pages/software-updater/useFilteredAndSortedApps.test.tsx > useFilteredAndSortedApps > filters by search query 2ms
 Γ£ô src/renderer/src/pages/software-updater/useFilteredAndSortedApps.test.tsx > useFilteredAndSortedApps > sorts by name ascending 2ms
 Γ£ô src/renderer/src/pages/software-updater/useFilteredAndSortedApps.test.tsx > useFilteredAndSortedApps > sorts by severity 3ms
 Γ£ô src/renderer/src/pages/software-updater/useFilteredAndSortedApps.test.tsx > useFilteredAndSortedApps > computed selectedCount and allSelected 1ms
 Γ£ô src/renderer/src/pages/software-updater/useFilteredAndSortedApps.test.tsx > useFilteredAndSortedApps > reports isBusy when loading or updating 2ms
 Γ£ô src/renderer/src/pages/software-updater/useFilteredAndSortedApps.test.tsx > useFilteredAndSortedApps > separates upToDate apps 2ms
 Γ£ô src/renderer/src/pages/software-updater/useFilteredAndSortedApps.test.tsx > useFilteredAndSortedApps > reports severity counts 2ms
stderr | src/renderer/src/pages/ClipsPage.test.tsx > ClipsPage > calls setConfig when audio loopback toggle is clicked
An update to ClipsPage inside a test was not wrapped in act(...).

When testing, code that causes React state updates should be wrapped into act(...):

act(() => {
  /* fire events that update state */
});
/* assert on the output */

This ensures that you're testing the behavior the user would see in the browser. Learn more at https://react.dev/link/wrap-tests-with-act

 Γ£ô src/renderer/src/pages/software-updater/useIgnoredUpdatesLoader.test.tsx > useInitialLoader > loads ignored IDs from settings on mount 28ms
 Γ£ô src/renderer/src/pages/software-updater/useIgnoredUpdatesLoader.test.tsx > useInitialLoader > calls onAutoCheck when no ignored IDs and not yet checked 54ms
 Γ£ô src/renderer/src/pages/software-updater/useIgnoredUpdatesLoader.test.tsx > useInitialLoader > does not call onAutoCheck if already checked 2ms
 Γ£ô src/renderer/src/pages/software-updater/useIgnoredUpdatesLoader.test.tsx > useInitialLoader > does not call onAutoCheck if currently loading 2ms
 Γ£ô src/renderer/src/pages/software-updater/useIgnoredUpdatesLoader.test.tsx > useInitialLoader > handles settingsGet error gracefully 4ms
stderr | src/renderer/src/pages/ClipsPage.test.tsx > ClipsPage > calls setConfig when audio loopback toggle is clicked
An update to ClipsPage inside a test was not wrapped in act(...).

When testing, code that causes React state updates should be wrapped into act(...):

act(() => {
  /* fire events that update state */
});
/* assert on the output */

This ensures that you're testing the behavior the user would see in the browser. Learn more at https://react.dev/link/wrap-tests-with-act

 Γ£ô src/renderer/src/pages/ClipsPage.test.tsx > ClipsPage > renders audio loopback toggle 92ms
stderr | src/renderer/src/pages/ClipsPage.test.tsx > ClipsPage > renders game detection toggle
An update to ClipsPage inside a test was not wrapped in act(...).

When testing, code that causes React state updates should be wrapped into act(...):

act(() => {
  /* fire events that update state */
});
/* assert on the output */

This ensures that you're testing the behavior the user would see in the browser. Learn more at https://react.dev/link/wrap-tests-with-act

 Γ£ô src/main/ipc/benchmark.ipc.test.ts > registerBenchmarkIpc > BENCHMARK_RUN handler > returns benchmark result with score and details 10053ms
stderr | src/renderer/src/pages/ClipsPage.test.tsx > ClipsPage > renders pushToTalk as a hotkey action option
An update to ClipsPage inside a test was not wrapped in act(...).

When testing, code that causes React state updates should be wrapped into act(...):

act(() => {
  /* fire events that update state */
});
/* assert on the output */

This ensures that you're testing the behavior the user would see in the browser. Learn more at https://react.dev/link/wrap-tests-with-act

 Γ£ô src/main/ipc/clips-engine-connection.test.ts > handlePipeMessage (via pipe data) > skips BrowserWindow send when no valid window 501ms
 Γ£ô src/renderer/src/pages/ClipsPage.test.tsx > ClipsPage > calls setConfig when audio loopback toggle is clicked 144ms
 Γ£ô src/renderer/src/pages/ClipsPage.test.tsx > ClipsPage > renders game detection toggle 94ms
stderr | src/renderer/src/pages/ClipsPage.test.tsx > ClipsPage > renders pushToTalk as a hotkey action option
An update to CollapsibleMini inside a test was not wrapped in act(...).

When testing, code that causes React state updates should be wrapped into act(...):

act(() => {
  /* fire events that update state */
});
/* assert on the output */

This ensures that you're testing the behavior the user would see in the browser. Learn more at https://react.dev/link/wrap-tests-with-act

stderr | src/renderer/src/pages/ClipsPage.test.tsx > ClipsPage > renders quality presets
An update to ClipsPage inside a test was not wrapped in act(...).

When testing, code that causes React state updates should be wrapped into act(...):

act(() => {
  /* fire events that update state */
});
/* assert on the output */

This ensures that you're testing the behavior the user would see in the browser. Learn more at https://react.dev/link/wrap-tests-with-act

 Γ£ô src/main/ipc/clips-engine-connection.test.ts > handlePipeMessage (via pipe data) > does NOT call persistClipsConfig on engineStatus (over-polling fix) 502ms
 Γ£ô src/renderer/src/pages/ClipsPage.test.tsx > ClipsPage > renders pushToTalk as a hotkey action option 126ms
stderr | src/renderer/src/pages/ClipsPage.test.tsx > ClipsPage > calls setConfig when quality preset is clicked
An update to ClipsPage inside a test was not wrapped in act(...).

When testing, code that causes React state updates should be wrapped into act(...):

act(() => {
  /* fire events that update state */
});
/* assert on the output */

This ensures that you're testing the behavior the user would see in the browser. Learn more at https://react.dev/link/wrap-tests-with-act

stderr | src/renderer/src/pages/ClipsPage.test.tsx > ClipsPage > calls setConfig when quality preset is clicked
An update to ClipsPage inside a test was not wrapped in act(...).

When testing, code that causes React state updates should be wrapped into act(...):

act(() => {
  /* fire events that update state */
});
/* assert on the output */

This ensures that you're testing the behavior the user would see in the browser. Learn more at https://react.dev/link/wrap-tests-with-act

stderr | src/renderer/src/pages/ClipsPage.test.tsx > ClipsPage > calls setConfig when quality preset is clicked
An update to ClipsPage inside a test was not wrapped in act(...).

When testing, code that causes React state updates should be wrapped into act(...):

act(() => {
  /* fire events that update state */
});
/* assert on the output */

This ensures that you're testing the behavior the user would see in the browser. Learn more at https://react.dev/link/wrap-tests-with-act

 Γ£ô src/renderer/src/pages/ClipsPage.test.tsx > ClipsPage > renders quality presets 101ms
stderr | src/renderer/src/pages/ClipsPage.test.tsx > ClipsPage > renders force software toggle
An update to ClipsPage inside a test was not wrapped in act(...).

When testing, code that causes React state updates should be wrapped into act(...):

act(() => {
  /* fire events that update state */
});
/* assert on the output */

This ensures that you're testing the behavior the user would see in the browser. Learn more at https://react.dev/link/wrap-tests-with-act

stderr | src/renderer/src/pages/ClipsPage.test.tsx > ClipsPage > calls setConfig when force software toggle is clicked
An update to ClipsPage inside a test was not wrapped in act(...).

When testing, code that causes React state updates should be wrapped into act(...):

act(() => {
  /* fire events that update state */
});
/* assert on the output */

This ensures that you're testing the behavior the user would see in the browser. Learn more at https://react.dev/link/wrap-tests-with-act

 Γ£ô src/renderer/src/pages/ClipsPage.test.tsx > ClipsPage > calls setConfig when quality preset is clicked 140ms
 Γ£ô src/renderer/src/pages/ClipsPage.test.tsx > ClipsPage > renders force software toggle 80ms
stderr | src/renderer/src/pages/ClipsPage.test.tsx > ClipsPage > calls setConfig when force software toggle is clicked
An update to ClipsPage inside a test was not wrapped in act(...).

When testing, code that causes React state updates should be wrapped into act(...):

act(() => {
  /* fire events that update state */
});
/* assert on the output */

This ensures that you're testing the behavior the user would see in the browser. Learn more at https://react.dev/link/wrap-tests-with-act

stderr | src/renderer/src/pages/ClipsPage.test.tsx > ClipsPage > calls setConfig when force software toggle is clicked
An update to ClipsPage inside a test was not wrapped in act(...).

When testing, code that causes React state updates should be wrapped into act(...):

act(() => {
  /* fire events that update state */
});
/* assert on the output */

This ensures that you're testing the behavior the user would see in the browser. Learn more at https://react.dev/link/wrap-tests-with-act

 Γ£ô src/renderer/src/pages/ClipsPage.test.tsx > ClipsPage > calls setConfig when force software toggle is clicked 134ms
 Γ£ô src/main/ipc/clips-engine-connection.test.ts > handlePipeMessage (via pipe data) > resolves pending request with matching cmd 502ms
 Γ£ô src/main/services/remote-license.test.ts > remote-license > API response branches > handles non-JSON API response 1504ms
 Γ£ô src/main/services/remote-license.test.ts > remote-license > API response branches > converts empty expires_at string to null 5ms
 Γ£ô src/main/ipc/benchmark.ipc.test.ts > registerBenchmarkIpc > BENCHMARK_RUN handler > handles errors gracefully and returns partial result 1101ms
 Γ£ô src/main/ipc/clips-engine-connection.test.ts > handlePipeMessage (via pipe data) > logs info when no pending request exists 501ms
 Γ£ô src/main/ipc/clips-engine-connection.test.ts > onPipeData (partial chunks / malformed) > buffers partial lines across multiple data events 503ms
 Γ£ô src/main/ipc/clips-engine-connection.test.ts > onPipeData (partial chunks / malformed) > handles multiple complete lines in one chunk 502ms
 Γ£ô src/main/services/remote-license.test.ts > remote-license > cache read branches > returns null when cache file has no timestamp field 1504ms
 Γ£ô src/main/ipc/clips-engine-connection.test.ts > onPipeData (partial chunks / malformed) > skips empty lines 502ms
 Γ£ô src/main/ipc/clips-engine-connection.test.ts > onPipeData (partial chunks / malformed) > logs warning for unparseable lines 502ms
 Γ£ô src/main/ipc/clips-engine-connection.test.ts > onPipeData (partial chunks / malformed) > truncates long unparseable lines to 200 chars 501ms
 Γ£ô src/main/services/remote-license.test.ts > remote-license > cache read branches > handles corrupt cache JSON gracefully 1507ms
 Γ£ô src/main/services/remote-license.test.ts > remote-license > DINHO_E2E bypass > returns valid test license when DINHO_E2E is set 1ms
 Γ£ô src/main/ipc/clips-engine-connection.test.ts > connectPipe event handlers > sets pipeConnected on error event 503ms
 Γ£ô src/main/ipc/clips-engine-connection.test.ts > connectPipe event handlers > schedules reconnect on close when engine is running 501ms
 Γ£ô src/main/ipc/clips-engine-connection.test.ts > connectPipe event handlers > does NOT schedule reconnect on close when engine is stopped 3501ms
 Γ£ô src/main/ipc/clips-engine-connection.test.ts > connectPipe event handlers > calls syncConfigOnConnect on connect event 502ms
 Γ£ô src/main/ipc/clips-engine-connection.test.ts > connectPipe event handlers > destroys socket on timeout and reconnects when engine running 502ms
 Γ£ô src/main/ipc/clips-engine-connection.test.ts > connectPipe event handlers > logs on error and sets pipeConnected false 502ms
 Γ£ô src/main/ipc/clips-engine-connection.test.ts > sendWithFallback > returns not-connected when pipe is not connected 1ms
 Γ£ô src/main/ipc/clips-engine-connection.test.ts > sendWithFallback > returns success when command succeeds 501ms
 Γ£ô src/main/ipc/clips-engine-connection.test.ts > sendWithFallback > returns error when response has error field 502ms
 Γ£ô src/main/ipc/benchmark.ipc.test.ts > registerBenchmarkIpc > BENCHMARK_RUN handler > returns class S for best-case metrics 10017ms
 Γ£ô src/main/ipc/clips-engine-connection.test.ts > sendWithFallback > returns error when success is false 501ms
 Γ£ô src/main/ipc/clips-engine-connection.test.ts > sendWithFallback > catches and returns error message 502ms
 Γ£ô src/main/ipc/clips-engine-connection.test.ts > startClipCapture > returns error when engine not running 1ms
 Γ£ô src/main/ipc/clips-engine-connection.test.ts > startClipCapture > returns success when already capturing 501ms
 Γ£ô src/main/ipc/clips-engine-connection.test.ts > startClipCapture > sends startCapture with game process when engineCurrentGame is set 503ms
 Γ£ô src/main/ipc/clips-engine-connection.test.ts > startClipCapture > sends startCapture without gameProcess when no game detected 501ms
 Γ£ô src/main/ipc/clips-engine-connection.test.ts > startClipCapture > does not set engineCapturing when startCapture fails 504ms
 Γ£ô src/main/ipc/clips-engine-connection.test.ts > startClipCapture > strips parenthetical and bracket annotations from game name 505ms
 Γ£ô src/main/ipc/clips-engine-connection.test.ts > stopEngineProcess > is a no-op when engine process is null 1ms
 Γ£ô src/main/ipc/clips-engine-connection.test.ts > stopEngineProcess > kills the engine process with SIGTERM 502ms
 Γ£ô src/main/ipc/clips-engine-connection.test.ts > stopEngineProcess > sends stopEngine command when pipe is connected 501ms
 Γ£ô src/main/ipc/clips-engine-connection.test.ts > stopEngineProcess > ignores pipe errors during shutdown 501ms
 Γ£ô src/main/ipc/clips-engine-connection.test.ts > stopEngineProcess > cleans up state after killing 501ms
 Γ£ô src/main/ipc/clips-engine-connection.test.ts > stopEngineProcess > sends SIGKILL after grace period if process not killed 506ms
 Γ£ô src/main/ipc/clips-engine-connection.test.ts > stopEngineProcess > does NOT send SIGKILL if process already killed 503ms
 Γ£ô src/main/ipc/clips-engine-connection.test.ts > startEngine > returns already-running when engine is running 502ms
 Γ£ô src/main/ipc/clips-engine-connection.test.ts > startEngine > returns error when engine executable not found 1ms
 Γ£ô src/main/ipc/clips-engine-connection.test.ts > startEngine > starts engine successfully 502ms
 Γ£ô src/main/ipc/clips-engine-connection.test.ts > startEngine > kills existing engine instances before starting 502ms
 Γ£ô src/main/ipc/clips-engine-connection.test.ts > startEngine > sets up stdout and stderr handlers on child process 502ms
 Γ£ô src/main/ipc/clips-engine-connection.test.ts > startEngine > sets up exit and error handlers on child process 502ms
 Γ£ô src/main/ipc/clips-engine-connection.test.ts > startEngine > calls cleanup on child process exit 502ms
 Γ£ô src/main/ipc/clips-engine-connection.test.ts > startEngine > calls cleanup on child process error 501ms
 Γ£ô src/main/ipc/benchmark.ipc.test.ts > registerBenchmarkIpc > BENCHMARK_RUN handler > returns class D for worst-case metrics 10015ms
 Γ£ô src/main/ipc/clips-engine-connection.test.ts > startEngine > opens devtools when not packaged and window is available 503ms
 Γ£ô src/main/ipc/clips-engine-connection.test.ts > startEngine > skips devtools when packaged 503ms
 Γ£ô src/main/ipc/clips-engine-connection.test.ts > startEngine > sends initial config after pipe connection 502ms
 Γ£ô src/main/ipc/clips-engine-connection.test.ts > startEngine > sends selectedAudioSessions when configured 502ms
 Γ£ô src/main/ipc/clips-engine-connection.test.ts > startEngine > handles spawn errors 502ms
 Γ£ô src/main/ipc/clips-engine-connection.test.ts > startEngine > handles non-Error spawn rejection 502ms
 Γ£ô src/main/ipc/clips-engine-connection.test.ts > startEngine > handles pipe connection timeout 3ms
 Γ£ô src/main/ipc/clips-engine-connection.test.ts > sendPipeCommandLongRunning > resolves immediately when engine response status is not accepted 502ms
 Γ£ô src/main/ipc/clips-engine-connection.test.ts > sendPipeCommandLongRunning > waits for commandResult event after accepted status 503ms
 Γ£ô src/main/ipc/clips-engine-connection.test.ts > sendPipeCommandLongRunning > rejects on timeout 502ms
 Γ£ô src/main/ipc/clips-engine-connection.test.ts > sendPipeCommandLongRunning > rejects when commandResult contains error 503ms
 Γ£ô src/main/ipc/clips-engine-connection.test.ts > disconnectPipe > destroys socket and sets pipeConnected false 501ms
 Γ£ô src/main/ipc/clips-engine-connection.test.ts > disconnectPipe > rejects pending requests with Pipe disconnected 503ms
 Γ£ô src/main/ipc/clips-engine-connection.test.ts > disconnectPipe > rejects long-running pending requests 503ms
 Γ£ô src/main/ipc/clips-engine-connection.test.ts > disconnectPipe > is safe to call when pipe is not connected 502ms
 Γ£ô src/main/ipc/benchmark.ipc.test.ts > registerBenchmarkIpc > BENCHMARK_RUN handler ΓÇö edge cases (real timers) > handles NaN CPU reading by skipping the value 10013ms
 Γ£ô src/main/ipc/benchmark.ipc.test.ts > registerBenchmarkIpc > BENCHMARK_RUN handler ΓÇö edge cases (real timers) > handles non-numeric tweaks count gracefully 10013ms
 Γ£ô src/main/ipc/benchmark.ipc.test.ts > registerBenchmarkIpc > BENCHMARK_RUN handler ΓÇö edge cases (real timers) > detects high performance power plan 10018ms
 Γ£ô src/main/ipc/benchmark.ipc.test.ts > registerBenchmarkIpc > BENCHMARK_RUN handler ΓÇö edge cases (real timers) > returns 0 jitter for single successful ping sample 10019ms
 Γ£ô src/main/ipc/benchmark.ipc.test.ts > registerBenchmarkIpc > BENCHMARK_RUN handler ΓÇö cancelled mid-cycle > cancelled mid-CPU measurement uses early return value 5ms
 Γ£ô src/main/ipc/benchmark.ipc.test.ts > registerBenchmarkIpc > BENCHMARK_CANCEL handler > sets cancelled flag 0ms
 Γ£ô src/main/ipc/benchmark.ipc.test.ts > scoring functions > classifyScore > returns S for 90+ 0ms
 Γ£ô src/main/ipc/benchmark.ipc.test.ts > scoring functions > classifyScore > returns A for 80-89 0ms
 Γ£ô src/main/ipc/benchmark.ipc.test.ts > scoring functions > classifyScore > returns B for 70-79 0ms
 Γ£ô src/main/ipc/benchmark.ipc.test.ts > scoring functions > classifyScore > returns C for 50-69 0ms
 Γ£ô src/main/ipc/benchmark.ipc.test.ts > scoring functions > classifyScore > returns D for < 50 0ms
 Γ£ô src/main/ipc/benchmark.ipc.test.ts > scoring functions > scoreCpu > returns 20 for usage < 5 0ms
 Γ£ô src/main/ipc/benchmark.ipc.test.ts > scoring functions > scoreCpu > returns 17 for usage < 10 0ms
 Γ£ô src/main/ipc/benchmark.ipc.test.ts > scoring functions > scoreCpu > returns 14 for usage < 20 0ms
 Γ£ô src/main/ipc/benchmark.ipc.test.ts > scoring functions > scoreCpu > returns 9 for usage < 35 0ms
 Γ£ô src/main/ipc/benchmark.ipc.test.ts > scoring functions > scoreCpu > returns 4 for usage >= 35 0ms
 Γ£ô src/main/ipc/benchmark.ipc.test.ts > scoring functions > scoreRam > returns 20 for > 60% free 0ms
 Γ£ô src/main/ipc/benchmark.ipc.test.ts > scoring functions > scoreRam > returns 16 for > 40% free 0ms
 Γ£ô src/main/ipc/benchmark.ipc.test.ts > scoring functions > scoreRam > returns 11 for > 25% free 0ms
 Γ£ô src/main/ipc/benchmark.ipc.test.ts > scoring functions > scoreRam > returns 6 for > 10% free 0ms
 Γ£ô src/main/ipc/benchmark.ipc.test.ts > scoring functions > scoreRam > returns 2 for <= 10% free 0ms
 Γ£ô src/main/ipc/benchmark.ipc.test.ts > scoring functions > scoreNetwork > returns 15 for avg < 10 0ms
 Γ£ô src/main/ipc/benchmark.ipc.test.ts > scoring functions > scoreNetwork > returns 13 for avg < 30 0ms
 Γ£ô src/main/ipc/benchmark.ipc.test.ts > scoring functions > scoreNetwork > returns 10 for avg < 60 0ms
 Γ£ô src/main/ipc/benchmark.ipc.test.ts > scoring functions > scoreNetwork > returns 6 for avg < 100 0ms
 Γ£ô src/main/ipc/benchmark.ipc.test.ts > scoring functions > scoreNetwork > returns 2 for avg >= 100 1ms
 Γ£ô src/main/ipc/benchmark.ipc.test.ts > scoring functions > scoreNetwork > subtracts 8 for jitter > 60 0ms
 Γ£ô src/main/ipc/benchmark.ipc.test.ts > scoring functions > scoreNetwork > subtracts 4 for jitter > 30 0ms
 Γ£ô src/main/ipc/benchmark.ipc.test.ts > scoring functions > scoreNetwork > clamps score to minimum 0 0ms
 Γ£ô src/main/ipc/benchmark.ipc.test.ts > scoring functions > scoreDpc > returns 25 for latency < 200 0ms
 Γ£ô src/main/ipc/benchmark.ipc.test.ts > scoring functions > scoreDpc > returns 20 for latency < 500 0ms
 Γ£ô src/main/ipc/benchmark.ipc.test.ts > scoring functions > scoreDpc > returns 13 for latency < 1000 0ms
 Γ£ô src/main/ipc/benchmark.ipc.test.ts > scoring functions > scoreDpc > returns 6 for latency < 2000 0ms
 Γ£ô src/main/ipc/benchmark.ipc.test.ts > scoring functions > scoreDpc > returns 2 for latency >= 2000 0ms
 Γ£ô src/main/ipc/benchmark.ipc.test.ts > scoring functions > scoreTemperature > returns 10 for null temp 0ms
 Γ£ô src/main/ipc/benchmark.ipc.test.ts > scoring functions > scoreTemperature > returns 20 for temp < 50 0ms
 Γ£ô src/main/ipc/benchmark.ipc.test.ts > scoring functions > scoreTemperature > returns 17 for temp < 60 0ms
 Γ£ô src/main/ipc/benchmark.ipc.test.ts > scoring functions > scoreTemperature > returns 13 for temp < 70 0ms
 Γ£ô src/main/ipc/benchmark.ipc.test.ts > scoring functions > scoreTemperature > returns 8 for temp < 80 0ms
 Γ£ô src/main/ipc/benchmark.ipc.test.ts > scoring functions > scoreTemperature > returns 3 for temp >= 80 0ms
 Γ£ô src/main/ipc/benchmark.ipc.test.ts > scoring functions > scoreTweakBonus > returns proportional score 0ms
 Γ£ô src/main/ipc/benchmark.ipc.test.ts > scoring functions > scoreTweakBonus > returns 0 for 0 applied 0ms
 Γ£ô src/main/ipc/benchmark.ipc.test.ts > scoring functions > scoreTweakBonus > returns 10 for all applied 0ms
 Γ£ô src/main/ipc/benchmark.ipc.test.ts > scoring functions > scorePowerBonus > returns 5 for ultimate 0ms
 Γ£ô src/main/ipc/benchmark.ipc.test.ts > scoring functions > scorePowerBonus > returns 3 for high 0ms
 Γ£ô src/main/ipc/benchmark.ipc.test.ts > scoring functions > scorePowerBonus > returns 0 for balanced 0ms
 Γ£ô src/main/ipc/benchmark.ipc.test.ts > scoring functions > scorePowerBonus > returns 0 for unknown 0ms
Failed to parse file:///C:/Users/Administrator/Desktop/001/src/renderer/index.html. Excluding it from coverage.
 Error [RollupError]: Expression expected
    at getRollupError (file:///C:/Users/Administrator/Desktop/001/node_modules/rollup/dist/es/shared/parseAst.js:317:41)
    at convertProgram (file:///C:/Users/Administrator/Desktop/001/node_modules/rollup/dist/es/shared/parseAst.js:1132:26)
    at parseAstAsync (file:///C:/Users/Administrator/Desktop/001/node_modules/rollup/dist/es/shared/parseAst.js:2122:106)
    at V8CoverageProvider.remapCoverage (file:///C:/Users/Administrator/Desktop/001/node_modules/@vitest/coverage-v8/dist/provider.js:133:10)
    at file:///C:/Users/Administrator/Desktop/001/node_modules/@vitest/coverage-v8/dist/provider.js:119:23
    at async Promise.all (index 3)
    at V8CoverageProvider.getCoverageMapForUncoveredFiles (file:///C:/Users/Administrator/Desktop/001/node_modules/@vitest/coverage-v8/dist/provider.js:109:4)
    at V8CoverageProvider.generateCoverage (file:///C:/Users/Administrator/Desktop/001/node_modules/@vitest/coverage-v8/dist/provider.js:56:29)
    at file:///C:/Users/Administrator/Desktop/001/node_modules/vitest/dist/chunks/cli-api.BK8pd4xc.js:13604:23
    at file:///C:/Users/Administrator/Desktop/001/node_modules/vitest/dist/chunks/cli-api.BK8pd4xc.js:13617:11 {
  code: 'PARSE_ERROR',
  pos: 0
}

ΓÄ»ΓÄ»ΓÄ»ΓÄ»ΓÄ»ΓÄ» Failed Tests 13 ΓÄ»ΓÄ»ΓÄ»ΓÄ»ΓÄ»ΓÄ»ΓÄ»

 FAIL  src/main/cli.test.ts > handler: perf > shows system info
AssertionError: expected "vi.fn()" to be called with arguments: [ StringContaining "Test CPU" ]

Number of calls: 0

 Γ¥» src/main/cli.test.ts:1041:25
    1039|     await runCli()
    1040|
    1041|     expect(stdoutWrite).toHaveBeenCalledWith(expect.stringContaining('ΓÇª
       |                         ^
    1042|     expect(appExitMock).toHaveBeenCalledWith(0)
    1043|   })

ΓÄ»ΓÄ»ΓÄ»ΓÄ»ΓÄ»ΓÄ»ΓÄ»ΓÄ»ΓÄ»ΓÄ»ΓÄ»ΓÄ»ΓÄ»ΓÄ»ΓÄ»ΓÄ»ΓÄ»ΓÄ»ΓÄ»ΓÄ»ΓÄ»ΓÄ»ΓÄ»[1/13]ΓÄ»

 FAIL  src/main/cli.test.ts > handler: perf > shows system info as json
AssertionError: expected "vi.fn()" to be called with arguments: [ StringContaining ""cpuModel"" ]

Received:

  1st vi.fn() call:

  [
-   StringContaining "\"cpuModel\"",
+   "{\"error\":\"() => ({\\n    getSystemInfo: __vite_ssr_import_0__.vi.fn().mockResolvedValue({\\n      cpuModel: \\\"Test CPU\\\",\\n     ...<omitted>...}) is not a constructor\"}
+ ",
  ]


Number of calls: 1

 Γ¥» src/main/cli.test.ts:1050:25
    1048|     await runCli()
    1049|
    1050|     expect(stdoutWrite).toHaveBeenCalledWith(expect.stringContaining('ΓÇª
       |                         ^
    1051|     expect(appExitMock).toHaveBeenCalledWith(0)
    1052|   })

ΓÄ»ΓÄ»ΓÄ»ΓÄ»ΓÄ»ΓÄ»ΓÄ»ΓÄ»ΓÄ»ΓÄ»ΓÄ»ΓÄ»ΓÄ»ΓÄ»ΓÄ»ΓÄ»ΓÄ»ΓÄ»ΓÄ»ΓÄ»ΓÄ»ΓÄ»ΓÄ»[2/13]ΓÄ»

 FAIL  src/main/cli.test.ts > handler: perf > shows disk health
AssertionError: expected "vi.fn()" to be called with arguments: [ StringContaining "SSD" ]

Number of calls: 0

 Γ¥» src/main/cli.test.ts:1059:25
    1057|     await runCli()
    1058|
    1059|     expect(stdoutWrite).toHaveBeenCalledWith(expect.stringContaining('ΓÇª
       |                         ^
    1060|     expect(appExitMock).toHaveBeenCalledWith(0)
    1061|   })

ΓÄ»ΓÄ»ΓÄ»ΓÄ»ΓÄ»ΓÄ»ΓÄ»ΓÄ»ΓÄ»ΓÄ»ΓÄ»ΓÄ»ΓÄ»ΓÄ»ΓÄ»ΓÄ»ΓÄ»ΓÄ»ΓÄ»ΓÄ»ΓÄ»ΓÄ»ΓÄ»[3/13]ΓÄ»

 FAIL  src/main/cli.test.ts > handler: perf > shows disk health as json
AssertionError: expected "vi.fn()" to be called with arguments: [ StringContaining ""model"" ]

Received:

  1st vi.fn() call:

  [
-   StringContaining "\"model\"",
+   "{\"error\":\"() => ({\\n    getSystemInfo: __vite_ssr_import_0__.vi.fn().mockResolvedValue({\\n      cpuModel: \\\"Test CPU\\\",\\n     ...<omitted>...}) is not a constructor\"}
+ ",
  ]


Number of calls: 1

 Γ¥» src/main/cli.test.ts:1068:25
    1066|     await runCli()
    1067|
    1068|     expect(stdoutWrite).toHaveBeenCalledWith(expect.stringContaining('ΓÇª
       |                         ^
    1069|     expect(appExitMock).toHaveBeenCalledWith(0)
    1070|   })

ΓÄ»ΓÄ»ΓÄ»ΓÄ»ΓÄ»ΓÄ»ΓÄ»ΓÄ»ΓÄ»ΓÄ»ΓÄ»ΓÄ»ΓÄ»ΓÄ»ΓÄ»ΓÄ»ΓÄ»ΓÄ»ΓÄ»ΓÄ»ΓÄ»ΓÄ»ΓÄ»[4/13]ΓÄ»

 FAIL  src/main/cli.test.ts > handler: perf > kills a process
AssertionError: expected "vi.fn()" to be called with arguments: [ +0 ]

Received:

  1st vi.fn() call:

  [
-   0,
+   1,
  ]


Number of calls: 1

 Γ¥» src/main/cli.test.ts:1077:25
    1075|     await runCli()
    1076|
    1077|     expect(appExitMock).toHaveBeenCalledWith(0)
       |                         ^
    1078|   })
    1079|

ΓÄ»ΓÄ»ΓÄ»ΓÄ»ΓÄ»ΓÄ»ΓÄ»ΓÄ»ΓÄ»ΓÄ»ΓÄ»ΓÄ»ΓÄ»ΓÄ»ΓÄ»ΓÄ»ΓÄ»ΓÄ»ΓÄ»ΓÄ»ΓÄ»ΓÄ»ΓÄ»[5/13]ΓÄ»

 FAIL  src/main/cli.test.ts > handler: perf > shows usage for unknown perf command
AssertionError: expected "vi.fn()" to be called with arguments: [ StringContaining "Usage" ]

Number of calls: 0

 Γ¥» src/main/cli.test.ts:1085:25
    1083|     await runCli()
    1084|
    1085|     expect(stdoutWrite).toHaveBeenCalledWith(expect.stringContaining('ΓÇª
       |                         ^
    1086|     expect(appExitMock).toHaveBeenCalledWith(2)
    1087|   })

ΓÄ»ΓÄ»ΓÄ»ΓÄ»ΓÄ»ΓÄ»ΓÄ»ΓÄ»ΓÄ»ΓÄ»ΓÄ»ΓÄ»ΓÄ»ΓÄ»ΓÄ»ΓÄ»ΓÄ»ΓÄ»ΓÄ»ΓÄ»ΓÄ»ΓÄ»ΓÄ»[6/13]ΓÄ»

 FAIL  src/main/cli.test.ts > handler: perf > shows usage for perf without subcommand
AssertionError: expected "vi.fn()" to be called with arguments: [ StringContaining "Usage" ]

Number of calls: 0

 Γ¥» src/main/cli.test.ts:1094:25
    1092|     await runCli()
    1093|
    1094|     expect(stdoutWrite).toHaveBeenCalledWith(expect.stringContaining('ΓÇª
       |                         ^
    1095|     expect(appExitMock).toHaveBeenCalledWith(2)
    1096|   })

ΓÄ»ΓÄ»ΓÄ»ΓÄ»ΓÄ»ΓÄ»ΓÄ»ΓÄ»ΓÄ»ΓÄ»ΓÄ»ΓÄ»ΓÄ»ΓÄ»ΓÄ»ΓÄ»ΓÄ»ΓÄ»ΓÄ»ΓÄ»ΓÄ»ΓÄ»ΓÄ»[7/13]ΓÄ»

 FAIL  src/main/cli.test.ts > legacy scan functions > cleanDatabasesCli > cleans WAL database successfully
AssertionError: expected +0 to be 1 // Object.is equality

- Expected
+ Received

- 1
+ 0

 Γ¥» src/main/cli.test.ts:3605:35
    3603|       const { cleanDatabasesCli } = await import('./cli/commands/legacΓÇª
    3604|       const result = await cleanDatabasesCli(['db1'])
    3605|       expect(result.filesDeleted).toBe(1)
       |                                   ^
    3606|       expect(result.totalCleaned).toBe(24096) // 50000+4096 - 30000+0
    3607|     })

ΓÄ»ΓÄ»ΓÄ»ΓÄ»ΓÄ»ΓÄ»ΓÄ»ΓÄ»ΓÄ»ΓÄ»ΓÄ»ΓÄ»ΓÄ»ΓÄ»ΓÄ»ΓÄ»ΓÄ»ΓÄ»ΓÄ»ΓÄ»ΓÄ»ΓÄ»ΓÄ»[8/13]ΓÄ»

 FAIL  src/main/cli.test.ts > legacy scan functions > cleanDatabasesCli > cleans non-WAL database (journal_mode is not WAL)
TypeError: Cannot read properties of undefined (reading 'mockReturnValue')
 Γ¥» src/main/cli.test.ts:3621:33
    3619|       // Override pragma to return 'delete' (non-WAL)
    3620|       const dbMock = (betterSqlite3.default as ReturnType<typeof vi.fnΓÇª
    3621|       if (dbMock) dbMock.pragma.mockReturnValue('delete')
       |                                 ^
    3622|
    3623|       const { scanDatabaseCli } = await import('./cli/commands/legacy')

ΓÄ»ΓÄ»ΓÄ»ΓÄ»ΓÄ»ΓÄ»ΓÄ»ΓÄ»ΓÄ»ΓÄ»ΓÄ»ΓÄ»ΓÄ»ΓÄ»ΓÄ»ΓÄ»ΓÄ»ΓÄ»ΓÄ»ΓÄ»ΓÄ»ΓÄ»ΓÄ»[9/13]ΓÄ»

 FAIL  src/main/cli.test.ts > legacy scan functions > cleanDatabasesCli > handles Database constructor errors
AssertionError: expected '() => {\n        throw err;\n      } ΓÇª' to be 'in-use' // Object.is equality

- Expected
+ Received

- in-use
+ () => {
+         throw err;
+       } is not a constructor

 Γ¥» src/main/cli.test.ts:3681:39
    3679|       const result = await cleanDatabasesCli(['db1'])
    3680|       expect(result.filesSkipped).toBe(1)
    3681|       expect(result.errors[0].reason).toBe('in-use')
       |                                       ^
    3682|       betterSqlite3.default = origDb
    3683|     })

ΓÄ»ΓÄ»ΓÄ»ΓÄ»ΓÄ»ΓÄ»ΓÄ»ΓÄ»ΓÄ»ΓÄ»ΓÄ»ΓÄ»ΓÄ»ΓÄ»ΓÄ»ΓÄ»ΓÄ»ΓÄ»ΓÄ»ΓÄ»ΓÄ»ΓÄ»[10/13]ΓÄ»

 FAIL  src/main/cli.test.ts > legacy scan functions > cleanDatabasesCli > handles WAL stat errors before and after (no WAL file)
AssertionError: expected +0 to be 1 // Object.is equality

- Expected
+ Received

- 1
+ 0

 Γ¥» src/main/cli.test.ts:3701:35
    3699|       const { cleanDatabasesCli } = await import('./cli/commands/legacΓÇª
    3700|       const result = await cleanDatabasesCli(['db1'])
    3701|       expect(result.filesDeleted).toBe(1)
       |                                   ^
    3702|       expect(result.totalCleaned).toBe(5000) // 50000 - 45000
    3703|     })

ΓÄ»ΓÄ»ΓÄ»ΓÄ»ΓÄ»ΓÄ»ΓÄ»ΓÄ»ΓÄ»ΓÄ»ΓÄ»ΓÄ»ΓÄ»ΓÄ»ΓÄ»ΓÄ»ΓÄ»ΓÄ»ΓÄ»ΓÄ»ΓÄ»ΓÄ»[11/13]ΓÄ»

 FAIL  src/main/cli.test.ts > legacy scan functions > cleanDatabasesCli > handles non-Error exception thrown during clean
AssertionError: expected +0 to be 1 // Object.is equality

- Expected
+ Received

- 1
+ 0

 Γ¥» src/main/cli.test.ts:3713:35
    3711|       const { cleanDatabasesCli } = await import('./cli/commands/legacΓÇª
    3712|       const result = await cleanDatabasesCli(['db1'])
    3713|       expect(result.filesDeleted).toBe(1)
       |                                   ^
    3714|     })
    3715|

ΓÄ»ΓÄ»ΓÄ»ΓÄ»ΓÄ»ΓÄ»ΓÄ»ΓÄ»ΓÄ»ΓÄ»ΓÄ»ΓÄ»ΓÄ»ΓÄ»ΓÄ»ΓÄ»ΓÄ»ΓÄ»ΓÄ»ΓÄ»ΓÄ»ΓÄ»[12/13]ΓÄ»

 FAIL  src/main/cli.test.ts > legacy scan functions > runLegacyScanClean scan-only path > scans and cleans database items when doClean is true
AssertionError: expected 1 to be +0 // Object.is equality

- Expected
+ Received

- 0
+ 1

 Γ¥» src/main/cli.test.ts:3997:24
    3995|       const exitCode = await runLegacyScanClean(['database'], true, { ΓÇª
    3996|
    3997|       expect(exitCode).toBe(0)
       |                        ^
    3998|     })
    3999|

ΓÄ»ΓÄ»ΓÄ»ΓÄ»ΓÄ»ΓÄ»ΓÄ»ΓÄ»ΓÄ»ΓÄ»ΓÄ»ΓÄ»ΓÄ»ΓÄ»ΓÄ»ΓÄ»ΓÄ»ΓÄ»ΓÄ»ΓÄ»ΓÄ»ΓÄ»[13/13]ΓÄ»


 Test Files  1 failed | 196 passed (197)
      Tests  13 failed | 6245 passed | 1 skipped (6259)
   Start at  17:53:43
   Duration  76.16s (transform 35.85s, setup 10.75s, import 53.85s, tests 148.85s, environment 26.57s)

